core_cm4.h:1676:26:uint32_t __NVIC_GetPriorityGrouping()	4	static
core_cm4.h:1688:22:void __NVIC_EnableIRQ(IRQn_Type)	16	static
core_cm4.h:1816:22:void __NVIC_SetPriority(IRQn_Type, uint32_t)	16	static
core_cm4.h:1863:26:uint32_t NVIC_EncodePriority(uint32_t, uint32_t, uint32_t)	40	static
stm32f4xx_ll_adc.h:2454:22:void LL_ADC_REG_SetSequencerRanks(ADC_TypeDef*, uint32_t, uint32_t)	32	static,ignoring_inline_asm
stm32f4xx_ll_adc.h:2686:22:void LL_ADC_REG_SetFlagEndOfConversion(ADC_TypeDef*, uint32_t)	16	static
stm32f4xx_ll_adc.h:2971:22:void LL_ADC_INJ_SetSequencerRanks(ADC_TypeDef*, uint32_t, uint32_t)	32	static
stm32f4xx_ll_adc.h:3120:22:void LL_ADC_INJ_SetOffset(ADC_TypeDef*, uint32_t, uint32_t)	32	static,ignoring_inline_asm
stm32f4xx_ll_adc.h:3240:22:void LL_ADC_SetChannelSamplingTime(ADC_TypeDef*, uint32_t, uint32_t)	48	static,ignoring_inline_asm
stm32f4xx_ll_adc.h:4076:22:void LL_ADC_INJ_StartConversionExtTrig(ADC_TypeDef*, uint32_t)	16	static
stm32f4xx_ll_adc.h:4589:22:void LL_ADC_DisableIT_EOCS(ADC_TypeDef*)	16	static
stm32f4xx_ll_adc.h:4612:22:void LL_ADC_DisableIT_JEOS(ADC_TypeDef*)	16	static
stm32f4xx_ll_bus.h:411:22:void LL_AHB1_GRP1_EnableClock(uint32_t)	24	static
stm32f4xx_ll_bus.h:1706:22:void LL_APB2_GRP1_EnableClock(uint32_t)	24	static
ADCInit.cpp:11:1:ADCInit::ADCInit()	16	static
ADCInit.cpp:16:1:ADCInit::~ADCInit()	16	static
ADCInit.cpp:16:1:virtual ADCInit::~ADCInit()	16	static
ADCInit.cpp:28:6:static void ADCInit::Init()	8	static
ADCInit.cpp:37:6:void MX_ADC1_Init()	96	static
ADCInit.cpp:127:6:void MX_ADC2_Init()	80	static
ADCInit.cpp:214:6:void MX_ADC3_Init()	24	static
