stm32f4xx_ll_adc.h:4274:26:uint32_t LL_ADC_IsActiveFlag_JEOS(ADC_TypeDef*)	16	static
stm32f4xx_ll_exti.h:835:26:uint32_t LL_EXTI_IsActiveFlag_0_31(uint32_t)	16	static
stm32f4xx_ll_exti.h:911:22:void LL_EXTI_ClearFlag_0_31(uint32_t)	16	static
Interrupt.cpp:18:6:void NMI_Handler()	4	static
Interrupt.cpp:22:6:void HardFault_Handler()	4	static
Interrupt.cpp:26:6:void MemManage_Handler()	4	static
Interrupt.cpp:30:6:void BusFault_Handler()	4	static
Interrupt.cpp:34:6:void UsageFault_Handler()	4	static
Interrupt.cpp:38:6:void SVC_Handler()	4	static
Interrupt.cpp:41:6:void DebugMon_Handler()	4	static
Interrupt.cpp:44:6:void PendSV_Handler()	4	static
Interrupt.cpp:47:6:void SysTick_Handler()	8	static
Interrupt.cpp:61:6:void ADC_IRQHandler()	8	static
Interrupt.cpp:73:6:void TIM1_BRK_TIM9_IRQHandler()	4	static
Interrupt.cpp:79:6:void TIM1_UP_TIM10_IRQHandler()	4	static
Interrupt.cpp:86:6:void EXTI15_10_IRQHandler()	8	static
