stm32h7xx_ll_adc.h:2314:22:LL_ADC_SetCommonClock	16	static
stm32h7xx_ll_adc.h:2382:22:LL_ADC_SetCommonPathInternalCh	16	static
stm32h7xx_ll_adc.h:2404:26:LL_ADC_GetCommonPathInternalCh	16	static
stm32h7xx_ll_adc.h:2787:22:LL_ADC_SetOffset	24	static
stm32h7xx_ll_adc.h:2950:22:LL_ADC_SetOffsetSignedSaturation	24	static
stm32h7xx_ll_adc.h:3102:26:LL_ADC_REG_IsTriggerSourceSWStart	16	static
stm32h7xx_ll_adc.h:3397:22:LL_ADC_REG_SetSequencerRanks	24	static
stm32h7xx_ll_adc.h:3750:26:LL_ADC_INJ_IsTriggerSourceSWStart	16	static
stm32h7xx_ll_adc.h:4444:22:LL_ADC_SetChannelSamplingTime	24	static
stm32h7xx_ll_adc.h:4590:22:LL_ADC_SetChannelSingleDiff	24	static
stm32h7xx_ll_adc.h:4787:22:LL_ADC_SetAnalogWDMonitChannels	24	static
stm32h7xx_ll_adc.h:5367:26:LL_ADC_GetMultimode	16	static
stm32h7xx_ll_adc.h:5458:26:LL_ADC_GetMultiDMATransfer	16	static
stm32h7xx_ll_adc.h:5584:22:LL_ADC_DisableDeepPowerDown	16	static
stm32h7xx_ll_adc.h:5598:26:LL_ADC_IsDeepPowerDownEnabled	16	static
stm32h7xx_ll_adc.h:5617:22:LL_ADC_EnableInternalRegulator	16	static
stm32h7xx_ll_adc.h:5647:26:LL_ADC_IsInternalRegulatorEnabled	16	static
stm32h7xx_ll_adc.h:5668:22:LL_ADC_Enable	16	static
stm32h7xx_ll_adc.h:5688:22:LL_ADC_Disable	16	static
stm32h7xx_ll_adc.h:5707:26:LL_ADC_IsEnabled	16	static
stm32h7xx_ll_adc.h:5718:26:LL_ADC_IsDisableOngoing	16	static
stm32h7xx_ll_adc.h:5803:22:LL_ADC_REG_StartConversion	16	static
stm32h7xx_ll_adc.h:5823:22:LL_ADC_REG_StopConversion	16	static
stm32h7xx_ll_adc.h:5839:26:LL_ADC_REG_IsConversionOngoing	16	static
stm32h7xx_ll_adc.h:6018:22:LL_ADC_INJ_StopConversion	16	static
stm32h7xx_ll_adc.h:6034:26:LL_ADC_INJ_IsConversionOngoing	16	static
stm32h7xx_ll_adc.h:6440:22:LL_ADC_ClearFlag_AWD1	16	static
stm32h7xx_ll_adc.h:6451:22:LL_ADC_ClearFlag_AWD2	16	static
stm32h7xx_ll_adc.h:6462:22:LL_ADC_ClearFlag_AWD3	16	static
stm32h7xx_ll_adc.h:6833:22:LL_ADC_EnableIT_AWD1	16	static
stm32h7xx_ll_adc.h:6844:22:LL_ADC_EnableIT_AWD2	16	static
stm32h7xx_ll_adc.h:6855:22:LL_ADC_EnableIT_AWD3	16	static
stm32h7xx_ll_adc.h:6954:22:LL_ADC_DisableIT_AWD1	16	static
stm32h7xx_ll_adc.h:6965:22:LL_ADC_DisableIT_AWD2	16	static
stm32h7xx_ll_adc.h:6976:22:LL_ADC_DisableIT_AWD3	16	static
stm32h7xx_hal_adc.c:406:19:HAL_ADC_Init	48	static
stm32h7xx_hal_adc.c:725:19:HAL_ADC_DeInit	32	static
stm32h7xx_hal_adc.c:935:13:HAL_ADC_MspInit	16	static
stm32h7xx_hal_adc.c:952:13:HAL_ADC_MspDeInit	16	static
stm32h7xx_hal_adc.c:1237:19:HAL_ADC_Start	32	static
stm32h7xx_hal_adc.c:1358:19:HAL_ADC_Stop	24	static
stm32h7xx_hal_adc.c:1412:19:HAL_ADC_PollForConversion	40	static
stm32h7xx_hal_adc.c:1571:19:HAL_ADC_PollForEvent	32	static
stm32h7xx_hal_adc.c:1716:19:HAL_ADC_Start_IT	32	static
stm32h7xx_hal_adc.c:1891:19:HAL_ADC_Stop_IT	24	static
stm32h7xx_hal_adc.c:1944:19:HAL_ADC_Start_DMA	32	static
stm32h7xx_hal_adc.c:2075:19:HAL_ADC_Stop_DMA	24	static
stm32h7xx_hal_adc.c:2160:10:HAL_ADC_GetValue	16	static
stm32h7xx_hal_adc.c:2177:6:HAL_ADC_IRQHandler	48	static
stm32h7xx_hal_adc.c:2535:13:HAL_ADC_ConvCpltCallback	16	static
stm32h7xx_hal_adc.c:2550:13:HAL_ADC_ConvHalfCpltCallback	16	static
stm32h7xx_hal_adc.c:2565:13:HAL_ADC_LevelOutOfWindowCallback	16	static
stm32h7xx_hal_adc.c:2587:13:HAL_ADC_ErrorCallback	16	static
stm32h7xx_hal_adc.c:2633:19:HAL_ADC_ConfigChannel	112	static,ignoring_inline_asm
stm32h7xx_hal_adc.c:2874:19:HAL_ADC_AnalogWDGConfig	72	static,ignoring_inline_asm
stm32h7xx_hal_adc.c:3142:10:HAL_ADC_GetState	16	static
stm32h7xx_hal_adc.c:3156:10:HAL_ADC_GetError	16	static
stm32h7xx_hal_adc.c:3186:19:ADC_ConversionStop	40	static
stm32h7xx_hal_adc.c:3316:19:ADC_Enable	24	static
stm32h7xx_hal_adc.c:3391:19:ADC_Disable	24	static
stm32h7xx_hal_adc.c:3449:6:ADC_DMAConvCplt	24	static
stm32h7xx_hal_adc.c:3527:6:ADC_DMAHalfConvCplt	24	static
stm32h7xx_hal_adc.c:3545:6:ADC_DMAError	24	static
stm32h7xx_hal_adc.c:3571:6:ADC_ConfigureBoostMode	24	static
