stm32h7xx_ll_adc.h:2382:22:LL_ADC_SetCommonPathInternalCh	16	static
stm32h7xx_ll_adc.h:2404:26:LL_ADC_GetCommonPathInternalCh	16	static
stm32h7xx_ll_adc.h:2451:22:LL_ADC_SetCalibrationOffsetFactor	24	static
stm32h7xx_ll_adc.h:2476:26:LL_ADC_GetCalibrationOffsetFactor	16	static
stm32h7xx_ll_adc.h:2507:22:LL_ADC_SetCalibrationLinearFactor	24	static
stm32h7xx_ll_adc.h:2534:26:LL_ADC_GetCalibrationLinearFactor	16	static
stm32h7xx_ll_adc.h:2787:22:LL_ADC_SetOffset	24	static
stm32h7xx_ll_adc.h:2859:26:LL_ADC_GetOffsetChannel	16	static
stm32h7xx_ll_adc.h:2950:22:LL_ADC_SetOffsetSignedSaturation	24	static
stm32h7xx_ll_adc.h:3102:26:LL_ADC_REG_IsTriggerSourceSWStart	16	static
stm32h7xx_ll_adc.h:3750:26:LL_ADC_INJ_IsTriggerSourceSWStart	16	static
stm32h7xx_ll_adc.h:4052:26:LL_ADC_INJ_GetTrigAuto	16	static
stm32h7xx_ll_adc.h:4098:22:LL_ADC_INJ_SetQueueMode	16	static
stm32h7xx_ll_adc.h:4444:22:LL_ADC_SetChannelSamplingTime	24	static
stm32h7xx_ll_adc.h:4590:22:LL_ADC_SetChannelSingleDiff	24	static
stm32h7xx_ll_adc.h:5367:26:LL_ADC_GetMultimode	16	static
stm32h7xx_ll_adc.h:5561:22:LL_ADC_EnableDeepPowerDown	16	static
stm32h7xx_ll_adc.h:5636:22:LL_ADC_DisableInternalRegulator	16	static
stm32h7xx_ll_adc.h:5707:26:LL_ADC_IsEnabled	16	static
stm32h7xx_ll_adc.h:5756:22:LL_ADC_StartCalibration	24	static
stm32h7xx_ll_adc.h:5772:26:LL_ADC_IsCalibrationOnGoing	16	static
stm32h7xx_ll_adc.h:5803:22:LL_ADC_REG_StartConversion	16	static
stm32h7xx_ll_adc.h:5839:26:LL_ADC_REG_IsConversionOngoing	16	static
stm32h7xx_ll_adc.h:5998:22:LL_ADC_INJ_StartConversion	16	static
stm32h7xx_ll_adc.h:6034:26:LL_ADC_INJ_IsConversionOngoing	16	static
stm32h7xx_hal_adc_ex.c:134:19:HAL_ADCEx_Calibration_Start	32	static
stm32h7xx_hal_adc_ex.c:208:10:HAL_ADCEx_Calibration_GetValue	16	static
stm32h7xx_hal_adc_ex.c:224:19:HAL_ADCEx_LinearCalibration_GetValue	32	static
stm32h7xx_hal_adc_ex.c:256:19:HAL_ADCEx_Calibration_SetValue	40	static
stm32h7xx_hal_adc_ex.c:307:19:HAL_ADCEx_LinearCalibration_SetValue	24	static
stm32h7xx_hal_adc_ex.c:376:19:HAL_ADCEx_InjectedStart	32	static
stm32h7xx_hal_adc_ex.c:513:19:HAL_ADCEx_InjectedStop	24	static
stm32h7xx_hal_adc_ex.c:568:19:HAL_ADCEx_InjectedPollForConversion	48	static
stm32h7xx_hal_adc_ex.c:699:19:HAL_ADCEx_InjectedStart_IT	32	static
stm32h7xx_hal_adc_ex.c:860:19:HAL_ADCEx_InjectedStop_IT	24	static
stm32h7xx_hal_adc_ex.c:926:19:HAL_ADCEx_MultiModeStart_DMA	136	static
stm32h7xx_hal_adc_ex.c:1040:19:HAL_ADCEx_MultiModeStop_DMA	136	static
stm32h7xx_hal_adc_ex.c:1153:10:HAL_ADCEx_MultiModeGetValue	24	static
stm32h7xx_hal_adc_ex.c:1199:10:HAL_ADCEx_InjectedGetValue	24	static
stm32h7xx_hal_adc_ex.c:1234:13:HAL_ADCEx_InjectedConvCpltCallback	16	static
stm32h7xx_hal_adc_ex.c:1253:13:HAL_ADCEx_InjectedQueueOverflowCallback	16	static
stm32h7xx_hal_adc_ex.c:1268:13:HAL_ADCEx_LevelOutOfWindow2Callback	16	static
stm32h7xx_hal_adc_ex.c:1283:13:HAL_ADCEx_LevelOutOfWindow3Callback	16	static
stm32h7xx_hal_adc_ex.c:1299:13:HAL_ADCEx_EndOfSamplingCallback	16	static
stm32h7xx_hal_adc_ex.c:1316:19:HAL_ADCEx_RegularStop	24	static
stm32h7xx_hal_adc_ex.c:1374:19:HAL_ADCEx_RegularStop_IT	24	static
stm32h7xx_hal_adc_ex.c:1434:19:HAL_ADCEx_RegularStop_DMA	24	static
stm32h7xx_hal_adc_ex.c:1520:19:HAL_ADCEx_RegularMultiModeStop_DMA	128	static
stm32h7xx_hal_adc_ex.c:1693:19:HAL_ADCEx_InjectedConfigChannel	184	static,ignoring_inline_asm
stm32h7xx_hal_adc_ex.c:2143:19:HAL_ADCEx_MultiModeConfigChannel	136	static
stm32h7xx_hal_adc_ex.c:2253:19:HAL_ADCEx_EnableInjectedQueue	32	static
stm32h7xx_hal_adc_ex.c:2294:19:HAL_ADCEx_DisableInjectedQueue	32	static
stm32h7xx_hal_adc_ex.c:2331:19:HAL_ADCEx_DisableVoltageRegulator	24	static
stm32h7xx_hal_adc_ex.c:2368:19:HAL_ADCEx_EnterADCDeepPowerDownMode	24	static
