cmath:1771:3:constexpr float std::round(float)	16	static
gthr-default.h:229:1:int __gthread_key_delete(__gthread_key_t)	16	static
Deus.cpp:14:6:void multipleBench(int)	40	static
Deus.cpp:28:6:void addBench(int)	24	static
Deus.cpp:39:6:void Bench()	8	static,ignoring_inline_asm
Deus.cpp:62:1:Deus::Deus()	16	static
Deus.cpp:73:1:Deus::~Deus()	16	static
Deus.cpp:73:1:virtual Deus::~Deus()	16	static
Deus.cpp:78:6:void Deus::HFTask()	16	static
Deus.cpp:86:6:void Deus::Ctrl()	40	static
Deus.cpp:146:1:void __static_initialization_and_destruction_0(int, int)	16	static
Deus.cpp:146:1:cpp)	8	static
Deus.cpp:146:1:cpp)	8	static
