Archive member included to satisfy reference by file (symbol)

e:/nxp/mcuxpressoide_11.0.1_2563/ide/plugins/com.nxp.mcuxpresso.tools.win32_11.0.1.201907311258/tools/bin/../lib/gcc/arm-none-eabi/8.2.1/../../../../arm-none-eabi/lib/thumb/v7e-m+fp/hard\libcr_semihost_nf.a(_cr__main.o)
                              ./startup/startup_mimxrt1052.o (__main)
e:/nxp/mcuxpressoide_11.0.1_2563/ide/plugins/com.nxp.mcuxpresso.tools.win32_11.0.1.201907311258/tools/bin/../lib/gcc/arm-none-eabi/8.2.1/../../../../arm-none-eabi/lib/thumb/v7e-m+fp/hard\libcr_semihost_nf.a(_cr_assert.o)
                              ./utilities/fsl_debug_console.o (__assertion_failed)
e:/nxp/mcuxpressoide_11.0.1_2563/ide/plugins/com.nxp.mcuxpresso.tools.win32_11.0.1.201907311258/tools/bin/../lib/gcc/arm-none-eabi/8.2.1/../../../../arm-none-eabi/lib/thumb/v7e-m+fp/hard\libcr_semihost_nf.a(__ciob.o)
                              e:/nxp/mcuxpressoide_11.0.1_2563/ide/plugins/com.nxp.mcuxpresso.tools.win32_11.0.1.201907311258/tools/bin/../lib/gcc/arm-none-eabi/8.2.1/../../../../arm-none-eabi/lib/thumb/v7e-m+fp/hard\libcr_semihost_nf.a(_cr_assert.o) (__Ciob)
e:/nxp/mcuxpressoide_11.0.1_2563/ide/plugins/com.nxp.mcuxpresso.tools.win32_11.0.1.201907311258/tools/bin/../lib/gcc/arm-none-eabi/8.2.1/../../../../arm-none-eabi/lib/thumb/v7e-m+fp/hard\libcr_semihost_nf.a(__sys_appexit.o)
                              e:/nxp/mcuxpressoide_11.0.1_2563/ide/plugins/com.nxp.mcuxpresso.tools.win32_11.0.1.201907311258/tools/bin/../lib/gcc/arm-none-eabi/8.2.1/../../../../arm-none-eabi/lib/thumb/v7e-m+fp/hard\libcr_semihost_nf.a(_cr_assert.o) (__sys_appexit)
e:/nxp/mcuxpressoide_11.0.1_2563/ide/plugins/com.nxp.mcuxpresso.tools.win32_11.0.1.201907311258/tools/bin/../lib/gcc/arm-none-eabi/8.2.1/../../../../arm-none-eabi/lib/thumb/v7e-m+fp/hard\libcr_c.a(memset.o)
                              ./utilities/fsl_debug_console.o (memset)
e:/nxp/mcuxpressoide_11.0.1_2563/ide/plugins/com.nxp.mcuxpresso.tools.win32_11.0.1.201907311258/tools/bin/../lib/gcc/arm-none-eabi/8.2.1/../../../../arm-none-eabi/lib/thumb/v7e-m+fp/hard\libcr_c.a(_deferredlazyseek.o)
                              e:/nxp/mcuxpressoide_11.0.1_2563/ide/plugins/com.nxp.mcuxpresso.tools.win32_11.0.1.201907311258/tools/bin/../lib/gcc/arm-none-eabi/8.2.1/../../../../arm-none-eabi/lib/thumb/v7e-m+fp/hard\libcr_semihost_nf.a(_cr_assert.o) (__flsbuf)
e:/nxp/mcuxpressoide_11.0.1_2563/ide/plugins/com.nxp.mcuxpresso.tools.win32_11.0.1.201907311258/tools/bin/../lib/gcc/arm-none-eabi/8.2.1/../../../../arm-none-eabi/lib/thumb/v7e-m+fp/hard\libcr_c.a(_fflush.o)
                              e:/nxp/mcuxpressoide_11.0.1_2563/ide/plugins/com.nxp.mcuxpresso.tools.win32_11.0.1.201907311258/tools/bin/../lib/gcc/arm-none-eabi/8.2.1/../../../../arm-none-eabi/lib/thumb/v7e-m+fp/hard\libcr_c.a(_deferredlazyseek.o) (_fflush)
e:/nxp/mcuxpressoide_11.0.1_2563/ide/plugins/com.nxp.mcuxpresso.tools.win32_11.0.1.201907311258/tools/bin/../lib/gcc/arm-none-eabi/8.2.1/../../../../arm-none-eabi/lib/thumb/v7e-m+fp/hard\libcr_c.a(_writebuf.o)
                              e:/nxp/mcuxpressoide_11.0.1_2563/ide/plugins/com.nxp.mcuxpresso.tools.win32_11.0.1.201907311258/tools/bin/../lib/gcc/arm-none-eabi/8.2.1/../../../../arm-none-eabi/lib/thumb/v7e-m+fp/hard\libcr_c.a(_deferredlazyseek.o) (_Cwritebuf)
e:/nxp/mcuxpressoide_11.0.1_2563/ide/plugins/com.nxp.mcuxpresso.tools.win32_11.0.1.201907311258/tools/bin/../lib/gcc/arm-none-eabi/8.2.1/../../../../arm-none-eabi/lib/thumb/v7e-m+fp/hard\libcr_c.a(alloc.o)
                              ./drivers/fsl_common.o (malloc)
e:/nxp/mcuxpressoide_11.0.1_2563/ide/plugins/com.nxp.mcuxpresso.tools.win32_11.0.1.201907311258/tools/bin/../lib/gcc/arm-none-eabi/8.2.1/../../../../arm-none-eabi/lib/thumb/v7e-m+fp/hard\libcr_c.a(fputs.o)
                              e:/nxp/mcuxpressoide_11.0.1_2563/ide/plugins/com.nxp.mcuxpresso.tools.win32_11.0.1.201907311258/tools/bin/../lib/gcc/arm-none-eabi/8.2.1/../../../../arm-none-eabi/lib/thumb/v7e-m+fp/hard\libcr_semihost_nf.a(_cr_assert.o) (fputs)
e:/nxp/mcuxpressoide_11.0.1_2563/ide/plugins/com.nxp.mcuxpresso.tools.win32_11.0.1.201907311258/tools/bin/../lib/gcc/arm-none-eabi/8.2.1/../../../../arm-none-eabi/lib/thumb/v7e-m+fp/hard\libcr_c.a(fseek.o)
                              e:/nxp/mcuxpressoide_11.0.1_2563/ide/plugins/com.nxp.mcuxpresso.tools.win32_11.0.1.201907311258/tools/bin/../lib/gcc/arm-none-eabi/8.2.1/../../../../arm-none-eabi/lib/thumb/v7e-m+fp/hard\libcr_c.a(_deferredlazyseek.o) (fseek)
e:/nxp/mcuxpressoide_11.0.1_2563/ide/plugins/com.nxp.mcuxpresso.tools.win32_11.0.1.201907311258/tools/bin/../lib/gcc/arm-none-eabi/8.2.1/../../../../arm-none-eabi/lib/thumb/v7e-m+fp/hard\libcr_c.a(ftell.o)
                              e:/nxp/mcuxpressoide_11.0.1_2563/ide/plugins/com.nxp.mcuxpresso.tools.win32_11.0.1.201907311258/tools/bin/../lib/gcc/arm-none-eabi/8.2.1/../../../../arm-none-eabi/lib/thumb/v7e-m+fp/hard\libcr_c.a(fseek.o) (ftell)
[...]
Memory Configuration

Name             Origin             Length             Attributes
BOARD_FLASH      0x60000000         0x04000000         xr
SRAM_DTC         0x20000000         0x00020000         xrw
SRAM_ITC         0x00000000         0x00020000         xrw
SRAM_OC          0x20200000         0x00040000         xrw
BOARD_SDRAM      0x80000000         0x02000000         xrw
*default*        0x00000000         0xffffffff

Linker script and memory map

LOAD ./xip/evkbimxrt1050_flexspi_nor_config.o
LOAD ./xip/evkbimxrt1050_sdram_ini_dcd.o
LOAD ./xip/fsl_flexspi_nor_boot.o
LOAD ./utilities/fsl_debug_console.o
LOAD ./utilities/fsl_str.o
LOAD ./startup/startup_mimxrt1052.o
LOAD ./source/MIMXRT1052xxxxB_ProjectPWM_C.o
LOAD ./source/semihost_hardfault.o
LOAD ./drivers/fsl_adc.o
LOAD ./drivers/fsl_adc_etc.o
LOAD ./drivers/fsl_clock.o
LOAD ./drivers/fsl_common.o
LOAD ./drivers/fsl_gpio.o
LOAD ./drivers/fsl_lpuart.o
LOAD ./drivers/fsl_pit.o
LOAD ./drivers/fsl_pwm.o
LOAD ./drivers/fsl_xbara.o
LOAD ./drivers/fsl_xbarb.o
LOAD ./device/system_MIMXRT1052.o
LOAD ./component/uart/lpuart_adapter.o
LOAD ./component/serial_manager/serial_manager.o
LOAD ./component/serial_manager/serial_port_uart.o
LOAD ./component/lists/generic_list.o
LOAD ./board/boards/board.o
LOAD ./board/boards/clock_config.o
LOAD ./board/boards/peripherals.o
LOAD ./board/boards/pin_mux.o
START GROUP
LOAD e:/nxp/mcuxpressoide_11.0.1_2563/ide/plugins/com.nxp.mcuxpresso.tools.win32_11.0.1.201907311258/tools/bin/../lib/gcc/arm-none-eabi/8.2.1/../../../../arm-none-eabi/lib/thumb/v7e-m+fp/hard\libcr_semihost_nf.a
LOAD e:/nxp/mcuxpressoide_11.0.1_2563/ide/plugins/com.nxp.mcuxpresso.tools.win32_11.0.1.201907311258/tools/bin/../lib/gcc/arm-none-eabi/8.2.1/../../../../arm-none-eabi/lib/thumb/v7e-m+fp/hard\libcr_c.a
LOAD e:/nxp/mcuxpressoide_11.0.1_2563/ide/plugins/com.nxp.mcuxpresso.tools.win32_11.0.1.201907311258/tools/bin/../lib/gcc/arm-none-eabi/8.2.1/thumb/v7e-m+fp/hard\libcr_eabihelpers.a
LOAD e:/nxp/mcuxpressoide_11.0.1_2563/ide/plugins/com.nxp.mcuxpresso.tools.win32_11.0.1.201907311258/tools/bin/../lib/gcc/arm-none-eabi/8.2.1/thumb/v7e-m+fp/hard\libgcc.a
END GROUP
                0x60000000                __base_BOARD_FLASH = 0x60000000
                0x60000000                __base_Flash = 0x60000000
                0x64000000                __top_BOARD_FLASH = 0x64000000
                0x64000000                __top_Flash = 0x64000000
                0x20000000                __base_SRAM_DTC = 0x20000000
                0x20000000                __base_RAM = 0x20000000
                0x20020000                __top_SRAM_DTC = 0x20020000
                0x20020000                __top_RAM = 0x20020000
                0x00000000                __base_SRAM_ITC = 0x0
                0x00000000                __base_RAM2 = 0x0
                0x00020000                __top_SRAM_ITC = 0x20000
                0x00020000                __top_RAM2 = 0x20000
                0x20200000                __base_SRAM_OC = 0x20200000
                0x20200000                __base_RAM3 = 0x20200000
                0x20240000                __top_SRAM_OC = 0x20240000
                0x20240000                __top_RAM3 = 0x20240000
                0x80000000                __base_BOARD_SDRAM = 0x80000000
                0x80000000                __base_RAM4 = 0x80000000
                0x82000000                __top_BOARD_SDRAM = 0x82000000
                0x82000000                __top_RAM4 = 0x82000000

.boot_hdr       0x60000000     0x2000
 FILL mask 0xff
                0x60000000                __boot_hdr_start__ = ABSOLUTE (.)
 *(SORT_BY_ALIGNMENT(.boot_hdr.conf))
 .boot_hdr.conf
                0x60000000      0x200 ./xip/evkbimxrt1050_flexspi_nor_config.o
                0x60000000                hyperflash_config
                0x00001000                . = 0x1000
 *fill*         0x60000200      0xe00 ff
 *(SORT_BY_ALIGNMENT(.boot_hdr.ivt))
 .boot_hdr.ivt  0x60001000       0x20 ./xip/fsl_flexspi_nor_boot.o
                0x60001000                image_vector_table
                0x00001020                . = 0x1020
 *(SORT_BY_ALIGNMENT(.boot_hdr.boot_data))
 .boot_hdr.boot_data
                0x60001020       0x10 ./xip/fsl_flexspi_nor_boot.o
                0x60001020                boot_data
                0x00001030                . = 0x1030
 *(SORT_BY_ALIGNMENT(.boot_hdr.dcd_data))
                0x00001030                __boot_hdr_end__ = ABSOLUTE (.)
                0x00002000                . = 0x2000
 *fill*         0x60001030      0xfd0 ff

.text           0x60002000     0x68f8
 FILL mask 0xff
                0x60002000                __vectors_start__ = ABSOLUTE (.)
 *(SORT_BY_ALIGNMENT(.isr_vector))
 .isr_vector    0x60002000      0x2a0 ./startup/startup_mimxrt1052.o
                0x60002000                g_pfnVectors
                0x60002000                __Vectors
                0x600022a0                . = ALIGN (0x4)
                0x600022a0                __section_table_start = .
                0x600022a0                __data_section_table = .
                0x600022a0        0x4 LONG 0x600088f8 LOADADDR (.data)
                0x600022a4        0x4 LONG 0x20000000 ADDR (.data)
                0x600022a8        0x4 LONG 0x4 SIZEOF (.data)
                0x600022ac        0x4 LONG 0x600088f8 LOADADDR (.data_RAM2)
                0x600022b0        0x4 LONG 0x0 ADDR (.data_RAM2)
                0x600022b4        0x4 LONG 0x0 SIZEOF (.data_RAM2)
                0x600022b8        0x4 LONG 0x600088f8 LOADADDR (.data_RAM3)
                0x600022bc        0x4 LONG 0x20200000 ADDR (.data_RAM3)
                0x600022c0        0x4 LONG 0x0 SIZEOF (.data_RAM3)
                0x600022c4        0x4 LONG 0x600088f8 LOADADDR (.data_RAM4)
                0x600022c8        0x4 LONG 0x80000000 ADDR (.data_RAM4)
                0x600022cc        0x4 LONG 0x0 SIZEOF (.data_RAM4)
                0x600022d0                __data_section_table_end = .
                0x600022d0                __bss_section_table = .
                0x600022d0        0x4 LONG 0x20000004 ADDR (.bss)
                0x600022d4        0x4 LONG 0x110 SIZEOF (.bss)
                0x600022d8        0x4 LONG 0x0 ADDR (.bss_RAM2)
                0x600022dc        0x4 LONG 0x0 SIZEOF (.bss_RAM2)
                0x600022e0        0x4 LONG 0x20200000 ADDR (.bss_RAM3)
                0x600022e4        0x4 LONG 0x0 SIZEOF (.bss_RAM3)
                0x600022e8        0x4 LONG 0x80000000 ADDR (.bss_RAM4)
                0x600022ec        0x4 LONG 0x0 SIZEOF (.bss_RAM4)
                0x600022f0                __bss_section_table_end = .
                0x600022f0                __section_table_end = .
 *(SORT_BY_ALIGNMENT(.after_vectors*))
 .after_vectors.reset
                0x600022f0       0x4c ./startup/startup_mimxrt1052.o
                0x600022f0                ResetISR
 .after_vectors.init_data
                0x6000233c       0x1e ./startup/startup_mimxrt1052.o
                0x6000233c                data_init
 .after_vectors.init_bss
                0x6000235a       0x12 ./startup/startup_mimxrt1052.o
                0x6000235a                bss_init
 .after_vectors
                0x6000236c        0xc ./startup/startup_mimxrt1052.o
                0x6000236c                NMI_Handler
                0x60002370                SVC_Handler
                0x60002372                PendSV_Handler
                0x60002374                SysTick_Handler
                0x60002376                LCDIF_DriverIRQHandler
                0x60002376                SAI3_RX_DriverIRQHandler
                0x60002376                CCM_2_DriverIRQHandler
                0x60002376                PIT_DriverIRQHandler
                0x60002376                PMU_EVENT_DriverIRQHandler
                0x60002376                LPSPI2_DriverIRQHandler
                0x60002376                DMA13_DMA29_DriverIRQHandler
                0x60002376                FLEXRAM_DriverIRQHandler
                0x60002376                LPSPI4_DriverIRQHandler
                0x60002376                SEMC_DriverIRQHandler
                0x60002376                SPDIF_DriverIRQHandler
                0x60002376                Reserved87_DriverIRQHandler
                0x60002376                PWM4_3_DriverIRQHandler
                0x60002376                KPP_DriverIRQHandler
                0x60002376                PWM4_FAULT_DriverIRQHandler
                0x60002376                USB_PHY1_DriverIRQHandler
                0x60002376                GPIO3_Combined_0_15_DriverIRQHandler
                0x60002376                DMA7_DMA23_DriverIRQHandler
                0x60002376                BEE_DriverIRQHandler
                0x60002376                LPI2C3_DriverIRQHandler
                0x60002376                GPR_IRQ_DriverIRQHandler
                0x60002376                PWM2_FAULT_DriverIRQHandler
                0x60002376                PWM3_1_DriverIRQHandler
                0x60002376                DMA14_DMA30_DriverIRQHandler
                0x60002376                TMR1_DriverIRQHandler
                0x60002376                TRNG_DriverIRQHandler
                0x60002376                PWM3_2_DriverIRQHandler
                0x60002376                ENET_1588_Timer_DriverIRQHandler
                0x60002376                FLEXIO2_DriverIRQHandler
                0x60002376                GPIO2_Combined_16_31_DriverIRQHandler
                0x60002376                Reserved143_DriverIRQHandler
                0x60002376                PWM4_1_DriverIRQHandler
                0x60002376                PWM3_3_DriverIRQHandler
                0x60002376                DMA0_DMA16_DriverIRQHandler
                0x60002376                IntDefaultHandler
                0x60002376                DMA2_DMA18_DriverIRQHandler
                0x60002376                SRC_DriverIRQHandler
                0x60002376                GPIO1_INT4_DriverIRQHandler
                0x60002376                Reserved144_DriverIRQHandler
                0x60002376                USDHC1_DriverIRQHandler
                0x60002376                ENC3_DriverIRQHandler
                0x60002376                PWM3_FAULT_DriverIRQHandler
                0x60002376                EWM_DriverIRQHandler
                0x60002376                TSC_DIG_DriverIRQHandler
                0x60002376                WDOG1_DriverIRQHandler
                0x60002376                FLEXIO1_DriverIRQHandler
                0x60002376                ENET_DriverIRQHandler
                0x60002376                Reserved78_DriverIRQHandler
                0x60002376                TMR4_DriverIRQHandler
                0x60002376                ENC2_DriverIRQHandler
                0x60002376                ADC_ETC_IRQ2_DriverIRQHandler
                0x60002376                GPIO1_Combined_16_31_DriverIRQHandler
                0x60002376                GPIO1_INT7_DriverIRQHandler
                0x60002376                SAI1_DriverIRQHandler
                0x60002376                DCDC_DriverIRQHandler
                0x60002376                DMA12_DMA28_DriverIRQHandler
                0x60002376                PWM4_0_DriverIRQHandler
                0x60002376                ADC_ETC_ERROR_IRQ_DriverIRQHandler
                0x60002376                ACMP2_DriverIRQHandler
                0x60002376                GPIO5_Combined_0_15_DriverIRQHandler
                0x60002376                GPIO1_INT0_DriverIRQHandler
                0x60002376                GPIO1_INT2_DriverIRQHandler
                0x60002376                RTWDOG_DriverIRQHandler
                0x60002376                FLEXSPI_DriverIRQHandler
                0x60002376                GPT2_DriverIRQHandler
                0x60002376                USB_PHY2_DriverIRQHandler
                0x60002376                DMA10_DMA26_DriverIRQHandler
                0x60002376                PWM2_1_DriverIRQHandler
                0x60002376                PWM1_1_DriverIRQHandler
                0x60002376                PXP_DriverIRQHandler
                0x60002376                ADC1_DriverIRQHandler
                0x60002376                PWM1_0_DriverIRQHandler
                0x60002376                SJC_DriverIRQHandler
                0x60002376                DMA1_DMA17_DriverIRQHandler
                0x60002376                ENC1_DriverIRQHandler
                0x60002376                ENC4_DriverIRQHandler
                0x60002376                CAN2_DriverIRQHandler
                0x60002376                DCP_DriverIRQHandler
                0x60002376                CTI0_ERROR_DriverIRQHandler
                0x60002376                DMA8_DMA24_DriverIRQHandler
                0x60002376                GPT1_DriverIRQHandler
                0x60002376                ACMP3_DriverIRQHandler
                0x60002376                DMA6_DMA22_DriverIRQHandler
                0x60002376                CSU_DriverIRQHandler
                0x60002376                GPIO1_INT5_DriverIRQHandler
                0x60002376                TMR3_DriverIRQHandler
                0x60002376                TMR2_DriverIRQHandler
                0x60002376                CTI1_ERROR_DriverIRQHandler
                0x60002376                GPIO1_Combined_0_15_DriverIRQHandler
                0x60002376                USDHC2_DriverIRQHandler
                0x60002376                PWM4_2_DriverIRQHandler
                0x60002376                SAI2_DriverIRQHandler
                0x60002376                CORE_DriverIRQHandler
                0x60002376                ACMP4_DriverIRQHandler
                0x60002376                DMA11_DMA27_DriverIRQHandler
                0x60002376                CSI_DriverIRQHandler
                0x60002376                PWM2_3_DriverIRQHandler
                0x60002376                XBAR1_IRQ_2_3_DriverIRQHandler
                0x60002376                SNVS_HP_WRAPPER_TZ_DriverIRQHandler
                0x60002376                GPIO3_Combined_16_31_DriverIRQHandler
                0x60002376                PWM1_FAULT_DriverIRQHandler
                0x60002376                LPI2C1_DriverIRQHandler
                0x60002376                PWM2_2_DriverIRQHandler
                0x60002376                DMA4_DMA20_DriverIRQHandler
                0x60002376                DMA9_DMA25_DriverIRQHandler
                0x60002376                SNVS_HP_WRAPPER_DriverIRQHandler
                0x60002376                XBAR1_IRQ_0_1_DriverIRQHandler
                0x60002376                ADC_ETC_IRQ1_DriverIRQHandler
                0x60002376                LPSPI1_DriverIRQHandler
                0x60002376                DMA3_DMA19_DriverIRQHandler
                0x60002376                GPIO1_INT3_DriverIRQHandler
                0x60002376                DCP_VMI_DriverIRQHandler
                0x60002376                LPI2C4_DriverIRQHandler
                0x60002376                GPC_DriverIRQHandler
                0x60002376                Reserved123_DriverIRQHandler
                0x60002376                GPIO2_Combined_0_15_DriverIRQHandler
                0x60002376                PWM1_2_DriverIRQHandler
                0x60002376                USB_OTG1_DriverIRQHandler
                0x60002376                TEMP_LOW_HIGH_DriverIRQHandler
                0x60002376                SAI3_TX_DriverIRQHandler
                0x60002376                WDOG2_DriverIRQHandler
                0x60002376                Reserved68_DriverIRQHandler
                0x60002376                PWM3_0_DriverIRQHandler
                0x60002376                GPIO4_Combined_0_15_DriverIRQHandler
                0x60002376                GPIO4_Combined_16_31_DriverIRQHandler
                0x60002376                GPIO5_Combined_16_31_DriverIRQHandler
                0x60002376                DMA5_DMA21_DriverIRQHandler
                0x60002376                CCM_1_DriverIRQHandler
                0x60002376                ADC2_DriverIRQHandler
                0x60002376                Reserved115_DriverIRQHandler
                0x60002376                TEMP_PANIC_DriverIRQHandler
                0x60002376                DMA15_DMA31_DriverIRQHandler
                0x60002376                LPSPI3_DriverIRQHandler
                0x60002376                PWM1_3_DriverIRQHandler
                0x60002376                ACMP1_DriverIRQHandler
                0x60002376                LPI2C2_DriverIRQHandler
                0x60002376                Reserved86_DriverIRQHandler
                0x60002376                DMA_ERROR_DriverIRQHandler
                0x60002376                ADC_ETC_IRQ0_DriverIRQHandler
                0x60002376                CAN1_DriverIRQHandler
                0x60002376                GPIO1_INT6_DriverIRQHandler
                0x60002376                GPIO1_INT1_DriverIRQHandler
                0x60002376                PWM2_0_DriverIRQHandler
                0x60002376                SNVS_LP_WRAPPER_DriverIRQHandler
                0x60002376                USB_OTG2_DriverIRQHandler
 *(SORT_BY_ALIGNMENT(.text*))
 .text.flexPWMInit
                0x60002378      0x118 ./source/MIMXRT1052xxxxB_ProjectPWM_C.o
                0x60002378                flexPWMInit
 .text.DbgConsole_Init
                0x60002490      0x104 ./utilities/fsl_debug_console.o
                0x60002490                DbgConsole_Init
 .text.main     0x60002594       0x28 ./source/MIMXRT1052xxxxB_ProjectPWM_C.o
                0x60002594                main
 .text.SysInit  0x600025bc       0x58 ./source/MIMXRT1052xxxxB_ProjectPWM_C.o
                0x600025bc                SysInit
 .text.CLOCK_GetOscFreq
                0x60002614       0x30 ./drivers/fsl_clock.o
 .text.CLOCK_GetPeriphClkFreq
                0x60002644       0xe0 ./drivers/fsl_clock.o
 .text.CLOCK_InitExternalClk
                0x60002724       0x6c ./drivers/fsl_clock.o
                0x60002724                CLOCK_InitExternalClk
 .text.CLOCK_SwitchOsc
                0x60002790       0x34 ./drivers/fsl_clock.o
                0x60002790                CLOCK_SwitchOsc
 .text.CLOCK_InitRcOsc24M
                0x600027c4       0x24 ./drivers/fsl_clock.o
                0x600027c4                CLOCK_InitRcOsc24M
 .text.CLOCK_GetAhbFreq
                0x600027e8       0x24 ./drivers/fsl_clock.o
                0x600027e8                CLOCK_GetAhbFreq
 .text.CLOCK_GetSemcFreq
                0x6000280c       0x5c ./drivers/fsl_clock.o
                0x6000280c                CLOCK_GetSemcFreq
 .text.CLOCK_GetIpgFreq
                0x60002868       0x24 ./drivers/fsl_clock.o
                0x60002868                CLOCK_GetIpgFreq
 .text.CLOCK_GetPerClkFreq
                0x6000288c       0x44 ./drivers/fsl_clock.o
                0x6000288c                CLOCK_GetPerClkFreq
 .text.CLOCK_GetFreq
                0x600028d0      0x170 ./drivers/fsl_clock.o
                0x600028d0                CLOCK_GetFreq
 .text.CLOCK_InitArmPll
                0x60002a40       0x68 ./drivers/fsl_clock.o
                0x60002a40                CLOCK_InitArmPll
 .text.CLOCK_InitSysPll
                0x60002aa8       0x9c ./drivers/fsl_clock.o
                0x60002aa8                CLOCK_InitSysPll
 .text.CLOCK_DeinitUsb2Pll
                0x60002b44       0x18 ./drivers/fsl_clock.o
                0x60002b44                CLOCK_DeinitUsb2Pll
 .text.CLOCK_DeinitAudioPll
                0x60002b5c       0x1c ./drivers/fsl_clock.o
                0x60002b5c                CLOCK_DeinitAudioPll
 .text.CLOCK_DeinitVideoPll
                0x60002b78       0x1c ./drivers/fsl_clock.o
                0x60002b78                CLOCK_DeinitVideoPll
 .text.CLOCK_DeinitEnetPll
                0x60002b94       0x1c ./drivers/fsl_clock.o
                0x60002b94                CLOCK_DeinitEnetPll
 .text.CLOCK_GetPllFreq
                0x60002bb0      0x304 ./drivers/fsl_clock.o
                0x60002bb0                CLOCK_GetPllFreq
 .text.CLOCK_InitSysPfd
                0x60002eb4       0x64 ./drivers/fsl_clock.o
                0x60002eb4                CLOCK_InitSysPfd
 .text.CLOCK_GetSysPfdFreq
                0x60002f18       0xac ./drivers/fsl_clock.o
                0x60002f18                CLOCK_GetSysPfdFreq
 .text.CLOCK_GetUsb1PfdFreq
                0x60002fc4       0xac ./drivers/fsl_clock.o
                0x60002fc4                CLOCK_GetUsb1PfdFreq
 .text.CLOCK_ControlGate
                0x60003070       0x64 ./drivers/fsl_lpuart.o
 .text.LPUART_GetInstance
                0x600030d4       0x4c ./drivers/fsl_lpuart.o
                0x600030d4                LPUART_GetInstance
 .text.LPUART_Init
                0x60003120      0x300 ./drivers/fsl_lpuart.o
                0x60003120                LPUART_Init
 .text.LPUART_GetDefaultConfig
                0x60003420       0x88 ./drivers/fsl_lpuart.o
                0x60003420                LPUART_GetDefaultConfig
 .text.LPUART1_DriverIRQHandler
                0x600034a8       0x24 ./drivers/fsl_lpuart.o
                0x600034a8                LPUART1_DriverIRQHandler
 .text.LPUART2_DriverIRQHandler
                0x600034cc       0x24 ./drivers/fsl_lpuart.o
                0x600034cc                LPUART2_DriverIRQHandler
 .text.LPUART3_DriverIRQHandler
                0x600034f0       0x24 ./drivers/fsl_lpuart.o
                0x600034f0                LPUART3_DriverIRQHandler
 .text.LPUART4_DriverIRQHandler
                0x60003514       0x24 ./drivers/fsl_lpuart.o
                0x60003514                LPUART4_DriverIRQHandler
 .text.LPUART5_DriverIRQHandler
                0x60003538       0x24 ./drivers/fsl_lpuart.o
                0x60003538                LPUART5_DriverIRQHandler
 .text.LPUART6_DriverIRQHandler
                0x6000355c       0x24 ./drivers/fsl_lpuart.o
                0x6000355c                LPUART6_DriverIRQHandler
 .text.LPUART7_DriverIRQHandler
                0x60003580       0x24 ./drivers/fsl_lpuart.o
                0x60003580                LPUART7_DriverIRQHandler
 .text.LPUART8_DriverIRQHandler
                0x600035a4       0x24 ./drivers/fsl_lpuart.o
                0x600035a4                LPUART8_DriverIRQHandler
 .text.CLOCK_ControlGate
                0x600035c8       0x64 ./drivers/fsl_pwm.o
 .text.PWM_GetInstance
                0x6000362c       0x4c ./drivers/fsl_pwm.o
 .text.PWM_Init
                0x60003678      0x2b0 ./drivers/fsl_pwm.o
                0x60003678                PWM_Init
 .text.PWM_GetDefaultConfig
                0x60003928       0x74 ./drivers/fsl_pwm.o
                0x60003928                PWM_GetDefaultConfig
 .text.PWM_SetupPwm
                0x6000399c      0x4f0 ./drivers/fsl_pwm.o
                0x6000399c                PWM_SetupPwm
 .text.CLOCK_ControlGate
                0x60003e8c       0x64 ./drivers/fsl_xbara.o
 .text.XBARA_GetInstance
                0x60003ef0       0x44 ./drivers/fsl_xbara.o
 .text.SCB_EnableICache
                0x60003f34       0x40 ./device/system_MIMXRT1052.o
 .text.SCB_EnableDCache
                0x60003f74       0x80 ./device/system_MIMXRT1052.o
 .text.SystemInit
                0x60003ff4       0xf4 ./device/system_MIMXRT1052.o
                0x60003ff4                SystemInit
 .text.HAL_UartInit
                0x600040e8      0x100 ./component/uart/lpuart_adapter.o
                0x600040e8                HAL_UartInit
 .text.SerialManager_Init
                0x600041e8       0x74 ./component/serial_manager/serial_manager.o
                0x600041e8                SerialManager_Init
 .text.SerialManager_OpenWriteHandle
                0x6000425c       0x58 ./component/serial_manager/serial_manager.o
                0x6000425c                SerialManager_OpenWriteHandle
 .text.SerialManager_OpenReadHandle
                0x600042b4       0x60 ./component/serial_manager/serial_manager.o
                0x600042b4                SerialManager_OpenReadHandle
 .text.Serial_UartInit
                0x60004314       0x80 ./component/serial_manager/serial_port_uart.o
                0x60004314                Serial_UartInit
 .text.ARM_MPU_Enable
                0x60004394       0x3c ./board/boards/board.o
 .text.ARM_MPU_Disable
                0x600043d0       0x38 ./board/boards/board.o
 .text.SCB_EnableICache
                0x60004408       0x40 ./board/boards/board.o
 .text.SCB_DisableICache
                0x60004448       0x38 ./board/boards/board.o
 .text.SCB_EnableDCache
                0x60004480       0x80 ./board/boards/board.o
 .text.SCB_DisableDCache
                0x60004500       0x68 ./board/boards/board.o
 .text.CLOCK_GetMux
                0x60004568       0x44 ./board/boards/board.o
 .text.CLOCK_GetDiv
                0x600045ac       0x44 ./board/boards/board.o
 .text.CLOCK_GetOscFreq
                0x600045f0       0x30 ./board/boards/board.o
 .text.BOARD_DebugConsoleSrcFreq
                0x60004620       0x64 ./board/boards/board.o
                0x60004620                BOARD_DebugConsoleSrcFreq
 .text.BOARD_ConfigMPU
                0x60004684       0xec ./board/boards/board.o
                0x60004684                BOARD_ConfigMPU
 .text.CLOCK_SetMux
                0x60004770       0x9c ./board/boards/clock_config.o
 .text.CLOCK_SetDiv
                0x6000480c       0x9c ./board/boards/clock_config.o
 .text.CLOCK_ControlGate
                0x600048a8       0x64 ./board/boards/clock_config.o
 .text.CLOCK_SetXtalFreq
                0x6000490c       0x20 ./board/boards/clock_config.o
 .text.CLOCK_SetRtcXtalFreq
                0x6000492c       0x20 ./board/boards/clock_config.o
 .text.IOMUXC_EnableMode
                0x6000494c       0x48 ./board/boards/clock_config.o
 .text.IOMUXC_MQSConfig
                0x60004994       0x44 ./board/boards/clock_config.o
 .text.BOARD_BootClockRUN
                0x600049d8      0x608 ./board/boards/clock_config.o
                0x600049d8                BOARD_BootClockRUN
 .text.CLOCK_ControlGate
                0x60004fe0       0x64 ./board/boards/pin_mux.o
 .text.BOARD_InitPins
                0x60005044       0x50 ./board/boards/pin_mux.o
                0x60005044                BOARD_InitPins
 .text.BOARD_InitDEBUG_UARTPins
                0x60005094       0x78 ./board/boards/pin_mux.o
                0x60005094                BOARD_InitDEBUG_UARTPins
 .text.__assertion_failed
                0x6000510c       0x4c e:/nxp/mcuxpressoide_11.0.1_2563/ide/plugins/com.nxp.mcuxpresso.tools.win32_11.0.1.201907311258/tools/bin/../lib/gcc/arm-none-eabi/8.2.1/../../../../arm-none-eabi/lib/thumb/v7e-m+fp/hard\libcr_semihost_nf.a(_cr_assert.o)
                0x6000510c                __assertion_failed
 .text.__sys_appexit
                0x60005158        0xc e:/nxp/mcuxpressoide_11.0.1_2563/ide/plugins/com.nxp.mcuxpresso.tools.win32_11.0.1.201907311258/tools/bin/../lib/gcc/arm-none-eabi/8.2.1/../../../../arm-none-eabi/lib/thumb/v7e-m+fp/hard\libcr_semihost_nf.a(__sys_appexit.o)
                0x60005158                __sys_appexit
                0x60005158                __exit
 .text._Cwritebuf
                0x60005164       0x6c e:/nxp/mcuxpressoide_11.0.1_2563/ide/plugins/com.nxp.mcuxpresso.tools.win32_11.0.1.201907311258/tools/bin/../lib/gcc/arm-none-eabi/8.2.1/../../../../arm-none-eabi/lib/thumb/v7e-m+fp/hard\libcr_c.a(_writebuf.o)
                0x60005164                _Cwritebuf
 .text.malloc   0x600051d0       0xc8 e:/nxp/mcuxpressoide_11.0.1_2563/ide/plugins/com.nxp.mcuxpresso.tools.win32_11.0.1.201907311258/tools/bin/../lib/gcc/arm-none-eabi/8.2.1/../../../../arm-none-eabi/lib/thumb/v7e-m+fp/hard\libcr_c.a(alloc.o)
                0x600051d0                malloc
 .text._Csys_alloc
                0x60005298       0x20 e:/nxp/mcuxpressoide_11.0.1_2563/ide/plugins/com.nxp.mcuxpresso.tools.win32_11.0.1.201907311258/tools/bin/../lib/gcc/arm-none-eabi/8.2.1/../../../../arm-none-eabi/lib/thumb/v7e-m+fp/hard\libcr_c.a(alloc.o)
                0x60005298                _Csys_alloc
 .text.fseek    0x600052b8      0x100 e:/nxp/mcuxpressoide_11.0.1_2563/ide/plugins/com.nxp.mcuxpresso.tools.win32_11.0.1.201907311258/tools/bin/../lib/gcc/arm-none-eabi/8.2.1/../../../../arm-none-eabi/lib/thumb/v7e-m+fp/hard\libcr_c.a(fseek.o)
                0x600052b8                fseek
 .text.ftell    0x600053b8       0x48 e:/nxp/mcuxpressoide_11.0.1_2563/ide/plugins/com.nxp.mcuxpresso.tools.win32_11.0.1.201907311258/tools/bin/../lib/gcc/arm-none-eabi/8.2.1/../../../../arm-none-eabi/lib/thumb/v7e-m+fp/hard\libcr_c.a(ftell.o)
                0x600053b8                ftell
 .text._initio  0x60005400       0x78 e:/nxp/mcuxpressoide_11.0.1_2563/ide/plugins/com.nxp.mcuxpresso.tools.win32_11.0.1.201907311258/tools/bin/../lib/gcc/arm-none-eabi/8.2.1/../../../../arm-none-eabi/lib/thumb/v7e-m+fp/hard\libcr_c.a(initio.o)
                0x60005400                _initio
 .text.__vfprintf
                0x60005478      0xbe0 e:/nxp/mcuxpressoide_11.0.1_2563/ide/plugins/com.nxp.mcuxpresso.tools.win32_11.0.1.201907311258/tools/bin/../lib/gcc/arm-none-eabi/8.2.1/../../../../arm-none-eabi/lib/thumb/v7e-m+fp/hard\libcr_c.a(printf.o)
                0x60005478                __vfprintf
 .text._vsnprintf
                0x60006058       0x68 e:/nxp/mcuxpressoide_11.0.1_2563/ide/plugins/com.nxp.mcuxpresso.tools.win32_11.0.1.201907311258/tools/bin/../lib/gcc/arm-none-eabi/8.2.1/../../../../arm-none-eabi/lib/thumb/v7e-m+fp/hard\libcr_c.a(printf.o)
                0x60006058                _vsnprintf
 .text._printf  0x600060c0       0x54 e:/nxp/mcuxpressoide_11.0.1_2563/ide/plugins/com.nxp.mcuxpresso.tools.win32_11.0.1.201907311258/tools/bin/../lib/gcc/arm-none-eabi/8.2.1/../../../../arm-none-eabi/lib/thumb/v7e-m+fp/hard\libcr_c.a(printf.o)
                0x600060c0                _printf
 .text.setvbuf  0x60006114       0x40 e:/nxp/mcuxpressoide_11.0.1_2563/ide/plugins/com.nxp.mcuxpresso.tools.win32_11.0.1.201907311258/tools/bin/../lib/gcc/arm-none-eabi/8.2.1/../../../../arm-none-eabi/lib/thumb/v7e-m+fp/hard\libcr_c.a(setvbuf.o)
                0x60006114                setvbuf
 .text._sbrk    0x60006154       0x3c e:/nxp/mcuxpressoide_11.0.1_2563/ide/plugins/com.nxp.mcuxpresso.tools.win32_11.0.1.201907311258/tools/bin/../lib/gcc/arm-none-eabi/8.2.1/../../../../arm-none-eabi/lib/thumb/v7e-m+fp/hard\libcr_c.a(_cr_sbrk.o)
                0x60006154                _sbrk
 .text.fflush   0x60006190       0x44 e:/nxp/mcuxpressoide_11.0.1_2563/ide/plugins/com.nxp.mcuxpresso.tools.win32_11.0.1.201907311258/tools/bin/../lib/gcc/arm-none-eabi/8.2.1/../../../../arm-none-eabi/lib/thumb/v7e-m+fp/hard\libcr_c.a(fflush.o)
                0x60006190                fflush
 .text.__check_heap_overflow
                0x600061d4       0x18 e:/nxp/mcuxpressoide_11.0.1_2563/ide/plugins/com.nxp.mcuxpresso.tools.win32_11.0.1.201907311258/tools/bin/../lib/gcc/arm-none-eabi/8.2.1/../../../../arm-none-eabi/lib/thumb/v7e-m+fp/hard\libcr_c.a(_cr_check_heap.o)
                0x600061d4                __check_heap_overflow
 .text.DMA0_DMA16_IRQHandler
                0x600061ec        0x8 ./startup/startup_mimxrt1052.o
                0x600061ec                DMA0_DMA16_IRQHandler
 .text.DMA1_DMA17_IRQHandler
                0x600061f4        0x8 ./startup/startup_mimxrt1052.o
                0x600061f4                DMA1_DMA17_IRQHandler
 .text.DMA2_DMA18_IRQHandler
                0x600061fc        0x8 ./startup/startup_mimxrt1052.o
                0x600061fc                DMA2_DMA18_IRQHandler
 .text.DMA3_DMA19_IRQHandler
                0x60006204        0x8 ./startup/startup_mimxrt1052.o
                0x60006204                DMA3_DMA19_IRQHandler
 .text.DMA4_DMA20_IRQHandler
                0x6000620c        0x8 ./startup/startup_mimxrt1052.o
                0x6000620c                DMA4_DMA20_IRQHandler
 .text.DMA5_DMA21_IRQHandler
                0x60006214        0x8 ./startup/startup_mimxrt1052.o
                0x60006214                DMA5_DMA21_IRQHandler
 .text.DMA6_DMA22_IRQHandler
                0x6000621c        0x8 ./startup/startup_mimxrt1052.o
                0x6000621c                DMA6_DMA22_IRQHandler
 .text.DMA7_DMA23_IRQHandler
                0x60006224        0x8 ./startup/startup_mimxrt1052.o
                0x60006224                DMA7_DMA23_IRQHandler
 .text.DMA8_DMA24_IRQHandler
                0x6000622c        0x8 ./startup/startup_mimxrt1052.o
                0x6000622c                DMA8_DMA24_IRQHandler
 .text.DMA9_DMA25_IRQHandler
                0x60006234        0x8 ./startup/startup_mimxrt1052.o
                0x60006234                DMA9_DMA25_IRQHandler
 .text.DMA10_DMA26_IRQHandler
                0x6000623c        0x8 ./startup/startup_mimxrt1052.o
                0x6000623c                DMA10_DMA26_IRQHandler
 .text.DMA11_DMA27_IRQHandler
                0x60006244        0x8 ./startup/startup_mimxrt1052.o
                0x60006244                DMA11_DMA27_IRQHandler
 .text.DMA12_DMA28_IRQHandler
                0x6000624c        0x8 ./startup/startup_mimxrt1052.o
                0x6000624c                DMA12_DMA28_IRQHandler
 .text.DMA13_DMA29_IRQHandler
                0x60006254        0x8 ./startup/startup_mimxrt1052.o
                0x60006254                DMA13_DMA29_IRQHandler
 .text.DMA14_DMA30_IRQHandler
                0x6000625c        0x8 ./startup/startup_mimxrt1052.o
                0x6000625c                DMA14_DMA30_IRQHandler
 .text.DMA15_DMA31_IRQHandler
                0x60006264        0x8 ./startup/startup_mimxrt1052.o
                0x60006264                DMA15_DMA31_IRQHandler
 .text.DMA_ERROR_IRQHandler
                0x6000626c        0x8 ./startup/startup_mimxrt1052.o
                0x6000626c                DMA_ERROR_IRQHandler
 .text.CTI0_ERROR_IRQHandler
                0x60006274        0x8 ./startup/startup_mimxrt1052.o
                0x60006274                CTI0_ERROR_IRQHandler
 .text.CTI1_ERROR_IRQHandler
                0x6000627c        0x8 ./startup/startup_mimxrt1052.o
                0x6000627c                CTI1_ERROR_IRQHandler
 .text.CORE_IRQHandler
                0x60006284        0x8 ./startup/startup_mimxrt1052.o
                0x60006284                CORE_IRQHandler
 .text.LPUART1_IRQHandler
                0x6000628c        0x8 ./startup/startup_mimxrt1052.o
                0x6000628c                LPUART1_IRQHandler
 .text.LPUART2_IRQHandler
                0x60006294        0x8 ./startup/startup_mimxrt1052.o
                0x60006294                LPUART2_IRQHandler
 .text.LPUART3_IRQHandler
                0x6000629c        0x8 ./startup/startup_mimxrt1052.o
                0x6000629c                LPUART3_IRQHandler
 .text.LPUART4_IRQHandler
                0x600062a4        0x8 ./startup/startup_mimxrt1052.o
                0x600062a4                LPUART4_IRQHandler
 .text.LPUART5_IRQHandler
                0x600062ac        0x8 ./startup/startup_mimxrt1052.o
                0x600062ac                LPUART5_IRQHandler
 .text.LPUART6_IRQHandler
                0x600062b4        0x8 ./startup/startup_mimxrt1052.o
                0x600062b4                LPUART6_IRQHandler
 .text.LPUART7_IRQHandler
                0x600062bc        0x8 ./startup/startup_mimxrt1052.o
                0x600062bc                LPUART7_IRQHandler
 .text.LPUART8_IRQHandler
                0x600062c4        0x8 ./startup/startup_mimxrt1052.o
                0x600062c4                LPUART8_IRQHandler
 .text.LPI2C1_IRQHandler
                0x600062cc        0x8 ./startup/startup_mimxrt1052.o
                0x600062cc                LPI2C1_IRQHandler
 .text.LPI2C2_IRQHandler
                0x600062d4        0x8 ./startup/startup_mimxrt1052.o
                0x600062d4                LPI2C2_IRQHandler
 .text.LPI2C3_IRQHandler
                0x600062dc        0x8 ./startup/startup_mimxrt1052.o
                0x600062dc                LPI2C3_IRQHandler
 .text.LPI2C4_IRQHandler
                0x600062e4        0x8 ./startup/startup_mimxrt1052.o
                0x600062e4                LPI2C4_IRQHandler
 .text.LPSPI1_IRQHandler
                0x600062ec        0x8 ./startup/startup_mimxrt1052.o
                0x600062ec                LPSPI1_IRQHandler
 .text.LPSPI2_IRQHandler
                0x600062f4        0x8 ./startup/startup_mimxrt1052.o
                0x600062f4                LPSPI2_IRQHandler
 .text.LPSPI3_IRQHandler
                0x600062fc        0x8 ./startup/startup_mimxrt1052.o
                0x600062fc                LPSPI3_IRQHandler
 .text.LPSPI4_IRQHandler
                0x60006304        0x8 ./startup/startup_mimxrt1052.o
                0x60006304                LPSPI4_IRQHandler
 .text.CAN1_IRQHandler
                0x6000630c        0x8 ./startup/startup_mimxrt1052.o
                0x6000630c                CAN1_IRQHandler
 .text.CAN2_IRQHandler
                0x60006314        0x8 ./startup/startup_mimxrt1052.o
                0x60006314                CAN2_IRQHandler
 .text.FLEXRAM_IRQHandler
                0x6000631c        0x8 ./startup/startup_mimxrt1052.o
                0x6000631c                FLEXRAM_IRQHandler
 .text.KPP_IRQHandler
                0x60006324        0x8 ./startup/startup_mimxrt1052.o
                0x60006324                KPP_IRQHandler
 .text.TSC_DIG_IRQHandler
                0x6000632c        0x8 ./startup/startup_mimxrt1052.o
                0x6000632c                TSC_DIG_IRQHandler
 .text.GPR_IRQ_IRQHandler
                0x60006334        0x8 ./startup/startup_mimxrt1052.o
                0x60006334                GPR_IRQ_IRQHandler
 .text.LCDIF_IRQHandler
                0x6000633c        0x8 ./startup/startup_mimxrt1052.o
                0x6000633c                LCDIF_IRQHandler
 .text.CSI_IRQHandler
                0x60006344        0x8 ./startup/startup_mimxrt1052.o
                0x60006344                CSI_IRQHandler
 .text.PXP_IRQHandler
                0x6000634c        0x8 ./startup/startup_mimxrt1052.o
                0x6000634c                PXP_IRQHandler
 .text.WDOG2_IRQHandler
                0x60006354        0x8 ./startup/startup_mimxrt1052.o
                0x60006354                WDOG2_IRQHandler
 .text.SNVS_HP_WRAPPER_IRQHandler
                0x6000635c        0x8 ./startup/startup_mimxrt1052.o
                0x6000635c                SNVS_HP_WRAPPER_IRQHandler
 .text.SNVS_HP_WRAPPER_TZ_IRQHandler
                0x60006364        0x8 ./startup/startup_mimxrt1052.o
                0x60006364                SNVS_HP_WRAPPER_TZ_IRQHandler
 .text.SNVS_LP_WRAPPER_IRQHandler
                0x6000636c        0x8 ./startup/startup_mimxrt1052.o
                0x6000636c                SNVS_LP_WRAPPER_IRQHandler
 .text.CSU_IRQHandler
                0x60006374        0x8 ./startup/startup_mimxrt1052.o
                0x60006374                CSU_IRQHandler
 .text.DCP_IRQHandler
                0x6000637c        0x8 ./startup/startup_mimxrt1052.o
                0x6000637c                DCP_IRQHandler
 .text.DCP_VMI_IRQHandler
                0x60006384        0x8 ./startup/startup_mimxrt1052.o
                0x60006384                DCP_VMI_IRQHandler
 .text.Reserved68_IRQHandler
                0x6000638c        0x8 ./startup/startup_mimxrt1052.o
                0x6000638c                Reserved68_IRQHandler
 .text.TRNG_IRQHandler
                0x60006394        0x8 ./startup/startup_mimxrt1052.o
                0x60006394                TRNG_IRQHandler
 .text.SJC_IRQHandler
                0x6000639c        0x8 ./startup/startup_mimxrt1052.o
                0x6000639c                SJC_IRQHandler
 .text.BEE_IRQHandler
                0x600063a4        0x8 ./startup/startup_mimxrt1052.o
                0x600063a4                BEE_IRQHandler
 .text.SAI1_IRQHandler
                0x600063ac        0x8 ./startup/startup_mimxrt1052.o
                0x600063ac                SAI1_IRQHandler
 .text.SAI2_IRQHandler
                0x600063b4        0x8 ./startup/startup_mimxrt1052.o
                0x600063b4                SAI2_IRQHandler
 .text.SAI3_RX_IRQHandler
                0x600063bc        0x8 ./startup/startup_mimxrt1052.o
                0x600063bc                SAI3_RX_IRQHandler
 .text.SAI3_TX_IRQHandler
                0x600063c4        0x8 ./startup/startup_mimxrt1052.o
                0x600063c4                SAI3_TX_IRQHandler
 .text.SPDIF_IRQHandler
                0x600063cc        0x8 ./startup/startup_mimxrt1052.o
                0x600063cc                SPDIF_IRQHandler
 .text.PMU_EVENT_IRQHandler
                0x600063d4        0x8 ./startup/startup_mimxrt1052.o
                0x600063d4                PMU_EVENT_IRQHandler
 .text.Reserved78_IRQHandler
                0x600063dc        0x8 ./startup/startup_mimxrt1052.o
                0x600063dc                Reserved78_IRQHandler
 .text.TEMP_LOW_HIGH_IRQHandler
                0x600063e4        0x8 ./startup/startup_mimxrt1052.o
                0x600063e4                TEMP_LOW_HIGH_IRQHandler
 .text.TEMP_PANIC_IRQHandler
                0x600063ec        0x8 ./startup/startup_mimxrt1052.o
                0x600063ec                TEMP_PANIC_IRQHandler
 .text.USB_PHY1_IRQHandler
                0x600063f4        0x8 ./startup/startup_mimxrt1052.o
                0x600063f4                USB_PHY1_IRQHandler
 .text.USB_PHY2_IRQHandler
                0x600063fc        0x8 ./startup/startup_mimxrt1052.o
                0x600063fc                USB_PHY2_IRQHandler
 .text.ADC1_IRQHandler
                0x60006404        0x8 ./startup/startup_mimxrt1052.o
                0x60006404                ADC1_IRQHandler
 .text.ADC2_IRQHandler
                0x6000640c        0x8 ./startup/startup_mimxrt1052.o
                0x6000640c                ADC2_IRQHandler
 .text.DCDC_IRQHandler
                0x60006414        0x8 ./startup/startup_mimxrt1052.o
                0x60006414                DCDC_IRQHandler
 .text.Reserved86_IRQHandler
                0x6000641c        0x8 ./startup/startup_mimxrt1052.o
                0x6000641c                Reserved86_IRQHandler
 .text.Reserved87_IRQHandler
                0x60006424        0x8 ./startup/startup_mimxrt1052.o
                0x60006424                Reserved87_IRQHandler
 .text.GPIO1_INT0_IRQHandler
                0x6000642c        0x8 ./startup/startup_mimxrt1052.o
                0x6000642c                GPIO1_INT0_IRQHandler
 .text.GPIO1_INT1_IRQHandler
                0x60006434        0x8 ./startup/startup_mimxrt1052.o
                0x60006434                GPIO1_INT1_IRQHandler
 .text.GPIO1_INT2_IRQHandler
                0x6000643c        0x8 ./startup/startup_mimxrt1052.o
                0x6000643c                GPIO1_INT2_IRQHandler
 .text.GPIO1_INT3_IRQHandler
                0x60006444        0x8 ./startup/startup_mimxrt1052.o
                0x60006444                GPIO1_INT3_IRQHandler
 .text.GPIO1_INT4_IRQHandler
                0x6000644c        0x8 ./startup/startup_mimxrt1052.o
                0x6000644c                GPIO1_INT4_IRQHandler
 .text.GPIO1_INT5_IRQHandler
                0x60006454        0x8 ./startup/startup_mimxrt1052.o
                0x60006454                GPIO1_INT5_IRQHandler
 .text.GPIO1_INT6_IRQHandler
                0x6000645c        0x8 ./startup/startup_mimxrt1052.o
                0x6000645c                GPIO1_INT6_IRQHandler
 .text.GPIO1_INT7_IRQHandler
                0x60006464        0x8 ./startup/startup_mimxrt1052.o
                0x60006464                GPIO1_INT7_IRQHandler
 .text.GPIO1_Combined_0_15_IRQHandler
                0x6000646c        0x8 ./startup/startup_mimxrt1052.o
                0x6000646c                GPIO1_Combined_0_15_IRQHandler
 .text.GPIO1_Combined_16_31_IRQHandler
                0x60006474        0x8 ./startup/startup_mimxrt1052.o
                0x60006474                GPIO1_Combined_16_31_IRQHandler
 .text.GPIO2_Combined_0_15_IRQHandler
                0x6000647c        0x8 ./startup/startup_mimxrt1052.o
                0x6000647c                GPIO2_Combined_0_15_IRQHandler
 .text.GPIO2_Combined_16_31_IRQHandler
                0x60006484        0x8 ./startup/startup_mimxrt1052.o
                0x60006484                GPIO2_Combined_16_31_IRQHandler
 .text.GPIO3_Combined_0_15_IRQHandler
                0x6000648c        0x8 ./startup/startup_mimxrt1052.o
                0x6000648c                GPIO3_Combined_0_15_IRQHandler
 .text.GPIO3_Combined_16_31_IRQHandler
                0x60006494        0x8 ./startup/startup_mimxrt1052.o
                0x60006494                GPIO3_Combined_16_31_IRQHandler
 .text.GPIO4_Combined_0_15_IRQHandler
                0x6000649c        0x8 ./startup/startup_mimxrt1052.o
                0x6000649c                GPIO4_Combined_0_15_IRQHandler
 .text.GPIO4_Combined_16_31_IRQHandler
                0x600064a4        0x8 ./startup/startup_mimxrt1052.o
                0x600064a4                GPIO4_Combined_16_31_IRQHandler
 .text.GPIO5_Combined_0_15_IRQHandler
                0x600064ac        0x8 ./startup/startup_mimxrt1052.o
                0x600064ac                GPIO5_Combined_0_15_IRQHandler
 .text.GPIO5_Combined_16_31_IRQHandler
                0x600064b4        0x8 ./startup/startup_mimxrt1052.o
                0x600064b4                GPIO5_Combined_16_31_IRQHandler
 .text.FLEXIO1_IRQHandler
                0x600064bc        0x8 ./startup/startup_mimxrt1052.o
                0x600064bc                FLEXIO1_IRQHandler
 .text.FLEXIO2_IRQHandler
                0x600064c4        0x8 ./startup/startup_mimxrt1052.o
                0x600064c4                FLEXIO2_IRQHandler
 .text.WDOG1_IRQHandler
                0x600064cc        0x8 ./startup/startup_mimxrt1052.o
                0x600064cc                WDOG1_IRQHandler
 .text.RTWDOG_IRQHandler
                0x600064d4        0x8 ./startup/startup_mimxrt1052.o
                0x600064d4                RTWDOG_IRQHandler
 .text.EWM_IRQHandler
                0x600064dc        0x8 ./startup/startup_mimxrt1052.o
                0x600064dc                EWM_IRQHandler
 .text.CCM_1_IRQHandler
                0x600064e4        0x8 ./startup/startup_mimxrt1052.o
                0x600064e4                CCM_1_IRQHandler
 .text.CCM_2_IRQHandler
                0x600064ec        0x8 ./startup/startup_mimxrt1052.o
                0x600064ec                CCM_2_IRQHandler
 .text.GPC_IRQHandler
                0x600064f4        0x8 ./startup/startup_mimxrt1052.o
                0x600064f4                GPC_IRQHandler
 .text.SRC_IRQHandler
                0x600064fc        0x8 ./startup/startup_mimxrt1052.o
                0x600064fc                SRC_IRQHandler
 .text.Reserved115_IRQHandler
                0x60006504        0x8 ./startup/startup_mimxrt1052.o
                0x60006504                Reserved115_IRQHandler
 .text.GPT1_IRQHandler
                0x6000650c        0x8 ./startup/startup_mimxrt1052.o
                0x6000650c                GPT1_IRQHandler
 .text.GPT2_IRQHandler
                0x60006514        0x8 ./startup/startup_mimxrt1052.o
                0x60006514                GPT2_IRQHandler
 .text.PWM1_0_IRQHandler
                0x6000651c        0x8 ./startup/startup_mimxrt1052.o
                0x6000651c                PWM1_0_IRQHandler
 .text.PWM1_1_IRQHandler
                0x60006524        0x8 ./startup/startup_mimxrt1052.o
                0x60006524                PWM1_1_IRQHandler
 .text.PWM1_2_IRQHandler
                0x6000652c        0x8 ./startup/startup_mimxrt1052.o
                0x6000652c                PWM1_2_IRQHandler
 .text.PWM1_3_IRQHandler
                0x60006534        0x8 ./startup/startup_mimxrt1052.o
                0x60006534                PWM1_3_IRQHandler
 .text.PWM1_FAULT_IRQHandler
                0x6000653c        0x8 ./startup/startup_mimxrt1052.o
                0x6000653c                PWM1_FAULT_IRQHandler
 .text.Reserved123_IRQHandler
                0x60006544        0x8 ./startup/startup_mimxrt1052.o
                0x60006544                Reserved123_IRQHandler
 .text.FLEXSPI_IRQHandler
                0x6000654c        0x8 ./startup/startup_mimxrt1052.o
                0x6000654c                FLEXSPI_IRQHandler
 .text.SEMC_IRQHandler
                0x60006554        0x8 ./startup/startup_mimxrt1052.o
                0x60006554                SEMC_IRQHandler
 .text.USDHC1_IRQHandler
                0x6000655c        0x8 ./startup/startup_mimxrt1052.o
                0x6000655c                USDHC1_IRQHandler
 .text.USDHC2_IRQHandler
                0x60006564        0x8 ./startup/startup_mimxrt1052.o
                0x60006564                USDHC2_IRQHandler
 .text.USB_OTG2_IRQHandler
                0x6000656c        0x8 ./startup/startup_mimxrt1052.o
                0x6000656c                USB_OTG2_IRQHandler
 .text.USB_OTG1_IRQHandler
                0x60006574        0x8 ./startup/startup_mimxrt1052.o
                0x60006574                USB_OTG1_IRQHandler
 .text.ENET_IRQHandler
                0x6000657c        0x8 ./startup/startup_mimxrt1052.o
                0x6000657c                ENET_IRQHandler
 .text.ENET_1588_Timer_IRQHandler
                0x60006584        0x8 ./startup/startup_mimxrt1052.o
                0x60006584                ENET_1588_Timer_IRQHandler
 .text.XBAR1_IRQ_0_1_IRQHandler
                0x6000658c        0x8 ./startup/startup_mimxrt1052.o
                0x6000658c                XBAR1_IRQ_0_1_IRQHandler
 .text.XBAR1_IRQ_2_3_IRQHandler
                0x60006594        0x8 ./startup/startup_mimxrt1052.o
                0x60006594                XBAR1_IRQ_2_3_IRQHandler
 .text.ADC_ETC_IRQ0_IRQHandler
                0x6000659c        0x8 ./startup/startup_mimxrt1052.o
                0x6000659c                ADC_ETC_IRQ0_IRQHandler
 .text.ADC_ETC_IRQ1_IRQHandler
                0x600065a4        0x8 ./startup/startup_mimxrt1052.o
                0x600065a4                ADC_ETC_IRQ1_IRQHandler
 .text.ADC_ETC_IRQ2_IRQHandler
                0x600065ac        0x8 ./startup/startup_mimxrt1052.o
                0x600065ac                ADC_ETC_IRQ2_IRQHandler
 .text.ADC_ETC_ERROR_IRQ_IRQHandler
                0x600065b4        0x8 ./startup/startup_mimxrt1052.o
                0x600065b4                ADC_ETC_ERROR_IRQ_IRQHandler
 .text.PIT_IRQHandler
                0x600065bc        0x8 ./startup/startup_mimxrt1052.o
                0x600065bc                PIT_IRQHandler
 .text.ACMP1_IRQHandler
                0x600065c4        0x8 ./startup/startup_mimxrt1052.o
                0x600065c4                ACMP1_IRQHandler
 .text.ACMP2_IRQHandler
                0x600065cc        0x8 ./startup/startup_mimxrt1052.o
                0x600065cc                ACMP2_IRQHandler
 .text.ACMP3_IRQHandler
                0x600065d4        0x8 ./startup/startup_mimxrt1052.o
                0x600065d4                ACMP3_IRQHandler
 .text.ACMP4_IRQHandler
                0x600065dc        0x8 ./startup/startup_mimxrt1052.o
                0x600065dc                ACMP4_IRQHandler
 .text.Reserved143_IRQHandler
                0x600065e4        0x8 ./startup/startup_mimxrt1052.o
                0x600065e4                Reserved143_IRQHandler
 .text.Reserved144_IRQHandler
                0x600065ec        0x8 ./startup/startup_mimxrt1052.o
                0x600065ec                Reserved144_IRQHandler
 .text.ENC1_IRQHandler
                0x600065f4        0x8 ./startup/startup_mimxrt1052.o
                0x600065f4                ENC1_IRQHandler
 .text.ENC2_IRQHandler
                0x600065fc        0x8 ./startup/startup_mimxrt1052.o
                0x600065fc                ENC2_IRQHandler
 .text.ENC3_IRQHandler
                0x60006604        0x8 ./startup/startup_mimxrt1052.o
                0x60006604                ENC3_IRQHandler
 .text.ENC4_IRQHandler
                0x6000660c        0x8 ./startup/startup_mimxrt1052.o
                0x6000660c                ENC4_IRQHandler
 .text.TMR1_IRQHandler
                0x60006614        0x8 ./startup/startup_mimxrt1052.o
                0x60006614                TMR1_IRQHandler
 .text.TMR2_IRQHandler
                0x6000661c        0x8 ./startup/startup_mimxrt1052.o
                0x6000661c                TMR2_IRQHandler
 .text.TMR3_IRQHandler
                0x60006624        0x8 ./startup/startup_mimxrt1052.o
                0x60006624                TMR3_IRQHandler
 .text.TMR4_IRQHandler
                0x6000662c        0x8 ./startup/startup_mimxrt1052.o
                0x6000662c                TMR4_IRQHandler
 .text.PWM2_0_IRQHandler
                0x60006634        0x8 ./startup/startup_mimxrt1052.o
                0x60006634                PWM2_0_IRQHandler
 .text.PWM2_1_IRQHandler
                0x6000663c        0x8 ./startup/startup_mimxrt1052.o
                0x6000663c                PWM2_1_IRQHandler
 .text.PWM2_2_IRQHandler
                0x60006644        0x8 ./startup/startup_mimxrt1052.o
                0x60006644                PWM2_2_IRQHandler
 .text.PWM2_3_IRQHandler
                0x6000664c        0x8 ./startup/startup_mimxrt1052.o
                0x6000664c                PWM2_3_IRQHandler
 .text.PWM2_FAULT_IRQHandler
                0x60006654        0x8 ./startup/startup_mimxrt1052.o
                0x60006654                PWM2_FAULT_IRQHandler
 .text.PWM3_0_IRQHandler
                0x6000665c        0x8 ./startup/startup_mimxrt1052.o
                0x6000665c                PWM3_0_IRQHandler
 .text.PWM3_1_IRQHandler
                0x60006664        0x8 ./startup/startup_mimxrt1052.o
                0x60006664                PWM3_1_IRQHandler
 .text.PWM3_2_IRQHandler
                0x6000666c        0x8 ./startup/startup_mimxrt1052.o
                0x6000666c                PWM3_2_IRQHandler
 .text.PWM3_3_IRQHandler
                0x60006674        0x8 ./startup/startup_mimxrt1052.o
                0x60006674                PWM3_3_IRQHandler
 .text.PWM3_FAULT_IRQHandler
                0x6000667c        0x8 ./startup/startup_mimxrt1052.o
                0x6000667c                PWM3_FAULT_IRQHandler
 .text.PWM4_0_IRQHandler
                0x60006684        0x8 ./startup/startup_mimxrt1052.o
                0x60006684                PWM4_0_IRQHandler
 .text.PWM4_1_IRQHandler
                0x6000668c        0x8 ./startup/startup_mimxrt1052.o
                0x6000668c                PWM4_1_IRQHandler
 .text.PWM4_2_IRQHandler
                0x60006694        0x8 ./startup/startup_mimxrt1052.o
                0x60006694                PWM4_2_IRQHandler
 .text.PWM4_3_IRQHandler
                0x6000669c        0x8 ./startup/startup_mimxrt1052.o
                0x6000669c                PWM4_3_IRQHandler
 .text.PWM4_FAULT_IRQHandler
                0x600066a4        0x8 ./startup/startup_mimxrt1052.o
                0x600066a4                PWM4_FAULT_IRQHandler
 .text.PWM_StartTimer
                0x600066ac       0x38 ./source/MIMXRT1052xxxxB_ProjectPWM_C.o
 .text.PWM_SetPwmLdok
                0x600066e4       0x5e ./source/MIMXRT1052xxxxB_ProjectPWM_C.o
 .text.HardFault_Handler
                0x60006742       0x2c ./source/semihost_hardfault.o
                0x60006742                HardFault_Handler
 .text.CLOCK_GetRtcFreq
                0x6000676e       0x12 ./drivers/fsl_clock.o
 .text.CLOCK_IsPllBypassed
                0x60006780       0x32 ./drivers/fsl_clock.o
 .text.CLOCK_IsPllEnabled
                0x600067b2       0x3c ./drivers/fsl_clock.o
 .text.CLOCK_GetPllBypassRefClk
                0x600067ee       0x34 ./drivers/fsl_clock.o
 .text.CLOCK_EnableClock
                0x60006822       0x1e ./drivers/fsl_lpuart.o
 .text.LPUART_SoftwareReset
                0x60006840       0x2c ./drivers/fsl_lpuart.o
 .text.CLOCK_EnableClock
                0x6000686c       0x1e ./drivers/fsl_pwm.o
 .text.CLOCK_EnableClock
                0x6000688a       0x1e ./drivers/fsl_xbara.o
 .text.XBARA_Init
                0x600068a8       0x20 ./drivers/fsl_xbara.o
                0x600068a8                XBARA_Init
 .text.XBARA_SetSignalsConnection
                0x600068c8       0x68 ./drivers/fsl_xbara.o
                0x600068c8                XBARA_SetSignalsConnection
 .text.SystemInitHook
                0x60006930        0xe ./device/system_MIMXRT1052.o
                0x60006930                SystemInitHook
 .text.HAL_UartGetStatus
                0x6000693e       0x22 ./component/uart/lpuart_adapter.o
 .text.BOARD_InitDebugConsole
                0x60006960       0x22 ./board/boards/board.o
                0x60006960                BOARD_InitDebugConsole
 .text.CLOCK_DisableClock
                0x60006982       0x1e ./board/boards/clock_config.o
 .text.CLOCK_SetPllBypass
                0x600069a0       0x4e ./board/boards/clock_config.o
 .text.IOMUXC_SetSaiMClkClockSource
                0x600069ee       0x6c ./board/boards/clock_config.o
 .text.BOARD_InitBootClocks
                0x60006a5a        0xc ./board/boards/clock_config.o
                0x60006a5a                BOARD_InitBootClocks
 .text.BOARD_InitPeripherals
                0x60006a66        0xe ./board/boards/peripherals.o
                0x60006a66                BOARD_InitPeripherals
 .text.BOARD_InitBootPeripherals
                0x60006a74        0xc ./board/boards/peripherals.o
                0x60006a74                BOARD_InitBootPeripherals
 .text.CLOCK_EnableClock
                0x60006a80       0x1e ./board/boards/pin_mux.o
 .text.IOMUXC_SetPinMux
                0x60006a9e       0x3a ./board/boards/pin_mux.o
 .text.IOMUXC_SetPinConfig
                0x60006ad8       0x26 ./board/boards/pin_mux.o
 .text.BOARD_InitBootPins
                0x60006afe       0x10 ./board/boards/pin_mux.o
                0x60006afe                BOARD_InitBootPins
 .text.__main   0x60006b0e        0xe e:/nxp/mcuxpressoide_11.0.1_2563/ide/plugins/com.nxp.mcuxpresso.tools.win32_11.0.1.201907311258/tools/bin/../lib/gcc/arm-none-eabi/8.2.1/../../../../arm-none-eabi/lib/thumb/v7e-m+fp/hard\libcr_semihost_nf.a(_cr__main.o)
                0x60006b0e                __CR_SEMIHOST
                0x60006b0e                __main
 .text.memset   0x60006b1c        0x4 e:/nxp/mcuxpressoide_11.0.1_2563/ide/plugins/com.nxp.mcuxpresso.tools.win32_11.0.1.201907311258/tools/bin/../lib/gcc/arm-none-eabi/8.2.1/../../../../arm-none-eabi/lib/thumb/v7e-m+fp/hard\libcr_c.a(memset.o)
                0x60006b1c                memset
 .text._deferredlazyseek
                0x60006b20       0x40 e:/nxp/mcuxpressoide_11.0.1_2563/ide/plugins/com.nxp.mcuxpresso.tools.win32_11.0.1.201907311258/tools/bin/../lib/gcc/arm-none-eabi/8.2.1/../../../../arm-none-eabi/lib/thumb/v7e-m+fp/hard\libcr_c.a(_deferredlazyseek.o)
                0x60006b20                _deferredlazyseek
 .text.__flsbuf
                0x60006b60      0x140 e:/nxp/mcuxpressoide_11.0.1_2563/ide/plugins/com.nxp.mcuxpresso.tools.win32_11.0.1.201907311258/tools/bin/../lib/gcc/arm-none-eabi/8.2.1/../../../../arm-none-eabi/lib/thumb/v7e-m+fp/hard\libcr_c.a(_deferredlazyseek.o)
                0x60006b60                __flsbuf
 .text._fflush  0x60006ca0       0x52 e:/nxp/mcuxpressoide_11.0.1_2563/ide/plugins/com.nxp.mcuxpresso.tools.win32_11.0.1.201907311258/tools/bin/../lib/gcc/arm-none-eabi/8.2.1/../../../../arm-none-eabi/lib/thumb/v7e-m+fp/hard\libcr_c.a(_fflush.o)
                0x60006ca0                _fflush
 .text.free     0x60006cf2       0x30 e:/nxp/mcuxpressoide_11.0.1_2563/ide/plugins/com.nxp.mcuxpresso.tools.win32_11.0.1.201907311258/tools/bin/../lib/gcc/arm-none-eabi/8.2.1/../../../../arm-none-eabi/lib/thumb/v7e-m+fp/hard\libcr_c.a(alloc.o)
                0x60006cf2                free
 .text.fputs    0x60006d22       0x2c e:/nxp/mcuxpressoide_11.0.1_2563/ide/plugins/com.nxp.mcuxpresso.tools.win32_11.0.1.201907311258/tools/bin/../lib/gcc/arm-none-eabi/8.2.1/../../../../arm-none-eabi/lib/thumb/v7e-m+fp/hard\libcr_c.a(fputs.o)
                0x60006d22                fputs
 .text.no_fp_display
                0x60006d4e        0x4 e:/nxp/mcuxpressoide_11.0.1_2563/ide/plugins/com.nxp.mcuxpresso.tools.win32_11.0.1.201907311258/tools/bin/../lib/gcc/arm-none-eabi/8.2.1/../../../../arm-none-eabi/lib/thumb/v7e-m+fp/hard\libcr_c.a(printf.o)
 .text.strlen   0x60006d52       0x4c e:/nxp/mcuxpressoide_11.0.1_2563/ide/plugins/com.nxp.mcuxpresso.tools.win32_11.0.1.201907311258/tools/bin/../lib/gcc/arm-none-eabi/8.2.1/../../../../arm-none-eabi/lib/thumb/v7e-m+fp/hard\libcr_c.a(strlen.o)
                0x60006d52                strlen
 .text._fdopen  0x60006d9e       0x68 e:/nxp/mcuxpressoide_11.0.1_2563/ide/plugins/com.nxp.mcuxpresso.tools.win32_11.0.1.201907311258/tools/bin/../lib/gcc/arm-none-eabi/8.2.1/../../../../arm-none-eabi/lib/thumb/v7e-m+fp/hard\libcr_c.a(_fdopen.o)
                0x60006d9e                _fdopen
 .text.fclose   0x60006e06       0x58 e:/nxp/mcuxpressoide_11.0.1_2563/ide/plugins/com.nxp.mcuxpresso.tools.win32_11.0.1.201907311258/tools/bin/../lib/gcc/arm-none-eabi/8.2.1/../../../../arm-none-eabi/lib/thumb/v7e-m+fp/hard\libcr_c.a(fclose.o)
                0x60006e06                fclose
 .text.remove   0x60006e5e       0x14 e:/nxp/mcuxpressoide_11.0.1_2563/ide/plugins/com.nxp.mcuxpresso.tools.win32_11.0.1.201907311258/tools/bin/../lib/gcc/arm-none-eabi/8.2.1/../../../../arm-none-eabi/lib/thumb/v7e-m+fp/hard\libcr_c.a(remove.o)
                0x60006e5e                remove
 .text._do_fflush
                0x60006e72       0x40 e:/nxp/mcuxpressoide_11.0.1_2563/ide/plugins/com.nxp.mcuxpresso.tools.win32_11.0.1.201907311258/tools/bin/../lib/gcc/arm-none-eabi/8.2.1/../../../../arm-none-eabi/lib/thumb/v7e-m+fp/hard\libcr_c.a(_do_fflush.o)
                0x60006e72                _do_fflush
 .text.__aeabi_division_uldivmod
                0x60006eb2      0x174 e:/nxp/mcuxpressoide_11.0.1_2563/ide/plugins/com.nxp.mcuxpresso.tools.win32_11.0.1.201907311258/tools/bin/../lib/gcc/arm-none-eabi/8.2.1/thumb/v7e-m+fp/hard\libcr_eabihelpers.a(division_64.o)
                0x60006eb2                __aeabi_uldivmod
                0x60006eb6                __bhs_ldivmod1
 .text.__aeabi_division_idiv0
                0x60007026        0x2 e:/nxp/mcuxpressoide_11.0.1_2563/ide/plugins/com.nxp.mcuxpresso.tools.win32_11.0.1.201907311258/tools/bin/../lib/gcc/arm-none-eabi/8.2.1/thumb/v7e-m+fp/hard\libcr_eabihelpers.a(division_idiv0.o)
                0x60007026                __aeabi_idiv0
 .text.__aeabi_memset_lowlevel
                0x60007028       0x32 e:/nxp/mcuxpressoide_11.0.1_2563/ide/plugins/com.nxp.mcuxpresso.tools.win32_11.0.1.201907311258/tools/bin/../lib/gcc/arm-none-eabi/8.2.1/thumb/v7e-m+fp/hard\libcr_eabihelpers.a(memcpy.o)
                0x60007028                __aeabi_lowlevel_memset
 .text.__sys_close
                0x6000705a        0xc e:/nxp/mcuxpressoide_11.0.1_2563/ide/plugins/com.nxp.mcuxpresso.tools.win32_11.0.1.201907311258/tools/bin/../lib/gcc/arm-none-eabi/8.2.1/../../../../arm-none-eabi/lib/thumb/v7e-m+fp/hard\libcr_semihost_nf.a(__sys_close.o)
                0x6000705a                __sys_close
 .text.__sys_flen
                0x60007066        0xc e:/nxp/mcuxpressoide_11.0.1_2563/ide/plugins/com.nxp.mcuxpresso.tools.win32_11.0.1.201907311258/tools/bin/../lib/gcc/arm-none-eabi/8.2.1/../../../../arm-none-eabi/lib/thumb/v7e-m+fp/hard\libcr_semihost_nf.a(__sys_flen.o)
                0x60007066                __sys_flen
 .text.__sys_istty
                0x60007072        0xc e:/nxp/mcuxpressoide_11.0.1_2563/ide/plugins/com.nxp.mcuxpresso.tools.win32_11.0.1.201907311258/tools/bin/../lib/gcc/arm-none-eabi/8.2.1/../../../../arm-none-eabi/lib/thumb/v7e-m+fp/hard\libcr_semihost_nf.a(__sys_istty.o)
                0x60007072                __sys_istty
 .text.__sys_remove
                0x6000707e        0xc e:/nxp/mcuxpressoide_11.0.1_2563/ide/plugins/com.nxp.mcuxpresso.tools.win32_11.0.1.201907311258/tools/bin/../lib/gcc/arm-none-eabi/8.2.1/../../../../arm-none-eabi/lib/thumb/v7e-m+fp/hard\libcr_semihost_nf.a(__sys_remove.o)
                0x6000707e                __sys_remove
 .text.__sys_seek
                0x6000708a        0xc e:/nxp/mcuxpressoide_11.0.1_2563/ide/plugins/com.nxp.mcuxpresso.tools.win32_11.0.1.201907311258/tools/bin/../lib/gcc/arm-none-eabi/8.2.1/../../../../arm-none-eabi/lib/thumb/v7e-m+fp/hard\libcr_semihost_nf.a(__sys_seek.o)
                0x6000708a                __sys_seek
 .text.__sys_tmpnam
                0x60007096        0xc e:/nxp/mcuxpressoide_11.0.1_2563/ide/plugins/com.nxp.mcuxpresso.tools.win32_11.0.1.201907311258/tools/bin/../lib/gcc/arm-none-eabi/8.2.1/../../../../arm-none-eabi/lib/thumb/v7e-m+fp/hard\libcr_semihost_nf.a(__sys_tmpnam.o)
                0x60007096                __sys_tmpnam
 .text.__sys_write
                0x600070a2        0xc e:/nxp/mcuxpressoide_11.0.1_2563/ide/plugins/com.nxp.mcuxpresso.tools.win32_11.0.1.201907311258/tools/bin/../lib/gcc/arm-none-eabi/8.2.1/../../../../arm-none-eabi/lib/thumb/v7e-m+fp/hard\libcr_semihost_nf.a(__sys_write.o)
                0x600070a2                __sys_write
 *(SORT_BY_ALIGNMENT(.rodata) SORT_BY_ALIGNMENT(.rodata.*) SORT_BY_ALIGNMENT(.constdata) SORT_BY_ALIGNMENT(.constdata.*))
 *fill*         0x600070ae        0x2 ff
 .rodata.dcd_data
                0x600070b0        0x1 ./xip/evkbimxrt1050_sdram_ini_dcd.o
                0x600070b0                dcd_data
 *fill*         0x600070b1        0x3 ff
 .rodata        0x600070b4      0x21f ./utilities/fsl_debug_console.o
 *fill*         0x600072d3        0x1 ff
 .rodata        0x600072d4       0x43 ./source/MIMXRT1052xxxxB_ProjectPWM_C.o
 *fill*         0x60007317        0x1 ff
 .rodata        0x60007318       0xc7 ./drivers/fsl_clock.o
 *fill*         0x600073df        0x1 ff
 .rodata        0x600073e0      0x6b2 ./drivers/fsl_lpuart.o
 *fill*         0x60007a92        0x2 ff
 .rodata.s_lpuartBases
                0x60007a94       0x24 ./drivers/fsl_lpuart.o
 .rodata.s_lpuartClock
                0x60007ab8       0x12 ./drivers/fsl_lpuart.o
 *fill*         0x60007aca        0x2 ff
 .rodata        0x60007acc      0x1d7 ./drivers/fsl_pwm.o
 *fill*         0x60007ca3        0x1 ff
 .rodata.s_pwmBases
                0x60007ca4       0x14 ./drivers/fsl_pwm.o
 .rodata.s_pwmClocks
                0x60007cb8       0x28 ./drivers/fsl_pwm.o
 .rodata        0x60007ce0       0xb9 ./drivers/fsl_xbara.o
 *fill*         0x60007d99        0x3 ff
 .rodata.s_LpuartAdapterBase
                0x60007d9c       0x24 ./component/uart/lpuart_adapter.o
 .rodata        0x60007dc0      0x274 ./component/uart/lpuart_adapter.o
 .rodata        0x60008034      0x525 ./component/serial_manager/serial_manager.o
 *fill*         0x60008559        0x3 ff
 .rodata        0x6000855c      0x244 ./component/serial_manager/serial_port_uart.o
 .rodata        0x600087a0       0xa1 ./board/boards/clock_config.o
 *fill*         0x60008841        0x3 ff
 .rodata.armPllConfig_BOARD_BootClockRUN
                0x60008844        0x8 ./board/boards/clock_config.o
                0x60008844                armPllConfig_BOARD_BootClockRUN
 .rodata.sysPllConfig_BOARD_BootClockRUN
                0x6000884c       0x14 ./board/boards/clock_config.o
                0x6000884c                sysPllConfig_BOARD_BootClockRUN
 .rodata        0x60008860       0x29 ./board/boards/pin_mux.o
 *fill*         0x60008889        0x3 ff
 .rodata.__num_Ciob_streams
                0x6000888c        0x4 e:/nxp/mcuxpressoide_11.0.1_2563/ide/plugins/com.nxp.mcuxpresso.tools.win32_11.0.1.201907311258/tools/bin/../lib/gcc/arm-none-eabi/8.2.1/../../../../arm-none-eabi/lib/thumb/v7e-m+fp/hard\libcr_semihost_nf.a(__ciob.o)
                0x6000888c                __num_Ciob_streams
 .rodata.__assertion_failed.str1.1
                0x60008890       0x15 e:/nxp/mcuxpressoide_11.0.1_2563/ide/plugins/com.nxp.mcuxpresso.tools.win32_11.0.1.201907311258/tools/bin/../lib/gcc/arm-none-eabi/8.2.1/../../../../arm-none-eabi/lib/thumb/v7e-m+fp/hard\libcr_semihost_nf.a(_cr_assert.o)
 .rodata._Csys_alloc.str1.1
                0x600088a5       0x18 e:/nxp/mcuxpressoide_11.0.1_2563/ide/plugins/com.nxp.mcuxpresso.tools.win32_11.0.1.201907311258/tools/bin/../lib/gcc/arm-none-eabi/8.2.1/../../../../arm-none-eabi/lib/thumb/v7e-m+fp/hard\libcr_c.a(alloc.o)
 .rodata._initio.str1.1
                0x600088bd        0x4 e:/nxp/mcuxpressoide_11.0.1_2563/ide/plugins/com.nxp.mcuxpresso.tools.win32_11.0.1.201907311258/tools/bin/../lib/gcc/arm-none-eabi/8.2.1/../../../../arm-none-eabi/lib/thumb/v7e-m+fp/hard\libcr_c.a(initio.o)
 .rodata.__vfprintf.str1.1
                0x600088c1       0x35 e:/nxp/mcuxpressoide_11.0.1_2563/ide/plugins/com.nxp.mcuxpresso.tools.win32_11.0.1.201907311258/tools/bin/../lib/gcc/arm-none-eabi/8.2.1/../../../../arm-none-eabi/lib/thumb/v7e-m+fp/hard\libcr_c.a(printf.o)
                                 0x38 (size before relaxing)
                0x600088f8                . = ALIGN (0x4)
 *fill*         0x600088f6        0x2 ff

.glue_7         0x600088f8        0x0
 .glue_7        0x600088f8        0x0 linker stubs

.glue_7t        0x600088f8        0x0
 .glue_7t       0x600088f8        0x0 linker stubs

.vfp11_veneer   0x600088f8        0x0
 .vfp11_veneer  0x600088f8        0x0 linker stubs

.v4_bx          0x600088f8        0x0
 .v4_bx         0x600088f8        0x0 linker stubs

.iplt           0x600088f8        0x0
 .iplt          0x600088f8        0x0 ./xip/evkbimxrt1050_flexspi_nor_config.o

.rel.dyn        0x600088f8        0x0
 .rel.iplt      0x600088f8        0x0 ./xip/evkbimxrt1050_flexspi_nor_config.o

.ARM.extab
 *(SORT_BY_ALIGNMENT(.ARM.extab*) SORT_BY_ALIGNMENT(.gnu.linkonce.armextab.*))
                0x600088f8                __exidx_start = .

.ARM.exidx
 *(SORT_BY_ALIGNMENT(.ARM.exidx*) SORT_BY_ALIGNMENT(.gnu.linkonce.armexidx.*))
                0x600088f8                __exidx_end = .
                0x600088f8                _etext = .

.data_RAM2      0x00000000        0x0 load address 0x600088f8
 FILL mask 0xff
                [!provide]                PROVIDE (__start_data_RAM2 = .)
 *(SORT_BY_ALIGNMENT(.ramfunc.$RAM2))
 *(SORT_BY_ALIGNMENT(.ramfunc.$SRAM_ITC))
 *(SORT_BY_ALIGNMENT(.data.$RAM2))
 *(SORT_BY_ALIGNMENT(.data.$SRAM_ITC))
 *(SORT_BY_ALIGNMENT(.data.$RAM2.*))
 *(SORT_BY_ALIGNMENT(.data.$SRAM_ITC.*))
                0x00000000                . = ALIGN (0x4)
                [!provide]                PROVIDE (__end_data_RAM2 = .)

.data_RAM3      0x20200000        0x0 load address 0x600088f8
 FILL mask 0xff
                [!provide]                PROVIDE (__start_data_RAM3 = .)
 *(SORT_BY_ALIGNMENT(.ramfunc.$RAM3))
 *(SORT_BY_ALIGNMENT(.ramfunc.$SRAM_OC))
 *(SORT_BY_ALIGNMENT(.data.$RAM3))
 *(SORT_BY_ALIGNMENT(.data.$SRAM_OC))
 *(SORT_BY_ALIGNMENT(.data.$RAM3.*))
 *(SORT_BY_ALIGNMENT(.data.$SRAM_OC.*))
                0x20200000                . = ALIGN (0x4)
                [!provide]                PROVIDE (__end_data_RAM3 = .)

.data_RAM4      0x80000000        0x0 load address 0x600088f8
 FILL mask 0xff
                [!provide]                PROVIDE (__start_data_RAM4 = .)
 *(SORT_BY_ALIGNMENT(.ramfunc.$RAM4))
 *(SORT_BY_ALIGNMENT(.ramfunc.$BOARD_SDRAM))
 *(SORT_BY_ALIGNMENT(.data.$RAM4))
 *(SORT_BY_ALIGNMENT(.data.$BOARD_SDRAM))
 *(SORT_BY_ALIGNMENT(.data.$RAM4.*))
 *(SORT_BY_ALIGNMENT(.data.$BOARD_SDRAM.*))
                0x80000000                . = ALIGN (0x4)
                [!provide]                PROVIDE (__end_data_RAM4 = .)

.uninit_RESERVED
                0x20000000        0x0
                0x20000000                . = ALIGN (0x4)
 *(SORT_BY_ALIGNMENT(.bss.$RESERVED*))
                0x20000000                . = ALIGN (0x4)
                0x20000000                _end_uninit_RESERVED = .

.data           0x20000000        0x4 load address 0x600088f8
 FILL mask 0xff
                0x20000000                _data = .
 *(SORT_BY_ALIGNMENT(vtable))
 *(SORT_BY_ALIGNMENT(.ramfunc*))
 *(SORT_BY_ALIGNMENT(CodeQuickAccess))
 *(SORT_BY_ALIGNMENT(DataQuickAccess))
 *(SORT_BY_ALIGNMENT(RamFunction))
 *(SORT_BY_ALIGNMENT(.data*))
 .data.SystemCoreClock
                0x20000000        0x4 ./device/system_MIMXRT1052.o
                0x20000000                SystemCoreClock
                0x20000004                . = ALIGN (0x4)
                0x20000004                _edata = .

.igot.plt       0x20000004        0x0 load address 0x600088fc
 .igot.plt      0x20000004        0x0 ./xip/evkbimxrt1050_flexspi_nor_config.o

.bss_RAM2       0x00000000        0x0
                0x00000000                . = ALIGN (0x4)
                [!provide]                PROVIDE (__start_bss_RAM2 = .)
 *(SORT_BY_ALIGNMENT(.bss.$RAM2))
 *(SORT_BY_ALIGNMENT(.bss.$SRAM_ITC))
 *(SORT_BY_ALIGNMENT(.bss.$RAM2.*))
 *(SORT_BY_ALIGNMENT(.bss.$SRAM_ITC.*))
                0x00000000                . = ALIGN ((. != 0x0)?0x4:0x1)
                [!provide]                PROVIDE (__end_bss_RAM2 = .)

.bss_RAM3       0x20200000        0x0
                0x20200000                . = ALIGN (0x4)
                [!provide]                PROVIDE (__start_bss_RAM3 = .)
 *(SORT_BY_ALIGNMENT(.bss.$RAM3))
 *(SORT_BY_ALIGNMENT(.bss.$SRAM_OC))
 *(SORT_BY_ALIGNMENT(.bss.$RAM3.*))
 *(SORT_BY_ALIGNMENT(.bss.$SRAM_OC.*))
                0x20200000                . = ALIGN ((. != 0x0)?0x4:0x1)
                [!provide]                PROVIDE (__end_bss_RAM3 = .)

.bss_RAM4       0x80000000        0x0
                0x80000000                . = ALIGN (0x4)
                [!provide]                PROVIDE (__start_bss_RAM4 = .)
 *(SORT_BY_ALIGNMENT(.bss.$RAM4))
 *(SORT_BY_ALIGNMENT(.bss.$BOARD_SDRAM))
 *(SORT_BY_ALIGNMENT(.bss.$RAM4.*))
 *(SORT_BY_ALIGNMENT(.bss.$BOARD_SDRAM.*))
                0x80000000                . = ALIGN ((. != 0x0)?0x4:0x1)
                [!provide]                PROVIDE (__end_bss_RAM4 = .)

.bss            0x20000004      0x110
                0x20000004                . = ALIGN (0x4)
                0x20000004                _bss = .
 *(SORT_BY_ALIGNMENT(.bss*))
 .bss.s_debugConsoleState
                0x20000004       0x1c ./utilities/fsl_debug_console.o
 .bss.g_serialHandle
                0x20000020        0x4 ./utilities/fsl_debug_console.o
                0x20000020                g_serialHandle
 .bss.g_xtalFreq
                0x20000024        0x4 ./drivers/fsl_clock.o
                0x20000024                g_xtalFreq
 .bss.g_rtcXtalFreq
                0x20000028        0x4 ./drivers/fsl_clock.o
                0x20000028                g_rtcXtalFreq
 .bss.s_lpuartHandle
                0x2000002c       0x24 ./drivers/fsl_lpuart.o
 .bss.s_lpuartIsr
                0x20000050        0x4 ./drivers/fsl_lpuart.o
 .bss.__Ciob    0x20000054       0xb4 e:/nxp/mcuxpressoide_11.0.1_2563/ide/plugins/com.nxp.mcuxpresso.tools.win32_11.0.1.201907311258/tools/bin/../lib/gcc/arm-none-eabi/8.2.1/../../../../arm-none-eabi/lib/thumb/v7e-m+fp/hard\libcr_semihost_nf.a(__ciob.o)
                0x20000054                __Ciob
 .bss.__end_of_heap
                0x20000108        0x4 e:/nxp/mcuxpressoide_11.0.1_2563/ide/plugins/com.nxp.mcuxpresso.tools.win32_11.0.1.201907311258/tools/bin/../lib/gcc/arm-none-eabi/8.2.1/../../../../arm-none-eabi/lib/thumb/v7e-m+fp/hard\libcr_c.a(__init_alloc.o)
                0x20000108                __end_of_heap
 .bss.__heaps   0x2000010c        0x4 e:/nxp/mcuxpressoide_11.0.1_2563/ide/plugins/com.nxp.mcuxpresso.tools.win32_11.0.1.201907311258/tools/bin/../lib/gcc/arm-none-eabi/8.2.1/../../../../arm-none-eabi/lib/thumb/v7e-m+fp/hard\libcr_c.a(__init_alloc.o)
                0x2000010c                __heaps
 .bss.errno     0x20000110        0x4 e:/nxp/mcuxpressoide_11.0.1_2563/ide/plugins/com.nxp.mcuxpresso.tools.win32_11.0.1.201907311258/tools/bin/../lib/gcc/arm-none-eabi/8.2.1/../../../../arm-none-eabi/lib/thumb/v7e-m+fp/hard\libcr_c.a(errno.o)
                0x20000110                errno
 *(SORT_BY_ALIGNMENT(COMMON))
                0x20000114                . = ALIGN (0x4)
                0x20000114                _ebss = .
                [!provide]                PROVIDE (end = .)

.noinit_RAM2    0x00000000        0x0
                0x00000000                . = ALIGN (0x4)
 *(SORT_BY_ALIGNMENT(.noinit.$RAM2))
 *(SORT_BY_ALIGNMENT(.noinit.$SRAM_ITC))
 *(SORT_BY_ALIGNMENT(.noinit.$RAM2.*))
 *(SORT_BY_ALIGNMENT(.noinit.$SRAM_ITC.*))
                0x00000000                . = ALIGN (0x4)

.noinit_RAM3    0x20200000        0x0
                0x20200000                . = ALIGN (0x4)
 *(SORT_BY_ALIGNMENT(.noinit.$RAM3))
 *(SORT_BY_ALIGNMENT(.noinit.$SRAM_OC))
 *(SORT_BY_ALIGNMENT(.noinit.$RAM3.*))
 *(SORT_BY_ALIGNMENT(.noinit.$SRAM_OC.*))
                0x20200000                . = ALIGN (0x4)

.noinit_RAM4    0x80000000        0x0
                0x80000000                . = ALIGN (0x4)
 *(SORT_BY_ALIGNMENT(.noinit.$RAM4))
 *(SORT_BY_ALIGNMENT(.noinit.$BOARD_SDRAM))
 *(SORT_BY_ALIGNMENT(.noinit.$RAM4.*))
 *(SORT_BY_ALIGNMENT(.noinit.$BOARD_SDRAM.*))
                0x80000000                . = ALIGN (0x4)

.noinit         0x20000114        0x0
                0x20000114                . = ALIGN (0x4)
                0x20000114                _noinit = .
 *(SORT_BY_ALIGNMENT(.noinit*))
                0x20000114                . = ALIGN (0x4)
                0x20000114                _end_noinit = .
                0x00001000                _HeapSize = 0x1000

.heap           0x20000114     0x1000
                0x20000114                _pvHeapStart = .
                0x20001114                . = (. + _HeapSize)
 *fill*         0x20000114     0x1000 
                0x20001114                . = ALIGN (0x4)
                0x20001114                _pvHeapLimit = .
                0x00001000                _StackSize = 0x1000

.heap2stackfill
                0x20001114     0x1000
                0x20002114                . = (. + _StackSize)
 *fill*         0x20001114     0x1000 

.stack          0x2001f000        0x0
                0x2001f000                _vStackBase = .
                0x2001f000                . = ALIGN (0x4)
                0x20020000                _vStackTop = (. + _StackSize)
                0x60002000                _image_start = LOADADDR (.text)
                0x600088fc                _image_end = (LOADADDR (.data) + SIZEOF (.data))
                0x000068fc                _image_size = (_image_end - _image_start)
OUTPUT(MIMXRT1052xxxxB_ProjectPWM_C.axf elf32-littlearm)

.debug_info     0x00000000    0x10bde
 .debug_info    0x00000000      0x817 ./xip/evkbimxrt1050_flexspi_nor_config.o
 .debug_info    0x00000817       0xd9 ./xip/evkbimxrt1050_sdram_ini_dcd.o
 .debug_info    0x000008f0      0x5c2 ./xip/fsl_flexspi_nor_boot.o
 .debug_info    0x00000eb2      0x933 ./utilities/fsl_debug_console.o
 .debug_info    0x000017e5      0xd73 ./startup/startup_mimxrt1052.o
 .debug_info    0x00002558     0x1b04 ./source/MIMXRT1052xxxxB_ProjectPWM_C.o
 .debug_info    0x0000405c       0x3c ./source/semihost_hardfault.o
 .debug_info    0x00004098     0x2051 ./drivers/fsl_clock.o
 .debug_info    0x000060e9     0x210a ./drivers/fsl_lpuart.o
 .debug_info    0x000081f3     0x18eb ./drivers/fsl_pwm.o
 .debug_info    0x00009ade     0x1a7a ./drivers/fsl_xbara.o
 .debug_info    0x0000b558      0xd2a ./device/system_MIMXRT1052.o
 .debug_info    0x0000c282      0x9e4 ./component/uart/lpuart_adapter.o
 .debug_info    0x0000cc66      0x76c ./component/serial_manager/serial_manager.o
 .debug_info    0x0000d3d2      0x503 ./component/serial_manager/serial_port_uart.o
 .debug_info    0x0000d8d5     0x125d ./board/boards/board.o
 .debug_info    0x0000eb32     0x17b0 ./board/boards/clock_config.o
 .debug_info    0x000102e2       0x4e ./board/boards/peripherals.o
 .debug_info    0x00010330      0x8ae ./board/boards/pin_mux.o

.debug_abbrev   0x00000000     0x2124
 .debug_abbrev  0x00000000      0x14c ./xip/evkbimxrt1050_flexspi_nor_config.o
 .debug_abbrev  0x0000014c       0x9f ./xip/evkbimxrt1050_sdram_ini_dcd.o
 .debug_abbrev  0x000001eb      0x13f ./xip/fsl_flexspi_nor_boot.o
 .debug_abbrev  0x0000032a      0x19a ./utilities/fsl_debug_console.o
 .debug_abbrev  0x000004c4      0x147 ./startup/startup_mimxrt1052.o
 .debug_abbrev  0x0000060b      0x213 ./source/MIMXRT1052xxxxB_ProjectPWM_C.o
 .debug_abbrev  0x0000081e       0x31 ./source/semihost_hardfault.o
 .debug_abbrev  0x0000084f      0x3c1 ./drivers/fsl_clock.o
 .debug_abbrev  0x00000c10      0x348 ./drivers/fsl_lpuart.o
 .debug_abbrev  0x00000f58      0x297 ./drivers/fsl_pwm.o
 .debug_abbrev  0x000011ef      0x21f ./drivers/fsl_xbara.o
 .debug_abbrev  0x0000140e      0x19a ./device/system_MIMXRT1052.o
 .debug_abbrev  0x000015a8      0x1b0 ./component/uart/lpuart_adapter.o
 .debug_abbrev  0x00001758      0x17d ./component/serial_manager/serial_manager.o
 .debug_abbrev  0x000018d5      0x160 ./component/serial_manager/serial_port_uart.o
 .debug_abbrev  0x00001a35      0x2ea ./board/boards/board.o
 .debug_abbrev  0x00001d1f      0x218 ./board/boards/clock_config.o
 .debug_abbrev  0x00001f37       0x4b ./board/boards/peripherals.o
 .debug_abbrev  0x00001f82      0x1a2 ./board/boards/pin_mux.o

.debug_aranges  0x00000000      0xcf0
 .debug_aranges
                0x00000000       0x18 ./xip/evkbimxrt1050_flexspi_nor_config.o
 .debug_aranges
                0x00000018       0x18 ./xip/evkbimxrt1050_sdram_ini_dcd.o
 .debug_aranges
                0x00000030       0x18 ./xip/fsl_flexspi_nor_boot.o
 .debug_aranges
                0x00000048       0x50 ./utilities/fsl_debug_console.o
 .debug_aranges
                0x00000098      0x520 ./startup/startup_mimxrt1052.o
 .debug_aranges
                0x000005b8       0x40 ./source/MIMXRT1052xxxxB_ProjectPWM_C.o
 .debug_aranges
                0x000005f8       0x20 ./source/semihost_hardfault.o
 .debug_aranges
                0x00000618      0x178 ./drivers/fsl_clock.o
 .debug_aranges
                0x00000790      0x160 ./drivers/fsl_lpuart.o
 .debug_aranges
                0x000008f0       0xa0 ./drivers/fsl_pwm.o
 .debug_aranges
                0x00000990       0x68 ./drivers/fsl_xbara.o
 .debug_aranges
                0x000009f8       0x40 ./device/system_MIMXRT1052.o
 .debug_aranges
                0x00000a38       0x40 ./component/uart/lpuart_adapter.o
 .debug_aranges
                0x00000a78       0x88 ./component/serial_manager/serial_manager.o
 .debug_aranges
                0x00000b00       0x38 ./component/serial_manager/serial_port_uart.o
 .debug_aranges
                0x00000b38       0x90 ./board/boards/board.o
 .debug_aranges
                0x00000bc8       0x78 ./board/boards/clock_config.o
 .debug_aranges
                0x00000c40       0x28 ./board/boards/peripherals.o
 .debug_aranges
                0x00000c68       0x88 ./board/boards/pin_mux.o

.debug_macro    0x00000000    0x2ba9b
 .debug_macro   0x00000000      0x118 ./xip/evkbimxrt1050_flexspi_nor_config.o
 .debug_macro   0x00000118      0xade ./xip/evkbimxrt1050_flexspi_nor_config.o
 .debug_macro   0x00000bf6       0x10 ./xip/evkbimxrt1050_flexspi_nor_config.o
 .debug_macro   0x00000c06      0x12e ./xip/evkbimxrt1050_flexspi_nor_config.o
 .debug_macro   0x00000d34      0x5b3 ./xip/evkbimxrt1050_flexspi_nor_config.o
 .debug_macro   0x000012e7       0x22 ./xip/evkbimxrt1050_flexspi_nor_config.o
 .debug_macro   0x00001309       0x16 ./xip/evkbimxrt1050_flexspi_nor_config.o
 .debug_macro   0x0000131f       0x22 ./xip/evkbimxrt1050_flexspi_nor_config.o
 .debug_macro   0x00001341       0x10 ./xip/evkbimxrt1050_flexspi_nor_config.o
 .debug_macro   0x00001351       0x4d ./xip/evkbimxrt1050_flexspi_nor_config.o
 .debug_macro   0x0000139e       0x1c ./xip/evkbimxrt1050_flexspi_nor_config.o
 .debug_macro   0x000013ba       0x22 ./xip/evkbimxrt1050_flexspi_nor_config.o
 .debug_macro   0x000013dc       0xdf ./xip/evkbimxrt1050_flexspi_nor_config.o
 .debug_macro   0x000014bb     0x1295 ./xip/evkbimxrt1050_flexspi_nor_config.o
 .debug_macro   0x00002750       0xe2 ./xip/evkbimxrt1050_flexspi_nor_config.o
 .debug_macro   0x00002832       0x19 ./xip/evkbimxrt1050_flexspi_nor_config.o
 .debug_macro   0x0000284b       0x22 ./xip/evkbimxrt1050_flexspi_nor_config.o
 .debug_macro   0x0000286d    0x24d8a ./xip/evkbimxrt1050_flexspi_nor_config.o
 .debug_macro   0x000275f7      0x696 ./xip/evkbimxrt1050_flexspi_nor_config.o
 .debug_macro   0x00027c8d       0xd0 ./xip/evkbimxrt1050_flexspi_nor_config.o
 .debug_macro   0x00027d5d      0x224 ./xip/evkbimxrt1050_flexspi_nor_config.o
 .debug_macro   0x00027f81      0x1a4 ./xip/evkbimxrt1050_flexspi_nor_config.o
 .debug_macro   0x00028125       0x51 ./xip/evkbimxrt1050_sdram_ini_dcd.o
 .debug_macro   0x00028176       0x22 ./xip/evkbimxrt1050_sdram_ini_dcd.o
 .debug_macro   0x00028198      0x143 ./xip/fsl_flexspi_nor_boot.o
 .debug_macro   0x000282db      0x124 ./xip/fsl_flexspi_nor_boot.o
 .debug_macro   0x000283ff       0x10 ./xip/fsl_flexspi_nor_boot.o
 .debug_macro   0x0002840f      0x299 ./xip/fsl_flexspi_nor_boot.o
 .debug_macro   0x000286a8       0x7c ./xip/fsl_flexspi_nor_boot.o
 .debug_macro   0x00028724      0x193 ./utilities/fsl_debug_console.o
 .debug_macro   0x000288b7       0x16 ./utilities/fsl_debug_console.o
 .debug_macro   0x000288cd       0x10 ./utilities/fsl_debug_console.o
 .debug_macro   0x000288dd       0x28 ./utilities/fsl_debug_console.o
 .debug_macro   0x00028905       0x56 ./utilities/fsl_debug_console.o
 .debug_macro   0x0002895b       0x34 ./utilities/fsl_debug_console.o
 .debug_macro   0x0002898f       0x10 ./utilities/fsl_debug_console.o
 .debug_macro   0x0002899f       0x32 ./utilities/fsl_debug_console.o
 .debug_macro   0x000289d1       0x1c ./utilities/fsl_debug_console.o
 .debug_macro   0x000289ed       0xd2 ./utilities/fsl_debug_console.o
 .debug_macro   0x00028abf       0x1c ./utilities/fsl_debug_console.o
 .debug_macro   0x00028adb       0x29 ./startup/startup_mimxrt1052.o
 .debug_macro   0x00028b04      0x18e ./source/MIMXRT1052xxxxB_ProjectPWM_C.o
 .debug_macro   0x00028c92       0xd8 ./source/MIMXRT1052xxxxB_ProjectPWM_C.o
 .debug_macro   0x00028d6a      0x7aa ./source/MIMXRT1052xxxxB_ProjectPWM_C.o
 .debug_macro   0x00029514       0x2e ./source/MIMXRT1052xxxxB_ProjectPWM_C.o
 .debug_macro   0x00029542       0x16 ./source/MIMXRT1052xxxxB_ProjectPWM_C.o
 .debug_macro   0x00029558       0x1c ./source/MIMXRT1052xxxxB_ProjectPWM_C.o
 .debug_macro   0x00029574       0x11 ./source/semihost_hardfault.o
 .debug_macro   0x00029585      0x103 ./drivers/fsl_clock.o
 .debug_macro   0x00029688      0x113 ./drivers/fsl_lpuart.o
 .debug_macro   0x0002979b      0x112 ./drivers/fsl_pwm.o
 .debug_macro   0x000298ad       0x10 ./drivers/fsl_pwm.o
 .debug_macro   0x000298bd      0x118 ./drivers/fsl_xbara.o
 .debug_macro   0x000299d5       0x16 ./drivers/fsl_xbara.o
 .debug_macro   0x000299eb       0xa7 ./device/system_MIMXRT1052.o
 .debug_macro   0x00029a92      0x10f ./component/uart/lpuart_adapter.o
 .debug_macro   0x00029ba1       0x10 ./component/uart/lpuart_adapter.o
 .debug_macro   0x00029bb1       0x22 ./component/uart/lpuart_adapter.o
 .debug_macro   0x00029bd3      0x136 ./component/serial_manager/serial_manager.o
 .debug_macro   0x00029d09      0x127 ./component/serial_manager/serial_port_uart.o
 .debug_macro   0x00029e30       0x22 ./component/serial_manager/serial_port_uart.o
 .debug_macro   0x00029e52      0x169 ./board/boards/board.o
 .debug_macro   0x00029fbb       0x16 ./board/boards/board.o
 .debug_macro   0x00029fd1      0x12a ./board/boards/board.o
 .debug_macro   0x0002a0fb     0x175e ./board/boards/board.o
 .debug_macro   0x0002b859      0x115 ./board/boards/clock_config.o
 .debug_macro   0x0002b96e       0x1b ./board/boards/peripherals.o
 .debug_macro   0x0002b989      0x112 ./board/boards/pin_mux.o

.debug_line     0x00000000     0x7510
 .debug_line    0x00000000      0x2bb ./xip/evkbimxrt1050_flexspi_nor_config.o
 .debug_line    0x000002bb      0x196 ./xip/evkbimxrt1050_sdram_ini_dcd.o
 .debug_line    0x00000451      0x2de ./xip/fsl_flexspi_nor_boot.o
 .debug_line    0x0000072f      0x525 ./utilities/fsl_debug_console.o
 .debug_line    0x00000c54      0xf3d ./startup/startup_mimxrt1052.o
 .debug_line    0x00001b91      0x474 ./source/MIMXRT1052xxxxB_ProjectPWM_C.o
 .debug_line    0x00002005       0x5a ./source/semihost_hardfault.o
 .debug_line    0x0000205f      0xebb ./drivers/fsl_clock.o
 .debug_line    0x00002f1a     0x10b8 ./drivers/fsl_lpuart.o
 .debug_line    0x00003fd2      0xaa5 ./drivers/fsl_pwm.o
 .debug_line    0x00004a77      0x44b ./drivers/fsl_xbara.o
 .debug_line    0x00004ec2      0x511 ./device/system_MIMXRT1052.o
 .debug_line    0x000053d3      0x3f6 ./component/uart/lpuart_adapter.o
 .debug_line    0x000057c9      0x5ca ./component/serial_manager/serial_manager.o
 .debug_line    0x00005d93      0x403 ./component/serial_manager/serial_port_uart.o
 .debug_line    0x00006196      0x7d6 ./board/boards/board.o
 .debug_line    0x0000696c      0x618 ./board/boards/clock_config.o
 .debug_line    0x00006f84       0x78 ./board/boards/peripherals.o
 .debug_line    0x00006ffc      0x514 ./board/boards/pin_mux.o

.debug_str      0x00000000   0x161fdf
 .debug_str     0x00000000   0x142fa2 ./xip/evkbimxrt1050_flexspi_nor_config.o
                             0x143039 (size before relaxing)
 .debug_str     0x00142fa2       0x9a ./xip/evkbimxrt1050_sdram_ini_dcd.o
                               0x46bc (size before relaxing)
 .debug_str     0x0014303c     0x2276 ./xip/fsl_flexspi_nor_boot.o
                             0x1444ba (size before relaxing)
 .debug_str     0x001452b2     0x1021 ./utilities/fsl_debug_console.o
                             0x14328e (size before relaxing)
 .debug_str     0x001462d3      0xd73 ./startup/startup_mimxrt1052.o
                               0x3cac (size before relaxing)
 .debug_str     0x00147046     0x691b ./source/MIMXRT1052xxxxB_ProjectPWM_C.o
                             0x14a9e0 (size before relaxing)
 .debug_str     0x0014d961       0x1f ./source/semihost_hardfault.o
                               0x2ee7 (size before relaxing)
 .debug_str     0x0014d980      0xebd ./drivers/fsl_clock.o
                             0x143448 (size before relaxing)
 .debug_str     0x0014e83d     0x2031 ./drivers/fsl_lpuart.o
                             0x144509 (size before relaxing)
 .debug_str     0x0015086e      0x520 ./drivers/fsl_pwm.o
                             0x1439a3 (size before relaxing)
 .debug_str     0x00150d8e      0x2b8 ./drivers/fsl_xbara.o
                             0x145859 (size before relaxing)
 .debug_str     0x00151046      0x204 ./device/system_MIMXRT1052.o
                             0x140772 (size before relaxing)
 .debug_str     0x0015124a      0x337 ./component/uart/lpuart_adapter.o
                             0x142abb (size before relaxing)
 .debug_str     0x00151581      0x388 ./component/serial_manager/serial_manager.o
                             0x142281 (size before relaxing)
 .debug_str     0x00151909       0xfc ./component/serial_manager/serial_port_uart.o
                             0x14232f (size before relaxing)
 .debug_str     0x00151a05    0x100cf ./board/boards/board.o
                             0x154517 (size before relaxing)
 .debug_str     0x00161ad4      0x3c0 ./board/boards/clock_config.o
                             0x153a89 (size before relaxing)
 .debug_str     0x00161e94       0x4e ./board/boards/peripherals.o
                               0x2f15 (size before relaxing)
 .debug_str     0x00161ee2       0xfd ./board/boards/pin_mux.o
                             0x154f9f (size before relaxing)

.comment        0x00000000       0x75
 .comment       0x00000000       0x75 ./xip/evkbimxrt1050_flexspi_nor_config.o
                                 0x76 (size before relaxing)
 .comment       0x00000075       0x76 ./xip/evkbimxrt1050_sdram_ini_dcd.o
 .comment       0x00000075       0x76 ./xip/fsl_flexspi_nor_boot.o
 .comment       0x00000075       0x76 ./utilities/fsl_debug_console.o
 .comment       0x00000075       0x76 ./startup/startup_mimxrt1052.o
 .comment       0x00000075       0x76 ./source/MIMXRT1052xxxxB_ProjectPWM_C.o
 .comment       0x00000075       0x76 ./source/semihost_hardfault.o
 .comment       0x00000075       0x76 ./drivers/fsl_clock.o
 .comment       0x00000075       0x76 ./drivers/fsl_lpuart.o
 .comment       0x00000075       0x76 ./drivers/fsl_pwm.o
 .comment       0x00000075       0x76 ./drivers/fsl_xbara.o
 .comment       0x00000075       0x76 ./device/system_MIMXRT1052.o