Archive member included to satisfy reference by file (symbol)

e:/nxp/mcuxpressoide_11.0.1_2563/ide/plugins/com.nxp.mcuxpresso.tools.win32_11.0.1.201907311258/tools/bin/../lib/gcc/arm-none-eabi/8.2.1/../../../../arm-none-eabi/lib/thumb/v7e-m+fp/hard\libcr_semihost_nf.a(__ciob.o)
                              ./source/EVKBimxrt1050_PWM_eadc_sample.o (__Ciob)
e:/nxp/mcuxpressoide_11.0.1_2563/ide/plugins/com.nxp.mcuxpresso.tools.win32_11.0.1.201907311258/tools/bin/../lib/gcc/arm-none-eabi/8.2.1/../../../../arm-none-eabi/lib/thumb/v7e-m+fp/hard\libcr_semihost_nf.a(_cr__main.o)
                              ./startup/startup_mimxrt1052.o (__main)
e:/nxp/mcuxpressoide_11.0.1_2563/ide/plugins/com.nxp.mcuxpresso.tools.win32_11.0.1.201907311258/tools/bin/../lib/gcc/arm-none-eabi/8.2.1/../../../../arm-none-eabi/lib/thumb/v7e-m+fp/hard\libcr_semihost_nf.a(_cr_assert.o)
                              ./utilities/fsl_debug_console.o (__assertion_failed)
e:/nxp/mcuxpressoide_11.0.1_2563/ide/plugins/com.nxp.mcuxpresso.tools.win32_11.0.1.201907311258/tools/bin/../lib/gcc/arm-none-eabi/8.2.1/../../../../arm-none-eabi/lib/thumb/v7e-m+fp/hard\libcr_semihost_nf.a(__sys_appexit.o)
                              e:/nxp/mcuxpressoide_11.0.1_2563/ide/plugins/com.nxp.mcuxpresso.tools.win32_11.0.1.201907311258/tools/bin/../lib/gcc/arm-none-eabi/8.2.1/../../../../arm-none-eabi/lib/thumb/v7e-m+fp/hard\libcr_semihost_nf.a(_cr_assert.o) (__sys_appexit)
e:/nxp/mcuxpressoide_11.0.1_2563/ide/plugins/com.nxp.mcuxpresso.tools.win32_11.0.1.201907311258/tools/bin/../lib/gcc/arm-none-eabi/8.2.1/../../../../arm-none-eabi/lib/thumb/v7e-m+fp/hard\libcr_c.a(memset.o)
                              ./utilities/fsl_debug_console.o (memset)
e:/nxp/mcuxpressoide_11.0.1_2563/ide/plugins/com.nxp.mcuxpresso.tools.win32_11.0.1.201907311258/tools/bin/../lib/gcc/arm-none-eabi/8.2.1/../../../../arm-none-eabi/lib/thumb/v7e-m+fp/hard\libcr_c.a(__fillbuf.o)
                              ./source/EVKBimxrt1050_PWM_eadc_sample.o (__filbuf)
e:/nxp/mcuxpressoide_11.0.1_2563/ide/plugins/com.nxp.mcuxpresso.tools.win32_11.0.1.201907311258/tools/bin/../lib/gcc/arm-none-eabi/8.2.1/../../../../arm-none-eabi/lib/thumb/v7e-m+fp/hard\libcr_c.a(_deferredlazyseek.o)
                              e:/nxp/mcuxpressoide_11.0.1_2563/ide/plugins/com.nxp.mcuxpresso.tools.win32_11.0.1.201907311258/tools/bin/../lib/gcc/arm-none-eabi/8.2.1/../../../../arm-none-eabi/lib/thumb/v7e-m+fp/hard\libcr_c.a(__fillbuf.o) (_deferredlazyseek)
e:/nxp/mcuxpressoide_11.0.1_2563/ide/plugins/com.nxp.mcuxpresso.tools.win32_11.0.1.201907311258/tools/bin/../lib/gcc/arm-none-eabi/8.2.1/../../../../arm-none-eabi/lib/thumb/v7e-m+fp/hard\libcr_c.a(_fflush.o)
                              e:/nxp/mcuxpressoide_11.0.1_2563/ide/plugins/com.nxp.mcuxpresso.tools.win32_11.0.1.201907311258/tools/bin/../lib/gcc/arm-none-eabi/8.2.1/../../../../arm-none-eabi/lib/thumb/v7e-m+fp/hard\libcr_c.a(__fillbuf.o) (_fflush)
e:/nxp/mcuxpressoide_11.0.1_2563/ide/plugins/com.nxp.mcuxpresso.tools.win32_11.0.1.201907311258/tools/bin/../lib/gcc/arm-none-eabi/8.2.1/../../../../arm-none-eabi/lib/thumb/v7e-m+fp/hard\libcr_c.a(_writebuf.o)
                              e:/nxp/mcuxpressoide_11.0.1_2563/ide/plugins/com.nxp.mcuxpresso.tools.win32_11.0.1.201907311258/tools/bin/../lib/gcc/arm-none-eabi/8.2.1/../../../../arm-none-eabi/lib/thumb/v7e-m+fp/hard\libcr_c.a(_deferredlazyseek.o) (_Cwritebuf)
e:/nxp/mcuxpressoide_11.0.1_2563/ide/plugins/com.nxp.mcuxpresso.tools.win32_11.0.1.201907311258/tools/bin/../lib/gcc/arm-none-eabi/8.2.1/../../../../arm-none-eabi/lib/thumb/v7e-m+fp/hard\libcr_c.a(alloc.o)
                              ./drivers/fsl_common.o (malloc)
e:/nxp/mcuxpressoide_11.0.1_2563/ide/plugins/com.nxp.mcuxpresso.tools.win32_11.0.1.201907311258/tools/bin/../lib/gcc/arm-none-eabi/8.2.1/../../../../arm-none-eabi/lib/thumb/v7e-m+fp/hard\libcr_c.a(fputs.o)
                              e:/nxp/mcuxpressoide_11.0.1_2563/ide/plugins/com.nxp.mcuxpresso.tools.win32_11.0.1.201907311258/tools/bin/../lib/gcc/arm-none-eabi/8.2.1/../../../../arm-none-eabi/lib/thumb/v7e-m+fp/hard\libcr_semihost_nf.a(_cr_assert.o) (fputs)
e:/nxp/mcuxpressoide_11.0.1_2563/ide/plugins/com.nxp.mcuxpresso.tools.win32_11.0.1.201907311258/tools/bin/../lib/gcc/arm-none-eabi/8.2.1/../../../../arm-none-eabi/lib/thumb/v7e-m+fp/hard\libcr_c.a(fseek.o)
                              e:/nxp/mcuxpressoide_11.0.1_2563/ide/plugins/com.nxp.mcuxpresso.tools.win32_11.0.1.201907311258/tools/bin/../lib/gcc/arm-none-eabi/8.2.1/../../../../arm-none-eabi/lib/thumb/v7e-m+fp/hard\libcr_c.a(_deferredlazyseek.o) (fseek)
e:/nxp/mcuxpressoide_11.0.1_2563/ide/plugins/com.nxp.mcuxpresso.tools.win32_11.0.1.201907311258/tools/bin/../lib/gcc/arm-none-eabi/8.2.1/../../../../arm-none-eabi/lib/thumb/v7e-m+fp/hard\libcr_c.a(ftell.o)
[...]
Memory Configuration

Name             Origin             Length             Attributes
BOARD_FLASH      0x60000000         0x04000000         xr
SRAM_DTC         0x20000000         0x00020000         xrw
SRAM_ITC         0x00000000         0x00020000         xrw
SRAM_OC          0x20200000         0x00040000         xrw
BOARD_SDRAM      0x80000000         0x02000000         xrw
*default*        0x00000000         0xffffffff

Linker script and memory map

LOAD ./xip/evkbimxrt1050_flexspi_nor_config.o
LOAD ./xip/evkbimxrt1050_sdram_ini_dcd.o
LOAD ./xip/fsl_flexspi_nor_boot.o
LOAD ./utilities/fsl_debug_console.o
LOAD ./utilities/fsl_str.o
LOAD ./startup/startup_mimxrt1052.o
LOAD ./source/EVKBimxrt1050_PWM_eadc_sample.o
LOAD ./source/adc.o
LOAD ./source/pwm.o
LOAD ./source/semihost_hardfault.o
LOAD ./source/xbara.o
LOAD ./drivers/fsl_adc.o
LOAD ./drivers/fsl_adc_etc.o
LOAD ./drivers/fsl_clock.o
LOAD ./drivers/fsl_common.o
LOAD ./drivers/fsl_gpio.o
LOAD ./drivers/fsl_lpuart.o
LOAD ./drivers/fsl_pwm.o
LOAD ./drivers/fsl_xbara.o
LOAD ./drivers/fsl_xbarb.o
LOAD ./device/system_MIMXRT1052.o
LOAD ./component/uart/lpuart_adapter.o
LOAD ./component/serial_manager/serial_manager.o
LOAD ./component/serial_manager/serial_port_uart.o
LOAD ./component/lists/generic_list.o
LOAD ./board/boards/board.o
LOAD ./board/boards/clock_config.o
LOAD ./board/boards/peripherals.o
LOAD ./board/boards/pin_mux.o
START GROUP
LOAD e:/nxp/mcuxpressoide_11.0.1_2563/ide/plugins/com.nxp.mcuxpresso.tools.win32_11.0.1.201907311258/tools/bin/../lib/gcc/arm-none-eabi/8.2.1/../../../../arm-none-eabi/lib/thumb/v7e-m+fp/hard\libcr_semihost_nf.a
LOAD e:/nxp/mcuxpressoide_11.0.1_2563/ide/plugins/com.nxp.mcuxpresso.tools.win32_11.0.1.201907311258/tools/bin/../lib/gcc/arm-none-eabi/8.2.1/../../../../arm-none-eabi/lib/thumb/v7e-m+fp/hard\libcr_c.a
LOAD e:/nxp/mcuxpressoide_11.0.1_2563/ide/plugins/com.nxp.mcuxpresso.tools.win32_11.0.1.201907311258/tools/bin/../lib/gcc/arm-none-eabi/8.2.1/thumb/v7e-m+fp/hard\libcr_eabihelpers.a
LOAD e:/nxp/mcuxpressoide_11.0.1_2563/ide/plugins/com.nxp.mcuxpresso.tools.win32_11.0.1.201907311258/tools/bin/../lib/gcc/arm-none-eabi/8.2.1/thumb/v7e-m+fp/hard\libgcc.a
END GROUP
                0x60000000                __base_BOARD_FLASH = 0x60000000
                0x60000000                __base_Flash = 0x60000000
                0x64000000                __top_BOARD_FLASH = 0x64000000
                0x64000000                __top_Flash = 0x64000000
                0x20000000                __base_SRAM_DTC = 0x20000000
                0x20000000                __base_RAM = 0x20000000
                0x20020000                __top_SRAM_DTC = 0x20020000
                0x20020000                __top_RAM = 0x20020000
                0x00000000                __base_SRAM_ITC = 0x0
                0x00000000                __base_RAM2 = 0x0
                0x00020000                __top_SRAM_ITC = 0x20000
                0x00020000                __top_RAM2 = 0x20000
                0x20200000                __base_SRAM_OC = 0x20200000
                0x20200000                __base_RAM3 = 0x20200000
                0x20240000                __top_SRAM_OC = 0x20240000
                0x20240000                __top_RAM3 = 0x20240000
                0x80000000                __base_BOARD_SDRAM = 0x80000000
                0x80000000                __base_RAM4 = 0x80000000
                0x82000000                __top_BOARD_SDRAM = 0x82000000
                0x82000000                __top_RAM4 = 0x82000000

.boot_hdr       0x60000000     0x2000
 FILL mask 0xff
                0x60000000                __boot_hdr_start__ = ABSOLUTE (.)
 *(SORT_BY_ALIGNMENT(.boot_hdr.conf))
 .boot_hdr.conf
                0x60000000      0x200 ./xip/evkbimxrt1050_flexspi_nor_config.o
                0x60000000                hyperflash_config
                0x00001000                . = 0x1000
 *fill*         0x60000200      0xe00 ff
 *(SORT_BY_ALIGNMENT(.boot_hdr.ivt))
 .boot_hdr.ivt  0x60001000       0x20 ./xip/fsl_flexspi_nor_boot.o
                0x60001000                image_vector_table
                0x00001020                . = 0x1020
 *(SORT_BY_ALIGNMENT(.boot_hdr.boot_data))
 .boot_hdr.boot_data
                0x60001020       0x10 ./xip/fsl_flexspi_nor_boot.o
                0x60001020                boot_data
                0x00001030                . = 0x1030
 *(SORT_BY_ALIGNMENT(.boot_hdr.dcd_data))
                0x00001030                __boot_hdr_end__ = ABSOLUTE (.)
                0x00002000                . = 0x2000
 *fill*         0x60001030      0xfd0 ff

.text           0x60002000     0x78b8
 FILL mask 0xff
                0x60002000                __vectors_start__ = ABSOLUTE (.)
 *(SORT_BY_ALIGNMENT(.isr_vector))
 .isr_vector    0x60002000      0x2a0 ./startup/startup_mimxrt1052.o
                0x60002000                g_pfnVectors
                0x60002000                __Vectors
                0x600022a0                . = ALIGN (0x4)
                0x600022a0                __section_table_start = .
                0x600022a0                __data_section_table = .
                0x600022a0        0x4 LONG 0x600098b8 LOADADDR (.data)
                0x600022a4        0x4 LONG 0x20000000 ADDR (.data)
                0x600022a8        0x4 LONG 0x4 SIZEOF (.data)
                0x600022ac        0x4 LONG 0x600098b8 LOADADDR (.data_RAM2)
                0x600022b0        0x4 LONG 0x0 ADDR (.data_RAM2)
                0x600022b4        0x4 LONG 0x0 SIZEOF (.data_RAM2)
                0x600022b8        0x4 LONG 0x600098b8 LOADADDR (.data_RAM3)
                0x600022bc        0x4 LONG 0x20200000 ADDR (.data_RAM3)
                0x600022c0        0x4 LONG 0x0 SIZEOF (.data_RAM3)
                0x600022c4        0x4 LONG 0x600098b8 LOADADDR (.data_RAM4)
                0x600022c8        0x4 LONG 0x80000000 ADDR (.data_RAM4)
                0x600022cc        0x4 LONG 0x0 SIZEOF (.data_RAM4)
                0x600022d0                __data_section_table_end = .
                0x600022d0                __bss_section_table = .
                0x600022d0        0x4 LONG 0x20000004 ADDR (.bss)
                0x600022d4        0x4 LONG 0x118 SIZEOF (.bss)
                0x600022d8        0x4 LONG 0x0 ADDR (.bss_RAM2)
                0x600022dc        0x4 LONG 0x0 SIZEOF (.bss_RAM2)
                0x600022e0        0x4 LONG 0x20200000 ADDR (.bss_RAM3)
                0x600022e4        0x4 LONG 0x0 SIZEOF (.bss_RAM3)
                0x600022e8        0x4 LONG 0x80000000 ADDR (.bss_RAM4)
                0x600022ec        0x4 LONG 0x0 SIZEOF (.bss_RAM4)
                0x600022f0                __bss_section_table_end = .
                0x600022f0                __section_table_end = .
 *(SORT_BY_ALIGNMENT(.after_vectors*))
 .after_vectors.reset
                0x600022f0       0x4c ./startup/startup_mimxrt1052.o
                0x600022f0                ResetISR
 .after_vectors.init_data
                0x6000233c       0x1e ./startup/startup_mimxrt1052.o
                0x6000233c                data_init
 .after_vectors.init_bss
                0x6000235a       0x12 ./startup/startup_mimxrt1052.o
                0x6000235a                bss_init
 .after_vectors
                0x6000236c        0xc ./startup/startup_mimxrt1052.o
                0x6000236c                NMI_Handler
                0x60002370                SVC_Handler
                0x60002372                PendSV_Handler
                0x60002374                SysTick_Handler
                0x60002376                LCDIF_DriverIRQHandler
                0x60002376                SAI3_RX_DriverIRQHandler
                0x60002376                CCM_2_DriverIRQHandler
                0x60002376                PIT_DriverIRQHandler
                0x60002376                PMU_EVENT_DriverIRQHandler
                0x60002376                LPSPI2_DriverIRQHandler
                0x60002376                DMA13_DMA29_DriverIRQHandler
                0x60002376                FLEXRAM_DriverIRQHandler
                0x60002376                LPSPI4_DriverIRQHandler
                0x60002376                SEMC_DriverIRQHandler
                0x60002376                SPDIF_DriverIRQHandler
                0x60002376                Reserved87_DriverIRQHandler
                0x60002376                PWM4_3_DriverIRQHandler
                0x60002376                KPP_DriverIRQHandler
                0x60002376                PWM4_FAULT_DriverIRQHandler
                0x60002376                USB_PHY1_DriverIRQHandler
                0x60002376                GPIO3_Combined_0_15_DriverIRQHandler
                0x60002376                DMA7_DMA23_DriverIRQHandler
                0x60002376                BEE_DriverIRQHandler
                0x60002376                LPI2C3_DriverIRQHandler
                0x60002376                GPR_IRQ_DriverIRQHandler
                0x60002376                PWM2_FAULT_DriverIRQHandler
                0x60002376                PWM3_1_DriverIRQHandler
                0x60002376                DMA14_DMA30_DriverIRQHandler
                0x60002376                TMR1_DriverIRQHandler
                0x60002376                TRNG_DriverIRQHandler
                0x60002376                PWM3_2_DriverIRQHandler
                0x60002376                ENET_1588_Timer_DriverIRQHandler
                0x60002376                FLEXIO2_DriverIRQHandler
                0x60002376                GPIO2_Combined_16_31_DriverIRQHandler
                0x60002376                Reserved143_DriverIRQHandler
                0x60002376                PWM4_1_DriverIRQHandler
                0x60002376                PWM3_3_DriverIRQHandler
                0x60002376                DMA0_DMA16_DriverIRQHandler
                0x60002376                IntDefaultHandler
                0x60002376                DMA2_DMA18_DriverIRQHandler
                0x60002376                SRC_DriverIRQHandler
                0x60002376                GPIO1_INT4_DriverIRQHandler
                0x60002376                Reserved144_DriverIRQHandler
                0x60002376                USDHC1_DriverIRQHandler
                0x60002376                ENC3_DriverIRQHandler
                0x60002376                PWM3_FAULT_DriverIRQHandler
                0x60002376                EWM_DriverIRQHandler
                0x60002376                TSC_DIG_DriverIRQHandler
                0x60002376                WDOG1_DriverIRQHandler
                0x60002376                FLEXIO1_DriverIRQHandler
                0x60002376                ENET_DriverIRQHandler
                0x60002376                Reserved78_DriverIRQHandler
                0x60002376                TMR4_DriverIRQHandler
                0x60002376                ENC2_DriverIRQHandler
                0x60002376                ADC_ETC_IRQ2_DriverIRQHandler
                0x60002376                GPIO1_Combined_16_31_DriverIRQHandler
                0x60002376                GPIO1_INT7_DriverIRQHandler
                0x60002376                SAI1_DriverIRQHandler
                0x60002376                DCDC_DriverIRQHandler
                0x60002376                DMA12_DMA28_DriverIRQHandler
                0x60002376                PWM4_0_DriverIRQHandler
                0x60002376                ADC_ETC_ERROR_IRQ_DriverIRQHandler
                0x60002376                ACMP2_DriverIRQHandler
                0x60002376                GPIO5_Combined_0_15_DriverIRQHandler
                0x60002376                GPIO1_INT0_DriverIRQHandler
                0x60002376                GPIO1_INT2_DriverIRQHandler
                0x60002376                RTWDOG_DriverIRQHandler
                0x60002376                FLEXSPI_DriverIRQHandler
                0x60002376                GPT2_DriverIRQHandler
                0x60002376                USB_PHY2_DriverIRQHandler
                0x60002376                DMA10_DMA26_DriverIRQHandler
                0x60002376                PWM2_1_DriverIRQHandler
                0x60002376                PWM1_1_DriverIRQHandler
                0x60002376                PXP_DriverIRQHandler
                0x60002376                ADC1_DriverIRQHandler
                0x60002376                PWM1_0_DriverIRQHandler
                0x60002376                SJC_DriverIRQHandler
                0x60002376                DMA1_DMA17_DriverIRQHandler
                0x60002376                ENC1_DriverIRQHandler
                0x60002376                ENC4_DriverIRQHandler
                0x60002376                CAN2_DriverIRQHandler
                0x60002376                DCP_DriverIRQHandler
                0x60002376                CTI0_ERROR_DriverIRQHandler
                0x60002376                DMA8_DMA24_DriverIRQHandler
                0x60002376                GPT1_DriverIRQHandler
                0x60002376                ACMP3_DriverIRQHandler
                0x60002376                DMA6_DMA22_DriverIRQHandler
                0x60002376                CSU_DriverIRQHandler
                0x60002376                GPIO1_INT5_DriverIRQHandler
                0x60002376                TMR3_DriverIRQHandler
                0x60002376                TMR2_DriverIRQHandler
                0x60002376                CTI1_ERROR_DriverIRQHandler
                0x60002376                GPIO1_Combined_0_15_DriverIRQHandler
                0x60002376                USDHC2_DriverIRQHandler
                0x60002376                PWM4_2_DriverIRQHandler
                0x60002376                SAI2_DriverIRQHandler
                0x60002376                CORE_DriverIRQHandler
                0x60002376                ACMP4_DriverIRQHandler
                0x60002376                DMA11_DMA27_DriverIRQHandler
                0x60002376                CSI_DriverIRQHandler
                0x60002376                PWM2_3_DriverIRQHandler
                0x60002376                XBAR1_IRQ_2_3_DriverIRQHandler
                0x60002376                SNVS_HP_WRAPPER_TZ_DriverIRQHandler
                0x60002376                GPIO3_Combined_16_31_DriverIRQHandler
                0x60002376                PWM1_FAULT_DriverIRQHandler
                0x60002376                LPI2C1_DriverIRQHandler
                0x60002376                PWM2_2_DriverIRQHandler
                0x60002376                DMA4_DMA20_DriverIRQHandler
                0x60002376                DMA9_DMA25_DriverIRQHandler
                0x60002376                SNVS_HP_WRAPPER_DriverIRQHandler
                0x60002376                XBAR1_IRQ_0_1_DriverIRQHandler
                0x60002376                ADC_ETC_IRQ1_DriverIRQHandler
                0x60002376                LPSPI1_DriverIRQHandler
                0x60002376                DMA3_DMA19_DriverIRQHandler
                0x60002376                GPIO1_INT3_DriverIRQHandler
                0x60002376                DCP_VMI_DriverIRQHandler
                0x60002376                LPI2C4_DriverIRQHandler
                0x60002376                GPC_DriverIRQHandler
                0x60002376                Reserved123_DriverIRQHandler
                0x60002376                GPIO2_Combined_0_15_DriverIRQHandler
                0x60002376                PWM1_2_DriverIRQHandler
                0x60002376                USB_OTG1_DriverIRQHandler
                0x60002376                TEMP_LOW_HIGH_DriverIRQHandler
                0x60002376                SAI3_TX_DriverIRQHandler
                0x60002376                WDOG2_DriverIRQHandler
                0x60002376                Reserved68_DriverIRQHandler
                0x60002376                PWM3_0_DriverIRQHandler
                0x60002376                GPIO4_Combined_0_15_DriverIRQHandler
                0x60002376                GPIO4_Combined_16_31_DriverIRQHandler
                0x60002376                GPIO5_Combined_16_31_DriverIRQHandler
                0x60002376                DMA5_DMA21_DriverIRQHandler
                0x60002376                CCM_1_DriverIRQHandler
                0x60002376                ADC2_DriverIRQHandler
                0x60002376                Reserved115_DriverIRQHandler
                0x60002376                TEMP_PANIC_DriverIRQHandler
                0x60002376                DMA15_DMA31_DriverIRQHandler
                0x60002376                LPSPI3_DriverIRQHandler
                0x60002376                PWM1_3_DriverIRQHandler
                0x60002376                ACMP1_DriverIRQHandler
                0x60002376                LPI2C2_DriverIRQHandler
                0x60002376                Reserved86_DriverIRQHandler
                0x60002376                DMA_ERROR_DriverIRQHandler
                0x60002376                ADC_ETC_IRQ0_DriverIRQHandler
                0x60002376                CAN1_DriverIRQHandler
                0x60002376                GPIO1_INT6_DriverIRQHandler
                0x60002376                GPIO1_INT1_DriverIRQHandler
                0x60002376                PWM2_0_DriverIRQHandler
                0x60002376                SNVS_LP_WRAPPER_DriverIRQHandler
                0x60002376                USB_OTG2_DriverIRQHandler
 *(SORT_BY_ALIGNMENT(.text*))
 .text.flexPWMSetup
                0x60002378       0xc4 ./source/pwm.o
                0x60002378                flexPWMSetup
 .text.DbgConsole_Init
                0x6000243c      0x104 ./utilities/fsl_debug_console.o
                0x6000243c                DbgConsole_Init
 .text.__NVIC_EnableIRQ
                0x60002540       0x3c ./source/EVKBimxrt1050_PWM_eadc_sample.o
 .text.ADC_ETC_IRQ0_IRQHandler
                0x6000257c       0x30 ./source/EVKBimxrt1050_PWM_eadc_sample.o
                0x6000257c                ADC_ETC_IRQ0_IRQHandler
 .text.ADC_ETC_IRQ1_IRQHandler
                0x600025ac       0x30 ./source/EVKBimxrt1050_PWM_eadc_sample.o
                0x600025ac                ADC_ETC_IRQ1_IRQHandler
 .text.main     0x600025dc      0x138 ./source/EVKBimxrt1050_PWM_eadc_sample.o
                0x600025dc                main
 .text.ADC_Configuration
                0x60002714       0x74 ./source/adc.o
                0x60002714                ADC_Configuration
 .text.flexPWMInit
                0x60002788       0x64 ./source/pwm.o
                0x60002788                flexPWMInit
 .text.XBARA_Configuration
                0x600027ec       0x58 ./source/xbara.o
                0x600027ec                XBARA_Configuration
 .text.CLOCK_ControlGate
                0x60002844       0x64 ./drivers/fsl_adc.o
 .text.ADC_GetChannelConversionValue
                0x600028a8       0x30 ./drivers/fsl_adc.o
 .text.ADC_GetChannelStatusFlags
                0x600028d8       0x38 ./drivers/fsl_adc.o
 .text.ADC_GetInstance
                0x60002910       0x4c ./drivers/fsl_adc.o
 .text.ADC_Init
                0x6000295c       0xf8 ./drivers/fsl_adc.o
                0x6000295c                ADC_Init
 .text.ADC_GetDefaultConfig
                0x60002a54       0x6c ./drivers/fsl_adc.o
                0x60002a54                ADC_GetDefaultConfig
 .text.ADC_SetChannelConfig
                0x60002ac0       0x58 ./drivers/fsl_adc.o
                0x60002ac0                ADC_SetChannelConfig
 .text.ADC_ETC_Init
                0x60002b18       0x98 ./drivers/fsl_adc_etc.o
                0x60002b18                ADC_ETC_Init
 .text.ADC_ETC_SetTriggerConfig
                0x60002bb0       0xa4 ./drivers/fsl_adc_etc.o
                0x60002bb0                ADC_ETC_SetTriggerConfig
 .text.ADC_ETC_SetTriggerChainConfig
                0x60002c54      0x1e0 ./drivers/fsl_adc_etc.o
                0x60002c54                ADC_ETC_SetTriggerChainConfig
 .text.ADC_ETC_GetADCConversionValue
                0x60002e34      0x138 ./drivers/fsl_adc_etc.o
                0x60002e34                ADC_ETC_GetADCConversionValue
 .text.CLOCK_GetOscFreq
                0x60002f6c       0x30 ./drivers/fsl_clock.o
 .text.CLOCK_GetPeriphClkFreq
                0x60002f9c       0xe0 ./drivers/fsl_clock.o
 .text.CLOCK_InitExternalClk
                0x6000307c       0x6c ./drivers/fsl_clock.o
                0x6000307c                CLOCK_InitExternalClk
 .text.CLOCK_SwitchOsc
                0x600030e8       0x34 ./drivers/fsl_clock.o
                0x600030e8                CLOCK_SwitchOsc
 .text.CLOCK_InitRcOsc24M
                0x6000311c       0x24 ./drivers/fsl_clock.o
                0x6000311c                CLOCK_InitRcOsc24M
 .text.CLOCK_GetAhbFreq
                0x60003140       0x24 ./drivers/fsl_clock.o
                0x60003140                CLOCK_GetAhbFreq
 .text.CLOCK_GetSemcFreq
                0x60003164       0x5c ./drivers/fsl_clock.o
                0x60003164                CLOCK_GetSemcFreq
 .text.CLOCK_GetIpgFreq
                0x600031c0       0x24 ./drivers/fsl_clock.o
                0x600031c0                CLOCK_GetIpgFreq
 .text.CLOCK_GetPerClkFreq
                0x600031e4       0x44 ./drivers/fsl_clock.o
                0x600031e4                CLOCK_GetPerClkFreq
 .text.CLOCK_GetFreq
                0x60003228      0x170 ./drivers/fsl_clock.o
                0x60003228                CLOCK_GetFreq
 .text.CLOCK_InitArmPll
                0x60003398       0x68 ./drivers/fsl_clock.o
                0x60003398                CLOCK_InitArmPll
 .text.CLOCK_InitSysPll
                0x60003400       0x9c ./drivers/fsl_clock.o
                0x60003400                CLOCK_InitSysPll
 .text.CLOCK_DeinitUsb2Pll
                0x6000349c       0x18 ./drivers/fsl_clock.o
                0x6000349c                CLOCK_DeinitUsb2Pll
 .text.CLOCK_DeinitAudioPll
                0x600034b4       0x1c ./drivers/fsl_clock.o
                0x600034b4                CLOCK_DeinitAudioPll
 .text.CLOCK_DeinitVideoPll
                0x600034d0       0x1c ./drivers/fsl_clock.o
                0x600034d0                CLOCK_DeinitVideoPll
 .text.CLOCK_DeinitEnetPll
                0x600034ec       0x1c ./drivers/fsl_clock.o
                0x600034ec                CLOCK_DeinitEnetPll
 .text.CLOCK_GetPllFreq
                0x60003508      0x304 ./drivers/fsl_clock.o
                0x60003508                CLOCK_GetPllFreq
 .text.CLOCK_InitSysPfd
                0x6000380c       0x64 ./drivers/fsl_clock.o
                0x6000380c                CLOCK_InitSysPfd
 .text.CLOCK_GetSysPfdFreq
                0x60003870       0xac ./drivers/fsl_clock.o
                0x60003870                CLOCK_GetSysPfdFreq
 .text.CLOCK_GetUsb1PfdFreq
                0x6000391c       0xac ./drivers/fsl_clock.o
                0x6000391c                CLOCK_GetUsb1PfdFreq
 .text.CLOCK_ControlGate
                0x600039c8       0x64 ./drivers/fsl_lpuart.o
 .text.LPUART_GetInstance
                0x60003a2c       0x4c ./drivers/fsl_lpuart.o
                0x60003a2c                LPUART_GetInstance
 .text.LPUART_Init
                0x60003a78      0x300 ./drivers/fsl_lpuart.o
                0x60003a78                LPUART_Init
 .text.LPUART_GetDefaultConfig
                0x60003d78       0x88 ./drivers/fsl_lpuart.o
                0x60003d78                LPUART_GetDefaultConfig
 .text.LPUART1_DriverIRQHandler
                0x60003e00       0x24 ./drivers/fsl_lpuart.o
                0x60003e00                LPUART1_DriverIRQHandler
 .text.LPUART2_DriverIRQHandler
                0x60003e24       0x24 ./drivers/fsl_lpuart.o
                0x60003e24                LPUART2_DriverIRQHandler
 .text.LPUART3_DriverIRQHandler
                0x60003e48       0x24 ./drivers/fsl_lpuart.o
                0x60003e48                LPUART3_DriverIRQHandler
 .text.LPUART4_DriverIRQHandler
                0x60003e6c       0x24 ./drivers/fsl_lpuart.o
                0x60003e6c                LPUART4_DriverIRQHandler
 .text.LPUART5_DriverIRQHandler
                0x60003e90       0x24 ./drivers/fsl_lpuart.o
                0x60003e90                LPUART5_DriverIRQHandler
 .text.LPUART6_DriverIRQHandler
                0x60003eb4       0x24 ./drivers/fsl_lpuart.o
                0x60003eb4                LPUART6_DriverIRQHandler
 .text.LPUART7_DriverIRQHandler
                0x60003ed8       0x24 ./drivers/fsl_lpuart.o
                0x60003ed8                LPUART7_DriverIRQHandler
 .text.LPUART8_DriverIRQHandler
                0x60003efc       0x24 ./drivers/fsl_lpuart.o
                0x60003efc                LPUART8_DriverIRQHandler
 .text.CLOCK_ControlGate
                0x60003f20       0x64 ./drivers/fsl_pwm.o
 .text.PWM_GetInstance
                0x60003f84       0x4c ./drivers/fsl_pwm.o
 .text.PWM_Init
                0x60003fd0      0x2b0 ./drivers/fsl_pwm.o
                0x60003fd0                PWM_Init
 .text.PWM_GetDefaultConfig
                0x60004280       0x74 ./drivers/fsl_pwm.o
                0x60004280                PWM_GetDefaultConfig
 .text.PWM_SetupPwm
                0x600042f4      0x4f0 ./drivers/fsl_pwm.o
                0x600042f4                PWM_SetupPwm
 .text.CLOCK_ControlGate
                0x600047e4       0x64 ./drivers/fsl_xbara.o
 .text.XBARA_GetInstance
                0x60004848       0x44 ./drivers/fsl_xbara.o
 .text.SCB_EnableICache
                0x6000488c       0x40 ./device/system_MIMXRT1052.o
 .text.SCB_EnableDCache
                0x600048cc       0x80 ./device/system_MIMXRT1052.o
 .text.SystemInit
                0x6000494c       0xf4 ./device/system_MIMXRT1052.o
                0x6000494c                SystemInit
 .text.HAL_UartInit
                0x60004a40      0x100 ./component/uart/lpuart_adapter.o
                0x60004a40                HAL_UartInit
 .text.SerialManager_Init
                0x60004b40       0x74 ./component/serial_manager/serial_manager.o
                0x60004b40                SerialManager_Init
 .text.SerialManager_OpenWriteHandle
                0x60004bb4       0x58 ./component/serial_manager/serial_manager.o
                0x60004bb4                SerialManager_OpenWriteHandle
 .text.SerialManager_OpenReadHandle
                0x60004c0c       0x60 ./component/serial_manager/serial_manager.o
                0x60004c0c                SerialManager_OpenReadHandle
 .text.Serial_UartInit
                0x60004c6c       0x80 ./component/serial_manager/serial_port_uart.o
                0x60004c6c                Serial_UartInit
 .text.CLOCK_GetMux
                0x60004cec       0x44 ./board/boards/board.o
 .text.CLOCK_GetDiv
                0x60004d30       0x44 ./board/boards/board.o
 .text.CLOCK_GetOscFreq
                0x60004d74       0x30 ./board/boards/board.o
 .text.BOARD_DebugConsoleSrcFreq
                0x60004da4       0x64 ./board/boards/board.o
                0x60004da4                BOARD_DebugConsoleSrcFreq
 .text.CLOCK_SetMux
                0x60004e08       0x9c ./board/boards/clock_config.o
 .text.CLOCK_SetDiv
                0x60004ea4       0x9c ./board/boards/clock_config.o
 .text.CLOCK_ControlGate
                0x60004f40       0x64 ./board/boards/clock_config.o
 .text.CLOCK_SetXtalFreq
                0x60004fa4       0x20 ./board/boards/clock_config.o
 .text.CLOCK_SetRtcXtalFreq
                0x60004fc4       0x20 ./board/boards/clock_config.o
 .text.IOMUXC_EnableMode
                0x60004fe4       0x48 ./board/boards/clock_config.o
 .text.IOMUXC_MQSConfig
                0x6000502c       0x44 ./board/boards/clock_config.o
 .text.BOARD_BootClockRUN
                0x60005070      0x608 ./board/boards/clock_config.o
                0x60005070                BOARD_BootClockRUN
 .text.CLOCK_ControlGate
                0x60005678       0x64 ./board/boards/pin_mux.o
 .text.BOARD_InitPins
                0x600056dc       0x6c ./board/boards/pin_mux.o
                0x600056dc                BOARD_InitPins
 .text.BOARD_InitDEBUG_UARTPins
                0x60005748       0x78 ./board/boards/pin_mux.o
                0x60005748                BOARD_InitDEBUG_UARTPins
 .text.__assertion_failed
                0x600057c0       0x4c e:/nxp/mcuxpressoide_11.0.1_2563/ide/plugins/com.nxp.mcuxpresso.tools.win32_11.0.1.201907311258/tools/bin/../lib/gcc/arm-none-eabi/8.2.1/../../../../arm-none-eabi/lib/thumb/v7e-m+fp/hard\libcr_semihost_nf.a(_cr_assert.o)
                0x600057c0                __assertion_failed
 .text.__sys_appexit
                0x6000580c        0xc e:/nxp/mcuxpressoide_11.0.1_2563/ide/plugins/com.nxp.mcuxpresso.tools.win32_11.0.1.201907311258/tools/bin/../lib/gcc/arm-none-eabi/8.2.1/../../../../arm-none-eabi/lib/thumb/v7e-m+fp/hard\libcr_semihost_nf.a(__sys_appexit.o)
                0x6000580c                __sys_appexit
                0x6000580c                __exit
 .text.__filbuf
                0x60005818      0x178 e:/nxp/mcuxpressoide_11.0.1_2563/ide/plugins/com.nxp.mcuxpresso.tools.win32_11.0.1.201907311258/tools/bin/../lib/gcc/arm-none-eabi/8.2.1/../../../../arm-none-eabi/lib/thumb/v7e-m+fp/hard\libcr_c.a(__fillbuf.o)
                0x60005818                __filbuf
 .text._Cwritebuf
                0x60005990       0x6c e:/nxp/mcuxpressoide_11.0.1_2563/ide/plugins/com.nxp.mcuxpresso.tools.win32_11.0.1.201907311258/tools/bin/../lib/gcc/arm-none-eabi/8.2.1/../../../../arm-none-eabi/lib/thumb/v7e-m+fp/hard\libcr_c.a(_writebuf.o)
                0x60005990                _Cwritebuf
 .text.malloc   0x600059fc       0xc8 e:/nxp/mcuxpressoide_11.0.1_2563/ide/plugins/com.nxp.mcuxpresso.tools.win32_11.0.1.201907311258/tools/bin/../lib/gcc/arm-none-eabi/8.2.1/../../../../arm-none-eabi/lib/thumb/v7e-m+fp/hard\libcr_c.a(alloc.o)
                0x600059fc                malloc
 .text._Csys_alloc
                0x60005ac4       0x20 e:/nxp/mcuxpressoide_11.0.1_2563/ide/plugins/com.nxp.mcuxpresso.tools.win32_11.0.1.201907311258/tools/bin/../lib/gcc/arm-none-eabi/8.2.1/../../../../arm-none-eabi/lib/thumb/v7e-m+fp/hard\libcr_c.a(alloc.o)
                0x60005ac4                _Csys_alloc
 .text.fseek    0x60005ae4      0x100 e:/nxp/mcuxpressoide_11.0.1_2563/ide/plugins/com.nxp.mcuxpresso.tools.win32_11.0.1.201907311258/tools/bin/../lib/gcc/arm-none-eabi/8.2.1/../../../../arm-none-eabi/lib/thumb/v7e-m+fp/hard\libcr_c.a(fseek.o)
                0x60005ae4                fseek
 .text.ftell    0x60005be4       0x48 e:/nxp/mcuxpressoide_11.0.1_2563/ide/plugins/com.nxp.mcuxpresso.tools.win32_11.0.1.201907311258/tools/bin/../lib/gcc/arm-none-eabi/8.2.1/../../../../arm-none-eabi/lib/thumb/v7e-m+fp/hard\libcr_c.a(ftell.o)
                0x60005be4                ftell
 .text._initio  0x60005c2c       0x78 e:/nxp/mcuxpressoide_11.0.1_2563/ide/plugins/com.nxp.mcuxpresso.tools.win32_11.0.1.201907311258/tools/bin/../lib/gcc/arm-none-eabi/8.2.1/../../../../arm-none-eabi/lib/thumb/v7e-m+fp/hard\libcr_c.a(initio.o)
                0x60005c2c                _initio
 .text.__vfprintf
                0x60005ca4      0xbe0 e:/nxp/mcuxpressoide_11.0.1_2563/ide/plugins/com.nxp.mcuxpresso.tools.win32_11.0.1.201907311258/tools/bin/../lib/gcc/arm-none-eabi/8.2.1/../../../../arm-none-eabi/lib/thumb/v7e-m+fp/hard\libcr_c.a(printf.o)
                0x60005ca4                __vfprintf
 .text._vsnprintf
                0x60006884       0x68 e:/nxp/mcuxpressoide_11.0.1_2563/ide/plugins/com.nxp.mcuxpresso.tools.win32_11.0.1.201907311258/tools/bin/../lib/gcc/arm-none-eabi/8.2.1/../../../../arm-none-eabi/lib/thumb/v7e-m+fp/hard\libcr_c.a(printf.o)
                0x60006884                _vsnprintf
 .text._printf  0x600068ec       0x54 e:/nxp/mcuxpressoide_11.0.1_2563/ide/plugins/com.nxp.mcuxpresso.tools.win32_11.0.1.201907311258/tools/bin/../lib/gcc/arm-none-eabi/8.2.1/../../../../arm-none-eabi/lib/thumb/v7e-m+fp/hard\libcr_c.a(printf.o)
                0x600068ec                _printf
 .text.setvbuf  0x60006940       0x40 e:/nxp/mcuxpressoide_11.0.1_2563/ide/plugins/com.nxp.mcuxpresso.tools.win32_11.0.1.201907311258/tools/bin/../lib/gcc/arm-none-eabi/8.2.1/../../../../arm-none-eabi/lib/thumb/v7e-m+fp/hard\libcr_c.a(setvbuf.o)
                0x60006940                setvbuf
 .text._sbrk    0x60006980       0x3c e:/nxp/mcuxpressoide_11.0.1_2563/ide/plugins/com.nxp.mcuxpresso.tools.win32_11.0.1.201907311258/tools/bin/../lib/gcc/arm-none-eabi/8.2.1/../../../../arm-none-eabi/lib/thumb/v7e-m+fp/hard\libcr_c.a(_cr_sbrk.o)
                0x60006980                _sbrk
 .text.fflush   0x600069bc       0x44 e:/nxp/mcuxpressoide_11.0.1_2563/ide/plugins/com.nxp.mcuxpresso.tools.win32_11.0.1.201907311258/tools/bin/../lib/gcc/arm-none-eabi/8.2.1/../../../../arm-none-eabi/lib/thumb/v7e-m+fp/hard\libcr_c.a(fflush.o)
                0x600069bc                fflush
 .text.__check_heap_overflow
                0x60006a00       0x18 e:/nxp/mcuxpressoide_11.0.1_2563/ide/plugins/com.nxp.mcuxpresso.tools.win32_11.0.1.201907311258/tools/bin/../lib/gcc/arm-none-eabi/8.2.1/../../../../arm-none-eabi/lib/thumb/v7e-m+fp/hard\libcr_c.a(_cr_check_heap.o)
                0x60006a00                __check_heap_overflow
 .text.DMA0_DMA16_IRQHandler
                0x60006a18        0x8 ./startup/startup_mimxrt1052.o
                0x60006a18                DMA0_DMA16_IRQHandler
 .text.DMA1_DMA17_IRQHandler
                0x60006a20        0x8 ./startup/startup_mimxrt1052.o
                0x60006a20                DMA1_DMA17_IRQHandler
 .text.DMA2_DMA18_IRQHandler
                0x60006a28        0x8 ./startup/startup_mimxrt1052.o
                0x60006a28                DMA2_DMA18_IRQHandler
 .text.DMA3_DMA19_IRQHandler
                0x60006a30        0x8 ./startup/startup_mimxrt1052.o
                0x60006a30                DMA3_DMA19_IRQHandler
 .text.DMA4_DMA20_IRQHandler
                0x60006a38        0x8 ./startup/startup_mimxrt1052.o
                0x60006a38                DMA4_DMA20_IRQHandler
 .text.DMA5_DMA21_IRQHandler
                0x60006a40        0x8 ./startup/startup_mimxrt1052.o
                0x60006a40                DMA5_DMA21_IRQHandler
 .text.DMA6_DMA22_IRQHandler
                0x60006a48        0x8 ./startup/startup_mimxrt1052.o
                0x60006a48                DMA6_DMA22_IRQHandler
 .text.DMA7_DMA23_IRQHandler
                0x60006a50        0x8 ./startup/startup_mimxrt1052.o
                0x60006a50                DMA7_DMA23_IRQHandler
 .text.DMA8_DMA24_IRQHandler
                0x60006a58        0x8 ./startup/startup_mimxrt1052.o
                0x60006a58                DMA8_DMA24_IRQHandler
 .text.DMA9_DMA25_IRQHandler
                0x60006a60        0x8 ./startup/startup_mimxrt1052.o
                0x60006a60                DMA9_DMA25_IRQHandler
 .text.DMA10_DMA26_IRQHandler
                0x60006a68        0x8 ./startup/startup_mimxrt1052.o
                0x60006a68                DMA10_DMA26_IRQHandler
 .text.DMA11_DMA27_IRQHandler
                0x60006a70        0x8 ./startup/startup_mimxrt1052.o
                0x60006a70                DMA11_DMA27_IRQHandler
 .text.DMA12_DMA28_IRQHandler
                0x60006a78        0x8 ./startup/startup_mimxrt1052.o
                0x60006a78                DMA12_DMA28_IRQHandler
 .text.DMA13_DMA29_IRQHandler
                0x60006a80        0x8 ./startup/startup_mimxrt1052.o
                0x60006a80                DMA13_DMA29_IRQHandler
 .text.DMA14_DMA30_IRQHandler
                0x60006a88        0x8 ./startup/startup_mimxrt1052.o
                0x60006a88                DMA14_DMA30_IRQHandler
 .text.DMA15_DMA31_IRQHandler
                0x60006a90        0x8 ./startup/startup_mimxrt1052.o
                0x60006a90                DMA15_DMA31_IRQHandler
 .text.DMA_ERROR_IRQHandler
                0x60006a98        0x8 ./startup/startup_mimxrt1052.o
                0x60006a98                DMA_ERROR_IRQHandler
 .text.CTI0_ERROR_IRQHandler
                0x60006aa0        0x8 ./startup/startup_mimxrt1052.o
                0x60006aa0                CTI0_ERROR_IRQHandler
 .text.CTI1_ERROR_IRQHandler
                0x60006aa8        0x8 ./startup/startup_mimxrt1052.o
                0x60006aa8                CTI1_ERROR_IRQHandler
 .text.CORE_IRQHandler
                0x60006ab0        0x8 ./startup/startup_mimxrt1052.o
                0x60006ab0                CORE_IRQHandler
 .text.LPUART1_IRQHandler
                0x60006ab8        0x8 ./startup/startup_mimxrt1052.o
                0x60006ab8                LPUART1_IRQHandler
 .text.LPUART2_IRQHandler
                0x60006ac0        0x8 ./startup/startup_mimxrt1052.o
                0x60006ac0                LPUART2_IRQHandler
 .text.LPUART3_IRQHandler
                0x60006ac8        0x8 ./startup/startup_mimxrt1052.o
                0x60006ac8                LPUART3_IRQHandler
 .text.LPUART4_IRQHandler
                0x60006ad0        0x8 ./startup/startup_mimxrt1052.o
                0x60006ad0                LPUART4_IRQHandler
 .text.LPUART5_IRQHandler
                0x60006ad8        0x8 ./startup/startup_mimxrt1052.o
                0x60006ad8                LPUART5_IRQHandler
 .text.LPUART6_IRQHandler
                0x60006ae0        0x8 ./startup/startup_mimxrt1052.o
                0x60006ae0                LPUART6_IRQHandler
 .text.LPUART7_IRQHandler
                0x60006ae8        0x8 ./startup/startup_mimxrt1052.o
                0x60006ae8                LPUART7_IRQHandler
 .text.LPUART8_IRQHandler
                0x60006af0        0x8 ./startup/startup_mimxrt1052.o
                0x60006af0                LPUART8_IRQHandler
 .text.LPI2C1_IRQHandler
                0x60006af8        0x8 ./startup/startup_mimxrt1052.o
                0x60006af8                LPI2C1_IRQHandler
 .text.LPI2C2_IRQHandler
                0x60006b00        0x8 ./startup/startup_mimxrt1052.o
                0x60006b00                LPI2C2_IRQHandler
 .text.LPI2C3_IRQHandler
                0x60006b08        0x8 ./startup/startup_mimxrt1052.o
                0x60006b08                LPI2C3_IRQHandler
 .text.LPI2C4_IRQHandler
                0x60006b10        0x8 ./startup/startup_mimxrt1052.o
                0x60006b10                LPI2C4_IRQHandler
 .text.LPSPI1_IRQHandler
                0x60006b18        0x8 ./startup/startup_mimxrt1052.o
                0x60006b18                LPSPI1_IRQHandler
 .text.LPSPI2_IRQHandler
                0x60006b20        0x8 ./startup/startup_mimxrt1052.o
                0x60006b20                LPSPI2_IRQHandler
 .text.LPSPI3_IRQHandler
                0x60006b28        0x8 ./startup/startup_mimxrt1052.o
                0x60006b28                LPSPI3_IRQHandler
 .text.LPSPI4_IRQHandler
                0x60006b30        0x8 ./startup/startup_mimxrt1052.o
                0x60006b30                LPSPI4_IRQHandler
 .text.CAN1_IRQHandler
                0x60006b38        0x8 ./startup/startup_mimxrt1052.o
                0x60006b38                CAN1_IRQHandler
 .text.CAN2_IRQHandler
                0x60006b40        0x8 ./startup/startup_mimxrt1052.o
                0x60006b40                CAN2_IRQHandler
 .text.FLEXRAM_IRQHandler
                0x60006b48        0x8 ./startup/startup_mimxrt1052.o
                0x60006b48                FLEXRAM_IRQHandler
 .text.KPP_IRQHandler
                0x60006b50        0x8 ./startup/startup_mimxrt1052.o
                0x60006b50                KPP_IRQHandler
 .text.TSC_DIG_IRQHandler
                0x60006b58        0x8 ./startup/startup_mimxrt1052.o
                0x60006b58                TSC_DIG_IRQHandler
 .text.GPR_IRQ_IRQHandler
                0x60006b60        0x8 ./startup/startup_mimxrt1052.o
                0x60006b60                GPR_IRQ_IRQHandler
 .text.LCDIF_IRQHandler
                0x60006b68        0x8 ./startup/startup_mimxrt1052.o
                0x60006b68                LCDIF_IRQHandler
 .text.CSI_IRQHandler
                0x60006b70        0x8 ./startup/startup_mimxrt1052.o
                0x60006b70                CSI_IRQHandler
 .text.PXP_IRQHandler
                0x60006b78        0x8 ./startup/startup_mimxrt1052.o
                0x60006b78                PXP_IRQHandler
 .text.WDOG2_IRQHandler
                0x60006b80        0x8 ./startup/startup_mimxrt1052.o
                0x60006b80                WDOG2_IRQHandler
 .text.SNVS_HP_WRAPPER_IRQHandler
                0x60006b88        0x8 ./startup/startup_mimxrt1052.o
                0x60006b88                SNVS_HP_WRAPPER_IRQHandler
 .text.SNVS_HP_WRAPPER_TZ_IRQHandler
                0x60006b90        0x8 ./startup/startup_mimxrt1052.o
                0x60006b90                SNVS_HP_WRAPPER_TZ_IRQHandler
 .text.SNVS_LP_WRAPPER_IRQHandler
                0x60006b98        0x8 ./startup/startup_mimxrt1052.o
                0x60006b98                SNVS_LP_WRAPPER_IRQHandler
 .text.CSU_IRQHandler
                0x60006ba0        0x8 ./startup/startup_mimxrt1052.o
                0x60006ba0                CSU_IRQHandler
 .text.DCP_IRQHandler
                0x60006ba8        0x8 ./startup/startup_mimxrt1052.o
                0x60006ba8                DCP_IRQHandler
 .text.DCP_VMI_IRQHandler
                0x60006bb0        0x8 ./startup/startup_mimxrt1052.o
                0x60006bb0                DCP_VMI_IRQHandler
 .text.Reserved68_IRQHandler
                0x60006bb8        0x8 ./startup/startup_mimxrt1052.o
                0x60006bb8                Reserved68_IRQHandler
 .text.TRNG_IRQHandler
                0x60006bc0        0x8 ./startup/startup_mimxrt1052.o
                0x60006bc0                TRNG_IRQHandler
 .text.SJC_IRQHandler
                0x60006bc8        0x8 ./startup/startup_mimxrt1052.o
                0x60006bc8                SJC_IRQHandler
 .text.BEE_IRQHandler
                0x60006bd0        0x8 ./startup/startup_mimxrt1052.o
                0x60006bd0                BEE_IRQHandler
 .text.SAI1_IRQHandler
                0x60006bd8        0x8 ./startup/startup_mimxrt1052.o
                0x60006bd8                SAI1_IRQHandler
 .text.SAI2_IRQHandler
                0x60006be0        0x8 ./startup/startup_mimxrt1052.o
                0x60006be0                SAI2_IRQHandler
 .text.SAI3_RX_IRQHandler
                0x60006be8        0x8 ./startup/startup_mimxrt1052.o
                0x60006be8                SAI3_RX_IRQHandler
 .text.SAI3_TX_IRQHandler
                0x60006bf0        0x8 ./startup/startup_mimxrt1052.o
                0x60006bf0                SAI3_TX_IRQHandler
 .text.SPDIF_IRQHandler
                0x60006bf8        0x8 ./startup/startup_mimxrt1052.o
                0x60006bf8                SPDIF_IRQHandler
 .text.PMU_EVENT_IRQHandler
                0x60006c00        0x8 ./startup/startup_mimxrt1052.o
                0x60006c00                PMU_EVENT_IRQHandler
 .text.Reserved78_IRQHandler
                0x60006c08        0x8 ./startup/startup_mimxrt1052.o
                0x60006c08                Reserved78_IRQHandler
 .text.TEMP_LOW_HIGH_IRQHandler
                0x60006c10        0x8 ./startup/startup_mimxrt1052.o
                0x60006c10                TEMP_LOW_HIGH_IRQHandler
 .text.TEMP_PANIC_IRQHandler
                0x60006c18        0x8 ./startup/startup_mimxrt1052.o
                0x60006c18                TEMP_PANIC_IRQHandler
 .text.USB_PHY1_IRQHandler
                0x60006c20        0x8 ./startup/startup_mimxrt1052.o
                0x60006c20                USB_PHY1_IRQHandler
 .text.USB_PHY2_IRQHandler
                0x60006c28        0x8 ./startup/startup_mimxrt1052.o
                0x60006c28                USB_PHY2_IRQHandler
 .text.ADC1_IRQHandler
                0x60006c30        0x8 ./startup/startup_mimxrt1052.o
                0x60006c30                ADC1_IRQHandler
 .text.ADC2_IRQHandler
                0x60006c38        0x8 ./startup/startup_mimxrt1052.o
                0x60006c38                ADC2_IRQHandler
 .text.DCDC_IRQHandler
                0x60006c40        0x8 ./startup/startup_mimxrt1052.o
                0x60006c40                DCDC_IRQHandler
 .text.Reserved86_IRQHandler
                0x60006c48        0x8 ./startup/startup_mimxrt1052.o
                0x60006c48                Reserved86_IRQHandler
 .text.Reserved87_IRQHandler
                0x60006c50        0x8 ./startup/startup_mimxrt1052.o
                0x60006c50                Reserved87_IRQHandler
 .text.GPIO1_INT0_IRQHandler
                0x60006c58        0x8 ./startup/startup_mimxrt1052.o
                0x60006c58                GPIO1_INT0_IRQHandler
 .text.GPIO1_INT1_IRQHandler
                0x60006c60        0x8 ./startup/startup_mimxrt1052.o
                0x60006c60                GPIO1_INT1_IRQHandler
 .text.GPIO1_INT2_IRQHandler
                0x60006c68        0x8 ./startup/startup_mimxrt1052.o
                0x60006c68                GPIO1_INT2_IRQHandler
 .text.GPIO1_INT3_IRQHandler
                0x60006c70        0x8 ./startup/startup_mimxrt1052.o
                0x60006c70                GPIO1_INT3_IRQHandler
 .text.GPIO1_INT4_IRQHandler
                0x60006c78        0x8 ./startup/startup_mimxrt1052.o
                0x60006c78                GPIO1_INT4_IRQHandler
 .text.GPIO1_INT5_IRQHandler
                0x60006c80        0x8 ./startup/startup_mimxrt1052.o
                0x60006c80                GPIO1_INT5_IRQHandler
 .text.GPIO1_INT6_IRQHandler
                0x60006c88        0x8 ./startup/startup_mimxrt1052.o
                0x60006c88                GPIO1_INT6_IRQHandler
 .text.GPIO1_INT7_IRQHandler
                0x60006c90        0x8 ./startup/startup_mimxrt1052.o
                0x60006c90                GPIO1_INT7_IRQHandler
 .text.GPIO1_Combined_0_15_IRQHandler
                0x60006c98        0x8 ./startup/startup_mimxrt1052.o
                0x60006c98                GPIO1_Combined_0_15_IRQHandler
 .text.GPIO1_Combined_16_31_IRQHandler
                0x60006ca0        0x8 ./startup/startup_mimxrt1052.o
                0x60006ca0                GPIO1_Combined_16_31_IRQHandler
 .text.GPIO2_Combined_0_15_IRQHandler
                0x60006ca8        0x8 ./startup/startup_mimxrt1052.o
                0x60006ca8                GPIO2_Combined_0_15_IRQHandler
 .text.GPIO2_Combined_16_31_IRQHandler
                0x60006cb0        0x8 ./startup/startup_mimxrt1052.o
                0x60006cb0                GPIO2_Combined_16_31_IRQHandler
 .text.GPIO3_Combined_0_15_IRQHandler
                0x60006cb8        0x8 ./startup/startup_mimxrt1052.o
                0x60006cb8                GPIO3_Combined_0_15_IRQHandler
 .text.GPIO3_Combined_16_31_IRQHandler
                0x60006cc0        0x8 ./startup/startup_mimxrt1052.o
                0x60006cc0                GPIO3_Combined_16_31_IRQHandler
 .text.GPIO4_Combined_0_15_IRQHandler
                0x60006cc8        0x8 ./startup/startup_mimxrt1052.o
                0x60006cc8                GPIO4_Combined_0_15_IRQHandler
 .text.GPIO4_Combined_16_31_IRQHandler
                0x60006cd0        0x8 ./startup/startup_mimxrt1052.o
                0x60006cd0                GPIO4_Combined_16_31_IRQHandler
 .text.GPIO5_Combined_0_15_IRQHandler
                0x60006cd8        0x8 ./startup/startup_mimxrt1052.o
                0x60006cd8                GPIO5_Combined_0_15_IRQHandler
 .text.GPIO5_Combined_16_31_IRQHandler
                0x60006ce0        0x8 ./startup/startup_mimxrt1052.o
                0x60006ce0                GPIO5_Combined_16_31_IRQHandler
 .text.FLEXIO1_IRQHandler
                0x60006ce8        0x8 ./startup/startup_mimxrt1052.o
                0x60006ce8                FLEXIO1_IRQHandler
 .text.FLEXIO2_IRQHandler
                0x60006cf0        0x8 ./startup/startup_mimxrt1052.o
                0x60006cf0                FLEXIO2_IRQHandler
 .text.WDOG1_IRQHandler
                0x60006cf8        0x8 ./startup/startup_mimxrt1052.o
                0x60006cf8                WDOG1_IRQHandler
 .text.RTWDOG_IRQHandler
                0x60006d00        0x8 ./startup/startup_mimxrt1052.o
                0x60006d00                RTWDOG_IRQHandler
 .text.EWM_IRQHandler
                0x60006d08        0x8 ./startup/startup_mimxrt1052.o
                0x60006d08                EWM_IRQHandler
 .text.CCM_1_IRQHandler
                0x60006d10        0x8 ./startup/startup_mimxrt1052.o
                0x60006d10                CCM_1_IRQHandler
 .text.CCM_2_IRQHandler
                0x60006d18        0x8 ./startup/startup_mimxrt1052.o
                0x60006d18                CCM_2_IRQHandler
 .text.GPC_IRQHandler
                0x60006d20        0x8 ./startup/startup_mimxrt1052.o
                0x60006d20                GPC_IRQHandler
 .text.SRC_IRQHandler
                0x60006d28        0x8 ./startup/startup_mimxrt1052.o
                0x60006d28                SRC_IRQHandler
 .text.Reserved115_IRQHandler
                0x60006d30        0x8 ./startup/startup_mimxrt1052.o
                0x60006d30                Reserved115_IRQHandler
 .text.GPT1_IRQHandler
                0x60006d38        0x8 ./startup/startup_mimxrt1052.o
                0x60006d38                GPT1_IRQHandler
 .text.GPT2_IRQHandler
                0x60006d40        0x8 ./startup/startup_mimxrt1052.o
                0x60006d40                GPT2_IRQHandler
 .text.PWM1_0_IRQHandler
                0x60006d48        0x8 ./startup/startup_mimxrt1052.o
                0x60006d48                PWM1_0_IRQHandler
 .text.PWM1_1_IRQHandler
                0x60006d50        0x8 ./startup/startup_mimxrt1052.o
                0x60006d50                PWM1_1_IRQHandler
 .text.PWM1_2_IRQHandler
                0x60006d58        0x8 ./startup/startup_mimxrt1052.o
                0x60006d58                PWM1_2_IRQHandler
 .text.PWM1_3_IRQHandler
                0x60006d60        0x8 ./startup/startup_mimxrt1052.o
                0x60006d60                PWM1_3_IRQHandler
 .text.PWM1_FAULT_IRQHandler
                0x60006d68        0x8 ./startup/startup_mimxrt1052.o
                0x60006d68                PWM1_FAULT_IRQHandler
 .text.Reserved123_IRQHandler
                0x60006d70        0x8 ./startup/startup_mimxrt1052.o
                0x60006d70                Reserved123_IRQHandler
 .text.FLEXSPI_IRQHandler
                0x60006d78        0x8 ./startup/startup_mimxrt1052.o
                0x60006d78                FLEXSPI_IRQHandler
 .text.SEMC_IRQHandler
                0x60006d80        0x8 ./startup/startup_mimxrt1052.o
                0x60006d80                SEMC_IRQHandler
 .text.USDHC1_IRQHandler
                0x60006d88        0x8 ./startup/startup_mimxrt1052.o
                0x60006d88                USDHC1_IRQHandler
 .text.USDHC2_IRQHandler
                0x60006d90        0x8 ./startup/startup_mimxrt1052.o
                0x60006d90                USDHC2_IRQHandler
 .text.USB_OTG2_IRQHandler
                0x60006d98        0x8 ./startup/startup_mimxrt1052.o
                0x60006d98                USB_OTG2_IRQHandler
 .text.USB_OTG1_IRQHandler
                0x60006da0        0x8 ./startup/startup_mimxrt1052.o
                0x60006da0                USB_OTG1_IRQHandler
 .text.ENET_IRQHandler
                0x60006da8        0x8 ./startup/startup_mimxrt1052.o
                0x60006da8                ENET_IRQHandler
 .text.ENET_1588_Timer_IRQHandler
                0x60006db0        0x8 ./startup/startup_mimxrt1052.o
                0x60006db0                ENET_1588_Timer_IRQHandler
 .text.XBAR1_IRQ_0_1_IRQHandler
                0x60006db8        0x8 ./startup/startup_mimxrt1052.o
                0x60006db8                XBAR1_IRQ_0_1_IRQHandler
 .text.XBAR1_IRQ_2_3_IRQHandler
                0x60006dc0        0x8 ./startup/startup_mimxrt1052.o
                0x60006dc0                XBAR1_IRQ_2_3_IRQHandler
 .text.ADC_ETC_IRQ2_IRQHandler
                0x60006dc8        0x8 ./startup/startup_mimxrt1052.o
                0x60006dc8                ADC_ETC_IRQ2_IRQHandler
 .text.ADC_ETC_ERROR_IRQ_IRQHandler
                0x60006dd0        0x8 ./startup/startup_mimxrt1052.o
                0x60006dd0                ADC_ETC_ERROR_IRQ_IRQHandler
 .text.PIT_IRQHandler
                0x60006dd8        0x8 ./startup/startup_mimxrt1052.o
                0x60006dd8                PIT_IRQHandler
 .text.ACMP1_IRQHandler
                0x60006de0        0x8 ./startup/startup_mimxrt1052.o
                0x60006de0                ACMP1_IRQHandler
 .text.ACMP2_IRQHandler
                0x60006de8        0x8 ./startup/startup_mimxrt1052.o
                0x60006de8                ACMP2_IRQHandler
 .text.ACMP3_IRQHandler
                0x60006df0        0x8 ./startup/startup_mimxrt1052.o
                0x60006df0                ACMP3_IRQHandler
 .text.ACMP4_IRQHandler
                0x60006df8        0x8 ./startup/startup_mimxrt1052.o
                0x60006df8                ACMP4_IRQHandler
 .text.Reserved143_IRQHandler
                0x60006e00        0x8 ./startup/startup_mimxrt1052.o
                0x60006e00                Reserved143_IRQHandler
 .text.Reserved144_IRQHandler
                0x60006e08        0x8 ./startup/startup_mimxrt1052.o
                0x60006e08                Reserved144_IRQHandler
 .text.ENC1_IRQHandler
                0x60006e10        0x8 ./startup/startup_mimxrt1052.o
                0x60006e10                ENC1_IRQHandler
 .text.ENC2_IRQHandler
                0x60006e18        0x8 ./startup/startup_mimxrt1052.o
                0x60006e18                ENC2_IRQHandler
 .text.ENC3_IRQHandler
                0x60006e20        0x8 ./startup/startup_mimxrt1052.o
                0x60006e20                ENC3_IRQHandler
 .text.ENC4_IRQHandler
                0x60006e28        0x8 ./startup/startup_mimxrt1052.o
                0x60006e28                ENC4_IRQHandler
 .text.TMR1_IRQHandler
                0x60006e30        0x8 ./startup/startup_mimxrt1052.o
                0x60006e30                TMR1_IRQHandler
 .text.TMR2_IRQHandler
                0x60006e38        0x8 ./startup/startup_mimxrt1052.o
                0x60006e38                TMR2_IRQHandler
 .text.TMR3_IRQHandler
                0x60006e40        0x8 ./startup/startup_mimxrt1052.o
                0x60006e40                TMR3_IRQHandler
 .text.TMR4_IRQHandler
                0x60006e48        0x8 ./startup/startup_mimxrt1052.o
                0x60006e48                TMR4_IRQHandler
 .text.PWM2_0_IRQHandler
                0x60006e50        0x8 ./startup/startup_mimxrt1052.o
                0x60006e50                PWM2_0_IRQHandler
 .text.PWM2_1_IRQHandler
                0x60006e58        0x8 ./startup/startup_mimxrt1052.o
                0x60006e58                PWM2_1_IRQHandler
 .text.PWM2_2_IRQHandler
                0x60006e60        0x8 ./startup/startup_mimxrt1052.o
                0x60006e60                PWM2_2_IRQHandler
 .text.PWM2_3_IRQHandler
                0x60006e68        0x8 ./startup/startup_mimxrt1052.o
                0x60006e68                PWM2_3_IRQHandler
 .text.PWM2_FAULT_IRQHandler
                0x60006e70        0x8 ./startup/startup_mimxrt1052.o
                0x60006e70                PWM2_FAULT_IRQHandler
 .text.PWM3_0_IRQHandler
                0x60006e78        0x8 ./startup/startup_mimxrt1052.o
                0x60006e78                PWM3_0_IRQHandler
 .text.PWM3_1_IRQHandler
                0x60006e80        0x8 ./startup/startup_mimxrt1052.o
                0x60006e80                PWM3_1_IRQHandler
 .text.PWM3_2_IRQHandler
                0x60006e88        0x8 ./startup/startup_mimxrt1052.o
                0x60006e88                PWM3_2_IRQHandler
 .text.PWM3_3_IRQHandler
                0x60006e90        0x8 ./startup/startup_mimxrt1052.o
                0x60006e90                PWM3_3_IRQHandler
 .text.PWM3_FAULT_IRQHandler
                0x60006e98        0x8 ./startup/startup_mimxrt1052.o
                0x60006e98                PWM3_FAULT_IRQHandler
 .text.PWM4_0_IRQHandler
                0x60006ea0        0x8 ./startup/startup_mimxrt1052.o
                0x60006ea0                PWM4_0_IRQHandler
 .text.PWM4_1_IRQHandler
                0x60006ea8        0x8 ./startup/startup_mimxrt1052.o
                0x60006ea8                PWM4_1_IRQHandler
 .text.PWM4_2_IRQHandler
                0x60006eb0        0x8 ./startup/startup_mimxrt1052.o
                0x60006eb0                PWM4_2_IRQHandler
 .text.PWM4_3_IRQHandler
                0x60006eb8        0x8 ./startup/startup_mimxrt1052.o
                0x60006eb8                PWM4_3_IRQHandler
 .text.PWM4_FAULT_IRQHandler
                0x60006ec0        0x8 ./startup/startup_mimxrt1052.o
                0x60006ec0                PWM4_FAULT_IRQHandler
 .text.EnableIRQ
                0x60006ec8       0x2c ./source/EVKBimxrt1050_PWM_eadc_sample.o
 .text.PWM_OutputTriggerEnable
                0x60006ef4       0x9e ./source/EVKBimxrt1050_PWM_eadc_sample.o
 .text.ADC_EnableHardwareTrigger
                0x60006f92       0x38 ./source/adc.o
 .text.PWM_StartTimer
                0x60006fca       0x38 ./source/pwm.o
 .text.PWM_SetPwmLdok
                0x60007002       0x5e ./source/pwm.o
 .text.HardFault_Handler
                0x60007060       0x2c ./source/semihost_hardfault.o
                0x60007060                HardFault_Handler
 .text.CLOCK_EnableClock
                0x6000708c       0x1e ./drivers/fsl_adc.o
 .text.ADC_EnableHardwareTrigger
                0x600070aa       0x38 ./drivers/fsl_adc.o
 .text.ADC_GetStatusFlags
                0x600070e2       0x18 ./drivers/fsl_adc.o
 .text.ADC_DoAutoCalibration
                0x600070fa       0xa4 ./drivers/fsl_adc.o
                0x600070fa                ADC_DoAutoCalibration
 .text.ADC_ETC_DoSoftwareReset
                0x6000719e       0x38 ./drivers/fsl_adc_etc.o
 .text.ADC_ETC_GetDefaultConfig
                0x600071d6       0x4a ./drivers/fsl_adc_etc.o
                0x600071d6                ADC_ETC_GetDefaultConfig
 .text.ADC_ETC_ClearInterruptStatusFlags
                0x60007220       0x6e ./drivers/fsl_adc_etc.o
                0x60007220                ADC_ETC_ClearInterruptStatusFlags
 .text.CLOCK_GetRtcFreq
                0x6000728e       0x12 ./drivers/fsl_clock.o
 .text.CLOCK_IsPllBypassed
                0x600072a0       0x32 ./drivers/fsl_clock.o
 .text.CLOCK_IsPllEnabled
                0x600072d2       0x3c ./drivers/fsl_clock.o
 .text.CLOCK_GetPllBypassRefClk
                0x6000730e       0x34 ./drivers/fsl_clock.o
 .text.CLOCK_EnableClock
                0x60007342       0x1e ./drivers/fsl_lpuart.o
 .text.LPUART_SoftwareReset
                0x60007360       0x2c ./drivers/fsl_lpuart.o
 .text.CLOCK_EnableClock
                0x6000738c       0x1e ./drivers/fsl_pwm.o
 .text.CLOCK_EnableClock
                0x600073aa       0x1e ./drivers/fsl_xbara.o
 .text.XBARA_Init
                0x600073c8       0x20 ./drivers/fsl_xbara.o
                0x600073c8                XBARA_Init
 .text.XBARA_SetSignalsConnection
                0x600073e8       0x68 ./drivers/fsl_xbara.o
                0x600073e8                XBARA_SetSignalsConnection
 .text.SystemInitHook
                0x60007450        0xe ./device/system_MIMXRT1052.o
                0x60007450                SystemInitHook
 .text.HAL_UartGetStatus
                0x6000745e       0x22 ./component/uart/lpuart_adapter.o
 .text.BOARD_InitDebugConsole
                0x60007480       0x22 ./board/boards/board.o
                0x60007480                BOARD_InitDebugConsole
 .text.CLOCK_DisableClock
                0x600074a2       0x1e ./board/boards/clock_config.o
 .text.CLOCK_SetPllBypass
                0x600074c0       0x4e ./board/boards/clock_config.o
 .text.IOMUXC_SetSaiMClkClockSource
                0x6000750e       0x6c ./board/boards/clock_config.o
 .text.BOARD_InitBootClocks
                0x6000757a        0xc ./board/boards/clock_config.o
                0x6000757a                BOARD_InitBootClocks
 .text.BOARD_InitPeripherals
                0x60007586        0xe ./board/boards/peripherals.o
                0x60007586                BOARD_InitPeripherals
 .text.BOARD_InitBootPeripherals
                0x60007594        0xc ./board/boards/peripherals.o
                0x60007594                BOARD_InitBootPeripherals
 .text.CLOCK_EnableClock
                0x600075a0       0x1e ./board/boards/pin_mux.o
 .text.IOMUXC_SetPinMux
                0x600075be       0x3a ./board/boards/pin_mux.o
 .text.IOMUXC_SetPinConfig
                0x600075f8       0x26 ./board/boards/pin_mux.o
 .text.BOARD_InitBootPins
                0x6000761e       0x10 ./board/boards/pin_mux.o
                0x6000761e                BOARD_InitBootPins
 .text.__main   0x6000762e        0xe e:/nxp/mcuxpressoide_11.0.1_2563/ide/plugins/com.nxp.mcuxpresso.tools.win32_11.0.1.201907311258/tools/bin/../lib/gcc/arm-none-eabi/8.2.1/../../../../arm-none-eabi/lib/thumb/v7e-m+fp/hard\libcr_semihost_nf.a(_cr__main.o)
                0x6000762e                __CR_SEMIHOST
                0x6000762e                __main
 .text.memset   0x6000763c        0x4 e:/nxp/mcuxpressoide_11.0.1_2563/ide/plugins/com.nxp.mcuxpresso.tools.win32_11.0.1.201907311258/tools/bin/../lib/gcc/arm-none-eabi/8.2.1/../../../../arm-none-eabi/lib/thumb/v7e-m+fp/hard\libcr_c.a(memset.o)
                0x6000763c                memset
 .text._Csys_read_
                0x60007640       0x22 e:/nxp/mcuxpressoide_11.0.1_2563/ide/plugins/com.nxp.mcuxpresso.tools.win32_11.0.1.201907311258/tools/bin/../lib/gcc/arm-none-eabi/8.2.1/../../../../arm-none-eabi/lib/thumb/v7e-m+fp/hard\libcr_c.a(__fillbuf.o)
                0x60007640                _Csys_read_
 .text._deferredlazyseek
                0x60007662       0x40 e:/nxp/mcuxpressoide_11.0.1_2563/ide/plugins/com.nxp.mcuxpresso.tools.win32_11.0.1.201907311258/tools/bin/../lib/gcc/arm-none-eabi/8.2.1/../../../../arm-none-eabi/lib/thumb/v7e-m+fp/hard\libcr_c.a(_deferredlazyseek.o)
                0x60007662                _deferredlazyseek
 .text.__flsbuf
                0x600076a2      0x140 e:/nxp/mcuxpressoide_11.0.1_2563/ide/plugins/com.nxp.mcuxpresso.tools.win32_11.0.1.201907311258/tools/bin/../lib/gcc/arm-none-eabi/8.2.1/../../../../arm-none-eabi/lib/thumb/v7e-m+fp/hard\libcr_c.a(_deferredlazyseek.o)
                0x600076a2                __flsbuf
 .text._fflush  0x600077e2       0x52 e:/nxp/mcuxpressoide_11.0.1_2563/ide/plugins/com.nxp.mcuxpresso.tools.win32_11.0.1.201907311258/tools/bin/../lib/gcc/arm-none-eabi/8.2.1/../../../../arm-none-eabi/lib/thumb/v7e-m+fp/hard\libcr_c.a(_fflush.o)
                0x600077e2                _fflush
 .text.free     0x60007834       0x30 e:/nxp/mcuxpressoide_11.0.1_2563/ide/plugins/com.nxp.mcuxpresso.tools.win32_11.0.1.201907311258/tools/bin/../lib/gcc/arm-none-eabi/8.2.1/../../../../arm-none-eabi/lib/thumb/v7e-m+fp/hard\libcr_c.a(alloc.o)
                0x60007834                free
 .text.fputs    0x60007864       0x2c e:/nxp/mcuxpressoide_11.0.1_2563/ide/plugins/com.nxp.mcuxpresso.tools.win32_11.0.1.201907311258/tools/bin/../lib/gcc/arm-none-eabi/8.2.1/../../../../arm-none-eabi/lib/thumb/v7e-m+fp/hard\libcr_c.a(fputs.o)
                0x60007864                fputs
 .text.no_fp_display
                0x60007890        0x4 e:/nxp/mcuxpressoide_11.0.1_2563/ide/plugins/com.nxp.mcuxpresso.tools.win32_11.0.1.201907311258/tools/bin/../lib/gcc/arm-none-eabi/8.2.1/../../../../arm-none-eabi/lib/thumb/v7e-m+fp/hard\libcr_c.a(printf.o)
 .text.strlen   0x60007894       0x4c e:/nxp/mcuxpressoide_11.0.1_2563/ide/plugins/com.nxp.mcuxpresso.tools.win32_11.0.1.201907311258/tools/bin/../lib/gcc/arm-none-eabi/8.2.1/../../../../arm-none-eabi/lib/thumb/v7e-m+fp/hard\libcr_c.a(strlen.o)
                0x60007894                strlen
 .text._fdopen  0x600078e0       0x68 e:/nxp/mcuxpressoide_11.0.1_2563/ide/plugins/com.nxp.mcuxpresso.tools.win32_11.0.1.201907311258/tools/bin/../lib/gcc/arm-none-eabi/8.2.1/../../../../arm-none-eabi/lib/thumb/v7e-m+fp/hard\libcr_c.a(_fdopen.o)
                0x600078e0                _fdopen
 .text.fclose   0x60007948       0x58 e:/nxp/mcuxpressoide_11.0.1_2563/ide/plugins/com.nxp.mcuxpresso.tools.win32_11.0.1.201907311258/tools/bin/../lib/gcc/arm-none-eabi/8.2.1/../../../../arm-none-eabi/lib/thumb/v7e-m+fp/hard\libcr_c.a(fclose.o)
                0x60007948                fclose
 .text.remove   0x600079a0       0x14 e:/nxp/mcuxpressoide_11.0.1_2563/ide/plugins/com.nxp.mcuxpresso.tools.win32_11.0.1.201907311258/tools/bin/../lib/gcc/arm-none-eabi/8.2.1/../../../../arm-none-eabi/lib/thumb/v7e-m+fp/hard\libcr_c.a(remove.o)
                0x600079a0                remove
 .text._do_fflush
                0x600079b4       0x40 e:/nxp/mcuxpressoide_11.0.1_2563/ide/plugins/com.nxp.mcuxpresso.tools.win32_11.0.1.201907311258/tools/bin/../lib/gcc/arm-none-eabi/8.2.1/../../../../arm-none-eabi/lib/thumb/v7e-m+fp/hard\libcr_c.a(_do_fflush.o)
                0x600079b4                _do_fflush
 .text.__aeabi_division_uldivmod
                0x600079f4      0x174 e:/nxp/mcuxpressoide_11.0.1_2563/ide/plugins/com.nxp.mcuxpresso.tools.win32_11.0.1.201907311258/tools/bin/../lib/gcc/arm-none-eabi/8.2.1/thumb/v7e-m+fp/hard\libcr_eabihelpers.a(division_64.o)
                0x600079f4                __aeabi_uldivmod
                0x600079f8                __bhs_ldivmod1
 .text.__aeabi_division_idiv0
                0x60007b68        0x2 e:/nxp/mcuxpressoide_11.0.1_2563/ide/plugins/com.nxp.mcuxpresso.tools.win32_11.0.1.201907311258/tools/bin/../lib/gcc/arm-none-eabi/8.2.1/thumb/v7e-m+fp/hard\libcr_eabihelpers.a(division_idiv0.o)
                0x60007b68                __aeabi_idiv0
 .text.__aeabi_memset_lowlevel
                0x60007b6a       0x32 e:/nxp/mcuxpressoide_11.0.1_2563/ide/plugins/com.nxp.mcuxpresso.tools.win32_11.0.1.201907311258/tools/bin/../lib/gcc/arm-none-eabi/8.2.1/thumb/v7e-m+fp/hard\libcr_eabihelpers.a(memcpy.o)
                0x60007b6a                __aeabi_lowlevel_memset
 .text.__sys_close
                0x60007b9c        0xc e:/nxp/mcuxpressoide_11.0.1_2563/ide/plugins/com.nxp.mcuxpresso.tools.win32_11.0.1.201907311258/tools/bin/../lib/gcc/arm-none-eabi/8.2.1/../../../../arm-none-eabi/lib/thumb/v7e-m+fp/hard\libcr_semihost_nf.a(__sys_close.o)
                0x60007b9c                __sys_close
 .text.__sys_flen
                0x60007ba8        0xc e:/nxp/mcuxpressoide_11.0.1_2563/ide/plugins/com.nxp.mcuxpresso.tools.win32_11.0.1.201907311258/tools/bin/../lib/gcc/arm-none-eabi/8.2.1/../../../../arm-none-eabi/lib/thumb/v7e-m+fp/hard\libcr_semihost_nf.a(__sys_flen.o)
                0x60007ba8                __sys_flen
 .text.__sys_istty
                0x60007bb4        0xc e:/nxp/mcuxpressoide_11.0.1_2563/ide/plugins/com.nxp.mcuxpresso.tools.win32_11.0.1.201907311258/tools/bin/../lib/gcc/arm-none-eabi/8.2.1/../../../../arm-none-eabi/lib/thumb/v7e-m+fp/hard\libcr_semihost_nf.a(__sys_istty.o)
                0x60007bb4                __sys_istty
 .text.__sys_read
                0x60007bc0        0xc e:/nxp/mcuxpressoide_11.0.1_2563/ide/plugins/com.nxp.mcuxpresso.tools.win32_11.0.1.201907311258/tools/bin/../lib/gcc/arm-none-eabi/8.2.1/../../../../arm-none-eabi/lib/thumb/v7e-m+fp/hard\libcr_semihost_nf.a(__sys_read.o)
                0x60007bc0                __sys_read
 .text.__sys_readc
                0x60007bcc        0x8 e:/nxp/mcuxpressoide_11.0.1_2563/ide/plugins/com.nxp.mcuxpresso.tools.win32_11.0.1.201907311258/tools/bin/../lib/gcc/arm-none-eabi/8.2.1/../../../../arm-none-eabi/lib/thumb/v7e-m+fp/hard\libcr_semihost_nf.a(__sys_readc.o)
                0x60007bcc                __sys_readc
                0x60007bcc                __readc
 .text.__sys_remove
                0x60007bd4        0xc e:/nxp/mcuxpressoide_11.0.1_2563/ide/plugins/com.nxp.mcuxpresso.tools.win32_11.0.1.201907311258/tools/bin/../lib/gcc/arm-none-eabi/8.2.1/../../../../arm-none-eabi/lib/thumb/v7e-m+fp/hard\libcr_semihost_nf.a(__sys_remove.o)
                0x60007bd4                __sys_remove
 .text.__sys_seek
                0x60007be0        0xc e:/nxp/mcuxpressoide_11.0.1_2563/ide/plugins/com.nxp.mcuxpresso.tools.win32_11.0.1.201907311258/tools/bin/../lib/gcc/arm-none-eabi/8.2.1/../../../../arm-none-eabi/lib/thumb/v7e-m+fp/hard\libcr_semihost_nf.a(__sys_seek.o)
                0x60007be0                __sys_seek
 .text.__sys_tmpnam
                0x60007bec        0xc e:/nxp/mcuxpressoide_11.0.1_2563/ide/plugins/com.nxp.mcuxpresso.tools.win32_11.0.1.201907311258/tools/bin/../lib/gcc/arm-none-eabi/8.2.1/../../../../arm-none-eabi/lib/thumb/v7e-m+fp/hard\libcr_semihost_nf.a(__sys_tmpnam.o)
                0x60007bec                __sys_tmpnam
 .text.__sys_write
                0x60007bf8        0xc e:/nxp/mcuxpressoide_11.0.1_2563/ide/plugins/com.nxp.mcuxpresso.tools.win32_11.0.1.201907311258/tools/bin/../lib/gcc/arm-none-eabi/8.2.1/../../../../arm-none-eabi/lib/thumb/v7e-m+fp/hard\libcr_semihost_nf.a(__sys_write.o)
                0x60007bf8                __sys_write
 *(SORT_BY_ALIGNMENT(.rodata) SORT_BY_ALIGNMENT(.rodata.*) SORT_BY_ALIGNMENT(.constdata) SORT_BY_ALIGNMENT(.constdata.*))
 .rodata.dcd_data
                0x60007c04        0x1 ./xip/evkbimxrt1050_sdram_ini_dcd.o
                0x60007c04                dcd_data
 *fill*         0x60007c05        0x3 ff
 .rodata        0x60007c08      0x21f ./utilities/fsl_debug_console.o
 *fill*         0x60007e27        0x1 ff
 .rodata        0x60007e28       0xcc ./source/EVKBimxrt1050_PWM_eadc_sample.o
 .rodata        0x60007ef4       0x42 ./source/adc.o
 *fill*         0x60007f36        0x2 ff
 .rodata        0x60007f38       0x1b ./source/pwm.o
 *fill*         0x60007f53        0x1 ff
 .rodata        0x60007f54      0x212 ./drivers/fsl_adc.o
 *fill*         0x60008166        0x2 ff
 .rodata.s_adcBases
                0x60008168        0xc ./drivers/fsl_adc.o
 .rodata.s_adcClocks
                0x60008174        0x6 ./drivers/fsl_adc.o
 *fill*         0x6000817a        0x2 ff
 .rodata        0x6000817c      0x159 ./drivers/fsl_adc_etc.o
 *fill*         0x600082d5        0x3 ff
 .rodata        0x600082d8       0xc7 ./drivers/fsl_clock.o
 *fill*         0x6000839f        0x1 ff
 .rodata        0x600083a0      0x6b2 ./drivers/fsl_lpuart.o
 *fill*         0x60008a52        0x2 ff
 .rodata.s_lpuartBases
                0x60008a54       0x24 ./drivers/fsl_lpuart.o
 .rodata.s_lpuartClock
                0x60008a78       0x12 ./drivers/fsl_lpuart.o
 *fill*         0x60008a8a        0x2 ff
 .rodata        0x60008a8c      0x1d7 ./drivers/fsl_pwm.o
 *fill*         0x60008c63        0x1 ff
 .rodata.s_pwmBases
                0x60008c64       0x14 ./drivers/fsl_pwm.o
 .rodata.s_pwmClocks
                0x60008c78       0x28 ./drivers/fsl_pwm.o
 .rodata        0x60008ca0       0xb9 ./drivers/fsl_xbara.o
 *fill*         0x60008d59        0x3 ff
 .rodata.s_LpuartAdapterBase
                0x60008d5c       0x24 ./component/uart/lpuart_adapter.o
 .rodata        0x60008d80      0x274 ./component/uart/lpuart_adapter.o
 .rodata        0x60008ff4      0x525 ./component/serial_manager/serial_manager.o
 *fill*         0x60009519        0x3 ff
 .rodata        0x6000951c      0x244 ./component/serial_manager/serial_port_uart.o
 .rodata        0x60009760       0xa1 ./board/boards/clock_config.o
 *fill*         0x60009801        0x3 ff
 .rodata.armPllConfig_BOARD_BootClockRUN
                0x60009804        0x8 ./board/boards/clock_config.o
                0x60009804                armPllConfig_BOARD_BootClockRUN
 .rodata.sysPllConfig_BOARD_BootClockRUN
                0x6000980c       0x14 ./board/boards/clock_config.o
                0x6000980c                sysPllConfig_BOARD_BootClockRUN
 .rodata        0x60009820       0x29 ./board/boards/pin_mux.o
 *fill*         0x60009849        0x3 ff
 .rodata.__num_Ciob_streams
                0x6000984c        0x4 e:/nxp/mcuxpressoide_11.0.1_2563/ide/plugins/com.nxp.mcuxpresso.tools.win32_11.0.1.201907311258/tools/bin/../lib/gcc/arm-none-eabi/8.2.1/../../../../arm-none-eabi/lib/thumb/v7e-m+fp/hard\libcr_semihost_nf.a(__ciob.o)
                0x6000984c                __num_Ciob_streams
 .rodata.__assertion_failed.str1.1
                0x60009850       0x15 e:/nxp/mcuxpressoide_11.0.1_2563/ide/plugins/com.nxp.mcuxpresso.tools.win32_11.0.1.201907311258/tools/bin/../lib/gcc/arm-none-eabi/8.2.1/../../../../arm-none-eabi/lib/thumb/v7e-m+fp/hard\libcr_semihost_nf.a(_cr_assert.o)
 .rodata._Csys_alloc.str1.1
                0x60009865       0x18 e:/nxp/mcuxpressoide_11.0.1_2563/ide/plugins/com.nxp.mcuxpresso.tools.win32_11.0.1.201907311258/tools/bin/../lib/gcc/arm-none-eabi/8.2.1/../../../../arm-none-eabi/lib/thumb/v7e-m+fp/hard\libcr_c.a(alloc.o)
 .rodata._initio.str1.1
                0x6000987d        0x4 e:/nxp/mcuxpressoide_11.0.1_2563/ide/plugins/com.nxp.mcuxpresso.tools.win32_11.0.1.201907311258/tools/bin/../lib/gcc/arm-none-eabi/8.2.1/../../../../arm-none-eabi/lib/thumb/v7e-m+fp/hard\libcr_c.a(initio.o)
 .rodata.__vfprintf.str1.1
                0x60009881       0x35 e:/nxp/mcuxpressoide_11.0.1_2563/ide/plugins/com.nxp.mcuxpresso.tools.win32_11.0.1.201907311258/tools/bin/../lib/gcc/arm-none-eabi/8.2.1/../../../../arm-none-eabi/lib/thumb/v7e-m+fp/hard\libcr_c.a(printf.o)
                                 0x38 (size before relaxing)
                0x600098b8                . = ALIGN (0x4)
 *fill*         0x600098b6        0x2 ff

.glue_7         0x600098b8        0x0
 .glue_7        0x600098b8        0x0 linker stubs

.glue_7t        0x600098b8        0x0
 .glue_7t       0x600098b8        0x0 linker stubs

.vfp11_veneer   0x600098b8        0x0
 .vfp11_veneer  0x600098b8        0x0 linker stubs

.v4_bx          0x600098b8        0x0
 .v4_bx         0x600098b8        0x0 linker stubs

.iplt           0x600098b8        0x0
 .iplt          0x600098b8        0x0 ./xip/evkbimxrt1050_flexspi_nor_config.o

.rel.dyn        0x600098b8        0x0
 .rel.iplt      0x600098b8        0x0 ./xip/evkbimxrt1050_flexspi_nor_config.o

.ARM.extab
 *(SORT_BY_ALIGNMENT(.ARM.extab*) SORT_BY_ALIGNMENT(.gnu.linkonce.armextab.*))
                0x600098b8                __exidx_start = .

.ARM.exidx
 *(SORT_BY_ALIGNMENT(.ARM.exidx*) SORT_BY_ALIGNMENT(.gnu.linkonce.armexidx.*))
                0x600098b8                __exidx_end = .
                0x600098b8                _etext = .

.data_RAM2      0x00000000        0x0 load address 0x600098b8
 FILL mask 0xff
                [!provide]                PROVIDE (__start_data_RAM2 = .)
 *(SORT_BY_ALIGNMENT(.ramfunc.$RAM2))
 *(SORT_BY_ALIGNMENT(.ramfunc.$SRAM_ITC))
 *(SORT_BY_ALIGNMENT(.data.$RAM2))
 *(SORT_BY_ALIGNMENT(.data.$SRAM_ITC))
 *(SORT_BY_ALIGNMENT(.data.$RAM2.*))
 *(SORT_BY_ALIGNMENT(.data.$SRAM_ITC.*))
                0x00000000                . = ALIGN (0x4)
                [!provide]                PROVIDE (__end_data_RAM2 = .)

.data_RAM3      0x20200000        0x0 load address 0x600098b8
 FILL mask 0xff
                [!provide]                PROVIDE (__start_data_RAM3 = .)
 *(SORT_BY_ALIGNMENT(.ramfunc.$RAM3))
 *(SORT_BY_ALIGNMENT(.ramfunc.$SRAM_OC))
 *(SORT_BY_ALIGNMENT(.data.$RAM3))
 *(SORT_BY_ALIGNMENT(.data.$SRAM_OC))
 *(SORT_BY_ALIGNMENT(.data.$RAM3.*))
 *(SORT_BY_ALIGNMENT(.data.$SRAM_OC.*))
                0x20200000                . = ALIGN (0x4)
                [!provide]                PROVIDE (__end_data_RAM3 = .)

.data_RAM4      0x80000000        0x0 load address 0x600098b8
 FILL mask 0xff
                [!provide]                PROVIDE (__start_data_RAM4 = .)
 *(SORT_BY_ALIGNMENT(.ramfunc.$RAM4))
 *(SORT_BY_ALIGNMENT(.ramfunc.$BOARD_SDRAM))
 *(SORT_BY_ALIGNMENT(.data.$RAM4))
 *(SORT_BY_ALIGNMENT(.data.$BOARD_SDRAM))
 *(SORT_BY_ALIGNMENT(.data.$RAM4.*))
 *(SORT_BY_ALIGNMENT(.data.$BOARD_SDRAM.*))
                0x80000000                . = ALIGN (0x4)
                [!provide]                PROVIDE (__end_data_RAM4 = .)

.uninit_RESERVED
                0x20000000        0x0
                0x20000000                . = ALIGN (0x4)
 *(SORT_BY_ALIGNMENT(.bss.$RESERVED*))
                0x20000000                . = ALIGN (0x4)
                0x20000000                _end_uninit_RESERVED = .

.data           0x20000000        0x4 load address 0x600098b8
 FILL mask 0xff
                0x20000000                _data = .
 *(SORT_BY_ALIGNMENT(vtable))
 *(SORT_BY_ALIGNMENT(.ramfunc*))
 *(SORT_BY_ALIGNMENT(CodeQuickAccess))
 *(SORT_BY_ALIGNMENT(DataQuickAccess))
 *(SORT_BY_ALIGNMENT(RamFunction))
 *(SORT_BY_ALIGNMENT(.data*))
 .data.SystemCoreClock
                0x20000000        0x4 ./device/system_MIMXRT1052.o
                0x20000000                SystemCoreClock
                0x20000004                . = ALIGN (0x4)
                0x20000004                _edata = .

.igot.plt       0x20000004        0x0 load address 0x600098bc
 .igot.plt      0x20000004        0x0 ./xip/evkbimxrt1050_flexspi_nor_config.o

.bss_RAM2       0x00000000        0x0
                0x00000000                . = ALIGN (0x4)
                [!provide]                PROVIDE (__start_bss_RAM2 = .)
 *(SORT_BY_ALIGNMENT(.bss.$RAM2))
 *(SORT_BY_ALIGNMENT(.bss.$SRAM_ITC))
 *(SORT_BY_ALIGNMENT(.bss.$RAM2.*))
 *(SORT_BY_ALIGNMENT(.bss.$SRAM_ITC.*))
                0x00000000                . = ALIGN ((. != 0x0)?0x4:0x1)
                [!provide]                PROVIDE (__end_bss_RAM2 = .)

.bss_RAM3       0x20200000        0x0
                0x20200000                . = ALIGN (0x4)
                [!provide]                PROVIDE (__start_bss_RAM3 = .)
 *(SORT_BY_ALIGNMENT(.bss.$RAM3))
 *(SORT_BY_ALIGNMENT(.bss.$SRAM_OC))
 *(SORT_BY_ALIGNMENT(.bss.$RAM3.*))
 *(SORT_BY_ALIGNMENT(.bss.$SRAM_OC.*))
                0x20200000                . = ALIGN ((. != 0x0)?0x4:0x1)
                [!provide]                PROVIDE (__end_bss_RAM3 = .)

.bss_RAM4       0x80000000        0x0
                0x80000000                . = ALIGN (0x4)
                [!provide]                PROVIDE (__start_bss_RAM4 = .)
 *(SORT_BY_ALIGNMENT(.bss.$RAM4))
 *(SORT_BY_ALIGNMENT(.bss.$BOARD_SDRAM))
 *(SORT_BY_ALIGNMENT(.bss.$RAM4.*))
 *(SORT_BY_ALIGNMENT(.bss.$BOARD_SDRAM.*))
                0x80000000                . = ALIGN ((. != 0x0)?0x4:0x1)
                [!provide]                PROVIDE (__end_bss_RAM4 = .)

.bss            0x20000004      0x118
                0x20000004                . = ALIGN (0x4)
                0x20000004                _bss = .
 *(SORT_BY_ALIGNMENT(.bss*))
 .bss.s_debugConsoleState
                0x20000004       0x1c ./utilities/fsl_debug_console.o
 .bss.g_serialHandle
                0x20000020        0x4 ./utilities/fsl_debug_console.o
                0x20000020                g_serialHandle
 .bss.g_AdcConversionValue0
                0x20000024        0x4 ./source/EVKBimxrt1050_PWM_eadc_sample.o
                0x20000024                g_AdcConversionValue0
 .bss.g_AdcConversionValue1
                0x20000028        0x4 ./source/EVKBimxrt1050_PWM_eadc_sample.o
                0x20000028                g_AdcConversionValue1
 .bss.g_xtalFreq
                0x2000002c        0x4 ./drivers/fsl_clock.o
                0x2000002c                g_xtalFreq
 .bss.g_rtcXtalFreq
                0x20000030        0x4 ./drivers/fsl_clock.o
                0x20000030                g_rtcXtalFreq
 .bss.s_lpuartHandle
                0x20000034       0x24 ./drivers/fsl_lpuart.o
 .bss.s_lpuartIsr
                0x20000058        0x4 ./drivers/fsl_lpuart.o
 .bss.__Ciob    0x2000005c       0xb4 e:/nxp/mcuxpressoide_11.0.1_2563/ide/plugins/com.nxp.mcuxpresso.tools.win32_11.0.1.201907311258/tools/bin/../lib/gcc/arm-none-eabi/8.2.1/../../../../arm-none-eabi/lib/thumb/v7e-m+fp/hard\libcr_semihost_nf.a(__ciob.o)
                0x2000005c                __Ciob
 .bss.__end_of_heap
                0x20000110        0x4 e:/nxp/mcuxpressoide_11.0.1_2563/ide/plugins/com.nxp.mcuxpresso.tools.win32_11.0.1.201907311258/tools/bin/../lib/gcc/arm-none-eabi/8.2.1/../../../../arm-none-eabi/lib/thumb/v7e-m+fp/hard\libcr_c.a(__init_alloc.o)
                0x20000110                __end_of_heap
 .bss.__heaps   0x20000114        0x4 e:/nxp/mcuxpressoide_11.0.1_2563/ide/plugins/com.nxp.mcuxpresso.tools.win32_11.0.1.201907311258/tools/bin/../lib/gcc/arm-none-eabi/8.2.1/../../../../arm-none-eabi/lib/thumb/v7e-m+fp/hard\libcr_c.a(__init_alloc.o)
                0x20000114                __heaps
 .bss.errno     0x20000118        0x4 e:/nxp/mcuxpressoide_11.0.1_2563/ide/plugins/com.nxp.mcuxpresso.tools.win32_11.0.1.201907311258/tools/bin/../lib/gcc/arm-none-eabi/8.2.1/../../../../arm-none-eabi/lib/thumb/v7e-m+fp/hard\libcr_c.a(errno.o)
                0x20000118                errno
 *(SORT_BY_ALIGNMENT(COMMON))
                0x2000011c                . = ALIGN (0x4)
                0x2000011c                _ebss = .
                [!provide]                PROVIDE (end = .)

.noinit_RAM2    0x00000000        0x0
                0x00000000                . = ALIGN (0x4)
 *(SORT_BY_ALIGNMENT(.noinit.$RAM2))
 *(SORT_BY_ALIGNMENT(.noinit.$SRAM_ITC))
 *(SORT_BY_ALIGNMENT(.noinit.$RAM2.*))
 *(SORT_BY_ALIGNMENT(.noinit.$SRAM_ITC.*))
                0x00000000                . = ALIGN (0x4)

.noinit_RAM3    0x20200000        0x0
                0x20200000                . = ALIGN (0x4)
 *(SORT_BY_ALIGNMENT(.noinit.$RAM3))
 *(SORT_BY_ALIGNMENT(.noinit.$SRAM_OC))
 *(SORT_BY_ALIGNMENT(.noinit.$RAM3.*))
 *(SORT_BY_ALIGNMENT(.noinit.$SRAM_OC.*))
                0x20200000                . = ALIGN (0x4)

.noinit_RAM4    0x80000000        0x0
                0x80000000                . = ALIGN (0x4)
 *(SORT_BY_ALIGNMENT(.noinit.$RAM4))
 *(SORT_BY_ALIGNMENT(.noinit.$BOARD_SDRAM))
 *(SORT_BY_ALIGNMENT(.noinit.$RAM4.*))
 *(SORT_BY_ALIGNMENT(.noinit.$BOARD_SDRAM.*))
                0x80000000                . = ALIGN (0x4)

.noinit         0x2000011c        0x0
                0x2000011c                . = ALIGN (0x4)
                0x2000011c                _noinit = .
 *(SORT_BY_ALIGNMENT(.noinit*))
                0x2000011c                . = ALIGN (0x4)
                0x2000011c                _end_noinit = .
                0x00001000                _HeapSize = 0x1000

.heap           0x2000011c     0x1000
                0x2000011c                _pvHeapStart = .
                0x2000111c                . = (. + _HeapSize)
 *fill*         0x2000011c     0x1000 
                0x2000111c                . = ALIGN (0x4)
                0x2000111c                _pvHeapLimit = .
                0x00001000                _StackSize = 0x1000

.heap2stackfill
                0x2000111c     0x1000
                0x2000211c                . = (. + _StackSize)
 *fill*         0x2000111c     0x1000 

.stack          0x2001f000        0x0
                0x2001f000                _vStackBase = .
                0x2001f000                . = ALIGN (0x4)
                0x20020000                _vStackTop = (. + _StackSize)
                0x60002000                _image_start = LOADADDR (.text)
                0x600098bc                _image_end = (LOADADDR (.data) + SIZEOF (.data))
                0x000078bc                _image_size = (_image_end - _image_start)
OUTPUT(EVKBimxrt1050_PWM_eadc_sample.axf elf32-littlearm)

.debug_info     0x00000000    0x13dcc
 .debug_info    0x00000000      0x817 ./xip/evkbimxrt1050_flexspi_nor_config.o
 .debug_info    0x00000817       0xd9 ./xip/evkbimxrt1050_sdram_ini_dcd.o
 .debug_info    0x000008f0      0x5c2 ./xip/fsl_flexspi_nor_boot.o
 .debug_info    0x00000eb2      0x933 ./utilities/fsl_debug_console.o
 .debug_info    0x000017e5      0xd73 ./startup/startup_mimxrt1052.o
 .debug_info    0x00002558     0x13d2 ./source/EVKBimxrt1050_PWM_eadc_sample.o
 .debug_info    0x0000392a      0x5a2 ./source/adc.o
 .debug_info    0x00003ecc      0xbd1 ./source/pwm.o
 .debug_info    0x00004a9d       0x3c ./source/semihost_hardfault.o
 .debug_info    0x00004ad9      0xf26 ./source/xbara.o
 .debug_info    0x000059ff     0x118a ./drivers/fsl_adc.o
 .debug_info    0x00006b89      0x6fd ./drivers/fsl_adc_etc.o
 .debug_info    0x00007286     0x2051 ./drivers/fsl_clock.o
 .debug_info    0x000092d7     0x210a ./drivers/fsl_lpuart.o
 .debug_info    0x0000b3e1     0x18eb ./drivers/fsl_pwm.o
 .debug_info    0x0000cccc     0x1a7a ./drivers/fsl_xbara.o
 .debug_info    0x0000e746      0xd2a ./device/system_MIMXRT1052.o
 .debug_info    0x0000f470      0x9e4 ./component/uart/lpuart_adapter.o
 .debug_info    0x0000fe54      0x76c ./component/serial_manager/serial_manager.o
 .debug_info    0x000105c0      0x503 ./component/serial_manager/serial_port_uart.o
 .debug_info    0x00010ac3     0x125d ./board/boards/board.o
 .debug_info    0x00011d20     0x17b0 ./board/boards/clock_config.o
 .debug_info    0x000134d0       0x4e ./board/boards/peripherals.o
 .debug_info    0x0001351e      0x8ae ./board/boards/pin_mux.o

.debug_abbrev   0x00000000     0x29f4
 .debug_abbrev  0x00000000      0x14c ./xip/evkbimxrt1050_flexspi_nor_config.o
 .debug_abbrev  0x0000014c       0x9f ./xip/evkbimxrt1050_sdram_ini_dcd.o
 .debug_abbrev  0x000001eb      0x13f ./xip/fsl_flexspi_nor_boot.o
 .debug_abbrev  0x0000032a      0x19a ./utilities/fsl_debug_console.o
 .debug_abbrev  0x000004c4      0x147 ./startup/startup_mimxrt1052.o
 .debug_abbrev  0x0000060b      0x239 ./source/EVKBimxrt1050_PWM_eadc_sample.o
 .debug_abbrev  0x00000844      0x165 ./source/adc.o
 .debug_abbrev  0x000009a9      0x1d4 ./source/pwm.o
 .debug_abbrev  0x00000b7d       0x31 ./source/semihost_hardfault.o
 .debug_abbrev  0x00000bae       0xee ./source/xbara.o
 .debug_abbrev  0x00000c9c      0x28d ./drivers/fsl_adc.o
 .debug_abbrev  0x00000f29      0x1f6 ./drivers/fsl_adc_etc.o
 .debug_abbrev  0x0000111f      0x3c1 ./drivers/fsl_clock.o
 .debug_abbrev  0x000014e0      0x348 ./drivers/fsl_lpuart.o
 .debug_abbrev  0x00001828      0x297 ./drivers/fsl_pwm.o
 .debug_abbrev  0x00001abf      0x21f ./drivers/fsl_xbara.o
 .debug_abbrev  0x00001cde      0x19a ./device/system_MIMXRT1052.o
 .debug_abbrev  0x00001e78      0x1b0 ./component/uart/lpuart_adapter.o
 .debug_abbrev  0x00002028      0x17d ./component/serial_manager/serial_manager.o
 .debug_abbrev  0x000021a5      0x160 ./component/serial_manager/serial_port_uart.o
 .debug_abbrev  0x00002305      0x2ea ./board/boards/board.o
 .debug_abbrev  0x000025ef      0x218 ./board/boards/clock_config.o
 .debug_abbrev  0x00002807       0x4b ./board/boards/peripherals.o
 .debug_abbrev  0x00002852      0x1a2 ./board/boards/pin_mux.o

.debug_aranges  0x00000000      0xe78
 .debug_aranges
                0x00000000       0x18 ./xip/evkbimxrt1050_flexspi_nor_config.o
 .debug_aranges
                0x00000018       0x18 ./xip/evkbimxrt1050_sdram_ini_dcd.o
 .debug_aranges
                0x00000030       0x18 ./xip/fsl_flexspi_nor_boot.o
 .debug_aranges
                0x00000048       0x50 ./utilities/fsl_debug_console.o
 .debug_aranges
                0x00000098      0x520 ./startup/startup_mimxrt1052.o
 .debug_aranges
                0x000005b8       0x48 ./source/EVKBimxrt1050_PWM_eadc_sample.o
 .debug_aranges
                0x00000600       0x28 ./source/adc.o
 .debug_aranges
                0x00000628       0x38 ./source/pwm.o
 .debug_aranges
                0x00000660       0x20 ./source/semihost_hardfault.o
 .debug_aranges
                0x00000680       0x20 ./source/xbara.o
 .debug_aranges
                0x000006a0       0xa0 ./drivers/fsl_adc.o
 .debug_aranges
                0x00000740       0x60 ./drivers/fsl_adc_etc.o
 .debug_aranges
                0x000007a0      0x178 ./drivers/fsl_clock.o
 .debug_aranges
                0x00000918      0x160 ./drivers/fsl_lpuart.o
 .debug_aranges
                0x00000a78       0xa0 ./drivers/fsl_pwm.o
 .debug_aranges
                0x00000b18       0x68 ./drivers/fsl_xbara.o
 .debug_aranges
                0x00000b80       0x40 ./device/system_MIMXRT1052.o
 .debug_aranges
                0x00000bc0       0x40 ./component/uart/lpuart_adapter.o
 .debug_aranges
                0x00000c00       0x88 ./component/serial_manager/serial_manager.o
 .debug_aranges
                0x00000c88       0x38 ./component/serial_manager/serial_port_uart.o
 .debug_aranges
                0x00000cc0       0x90 ./board/boards/board.o
 .debug_aranges
                0x00000d50       0x78 ./board/boards/clock_config.o
 .debug_aranges
                0x00000dc8       0x28 ./board/boards/peripherals.o
 .debug_aranges
                0x00000df0       0x88 ./board/boards/pin_mux.o

.debug_macro    0x00000000    0x2c132
 .debug_macro   0x00000000      0x118 ./xip/evkbimxrt1050_flexspi_nor_config.o
 .debug_macro   0x00000118      0xade ./xip/evkbimxrt1050_flexspi_nor_config.o
 .debug_macro   0x00000bf6       0x10 ./xip/evkbimxrt1050_flexspi_nor_config.o
 .debug_macro   0x00000c06      0x12e ./xip/evkbimxrt1050_flexspi_nor_config.o
 .debug_macro   0x00000d34      0x5b3 ./xip/evkbimxrt1050_flexspi_nor_config.o
 .debug_macro   0x000012e7       0x22 ./xip/evkbimxrt1050_flexspi_nor_config.o
 .debug_macro   0x00001309       0x16 ./xip/evkbimxrt1050_flexspi_nor_config.o
 .debug_macro   0x0000131f       0x22 ./xip/evkbimxrt1050_flexspi_nor_config.o
 .debug_macro   0x00001341       0x10 ./xip/evkbimxrt1050_flexspi_nor_config.o
 .debug_macro   0x00001351       0x4d ./xip/evkbimxrt1050_flexspi_nor_config.o
 .debug_macro   0x0000139e       0x1c ./xip/evkbimxrt1050_flexspi_nor_config.o
 .debug_macro   0x000013ba       0x22 ./xip/evkbimxrt1050_flexspi_nor_config.o
 .debug_macro   0x000013dc       0xdf ./xip/evkbimxrt1050_flexspi_nor_config.o
 .debug_macro   0x000014bb     0x1295 ./xip/evkbimxrt1050_flexspi_nor_config.o
 .debug_macro   0x00002750       0xe2 ./xip/evkbimxrt1050_flexspi_nor_config.o
 .debug_macro   0x00002832       0x19 ./xip/evkbimxrt1050_flexspi_nor_config.o
 .debug_macro   0x0000284b       0x22 ./xip/evkbimxrt1050_flexspi_nor_config.o
 .debug_macro   0x0000286d    0x24d8a ./xip/evkbimxrt1050_flexspi_nor_config.o
 .debug_macro   0x000275f7      0x696 ./xip/evkbimxrt1050_flexspi_nor_config.o
 .debug_macro   0x00027c8d       0xd0 ./xip/evkbimxrt1050_flexspi_nor_config.o
 .debug_macro   0x00027d5d      0x224 ./xip/evkbimxrt1050_flexspi_nor_config.o
 .debug_macro   0x00027f81      0x1a4 ./xip/evkbimxrt1050_flexspi_nor_config.o
 .debug_macro   0x00028125       0x51 ./xip/evkbimxrt1050_sdram_ini_dcd.o
 .debug_macro   0x00028176       0x22 ./xip/evkbimxrt1050_sdram_ini_dcd.o
 .debug_macro   0x00028198      0x143 ./xip/fsl_flexspi_nor_boot.o
 .debug_macro   0x000282db      0x124 ./xip/fsl_flexspi_nor_boot.o
 .debug_macro   0x000283ff       0x10 ./xip/fsl_flexspi_nor_boot.o
 .debug_macro   0x0002840f      0x299 ./xip/fsl_flexspi_nor_boot.o
 .debug_macro   0x000286a8       0x7c ./xip/fsl_flexspi_nor_boot.o
 .debug_macro   0x00028724      0x193 ./utilities/fsl_debug_console.o
 .debug_macro   0x000288b7       0x16 ./utilities/fsl_debug_console.o
 .debug_macro   0x000288cd       0x10 ./utilities/fsl_debug_console.o
 .debug_macro   0x000288dd       0x28 ./utilities/fsl_debug_console.o
 .debug_macro   0x00028905       0x56 ./utilities/fsl_debug_console.o
 .debug_macro   0x0002895b       0x34 ./utilities/fsl_debug_console.o
 .debug_macro   0x0002898f       0x10 ./utilities/fsl_debug_console.o
 .debug_macro   0x0002899f       0x32 ./utilities/fsl_debug_console.o
 .debug_macro   0x000289d1       0x1c ./utilities/fsl_debug_console.o
 .debug_macro   0x000289ed       0xd2 ./utilities/fsl_debug_console.o
 .debug_macro   0x00028abf       0x1c ./utilities/fsl_debug_console.o
 .debug_macro   0x00028adb       0x29 ./startup/startup_mimxrt1052.o
 .debug_macro   0x00028b04      0x1b4 ./source/EVKBimxrt1050_PWM_eadc_sample.o
 .debug_macro   0x00028cb8       0xd8 ./source/EVKBimxrt1050_PWM_eadc_sample.o
 .debug_macro   0x00028d90      0x7d4 ./source/EVKBimxrt1050_PWM_eadc_sample.o
 .debug_macro   0x00029564       0x2e ./source/EVKBimxrt1050_PWM_eadc_sample.o
 .debug_macro   0x00029592       0x10 ./source/EVKBimxrt1050_PWM_eadc_sample.o
 .debug_macro   0x000295a2       0x16 ./source/EVKBimxrt1050_PWM_eadc_sample.o
 .debug_macro   0x000295b8       0x16 ./source/EVKBimxrt1050_PWM_eadc_sample.o
 .debug_macro   0x000295ce       0x1c ./source/EVKBimxrt1050_PWM_eadc_sample.o
 .debug_macro   0x000295ea      0x162 ./source/adc.o
 .debug_macro   0x0002974c       0x1c ./source/adc.o
 .debug_macro   0x00029768       0x16 ./source/adc.o
 .debug_macro   0x0002977e      0x158 ./source/pwm.o
 .debug_macro   0x000298d6       0x10 ./source/pwm.o
 .debug_macro   0x000298e6       0x11 ./source/semihost_hardfault.o
 .debug_macro   0x000298f7      0x116 ./source/xbara.o
 .debug_macro   0x00029a0d       0x16 ./source/xbara.o
 .debug_macro   0x00029a23      0x113 ./drivers/fsl_adc.o
 .debug_macro   0x00029b36      0x112 ./drivers/fsl_adc_etc.o
 .debug_macro   0x00029c48       0x10 ./drivers/fsl_adc_etc.o