Archive member included to satisfy reference by file (symbol)

e:/nxp/mcuxpressoide_11.0.1_2563/ide/plugins/com.nxp.mcuxpresso.tools.win32_11.0.1.201907311258/tools/bin/../lib/gcc/arm-none-eabi/8.2.1/../../../../arm-none-eabi/lib/thumb/v7e-m+fp/hard\libcr_semihost_nf.a(_cr__main.o)
                              ./startup/startup_mimxrt1052.o (__main)
e:/nxp/mcuxpressoide_11.0.1_2563/ide/plugins/com.nxp.mcuxpresso.tools.win32_11.0.1.201907311258/tools/bin/../lib/gcc/arm-none-eabi/8.2.1/../../../../arm-none-eabi/lib/thumb/v7e-m+fp/hard\libcr_semihost_nf.a(_cr_assert.o)
                              ./utilities/fsl_debug_console.o (__assertion_failed)
e:/nxp/mcuxpressoide_11.0.1_2563/ide/plugins/com.nxp.mcuxpresso.tools.win32_11.0.1.201907311258/tools/bin/../lib/gcc/arm-none-eabi/8.2.1/../../../../arm-none-eabi/lib/thumb/v7e-m+fp/hard\libcr_semihost_nf.a(__ciob.o)
                              e:/nxp/mcuxpressoide_11.0.1_2563/ide/plugins/com.nxp.mcuxpresso.tools.win32_11.0.1.201907311258/tools/bin/../lib/gcc/arm-none-eabi/8.2.1/../../../../arm-none-eabi/lib/thumb/v7e-m+fp/hard\libcr_semihost_nf.a(_cr_assert.o) (__Ciob)
e:/nxp/mcuxpressoide_11.0.1_2563/ide/plugins/com.nxp.mcuxpresso.tools.win32_11.0.1.201907311258/tools/bin/../lib/gcc/arm-none-eabi/8.2.1/../../../../arm-none-eabi/lib/thumb/v7e-m+fp/hard\libcr_semihost_nf.a(__sys_appexit.o)
                              e:/nxp/mcuxpressoide_11.0.1_2563/ide/plugins/com.nxp.mcuxpresso.tools.win32_11.0.1.201907311258/tools/bin/../lib/gcc/arm-none-eabi/8.2.1/../../../../arm-none-eabi/lib/thumb/v7e-m+fp/hard\libcr_semihost_nf.a(_cr_assert.o) (__sys_appexit)
e:/nxp/mcuxpressoide_11.0.1_2563/ide/plugins/com.nxp.mcuxpresso.tools.win32_11.0.1.201907311258/tools/bin/../lib/gcc/arm-none-eabi/8.2.1/../../../../arm-none-eabi/lib/thumb/v7e-m+fp/hard\libcr_c.a(memset.o)
                              ./utilities/fsl_debug_console.o (memset)
e:/nxp/mcuxpressoide_11.0.1_2563/ide/plugins/com.nxp.mcuxpresso.tools.win32_11.0.1.201907311258/tools/bin/../lib/gcc/arm-none-eabi/8.2.1/../../../../arm-none-eabi/lib/thumb/v7e-m+fp/hard\libcr_c.a(_deferredlazyseek.o)
                              e:/nxp/mcuxpressoide_11.0.1_2563/ide/plugins/com.nxp.mcuxpresso.tools.win32_11.0.1.201907311258/tools/bin/../lib/gcc/arm-none-eabi/8.2.1/../../../../arm-none-eabi/lib/thumb/v7e-m+fp/hard\libcr_semihost_nf.a(_cr_assert.o) (__flsbuf)
e:/nxp/mcuxpressoide_11.0.1_2563/ide/plugins/com.nxp.mcuxpresso.tools.win32_11.0.1.201907311258/tools/bin/../lib/gcc/arm-none-eabi/8.2.1/../../../../arm-none-eabi/lib/thumb/v7e-m+fp/hard\libcr_c.a(_fflush.o)
                              e:/nxp/mcuxpressoide_11.0.1_2563/ide/plugins/com.nxp.mcuxpresso.tools.win32_11.0.1.201907311258/tools/bin/../lib/gcc/arm-none-eabi/8.2.1/../../../../arm-none-eabi/lib/thumb/v7e-m+fp/hard\libcr_c.a(_deferredlazyseek.o) (_fflush)
e:/nxp/mcuxpressoide_11.0.1_2563/ide/plugins/com.nxp.mcuxpresso.tools.win32_11.0.1.201907311258/tools/bin/../lib/gcc/arm-none-eabi/8.2.1/../../../../arm-none-eabi/lib/thumb/v7e-m+fp/hard\libcr_c.a(_writebuf.o)
                              e:/nxp/mcuxpressoide_11.0.1_2563/ide/plugins/com.nxp.mcuxpresso.tools.win32_11.0.1.201907311258/tools/bin/../lib/gcc/arm-none-eabi/8.2.1/../../../../arm-none-eabi/lib/thumb/v7e-m+fp/hard\libcr_c.a(_deferredlazyseek.o) (_Cwritebuf)
e:/nxp/mcuxpressoide_11.0.1_2563/ide/plugins/com.nxp.mcuxpresso.tools.win32_11.0.1.201907311258/tools/bin/../lib/gcc/arm-none-eabi/8.2.1/../../../../arm-none-eabi/lib/thumb/v7e-m+fp/hard\libcr_c.a(alloc.o)
                              ./drivers/fsl_common.o (malloc)
e:/nxp/mcuxpressoide_11.0.1_2563/ide/plugins/com.nxp.mcuxpresso.tools.win32_11.0.1.201907311258/tools/bin/../lib/gcc/arm-none-eabi/8.2.1/../../../../arm-none-eabi/lib/thumb/v7e-m+fp/hard\libcr_c.a(fputs.o)
                              e:/nxp/mcuxpressoide_11.0.1_2563/ide/plugins/com.nxp.mcuxpresso.tools.win32_11.0.1.201907311258/tools/bin/../lib/gcc/arm-none-eabi/8.2.1/../../../../arm-none-eabi/lib/thumb/v7e-m+fp/hard\libcr_semihost_nf.a(_cr_assert.o) (fputs)
e:/nxp/mcuxpressoide_11.0.1_2563/ide/plugins/com.nxp.mcuxpresso.tools.win32_11.0.1.201907311258/tools/bin/../lib/gcc/arm-none-eabi/8.2.1/../../../../arm-none-eabi/lib/thumb/v7e-m+fp/hard\libcr_c.a(fseek.o)
                              e:/nxp/mcuxpressoide_11.0.1_2563/ide/plugins/com.nxp.mcuxpresso.tools.win32_11.0.1.201907311258/tools/bin/../lib/gcc/arm-none-eabi/8.2.1/../../../../arm-none-eabi/lib/thumb/v7e-m+fp/hard\libcr_c.a(_deferredlazyseek.o) (fseek)
e:/nxp/mcuxpressoide_11.0.1_2563/ide/plugins/com.nxp.mcuxpresso.tools.win32_11.0.1.201907311258/tools/bin/../lib/gcc/arm-none-eabi/8.2.1/../../../../arm-none-eabi/lib/thumb/v7e-m+fp/hard\libcr_c.a(ftell.o)
                              e:/nxp/mcuxpressoide_11.0.1_2563/ide/plugins/com.nxp.mcuxpresso.tools.win32_11.0.1.201907311258/tools/bin/../lib/gcc/arm-none-eabi/8.2.1/../../../../arm-none-eabi/lib/thumb/v7e-m+fp/hard\libcr_c.a(fseek.o) (ftell)
[...]
Memory Configuration

Name             Origin             Length             Attributes
BOARD_FLASH      0x60000000         0x04000000         xr
SRAM_DTC         0x20000000         0x00020000         xrw
SRAM_ITC         0x00000000         0x00020000         xrw
SRAM_OC          0x20200000         0x00040000         xrw
BOARD_SDRAM      0x80000000         0x02000000         xrw
*default*        0x00000000         0xffffffff

Linker script and memory map

LOAD ./xip/evkbimxrt1050_flexspi_nor_config.o
LOAD ./xip/evkbimxrt1050_sdram_ini_dcd.o
LOAD ./xip/fsl_flexspi_nor_boot.o
LOAD ./utilities/fsl_debug_console.o
LOAD ./utilities/fsl_str.o
LOAD ./startup/startup_mimxrt1052.o
LOAD ./source/EVKBimxrt1050_PWM_eadc_sample.o
LOAD ./source/adc.o
LOAD ./source/eadc.o
LOAD ./source/pwm.o
LOAD ./source/semihost_hardfault.o
LOAD ./source/xbara.o
LOAD ./drivers/fsl_adc.o
LOAD ./drivers/fsl_adc_etc.o
LOAD ./drivers/fsl_clock.o
LOAD ./drivers/fsl_common.o
LOAD ./drivers/fsl_gpio.o
LOAD ./drivers/fsl_lpuart.o
LOAD ./drivers/fsl_pwm.o
LOAD ./drivers/fsl_xbara.o
LOAD ./drivers/fsl_xbarb.o
LOAD ./device/system_MIMXRT1052.o
LOAD ./component/uart/lpuart_adapter.o
LOAD ./component/serial_manager/serial_manager.o
LOAD ./component/serial_manager/serial_port_uart.o
LOAD ./component/lists/generic_list.o
LOAD ./board/boards/board.o
LOAD ./board/boards/clock_config.o
LOAD ./board/boards/peripherals.o
LOAD ./board/boards/pin_mux.o
START GROUP
LOAD e:/nxp/mcuxpressoide_11.0.1_2563/ide/plugins/com.nxp.mcuxpresso.tools.win32_11.0.1.201907311258/tools/bin/../lib/gcc/arm-none-eabi/8.2.1/../../../../arm-none-eabi/lib/thumb/v7e-m+fp/hard\libcr_semihost_nf.a
LOAD e:/nxp/mcuxpressoide_11.0.1_2563/ide/plugins/com.nxp.mcuxpresso.tools.win32_11.0.1.201907311258/tools/bin/../lib/gcc/arm-none-eabi/8.2.1/../../../../arm-none-eabi/lib/thumb/v7e-m+fp/hard\libcr_c.a
LOAD e:/nxp/mcuxpressoide_11.0.1_2563/ide/plugins/com.nxp.mcuxpresso.tools.win32_11.0.1.201907311258/tools/bin/../lib/gcc/arm-none-eabi/8.2.1/thumb/v7e-m+fp/hard\libcr_eabihelpers.a
LOAD e:/nxp/mcuxpressoide_11.0.1_2563/ide/plugins/com.nxp.mcuxpresso.tools.win32_11.0.1.201907311258/tools/bin/../lib/gcc/arm-none-eabi/8.2.1/thumb/v7e-m+fp/hard\libgcc.a
END GROUP
                0x60000000                __base_BOARD_FLASH = 0x60000000
                0x60000000                __base_Flash = 0x60000000
                0x64000000                __top_BOARD_FLASH = 0x64000000
                0x64000000                __top_Flash = 0x64000000
                0x20000000                __base_SRAM_DTC = 0x20000000
                0x20000000                __base_RAM = 0x20000000
                0x20020000                __top_SRAM_DTC = 0x20020000
                0x20020000                __top_RAM = 0x20020000
                0x00000000                __base_SRAM_ITC = 0x0
                0x00000000                __base_RAM2 = 0x0
                0x00020000                __top_SRAM_ITC = 0x20000
                0x00020000                __top_RAM2 = 0x20000
                0x20200000                __base_SRAM_OC = 0x20200000
                0x20200000                __base_RAM3 = 0x20200000
                0x20240000                __top_SRAM_OC = 0x20240000
                0x20240000                __top_RAM3 = 0x20240000
                0x80000000                __base_BOARD_SDRAM = 0x80000000
                0x80000000                __base_RAM4 = 0x80000000
                0x82000000                __top_BOARD_SDRAM = 0x82000000
                0x82000000                __top_RAM4 = 0x82000000

.boot_hdr       0x60000000     0x2000
 FILL mask 0xff
                0x60000000                __boot_hdr_start__ = ABSOLUTE (.)
 *(SORT_BY_ALIGNMENT(.boot_hdr.conf))
 .boot_hdr.conf
                0x60000000      0x200 ./xip/evkbimxrt1050_flexspi_nor_config.o
                0x60000000                hyperflash_config
                0x00001000                . = 0x1000
 *fill*         0x60000200      0xe00 ff
 *(SORT_BY_ALIGNMENT(.boot_hdr.ivt))
 .boot_hdr.ivt  0x60001000       0x20 ./xip/fsl_flexspi_nor_boot.o
                0x60001000                image_vector_table
                0x00001020                . = 0x1020
 *(SORT_BY_ALIGNMENT(.boot_hdr.boot_data))
 .boot_hdr.boot_data
                0x60001020       0x10 ./xip/fsl_flexspi_nor_boot.o
                0x60001020                boot_data
                0x00001030                . = 0x1030
 *(SORT_BY_ALIGNMENT(.boot_hdr.dcd_data))
                0x00001030                __boot_hdr_end__ = ABSOLUTE (.)
                0x00002000                . = 0x2000
 *fill*         0x60001030      0xfd0 ff

.text           0x60002000     0x7730
 FILL mask 0xff
                0x60002000                __vectors_start__ = ABSOLUTE (.)
 *(SORT_BY_ALIGNMENT(.isr_vector))
 .isr_vector    0x60002000      0x2a0 ./startup/startup_mimxrt1052.o
                0x60002000                g_pfnVectors
                0x60002000                __Vectors
                0x600022a0                . = ALIGN (0x4)
                0x600022a0                __section_table_start = .
                0x600022a0                __data_section_table = .
                0x600022a0        0x4 LONG 0x60009730 LOADADDR (.data)
                0x600022a4        0x4 LONG 0x20000000 ADDR (.data)
                0x600022a8        0x4 LONG 0x4 SIZEOF (.data)
                0x600022ac        0x4 LONG 0x60009730 LOADADDR (.data_RAM2)
                0x600022b0        0x4 LONG 0x0 ADDR (.data_RAM2)
                0x600022b4        0x4 LONG 0x0 SIZEOF (.data_RAM2)
                0x600022b8        0x4 LONG 0x60009730 LOADADDR (.data_RAM3)
                0x600022bc        0x4 LONG 0x20200000 ADDR (.data_RAM3)
                0x600022c0        0x4 LONG 0x0 SIZEOF (.data_RAM3)
                0x600022c4        0x4 LONG 0x60009730 LOADADDR (.data_RAM4)
                0x600022c8        0x4 LONG 0x80000000 ADDR (.data_RAM4)
                0x600022cc        0x4 LONG 0x0 SIZEOF (.data_RAM4)
                0x600022d0                __data_section_table_end = .
                0x600022d0                __bss_section_table = .
                0x600022d0        0x4 LONG 0x20000004 ADDR (.bss)
                0x600022d4        0x4 LONG 0x118 SIZEOF (.bss)
                0x600022d8        0x4 LONG 0x0 ADDR (.bss_RAM2)
                0x600022dc        0x4 LONG 0x0 SIZEOF (.bss_RAM2)
                0x600022e0        0x4 LONG 0x20200000 ADDR (.bss_RAM3)
                0x600022e4        0x4 LONG 0x0 SIZEOF (.bss_RAM3)
                0x600022e8        0x4 LONG 0x80000000 ADDR (.bss_RAM4)
                0x600022ec        0x4 LONG 0x0 SIZEOF (.bss_RAM4)
                0x600022f0                __bss_section_table_end = .
                0x600022f0                __section_table_end = .
 *(SORT_BY_ALIGNMENT(.after_vectors*))
 .after_vectors.reset
                0x600022f0       0x4c ./startup/startup_mimxrt1052.o
                0x600022f0                ResetISR
 .after_vectors.init_data
                0x6000233c       0x1e ./startup/startup_mimxrt1052.o
                0x6000233c                data_init
 .after_vectors.init_bss
                0x6000235a       0x12 ./startup/startup_mimxrt1052.o
                0x6000235a                bss_init
 .after_vectors
                0x6000236c        0xc ./startup/startup_mimxrt1052.o
                0x6000236c                NMI_Handler
                0x60002370                SVC_Handler
                0x60002372                PendSV_Handler
                0x60002374                SysTick_Handler
                0x60002376                LCDIF_DriverIRQHandler
                0x60002376                SAI3_RX_DriverIRQHandler
                0x60002376                CCM_2_DriverIRQHandler
                0x60002376                PIT_DriverIRQHandler
                0x60002376                PMU_EVENT_DriverIRQHandler
                0x60002376                LPSPI2_DriverIRQHandler
                0x60002376                DMA13_DMA29_DriverIRQHandler
                0x60002376                FLEXRAM_DriverIRQHandler
                0x60002376                LPSPI4_DriverIRQHandler
                0x60002376                SEMC_DriverIRQHandler
                0x60002376                SPDIF_DriverIRQHandler
                0x60002376                Reserved87_DriverIRQHandler
                0x60002376                PWM4_3_DriverIRQHandler
                0x60002376                KPP_DriverIRQHandler
                0x60002376                PWM4_FAULT_DriverIRQHandler
                0x60002376                USB_PHY1_DriverIRQHandler
                0x60002376                GPIO3_Combined_0_15_DriverIRQHandler
                0x60002376                DMA7_DMA23_DriverIRQHandler
                0x60002376                BEE_DriverIRQHandler
                0x60002376                LPI2C3_DriverIRQHandler
                0x60002376                GPR_IRQ_DriverIRQHandler
                0x60002376                PWM2_FAULT_DriverIRQHandler
                0x60002376                PWM3_1_DriverIRQHandler
                0x60002376                DMA14_DMA30_DriverIRQHandler
                0x60002376                TMR1_DriverIRQHandler
                0x60002376                TRNG_DriverIRQHandler
                0x60002376                PWM3_2_DriverIRQHandler
                0x60002376                ENET_1588_Timer_DriverIRQHandler
                0x60002376                FLEXIO2_DriverIRQHandler
                0x60002376                GPIO2_Combined_16_31_DriverIRQHandler
                0x60002376                Reserved143_DriverIRQHandler
                0x60002376                PWM4_1_DriverIRQHandler
                0x60002376                PWM3_3_DriverIRQHandler
                0x60002376                DMA0_DMA16_DriverIRQHandler
                0x60002376                IntDefaultHandler
                0x60002376                DMA2_DMA18_DriverIRQHandler
                0x60002376                SRC_DriverIRQHandler
                0x60002376                GPIO1_INT4_DriverIRQHandler
                0x60002376                Reserved144_DriverIRQHandler
                0x60002376                USDHC1_DriverIRQHandler
                0x60002376                ENC3_DriverIRQHandler
                0x60002376                PWM3_FAULT_DriverIRQHandler
                0x60002376                EWM_DriverIRQHandler
                0x60002376                TSC_DIG_DriverIRQHandler
                0x60002376                WDOG1_DriverIRQHandler
                0x60002376                FLEXIO1_DriverIRQHandler
                0x60002376                ENET_DriverIRQHandler
                0x60002376                Reserved78_DriverIRQHandler
                0x60002376                TMR4_DriverIRQHandler
                0x60002376                ENC2_DriverIRQHandler
                0x60002376                ADC_ETC_IRQ2_DriverIRQHandler
                0x60002376                GPIO1_Combined_16_31_DriverIRQHandler
                0x60002376                GPIO1_INT7_DriverIRQHandler
                0x60002376                SAI1_DriverIRQHandler
                0x60002376                DCDC_DriverIRQHandler
                0x60002376                DMA12_DMA28_DriverIRQHandler
                0x60002376                PWM4_0_DriverIRQHandler
                0x60002376                ADC_ETC_ERROR_IRQ_DriverIRQHandler
                0x60002376                ACMP2_DriverIRQHandler
                0x60002376                GPIO5_Combined_0_15_DriverIRQHandler
                0x60002376                GPIO1_INT0_DriverIRQHandler
                0x60002376                GPIO1_INT2_DriverIRQHandler
                0x60002376                RTWDOG_DriverIRQHandler
                0x60002376                FLEXSPI_DriverIRQHandler
                0x60002376                GPT2_DriverIRQHandler
                0x60002376                USB_PHY2_DriverIRQHandler
                0x60002376                DMA10_DMA26_DriverIRQHandler
                0x60002376                PWM2_1_DriverIRQHandler
                0x60002376                PWM1_1_DriverIRQHandler
                0x60002376                PXP_DriverIRQHandler
                0x60002376                ADC1_DriverIRQHandler
                0x60002376                PWM1_0_DriverIRQHandler
                0x60002376                SJC_DriverIRQHandler
                0x60002376                DMA1_DMA17_DriverIRQHandler
                0x60002376                ENC1_DriverIRQHandler
                0x60002376                ENC4_DriverIRQHandler
                0x60002376                CAN2_DriverIRQHandler
                0x60002376                DCP_DriverIRQHandler
                0x60002376                CTI0_ERROR_DriverIRQHandler
                0x60002376                DMA8_DMA24_DriverIRQHandler
                0x60002376                GPT1_DriverIRQHandler
                0x60002376                ACMP3_DriverIRQHandler
                0x60002376                DMA6_DMA22_DriverIRQHandler
                0x60002376                CSU_DriverIRQHandler
                0x60002376                GPIO1_INT5_DriverIRQHandler
                0x60002376                TMR3_DriverIRQHandler
                0x60002376                TMR2_DriverIRQHandler
                0x60002376                CTI1_ERROR_DriverIRQHandler
                0x60002376                GPIO1_Combined_0_15_DriverIRQHandler
                0x60002376                USDHC2_DriverIRQHandler
                0x60002376                PWM4_2_DriverIRQHandler
                0x60002376                SAI2_DriverIRQHandler
                0x60002376                CORE_DriverIRQHandler
                0x60002376                ACMP4_DriverIRQHandler
                0x60002376                DMA11_DMA27_DriverIRQHandler
                0x60002376                CSI_DriverIRQHandler
                0x60002376                PWM2_3_DriverIRQHandler
                0x60002376                XBAR1_IRQ_2_3_DriverIRQHandler
                0x60002376                SNVS_HP_WRAPPER_TZ_DriverIRQHandler
                0x60002376                GPIO3_Combined_16_31_DriverIRQHandler
                0x60002376                PWM1_FAULT_DriverIRQHandler
                0x60002376                LPI2C1_DriverIRQHandler
                0x60002376                PWM2_2_DriverIRQHandler
                0x60002376                DMA4_DMA20_DriverIRQHandler
                0x60002376                DMA9_DMA25_DriverIRQHandler
                0x60002376                SNVS_HP_WRAPPER_DriverIRQHandler
                0x60002376                XBAR1_IRQ_0_1_DriverIRQHandler
                0x60002376                ADC_ETC_IRQ1_DriverIRQHandler
                0x60002376                LPSPI1_DriverIRQHandler
                0x60002376                DMA3_DMA19_DriverIRQHandler
                0x60002376                GPIO1_INT3_DriverIRQHandler
                0x60002376                DCP_VMI_DriverIRQHandler
                0x60002376                LPI2C4_DriverIRQHandler
                0x60002376                GPC_DriverIRQHandler
                0x60002376                Reserved123_DriverIRQHandler
                0x60002376                GPIO2_Combined_0_15_DriverIRQHandler
                0x60002376                PWM1_2_DriverIRQHandler
                0x60002376                USB_OTG1_DriverIRQHandler
                0x60002376                TEMP_LOW_HIGH_DriverIRQHandler
                0x60002376                SAI3_TX_DriverIRQHandler
                0x60002376                WDOG2_DriverIRQHandler
                0x60002376                Reserved68_DriverIRQHandler
                0x60002376                PWM3_0_DriverIRQHandler
                0x60002376                GPIO4_Combined_0_15_DriverIRQHandler
                0x60002376                GPIO4_Combined_16_31_DriverIRQHandler
                0x60002376                GPIO5_Combined_16_31_DriverIRQHandler
                0x60002376                DMA5_DMA21_DriverIRQHandler
                0x60002376                CCM_1_DriverIRQHandler
                0x60002376                ADC2_DriverIRQHandler
                0x60002376                Reserved115_DriverIRQHandler
                0x60002376                TEMP_PANIC_DriverIRQHandler
                0x60002376                DMA15_DMA31_DriverIRQHandler
                0x60002376                LPSPI3_DriverIRQHandler
                0x60002376                PWM1_3_DriverIRQHandler
                0x60002376                ACMP1_DriverIRQHandler
                0x60002376                LPI2C2_DriverIRQHandler
                0x60002376                Reserved86_DriverIRQHandler
                0x60002376                DMA_ERROR_DriverIRQHandler
                0x60002376                ADC_ETC_IRQ0_DriverIRQHandler
                0x60002376                CAN1_DriverIRQHandler
                0x60002376                GPIO1_INT6_DriverIRQHandler
                0x60002376                GPIO1_INT1_DriverIRQHandler
                0x60002376                PWM2_0_DriverIRQHandler
                0x60002376                SNVS_LP_WRAPPER_DriverIRQHandler
                0x60002376                USB_OTG2_DriverIRQHandler
 *(SORT_BY_ALIGNMENT(.text*))
 .text.flexPWMSetup
                0x60002378       0xc4 ./source/pwm.o
                0x60002378                flexPWMSetup
 .text.DbgConsole_Init
                0x6000243c      0x104 ./utilities/fsl_debug_console.o
                0x6000243c                DbgConsole_Init
 .text.ADC_ETC_IRQ0_IRQHandler
                0x60002540       0x38 ./source/EVKBimxrt1050_PWM_eadc_sample.o
                0x60002540                ADC_ETC_IRQ0_IRQHandler
 .text.ADC_ETC_IRQ1_IRQHandler
                0x60002578       0x38 ./source/EVKBimxrt1050_PWM_eadc_sample.o
                0x60002578                ADC_ETC_IRQ1_IRQHandler
 .text.main     0x600025b0       0x80 ./source/EVKBimxrt1050_PWM_eadc_sample.o
                0x600025b0                main
 .text.ADC_Configuration
                0x60002630       0x74 ./source/adc.o
                0x60002630                ADC_Configuration
 .text.__NVIC_EnableIRQ
                0x600026a4       0x3c ./source/eadc.o
 .text.ADC_etc_Configuration
                0x600026e0       0x94 ./source/eadc.o
                0x600026e0                ADC_etc_Configuration
 .text.flexPWMInit
                0x60002774       0x74 ./source/pwm.o
                0x60002774                flexPWMInit
 .text.XBARA_Configuration
                0x600027e8       0x58 ./source/xbara.o
                0x600027e8                XBARA_Configuration
 .text.CLOCK_ControlGate
                0x60002840       0x64 ./drivers/fsl_adc.o
 .text.ADC_GetChannelConversionValue
                0x600028a4       0x30 ./drivers/fsl_adc.o
 .text.ADC_GetChannelStatusFlags
                0x600028d4       0x38 ./drivers/fsl_adc.o
 .text.ADC_GetInstance
                0x6000290c       0x4c ./drivers/fsl_adc.o
 .text.ADC_Init
                0x60002958       0xf8 ./drivers/fsl_adc.o
                0x60002958                ADC_Init
 .text.ADC_GetDefaultConfig
                0x60002a50       0x6c ./drivers/fsl_adc.o
                0x60002a50                ADC_GetDefaultConfig
 .text.ADC_SetChannelConfig
                0x60002abc       0x58 ./drivers/fsl_adc.o
                0x60002abc                ADC_SetChannelConfig
 .text.ADC_ETC_Init
                0x60002b14       0x98 ./drivers/fsl_adc_etc.o
                0x60002b14                ADC_ETC_Init
 .text.ADC_ETC_SetTriggerConfig
                0x60002bac       0xa4 ./drivers/fsl_adc_etc.o
                0x60002bac                ADC_ETC_SetTriggerConfig
 .text.ADC_ETC_SetTriggerChainConfig
                0x60002c50      0x1e0 ./drivers/fsl_adc_etc.o
                0x60002c50                ADC_ETC_SetTriggerChainConfig
 .text.ADC_ETC_GetADCConversionValue
                0x60002e30      0x138 ./drivers/fsl_adc_etc.o
                0x60002e30                ADC_ETC_GetADCConversionValue
 .text.CLOCK_GetOscFreq
                0x60002f68       0x30 ./drivers/fsl_clock.o
 .text.CLOCK_GetPeriphClkFreq
                0x60002f98       0xe0 ./drivers/fsl_clock.o
 .text.CLOCK_InitExternalClk
                0x60003078       0x6c ./drivers/fsl_clock.o
                0x60003078                CLOCK_InitExternalClk
 .text.CLOCK_SwitchOsc
                0x600030e4       0x34 ./drivers/fsl_clock.o
                0x600030e4                CLOCK_SwitchOsc
 .text.CLOCK_InitRcOsc24M
                0x60003118       0x24 ./drivers/fsl_clock.o
                0x60003118                CLOCK_InitRcOsc24M
 .text.CLOCK_GetAhbFreq
                0x6000313c       0x24 ./drivers/fsl_clock.o
                0x6000313c                CLOCK_GetAhbFreq
 .text.CLOCK_GetSemcFreq
                0x60003160       0x5c ./drivers/fsl_clock.o
                0x60003160                CLOCK_GetSemcFreq
 .text.CLOCK_GetIpgFreq
                0x600031bc       0x24 ./drivers/fsl_clock.o
                0x600031bc                CLOCK_GetIpgFreq
 .text.CLOCK_GetPerClkFreq
                0x600031e0       0x44 ./drivers/fsl_clock.o
                0x600031e0                CLOCK_GetPerClkFreq
 .text.CLOCK_GetFreq
                0x60003224      0x170 ./drivers/fsl_clock.o
                0x60003224                CLOCK_GetFreq
 .text.CLOCK_InitArmPll
                0x60003394       0x68 ./drivers/fsl_clock.o
                0x60003394                CLOCK_InitArmPll
 .text.CLOCK_InitSysPll
                0x600033fc       0x9c ./drivers/fsl_clock.o
                0x600033fc                CLOCK_InitSysPll
 .text.CLOCK_DeinitUsb2Pll
                0x60003498       0x18 ./drivers/fsl_clock.o
                0x60003498                CLOCK_DeinitUsb2Pll
 .text.CLOCK_DeinitAudioPll
                0x600034b0       0x1c ./drivers/fsl_clock.o
                0x600034b0                CLOCK_DeinitAudioPll
 .text.CLOCK_DeinitVideoPll
                0x600034cc       0x1c ./drivers/fsl_clock.o
                0x600034cc                CLOCK_DeinitVideoPll
 .text.CLOCK_DeinitEnetPll
                0x600034e8       0x1c ./drivers/fsl_clock.o
                0x600034e8                CLOCK_DeinitEnetPll
 .text.CLOCK_GetPllFreq
                0x60003504      0x304 ./drivers/fsl_clock.o
                0x60003504                CLOCK_GetPllFreq
 .text.CLOCK_InitSysPfd
                0x60003808       0x64 ./drivers/fsl_clock.o
                0x60003808                CLOCK_InitSysPfd
 .text.CLOCK_GetSysPfdFreq
                0x6000386c       0xac ./drivers/fsl_clock.o
                0x6000386c                CLOCK_GetSysPfdFreq
 .text.CLOCK_GetUsb1PfdFreq
                0x60003918       0xac ./drivers/fsl_clock.o
                0x60003918                CLOCK_GetUsb1PfdFreq
 .text.CLOCK_ControlGate
                0x600039c4       0x64 ./drivers/fsl_lpuart.o
 .text.LPUART_GetInstance
                0x60003a28       0x4c ./drivers/fsl_lpuart.o
                0x60003a28                LPUART_GetInstance
 .text.LPUART_Init
                0x60003a74      0x300 ./drivers/fsl_lpuart.o
                0x60003a74                LPUART_Init
 .text.LPUART_GetDefaultConfig
                0x60003d74       0x88 ./drivers/fsl_lpuart.o
                0x60003d74                LPUART_GetDefaultConfig
 .text.LPUART1_DriverIRQHandler
                0x60003dfc       0x24 ./drivers/fsl_lpuart.o
                0x60003dfc                LPUART1_DriverIRQHandler
 .text.LPUART2_DriverIRQHandler
                0x60003e20       0x24 ./drivers/fsl_lpuart.o
                0x60003e20                LPUART2_DriverIRQHandler
 .text.LPUART3_DriverIRQHandler
                0x60003e44       0x24 ./drivers/fsl_lpuart.o
                0x60003e44                LPUART3_DriverIRQHandler
 .text.LPUART4_DriverIRQHandler
                0x60003e68       0x24 ./drivers/fsl_lpuart.o
                0x60003e68                LPUART4_DriverIRQHandler
 .text.LPUART5_DriverIRQHandler
                0x60003e8c       0x24 ./drivers/fsl_lpuart.o
                0x60003e8c                LPUART5_DriverIRQHandler
 .text.LPUART6_DriverIRQHandler
                0x60003eb0       0x24 ./drivers/fsl_lpuart.o
                0x60003eb0                LPUART6_DriverIRQHandler
 .text.LPUART7_DriverIRQHandler
                0x60003ed4       0x24 ./drivers/fsl_lpuart.o
                0x60003ed4                LPUART7_DriverIRQHandler
 .text.LPUART8_DriverIRQHandler
                0x60003ef8       0x24 ./drivers/fsl_lpuart.o
                0x60003ef8                LPUART8_DriverIRQHandler
 .text.CLOCK_ControlGate
                0x60003f1c       0x64 ./drivers/fsl_pwm.o
 .text.PWM_GetInstance
                0x60003f80       0x4c ./drivers/fsl_pwm.o
 .text.PWM_Init
                0x60003fcc      0x2b0 ./drivers/fsl_pwm.o
                0x60003fcc                PWM_Init
 .text.PWM_GetDefaultConfig
                0x6000427c       0x74 ./drivers/fsl_pwm.o
                0x6000427c                PWM_GetDefaultConfig
 .text.PWM_SetupPwm
                0x600042f0      0x4f0 ./drivers/fsl_pwm.o
                0x600042f0                PWM_SetupPwm
 .text.CLOCK_ControlGate
                0x600047e0       0x64 ./drivers/fsl_xbara.o
 .text.XBARA_GetInstance
                0x60004844       0x44 ./drivers/fsl_xbara.o
 .text.SCB_EnableICache
                0x60004888       0x40 ./device/system_MIMXRT1052.o
 .text.SCB_EnableDCache
                0x600048c8       0x80 ./device/system_MIMXRT1052.o
 .text.SystemInit
                0x60004948       0xf4 ./device/system_MIMXRT1052.o
                0x60004948                SystemInit
 .text.HAL_UartInit
                0x60004a3c      0x100 ./component/uart/lpuart_adapter.o
                0x60004a3c                HAL_UartInit
 .text.SerialManager_Init
                0x60004b3c       0x74 ./component/serial_manager/serial_manager.o
                0x60004b3c                SerialManager_Init
 .text.SerialManager_OpenWriteHandle
                0x60004bb0       0x58 ./component/serial_manager/serial_manager.o
                0x60004bb0                SerialManager_OpenWriteHandle
 .text.SerialManager_OpenReadHandle
                0x60004c08       0x60 ./component/serial_manager/serial_manager.o
                0x60004c08                SerialManager_OpenReadHandle
 .text.Serial_UartInit
                0x60004c68       0x80 ./component/serial_manager/serial_port_uart.o
                0x60004c68                Serial_UartInit
 .text.CLOCK_GetMux
                0x60004ce8       0x44 ./board/boards/board.o
 .text.CLOCK_GetDiv
                0x60004d2c       0x44 ./board/boards/board.o
 .text.CLOCK_GetOscFreq
                0x60004d70       0x30 ./board/boards/board.o
 .text.BOARD_DebugConsoleSrcFreq
                0x60004da0       0x64 ./board/boards/board.o
                0x60004da0                BOARD_DebugConsoleSrcFreq
 .text.CLOCK_SetMux
                0x60004e04       0x9c ./board/boards/clock_config.o
 .text.CLOCK_SetDiv
                0x60004ea0       0x9c ./board/boards/clock_config.o
 .text.CLOCK_ControlGate
                0x60004f3c       0x64 ./board/boards/clock_config.o
 .text.CLOCK_SetXtalFreq
                0x60004fa0       0x20 ./board/boards/clock_config.o
 .text.CLOCK_SetRtcXtalFreq
                0x60004fc0       0x20 ./board/boards/clock_config.o
 .text.IOMUXC_EnableMode
                0x60004fe0       0x48 ./board/boards/clock_config.o
 .text.IOMUXC_MQSConfig
                0x60005028       0x44 ./board/boards/clock_config.o
 .text.BOARD_BootClockRUN
                0x6000506c      0x608 ./board/boards/clock_config.o
                0x6000506c                BOARD_BootClockRUN
 .text.CLOCK_ControlGate
                0x60005674       0x64 ./board/boards/pin_mux.o
 .text.BOARD_InitPins
                0x600056d8       0x6c ./board/boards/pin_mux.o
                0x600056d8                BOARD_InitPins
 .text.BOARD_InitDEBUG_UARTPins
                0x60005744       0x78 ./board/boards/pin_mux.o
                0x60005744                BOARD_InitDEBUG_UARTPins
 .text.__assertion_failed
                0x600057bc       0x4c e:/nxp/mcuxpressoide_11.0.1_2563/ide/plugins/com.nxp.mcuxpresso.tools.win32_11.0.1.201907311258/tools/bin/../lib/gcc/arm-none-eabi/8.2.1/../../../../arm-none-eabi/lib/thumb/v7e-m+fp/hard\libcr_semihost_nf.a(_cr_assert.o)
                0x600057bc                __assertion_failed
 .text.__sys_appexit
                0x60005808        0xc e:/nxp/mcuxpressoide_11.0.1_2563/ide/plugins/com.nxp.mcuxpresso.tools.win32_11.0.1.201907311258/tools/bin/../lib/gcc/arm-none-eabi/8.2.1/../../../../arm-none-eabi/lib/thumb/v7e-m+fp/hard\libcr_semihost_nf.a(__sys_appexit.o)
                0x60005808                __sys_appexit
                0x60005808                __exit
 .text._Cwritebuf
                0x60005814       0x6c e:/nxp/mcuxpressoide_11.0.1_2563/ide/plugins/com.nxp.mcuxpresso.tools.win32_11.0.1.201907311258/tools/bin/../lib/gcc/arm-none-eabi/8.2.1/../../../../arm-none-eabi/lib/thumb/v7e-m+fp/hard\libcr_c.a(_writebuf.o)
                0x60005814                _Cwritebuf
 .text.malloc   0x60005880       0xc8 e:/nxp/mcuxpressoide_11.0.1_2563/ide/plugins/com.nxp.mcuxpresso.tools.win32_11.0.1.201907311258/tools/bin/../lib/gcc/arm-none-eabi/8.2.1/../../../../arm-none-eabi/lib/thumb/v7e-m+fp/hard\libcr_c.a(alloc.o)
                0x60005880                malloc
 .text._Csys_alloc
                0x60005948       0x20 e:/nxp/mcuxpressoide_11.0.1_2563/ide/plugins/com.nxp.mcuxpresso.tools.win32_11.0.1.201907311258/tools/bin/../lib/gcc/arm-none-eabi/8.2.1/../../../../arm-none-eabi/lib/thumb/v7e-m+fp/hard\libcr_c.a(alloc.o)
                0x60005948                _Csys_alloc
 .text.fseek    0x60005968      0x100 e:/nxp/mcuxpressoide_11.0.1_2563/ide/plugins/com.nxp.mcuxpresso.tools.win32_11.0.1.201907311258/tools/bin/../lib/gcc/arm-none-eabi/8.2.1/../../../../arm-none-eabi/lib/thumb/v7e-m+fp/hard\libcr_c.a(fseek.o)
                0x60005968                fseek
 .text.ftell    0x60005a68       0x48 e:/nxp/mcuxpressoide_11.0.1_2563/ide/plugins/com.nxp.mcuxpresso.tools.win32_11.0.1.201907311258/tools/bin/../lib/gcc/arm-none-eabi/8.2.1/../../../../arm-none-eabi/lib/thumb/v7e-m+fp/hard\libcr_c.a(ftell.o)
                0x60005a68                ftell
 .text._initio  0x60005ab0       0x78 e:/nxp/mcuxpressoide_11.0.1_2563/ide/plugins/com.nxp.mcuxpresso.tools.win32_11.0.1.201907311258/tools/bin/../lib/gcc/arm-none-eabi/8.2.1/../../../../arm-none-eabi/lib/thumb/v7e-m+fp/hard\libcr_c.a(initio.o)
                0x60005ab0                _initio
 .text.__vfprintf
                0x60005b28      0xbe0 e:/nxp/mcuxpressoide_11.0.1_2563/ide/plugins/com.nxp.mcuxpresso.tools.win32_11.0.1.201907311258/tools/bin/../lib/gcc/arm-none-eabi/8.2.1/../../../../arm-none-eabi/lib/thumb/v7e-m+fp/hard\libcr_c.a(printf.o)
                0x60005b28                __vfprintf
 .text._vsnprintf
                0x60006708       0x68 e:/nxp/mcuxpressoide_11.0.1_2563/ide/plugins/com.nxp.mcuxpresso.tools.win32_11.0.1.201907311258/tools/bin/../lib/gcc/arm-none-eabi/8.2.1/../../../../arm-none-eabi/lib/thumb/v7e-m+fp/hard\libcr_c.a(printf.o)
                0x60006708                _vsnprintf
 .text._printf  0x60006770       0x54 e:/nxp/mcuxpressoide_11.0.1_2563/ide/plugins/com.nxp.mcuxpresso.tools.win32_11.0.1.201907311258/tools/bin/../lib/gcc/arm-none-eabi/8.2.1/../../../../arm-none-eabi/lib/thumb/v7e-m+fp/hard\libcr_c.a(printf.o)
                0x60006770                _printf
 .text.setvbuf  0x600067c4       0x40 e:/nxp/mcuxpressoide_11.0.1_2563/ide/plugins/com.nxp.mcuxpresso.tools.win32_11.0.1.201907311258/tools/bin/../lib/gcc/arm-none-eabi/8.2.1/../../../../arm-none-eabi/lib/thumb/v7e-m+fp/hard\libcr_c.a(setvbuf.o)
                0x600067c4                setvbuf
 .text._sbrk    0x60006804       0x3c e:/nxp/mcuxpressoide_11.0.1_2563/ide/plugins/com.nxp.mcuxpresso.tools.win32_11.0.1.201907311258/tools/bin/../lib/gcc/arm-none-eabi/8.2.1/../../../../arm-none-eabi/lib/thumb/v7e-m+fp/hard\libcr_c.a(_cr_sbrk.o)
                0x60006804                _sbrk
 .text.fflush   0x60006840       0x44 e:/nxp/mcuxpressoide_11.0.1_2563/ide/plugins/com.nxp.mcuxpresso.tools.win32_11.0.1.201907311258/tools/bin/../lib/gcc/arm-none-eabi/8.2.1/../../../../arm-none-eabi/lib/thumb/v7e-m+fp/hard\libcr_c.a(fflush.o)
                0x60006840                fflush
 .text.__check_heap_overflow
                0x60006884       0x18 e:/nxp/mcuxpressoide_11.0.1_2563/ide/plugins/com.nxp.mcuxpresso.tools.win32_11.0.1.201907311258/tools/bin/../lib/gcc/arm-none-eabi/8.2.1/../../../../arm-none-eabi/lib/thumb/v7e-m+fp/hard\libcr_c.a(_cr_check_heap.o)
                0x60006884                __check_heap_overflow
 .text.DMA0_DMA16_IRQHandler
                0x6000689c        0x8 ./startup/startup_mimxrt1052.o
                0x6000689c                DMA0_DMA16_IRQHandler
 .text.DMA1_DMA17_IRQHandler
                0x600068a4        0x8 ./startup/startup_mimxrt1052.o
                0x600068a4                DMA1_DMA17_IRQHandler
 .text.DMA2_DMA18_IRQHandler
                0x600068ac        0x8 ./startup/startup_mimxrt1052.o
                0x600068ac                DMA2_DMA18_IRQHandler
 .text.DMA3_DMA19_IRQHandler
                0x600068b4        0x8 ./startup/startup_mimxrt1052.o
                0x600068b4                DMA3_DMA19_IRQHandler
 .text.DMA4_DMA20_IRQHandler
                0x600068bc        0x8 ./startup/startup_mimxrt1052.o
                0x600068bc                DMA4_DMA20_IRQHandler
 .text.DMA5_DMA21_IRQHandler
                0x600068c4        0x8 ./startup/startup_mimxrt1052.o
                0x600068c4                DMA5_DMA21_IRQHandler
 .text.DMA6_DMA22_IRQHandler
                0x600068cc        0x8 ./startup/startup_mimxrt1052.o
                0x600068cc                DMA6_DMA22_IRQHandler
 .text.DMA7_DMA23_IRQHandler
                0x600068d4        0x8 ./startup/startup_mimxrt1052.o
                0x600068d4                DMA7_DMA23_IRQHandler
 .text.DMA8_DMA24_IRQHandler
                0x600068dc        0x8 ./startup/startup_mimxrt1052.o
                0x600068dc                DMA8_DMA24_IRQHandler
 .text.DMA9_DMA25_IRQHandler
                0x600068e4        0x8 ./startup/startup_mimxrt1052.o
                0x600068e4                DMA9_DMA25_IRQHandler
 .text.DMA10_DMA26_IRQHandler
                0x600068ec        0x8 ./startup/startup_mimxrt1052.o
                0x600068ec                DMA10_DMA26_IRQHandler
 .text.DMA11_DMA27_IRQHandler
                0x600068f4        0x8 ./startup/startup_mimxrt1052.o
                0x600068f4                DMA11_DMA27_IRQHandler
 .text.DMA12_DMA28_IRQHandler
                0x600068fc        0x8 ./startup/startup_mimxrt1052.o
                0x600068fc                DMA12_DMA28_IRQHandler
 .text.DMA13_DMA29_IRQHandler
                0x60006904        0x8 ./startup/startup_mimxrt1052.o
                0x60006904                DMA13_DMA29_IRQHandler
 .text.DMA14_DMA30_IRQHandler
                0x6000690c        0x8 ./startup/startup_mimxrt1052.o
                0x6000690c                DMA14_DMA30_IRQHandler
 .text.DMA15_DMA31_IRQHandler
                0x60006914        0x8 ./startup/startup_mimxrt1052.o
                0x60006914                DMA15_DMA31_IRQHandler
 .text.DMA_ERROR_IRQHandler
                0x6000691c        0x8 ./startup/startup_mimxrt1052.o
                0x6000691c                DMA_ERROR_IRQHandler
 .text.CTI0_ERROR_IRQHandler
                0x60006924        0x8 ./startup/startup_mimxrt1052.o
                0x60006924                CTI0_ERROR_IRQHandler
 .text.CTI1_ERROR_IRQHandler
                0x6000692c        0x8 ./startup/startup_mimxrt1052.o
                0x6000692c                CTI1_ERROR_IRQHandler
 .text.CORE_IRQHandler
                0x60006934        0x8 ./startup/startup_mimxrt1052.o
                0x60006934                CORE_IRQHandler
 .text.LPUART1_IRQHandler
                0x6000693c        0x8 ./startup/startup_mimxrt1052.o
                0x6000693c                LPUART1_IRQHandler
 .text.LPUART2_IRQHandler
                0x60006944        0x8 ./startup/startup_mimxrt1052.o
                0x60006944                LPUART2_IRQHandler
 .text.LPUART3_IRQHandler
                0x6000694c        0x8 ./startup/startup_mimxrt1052.o
                0x6000694c                LPUART3_IRQHandler
 .text.LPUART4_IRQHandler
                0x60006954        0x8 ./startup/startup_mimxrt1052.o
                0x60006954                LPUART4_IRQHandler
 .text.LPUART5_IRQHandler
                0x6000695c        0x8 ./startup/startup_mimxrt1052.o
                0x6000695c                LPUART5_IRQHandler
 .text.LPUART6_IRQHandler
                0x60006964        0x8 ./startup/startup_mimxrt1052.o
                0x60006964                LPUART6_IRQHandler
 .text.LPUART7_IRQHandler
                0x6000696c        0x8 ./startup/startup_mimxrt1052.o
                0x6000696c                LPUART7_IRQHandler
 .text.LPUART8_IRQHandler
                0x60006974        0x8 ./startup/startup_mimxrt1052.o
                0x60006974                LPUART8_IRQHandler
 .text.LPI2C1_IRQHandler
                0x6000697c        0x8 ./startup/startup_mimxrt1052.o
                0x6000697c                LPI2C1_IRQHandler
 .text.LPI2C2_IRQHandler
                0x60006984        0x8 ./startup/startup_mimxrt1052.o
                0x60006984                LPI2C2_IRQHandler
 .text.LPI2C3_IRQHandler
                0x6000698c        0x8 ./startup/startup_mimxrt1052.o
                0x6000698c                LPI2C3_IRQHandler
 .text.LPI2C4_IRQHandler
                0x60006994        0x8 ./startup/startup_mimxrt1052.o
                0x60006994                LPI2C4_IRQHandler
 .text.LPSPI1_IRQHandler
                0x6000699c        0x8 ./startup/startup_mimxrt1052.o
                0x6000699c                LPSPI1_IRQHandler
 .text.LPSPI2_IRQHandler
                0x600069a4        0x8 ./startup/startup_mimxrt1052.o
                0x600069a4                LPSPI2_IRQHandler
 .text.LPSPI3_IRQHandler
                0x600069ac        0x8 ./startup/startup_mimxrt1052.o
                0x600069ac                LPSPI3_IRQHandler
 .text.LPSPI4_IRQHandler
                0x600069b4        0x8 ./startup/startup_mimxrt1052.o
                0x600069b4                LPSPI4_IRQHandler
 .text.CAN1_IRQHandler
                0x600069bc        0x8 ./startup/startup_mimxrt1052.o
                0x600069bc                CAN1_IRQHandler
 .text.CAN2_IRQHandler
                0x600069c4        0x8 ./startup/startup_mimxrt1052.o
                0x600069c4                CAN2_IRQHandler
 .text.FLEXRAM_IRQHandler
                0x600069cc        0x8 ./startup/startup_mimxrt1052.o
                0x600069cc                FLEXRAM_IRQHandler
 .text.KPP_IRQHandler
                0x600069d4        0x8 ./startup/startup_mimxrt1052.o
                0x600069d4                KPP_IRQHandler
 .text.TSC_DIG_IRQHandler
                0x600069dc        0x8 ./startup/startup_mimxrt1052.o
                0x600069dc                TSC_DIG_IRQHandler
 .text.GPR_IRQ_IRQHandler
                0x600069e4        0x8 ./startup/startup_mimxrt1052.o
                0x600069e4                GPR_IRQ_IRQHandler
 .text.LCDIF_IRQHandler
                0x600069ec        0x8 ./startup/startup_mimxrt1052.o
                0x600069ec                LCDIF_IRQHandler
 .text.CSI_IRQHandler
                0x600069f4        0x8 ./startup/startup_mimxrt1052.o
                0x600069f4                CSI_IRQHandler
 .text.PXP_IRQHandler
                0x600069fc        0x8 ./startup/startup_mimxrt1052.o
                0x600069fc                PXP_IRQHandler
 .text.WDOG2_IRQHandler
                0x60006a04        0x8 ./startup/startup_mimxrt1052.o
                0x60006a04                WDOG2_IRQHandler
 .text.SNVS_HP_WRAPPER_IRQHandler
                0x60006a0c        0x8 ./startup/startup_mimxrt1052.o
                0x60006a0c                SNVS_HP_WRAPPER_IRQHandler
 .text.SNVS_HP_WRAPPER_TZ_IRQHandler
                0x60006a14        0x8 ./startup/startup_mimxrt1052.o
                0x60006a14                SNVS_HP_WRAPPER_TZ_IRQHandler
 .text.SNVS_LP_WRAPPER_IRQHandler
                0x60006a1c        0x8 ./startup/startup_mimxrt1052.o
                0x60006a1c                SNVS_LP_WRAPPER_IRQHandler
 .text.CSU_IRQHandler
                0x60006a24        0x8 ./startup/startup_mimxrt1052.o
                0x60006a24                CSU_IRQHandler
 .text.DCP_IRQHandler
                0x60006a2c        0x8 ./startup/startup_mimxrt1052.o
                0x60006a2c                DCP_IRQHandler
 .text.DCP_VMI_IRQHandler
                0x60006a34        0x8 ./startup/startup_mimxrt1052.o
                0x60006a34                DCP_VMI_IRQHandler
 .text.Reserved68_IRQHandler
                0x60006a3c        0x8 ./startup/startup_mimxrt1052.o
                0x60006a3c                Reserved68_IRQHandler
 .text.TRNG_IRQHandler
                0x60006a44        0x8 ./startup/startup_mimxrt1052.o
                0x60006a44                TRNG_IRQHandler
 .text.SJC_IRQHandler
                0x60006a4c        0x8 ./startup/startup_mimxrt1052.o
                0x60006a4c                SJC_IRQHandler
 .text.BEE_IRQHandler
                0x60006a54        0x8 ./startup/startup_mimxrt1052.o
                0x60006a54                BEE_IRQHandler
 .text.SAI1_IRQHandler
                0x60006a5c        0x8 ./startup/startup_mimxrt1052.o
                0x60006a5c                SAI1_IRQHandler
 .text.SAI2_IRQHandler
                0x60006a64        0x8 ./startup/startup_mimxrt1052.o
                0x60006a64                SAI2_IRQHandler
 .text.SAI3_RX_IRQHandler
                0x60006a6c        0x8 ./startup/startup_mimxrt1052.o
                0x60006a6c                SAI3_RX_IRQHandler
 .text.SAI3_TX_IRQHandler
                0x60006a74        0x8 ./startup/startup_mimxrt1052.o
                0x60006a74                SAI3_TX_IRQHandler
 .text.SPDIF_IRQHandler
                0x60006a7c        0x8 ./startup/startup_mimxrt1052.o
                0x60006a7c                SPDIF_IRQHandler
 .text.PMU_EVENT_IRQHandler
                0x60006a84        0x8 ./startup/startup_mimxrt1052.o
                0x60006a84                PMU_EVENT_IRQHandler
 .text.Reserved78_IRQHandler
                0x60006a8c        0x8 ./startup/startup_mimxrt1052.o
                0x60006a8c                Reserved78_IRQHandler
 .text.TEMP_LOW_HIGH_IRQHandler
                0x60006a94        0x8 ./startup/startup_mimxrt1052.o
                0x60006a94                TEMP_LOW_HIGH_IRQHandler
 .text.TEMP_PANIC_IRQHandler
                0x60006a9c        0x8 ./startup/startup_mimxrt1052.o
                0x60006a9c                TEMP_PANIC_IRQHandler
 .text.USB_PHY1_IRQHandler
                0x60006aa4        0x8 ./startup/startup_mimxrt1052.o
                0x60006aa4                USB_PHY1_IRQHandler
 .text.USB_PHY2_IRQHandler
                0x60006aac        0x8 ./startup/startup_mimxrt1052.o
                0x60006aac                USB_PHY2_IRQHandler
 .text.ADC1_IRQHandler
                0x60006ab4        0x8 ./startup/startup_mimxrt1052.o
                0x60006ab4                ADC1_IRQHandler
 .text.ADC2_IRQHandler
                0x60006abc        0x8 ./startup/startup_mimxrt1052.o
                0x60006abc                ADC2_IRQHandler
 .text.DCDC_IRQHandler
                0x60006ac4        0x8 ./startup/startup_mimxrt1052.o
                0x60006ac4                DCDC_IRQHandler
 .text.Reserved86_IRQHandler
                0x60006acc        0x8 ./startup/startup_mimxrt1052.o
                0x60006acc                Reserved86_IRQHandler
 .text.Reserved87_IRQHandler
                0x60006ad4        0x8 ./startup/startup_mimxrt1052.o
                0x60006ad4                Reserved87_IRQHandler
 .text.GPIO1_INT0_IRQHandler
                0x60006adc        0x8 ./startup/startup_mimxrt1052.o
                0x60006adc                GPIO1_INT0_IRQHandler
 .text.GPIO1_INT1_IRQHandler
                0x60006ae4        0x8 ./startup/startup_mimxrt1052.o
                0x60006ae4                GPIO1_INT1_IRQHandler
 .text.GPIO1_INT2_IRQHandler
                0x60006aec        0x8 ./startup/startup_mimxrt1052.o
                0x60006aec                GPIO1_INT2_IRQHandler
 .text.GPIO1_INT3_IRQHandler
                0x60006af4        0x8 ./startup/startup_mimxrt1052.o
                0x60006af4                GPIO1_INT3_IRQHandler
 .text.GPIO1_INT4_IRQHandler
                0x60006afc        0x8 ./startup/startup_mimxrt1052.o
                0x60006afc                GPIO1_INT4_IRQHandler
 .text.GPIO1_INT5_IRQHandler
                0x60006b04        0x8 ./startup/startup_mimxrt1052.o
                0x60006b04                GPIO1_INT5_IRQHandler
 .text.GPIO1_INT6_IRQHandler
                0x60006b0c        0x8 ./startup/startup_mimxrt1052.o
                0x60006b0c                GPIO1_INT6_IRQHandler
 .text.GPIO1_INT7_IRQHandler
                0x60006b14        0x8 ./startup/startup_mimxrt1052.o
                0x60006b14                GPIO1_INT7_IRQHandler
 .text.GPIO1_Combined_0_15_IRQHandler
                0x60006b1c        0x8 ./startup/startup_mimxrt1052.o
                0x60006b1c                GPIO1_Combined_0_15_IRQHandler
 .text.GPIO1_Combined_16_31_IRQHandler
                0x60006b24        0x8 ./startup/startup_mimxrt1052.o
                0x60006b24                GPIO1_Combined_16_31_IRQHandler
 .text.GPIO2_Combined_0_15_IRQHandler
                0x60006b2c        0x8 ./startup/startup_mimxrt1052.o
                0x60006b2c                GPIO2_Combined_0_15_IRQHandler
 .text.GPIO2_Combined_16_31_IRQHandler
                0x60006b34        0x8 ./startup/startup_mimxrt1052.o
                0x60006b34                GPIO2_Combined_16_31_IRQHandler
 .text.GPIO3_Combined_0_15_IRQHandler
                0x60006b3c        0x8 ./startup/startup_mimxrt1052.o
                0x60006b3c                GPIO3_Combined_0_15_IRQHandler
 .text.GPIO3_Combined_16_31_IRQHandler
                0x60006b44        0x8 ./startup/startup_mimxrt1052.o
                0x60006b44                GPIO3_Combined_16_31_IRQHandler
 .text.GPIO4_Combined_0_15_IRQHandler
                0x60006b4c        0x8 ./startup/startup_mimxrt1052.o
                0x60006b4c                GPIO4_Combined_0_15_IRQHandler
 .text.GPIO4_Combined_16_31_IRQHandler
                0x60006b54        0x8 ./startup/startup_mimxrt1052.o
                0x60006b54                GPIO4_Combined_16_31_IRQHandler
 .text.GPIO5_Combined_0_15_IRQHandler
                0x60006b5c        0x8 ./startup/startup_mimxrt1052.o
                0x60006b5c                GPIO5_Combined_0_15_IRQHandler
 .text.GPIO5_Combined_16_31_IRQHandler
                0x60006b64        0x8 ./startup/startup_mimxrt1052.o
                0x60006b64                GPIO5_Combined_16_31_IRQHandler
 .text.FLEXIO1_IRQHandler
                0x60006b6c        0x8 ./startup/startup_mimxrt1052.o
                0x60006b6c                FLEXIO1_IRQHandler
 .text.FLEXIO2_IRQHandler
                0x60006b74        0x8 ./startup/startup_mimxrt1052.o
                0x60006b74                FLEXIO2_IRQHandler
 .text.WDOG1_IRQHandler
                0x60006b7c        0x8 ./startup/startup_mimxrt1052.o
                0x60006b7c                WDOG1_IRQHandler
 .text.RTWDOG_IRQHandler
                0x60006b84        0x8 ./startup/startup_mimxrt1052.o
                0x60006b84                RTWDOG_IRQHandler
 .text.EWM_IRQHandler
                0x60006b8c        0x8 ./startup/startup_mimxrt1052.o
                0x60006b8c                EWM_IRQHandler
 .text.CCM_1_IRQHandler
                0x60006b94        0x8 ./startup/startup_mimxrt1052.o
                0x60006b94                CCM_1_IRQHandler
 .text.CCM_2_IRQHandler
                0x60006b9c        0x8 ./startup/startup_mimxrt1052.o
                0x60006b9c                CCM_2_IRQHandler
 .text.GPC_IRQHandler
                0x60006ba4        0x8 ./startup/startup_mimxrt1052.o
                0x60006ba4                GPC_IRQHandler
 .text.SRC_IRQHandler
                0x60006bac        0x8 ./startup/startup_mimxrt1052.o
                0x60006bac                SRC_IRQHandler
 .text.Reserved115_IRQHandler
                0x60006bb4        0x8 ./startup/startup_mimxrt1052.o
                0x60006bb4                Reserved115_IRQHandler
 .text.GPT1_IRQHandler
                0x60006bbc        0x8 ./startup/startup_mimxrt1052.o
                0x60006bbc                GPT1_IRQHandler
 .text.GPT2_IRQHandler
                0x60006bc4        0x8 ./startup/startup_mimxrt1052.o
                0x60006bc4                GPT2_IRQHandler
 .text.PWM1_0_IRQHandler
                0x60006bcc        0x8 ./startup/startup_mimxrt1052.o
                0x60006bcc                PWM1_0_IRQHandler
 .text.PWM1_1_IRQHandler
                0x60006bd4        0x8 ./startup/startup_mimxrt1052.o
                0x60006bd4                PWM1_1_IRQHandler
 .text.PWM1_2_IRQHandler
                0x60006bdc        0x8 ./startup/startup_mimxrt1052.o
                0x60006bdc                PWM1_2_IRQHandler
 .text.PWM1_3_IRQHandler
                0x60006be4        0x8 ./startup/startup_mimxrt1052.o
                0x60006be4                PWM1_3_IRQHandler
 .text.PWM1_FAULT_IRQHandler
                0x60006bec        0x8 ./startup/startup_mimxrt1052.o
                0x60006bec                PWM1_FAULT_IRQHandler
 .text.Reserved123_IRQHandler
                0x60006bf4        0x8 ./startup/startup_mimxrt1052.o
                0x60006bf4                Reserved123_IRQHandler
 .text.FLEXSPI_IRQHandler
                0x60006bfc        0x8 ./startup/startup_mimxrt1052.o
                0x60006bfc                FLEXSPI_IRQHandler
 .text.SEMC_IRQHandler
                0x60006c04        0x8 ./startup/startup_mimxrt1052.o
                0x60006c04                SEMC_IRQHandler
 .text.USDHC1_IRQHandler
                0x60006c0c        0x8 ./startup/startup_mimxrt1052.o
                0x60006c0c                USDHC1_IRQHandler
 .text.USDHC2_IRQHandler
                0x60006c14        0x8 ./startup/startup_mimxrt1052.o
                0x60006c14                USDHC2_IRQHandler
 .text.USB_OTG2_IRQHandler
                0x60006c1c        0x8 ./startup/startup_mimxrt1052.o
                0x60006c1c                USB_OTG2_IRQHandler
 .text.USB_OTG1_IRQHandler
                0x60006c24        0x8 ./startup/startup_mimxrt1052.o
                0x60006c24                USB_OTG1_IRQHandler
 .text.ENET_IRQHandler
                0x60006c2c        0x8 ./startup/startup_mimxrt1052.o
                0x60006c2c                ENET_IRQHandler
 .text.ENET_1588_Timer_IRQHandler
                0x60006c34        0x8 ./startup/startup_mimxrt1052.o
                0x60006c34                ENET_1588_Timer_IRQHandler
 .text.XBAR1_IRQ_0_1_IRQHandler
                0x60006c3c        0x8 ./startup/startup_mimxrt1052.o
                0x60006c3c                XBAR1_IRQ_0_1_IRQHandler
 .text.XBAR1_IRQ_2_3_IRQHandler
                0x60006c44        0x8 ./startup/startup_mimxrt1052.o
                0x60006c44                XBAR1_IRQ_2_3_IRQHandler
 .text.ADC_ETC_IRQ2_IRQHandler
                0x60006c4c        0x8 ./startup/startup_mimxrt1052.o
                0x60006c4c                ADC_ETC_IRQ2_IRQHandler
 .text.ADC_ETC_ERROR_IRQ_IRQHandler
                0x60006c54        0x8 ./startup/startup_mimxrt1052.o
                0x60006c54                ADC_ETC_ERROR_IRQ_IRQHandler
 .text.PIT_IRQHandler
                0x60006c5c        0x8 ./startup/startup_mimxrt1052.o
                0x60006c5c                PIT_IRQHandler
 .text.ACMP1_IRQHandler
                0x60006c64        0x8 ./startup/startup_mimxrt1052.o
                0x60006c64                ACMP1_IRQHandler
 .text.ACMP2_IRQHandler
                0x60006c6c        0x8 ./startup/startup_mimxrt1052.o
                0x60006c6c                ACMP2_IRQHandler
 .text.ACMP3_IRQHandler
                0x60006c74        0x8 ./startup/startup_mimxrt1052.o
                0x60006c74                ACMP3_IRQHandler
 .text.ACMP4_IRQHandler
                0x60006c7c        0x8 ./startup/startup_mimxrt1052.o
                0x60006c7c                ACMP4_IRQHandler
 .text.Reserved143_IRQHandler
                0x60006c84        0x8 ./startup/startup_mimxrt1052.o
                0x60006c84                Reserved143_IRQHandler
 .text.Reserved144_IRQHandler
                0x60006c8c        0x8 ./startup/startup_mimxrt1052.o
                0x60006c8c                Reserved144_IRQHandler
 .text.ENC1_IRQHandler
                0x60006c94        0x8 ./startup/startup_mimxrt1052.o
                0x60006c94                ENC1_IRQHandler
 .text.ENC2_IRQHandler
                0x60006c9c        0x8 ./startup/startup_mimxrt1052.o
                0x60006c9c                ENC2_IRQHandler
 .text.ENC3_IRQHandler
                0x60006ca4        0x8 ./startup/startup_mimxrt1052.o
                0x60006ca4                ENC3_IRQHandler
 .text.ENC4_IRQHandler
                0x60006cac        0x8 ./startup/startup_mimxrt1052.o
                0x60006cac                ENC4_IRQHandler
 .text.TMR1_IRQHandler
                0x60006cb4        0x8 ./startup/startup_mimxrt1052.o
                0x60006cb4                TMR1_IRQHandler
 .text.TMR2_IRQHandler
                0x60006cbc        0x8 ./startup/startup_mimxrt1052.o
                0x60006cbc                TMR2_IRQHandler
 .text.TMR3_IRQHandler
                0x60006cc4        0x8 ./startup/startup_mimxrt1052.o
                0x60006cc4                TMR3_IRQHandler
 .text.TMR4_IRQHandler
                0x60006ccc        0x8 ./startup/startup_mimxrt1052.o
                0x60006ccc                TMR4_IRQHandler
 .text.PWM2_0_IRQHandler
                0x60006cd4        0x8 ./startup/startup_mimxrt1052.o
                0x60006cd4                PWM2_0_IRQHandler
 .text.PWM2_1_IRQHandler
                0x60006cdc        0x8 ./startup/startup_mimxrt1052.o
                0x60006cdc                PWM2_1_IRQHandler
 .text.PWM2_2_IRQHandler
                0x60006ce4        0x8 ./startup/startup_mimxrt1052.o
                0x60006ce4                PWM2_2_IRQHandler
 .text.PWM2_3_IRQHandler
                0x60006cec        0x8 ./startup/startup_mimxrt1052.o
                0x60006cec                PWM2_3_IRQHandler
 .text.PWM2_FAULT_IRQHandler
                0x60006cf4        0x8 ./startup/startup_mimxrt1052.o
                0x60006cf4                PWM2_FAULT_IRQHandler
 .text.PWM3_0_IRQHandler
                0x60006cfc        0x8 ./startup/startup_mimxrt1052.o
                0x60006cfc                PWM3_0_IRQHandler
 .text.PWM3_1_IRQHandler
                0x60006d04        0x8 ./startup/startup_mimxrt1052.o
                0x60006d04                PWM3_1_IRQHandler
 .text.PWM3_2_IRQHandler
                0x60006d0c        0x8 ./startup/startup_mimxrt1052.o
                0x60006d0c                PWM3_2_IRQHandler
 .text.PWM3_3_IRQHandler
                0x60006d14        0x8 ./startup/startup_mimxrt1052.o
                0x60006d14                PWM3_3_IRQHandler
 .text.PWM3_FAULT_IRQHandler
                0x60006d1c        0x8 ./startup/startup_mimxrt1052.o
                0x60006d1c                PWM3_FAULT_IRQHandler
 .text.PWM4_0_IRQHandler
                0x60006d24        0x8 ./startup/startup_mimxrt1052.o
                0x60006d24                PWM4_0_IRQHandler
 .text.PWM4_1_IRQHandler
                0x60006d2c        0x8 ./startup/startup_mimxrt1052.o
                0x60006d2c                PWM4_1_IRQHandler
 .text.PWM4_2_IRQHandler
                0x60006d34        0x8 ./startup/startup_mimxrt1052.o
                0x60006d34                PWM4_2_IRQHandler
 .text.PWM4_3_IRQHandler
                0x60006d3c        0x8 ./startup/startup_mimxrt1052.o
                0x60006d3c                PWM4_3_IRQHandler
 .text.PWM4_FAULT_IRQHandler
                0x60006d44        0x8 ./startup/startup_mimxrt1052.o
                0x60006d44                PWM4_FAULT_IRQHandler
 .text.ADC_EnableHardwareTrigger
                0x60006d4c       0x38 ./source/adc.o
 .text.EnableIRQ
                0x60006d84       0x2c ./source/eadc.o
 .text.PWM_StartTimer
                0x60006db0       0x38 ./source/pwm.o
 .text.PWM_OutputTriggerEnable
                0x60006de8       0x9e ./source/pwm.o
 .text.PWM_SetPwmLdok
                0x60006e86       0x5e ./source/pwm.o
 .text.HardFault_Handler
                0x60006ee4       0x2c ./source/semihost_hardfault.o
                0x60006ee4                HardFault_Handler
 .text.CLOCK_EnableClock
                0x60006f10       0x1e ./drivers/fsl_adc.o
 .text.ADC_EnableHardwareTrigger
                0x60006f2e       0x38 ./drivers/fsl_adc.o
 .text.ADC_GetStatusFlags
                0x60006f66       0x18 ./drivers/fsl_adc.o
 .text.ADC_DoAutoCalibration
                0x60006f7e       0xa4 ./drivers/fsl_adc.o
                0x60006f7e                ADC_DoAutoCalibration
 .text.ADC_ETC_DoSoftwareReset
                0x60007022       0x38 ./drivers/fsl_adc_etc.o
 .text.ADC_ETC_GetDefaultConfig
                0x6000705a       0x4a ./drivers/fsl_adc_etc.o
                0x6000705a                ADC_ETC_GetDefaultConfig
 .text.ADC_ETC_ClearInterruptStatusFlags
                0x600070a4       0x6e ./drivers/fsl_adc_etc.o
                0x600070a4                ADC_ETC_ClearInterruptStatusFlags
 .text.CLOCK_GetRtcFreq
                0x60007112       0x12 ./drivers/fsl_clock.o
 .text.CLOCK_IsPllBypassed
                0x60007124       0x32 ./drivers/fsl_clock.o
 .text.CLOCK_IsPllEnabled
                0x60007156       0x3c ./drivers/fsl_clock.o
 .text.CLOCK_GetPllBypassRefClk
                0x60007192       0x34 ./drivers/fsl_clock.o
 .text.CLOCK_EnableClock
                0x600071c6       0x1e ./drivers/fsl_lpuart.o
 .text.LPUART_SoftwareReset
                0x600071e4       0x2c ./drivers/fsl_lpuart.o
 .text.CLOCK_EnableClock
                0x60007210       0x1e ./drivers/fsl_pwm.o
 .text.CLOCK_EnableClock
                0x6000722e       0x1e ./drivers/fsl_xbara.o
 .text.XBARA_Init
                0x6000724c       0x20 ./drivers/fsl_xbara.o
                0x6000724c                XBARA_Init
 .text.XBARA_SetSignalsConnection
                0x6000726c       0x68 ./drivers/fsl_xbara.o
                0x6000726c                XBARA_SetSignalsConnection
 .text.SystemInitHook
                0x600072d4        0xe ./device/system_MIMXRT1052.o
                0x600072d4                SystemInitHook
 .text.HAL_UartGetStatus
                0x600072e2       0x22 ./component/uart/lpuart_adapter.o
 .text.BOARD_InitDebugConsole
                0x60007304       0x22 ./board/boards/board.o
                0x60007304                BOARD_InitDebugConsole
 .text.CLOCK_DisableClock
                0x60007326       0x1e ./board/boards/clock_config.o
 .text.CLOCK_SetPllBypass
                0x60007344       0x4e ./board/boards/clock_config.o
 .text.IOMUXC_SetSaiMClkClockSource
                0x60007392       0x6c ./board/boards/clock_config.o
 .text.BOARD_InitBootClocks
                0x600073fe        0xc ./board/boards/clock_config.o
                0x600073fe                BOARD_InitBootClocks
 .text.BOARD_InitPeripherals
                0x6000740a        0xe ./board/boards/peripherals.o
                0x6000740a                BOARD_InitPeripherals
 .text.BOARD_InitBootPeripherals
                0x60007418        0xc ./board/boards/peripherals.o
                0x60007418                BOARD_InitBootPeripherals
 .text.CLOCK_EnableClock
                0x60007424       0x1e ./board/boards/pin_mux.o
 .text.IOMUXC_SetPinMux
                0x60007442       0x3a ./board/boards/pin_mux.o
 .text.IOMUXC_SetPinConfig
                0x6000747c       0x26 ./board/boards/pin_mux.o
 .text.BOARD_InitBootPins
                0x600074a2       0x10 ./board/boards/pin_mux.o
                0x600074a2                BOARD_InitBootPins
 .text.__main   0x600074b2        0xe e:/nxp/mcuxpressoide_11.0.1_2563/ide/plugins/com.nxp.mcuxpresso.tools.win32_11.0.1.201907311258/tools/bin/../lib/gcc/arm-none-eabi/8.2.1/../../../../arm-none-eabi/lib/thumb/v7e-m+fp/hard\libcr_semihost_nf.a(_cr__main.o)
                0x600074b2                __CR_SEMIHOST
                0x600074b2                __main
 .text.memset   0x600074c0        0x4 e:/nxp/mcuxpressoide_11.0.1_2563/ide/plugins/com.nxp.mcuxpresso.tools.win32_11.0.1.201907311258/tools/bin/../lib/gcc/arm-none-eabi/8.2.1/../../../../arm-none-eabi/lib/thumb/v7e-m+fp/hard\libcr_c.a(memset.o)
                0x600074c0                memset
 .text._deferredlazyseek
                0x600074c4       0x40 e:/nxp/mcuxpressoide_11.0.1_2563/ide/plugins/com.nxp.mcuxpresso.tools.win32_11.0.1.201907311258/tools/bin/../lib/gcc/arm-none-eabi/8.2.1/../../../../arm-none-eabi/lib/thumb/v7e-m+fp/hard\libcr_c.a(_deferredlazyseek.o)
                0x600074c4                _deferredlazyseek
 .text.__flsbuf
                0x60007504      0x140 e:/nxp/mcuxpressoide_11.0.1_2563/ide/plugins/com.nxp.mcuxpresso.tools.win32_11.0.1.201907311258/tools/bin/../lib/gcc/arm-none-eabi/8.2.1/../../../../arm-none-eabi/lib/thumb/v7e-m+fp/hard\libcr_c.a(_deferredlazyseek.o)
                0x60007504                __flsbuf
 .text._fflush  0x60007644       0x52 e:/nxp/mcuxpressoide_11.0.1_2563/ide/plugins/com.nxp.mcuxpresso.tools.win32_11.0.1.201907311258/tools/bin/../lib/gcc/arm-none-eabi/8.2.1/../../../../arm-none-eabi/lib/thumb/v7e-m+fp/hard\libcr_c.a(_fflush.o)
                0x60007644                _fflush
 .text.free     0x60007696       0x30 e:/nxp/mcuxpressoide_11.0.1_2563/ide/plugins/com.nxp.mcuxpresso.tools.win32_11.0.1.201907311258/tools/bin/../lib/gcc/arm-none-eabi/8.2.1/../../../../arm-none-eabi/lib/thumb/v7e-m+fp/hard\libcr_c.a(alloc.o)
                0x60007696                free
 .text.fputs    0x600076c6       0x2c e:/nxp/mcuxpressoide_11.0.1_2563/ide/plugins/com.nxp.mcuxpresso.tools.win32_11.0.1.201907311258/tools/bin/../lib/gcc/arm-none-eabi/8.2.1/../../../../arm-none-eabi/lib/thumb/v7e-m+fp/hard\libcr_c.a(fputs.o)
                0x600076c6                fputs
 .text.no_fp_display
                0x600076f2        0x4 e:/nxp/mcuxpressoide_11.0.1_2563/ide/plugins/com.nxp.mcuxpresso.tools.win32_11.0.1.201907311258/tools/bin/../lib/gcc/arm-none-eabi/8.2.1/../../../../arm-none-eabi/lib/thumb/v7e-m+fp/hard\libcr_c.a(printf.o)
 .text.strlen   0x600076f6       0x4c e:/nxp/mcuxpressoide_11.0.1_2563/ide/plugins/com.nxp.mcuxpresso.tools.win32_11.0.1.201907311258/tools/bin/../lib/gcc/arm-none-eabi/8.2.1/../../../../arm-none-eabi/lib/thumb/v7e-m+fp/hard\libcr_c.a(strlen.o)
                0x600076f6                strlen
 .text._fdopen  0x60007742       0x68 e:/nxp/mcuxpressoide_11.0.1_2563/ide/plugins/com.nxp.mcuxpresso.tools.win32_11.0.1.201907311258/tools/bin/../lib/gcc/arm-none-eabi/8.2.1/../../../../arm-none-eabi/lib/thumb/v7e-m+fp/hard\libcr_c.a(_fdopen.o)
                0x60007742                _fdopen
 .text.fclose   0x600077aa       0x58 e:/nxp/mcuxpressoide_11.0.1_2563/ide/plugins/com.nxp.mcuxpresso.tools.win32_11.0.1.201907311258/tools/bin/../lib/gcc/arm-none-eabi/8.2.1/../../../../arm-none-eabi/lib/thumb/v7e-m+fp/hard\libcr_c.a(fclose.o)
                0x600077aa                fclose
 .text.remove   0x60007802       0x14 e:/nxp/mcuxpressoide_11.0.1_2563/ide/plugins/com.nxp.mcuxpresso.tools.win32_11.0.1.201907311258/tools/bin/../lib/gcc/arm-none-eabi/8.2.1/../../../../arm-none-eabi/lib/thumb/v7e-m+fp/hard\libcr_c.a(remove.o)
                0x60007802                remove
 .text._do_fflush
                0x60007816       0x40 e:/nxp/mcuxpressoide_11.0.1_2563/ide/plugins/com.nxp.mcuxpresso.tools.win32_11.0.1.201907311258/tools/bin/../lib/gcc/arm-none-eabi/8.2.1/../../../../arm-none-eabi/lib/thumb/v7e-m+fp/hard\libcr_c.a(_do_fflush.o)
                0x60007816                _do_fflush
 .text.__aeabi_division_uldivmod
                0x60007856      0x174 e:/nxp/mcuxpressoide_11.0.1_2563/ide/plugins/com.nxp.mcuxpresso.tools.win32_11.0.1.201907311258/tools/bin/../lib/gcc/arm-none-eabi/8.2.1/thumb/v7e-m+fp/hard\libcr_eabihelpers.a(division_64.o)
                0x60007856                __aeabi_uldivmod
                0x6000785a                __bhs_ldivmod1
 .text.__aeabi_division_idiv0
                0x600079ca        0x2 e:/nxp/mcuxpressoide_11.0.1_2563/ide/plugins/com.nxp.mcuxpresso.tools.win32_11.0.1.201907311258/tools/bin/../lib/gcc/arm-none-eabi/8.2.1/thumb/v7e-m+fp/hard\libcr_eabihelpers.a(division_idiv0.o)
                0x600079ca                __aeabi_idiv0
 .text.__aeabi_memset_lowlevel
                0x600079cc       0x32 e:/nxp/mcuxpressoide_11.0.1_2563/ide/plugins/com.nxp.mcuxpresso.tools.win32_11.0.1.201907311258/tools/bin/../lib/gcc/arm-none-eabi/8.2.1/thumb/v7e-m+fp/hard\libcr_eabihelpers.a(memcpy.o)
                0x600079cc                __aeabi_lowlevel_memset
 .text.__sys_close
                0x600079fe        0xc e:/nxp/mcuxpressoide_11.0.1_2563/ide/plugins/com.nxp.mcuxpresso.tools.win32_11.0.1.201907311258/tools/bin/../lib/gcc/arm-none-eabi/8.2.1/../../../../arm-none-eabi/lib/thumb/v7e-m+fp/hard\libcr_semihost_nf.a(__sys_close.o)
                0x600079fe                __sys_close
 .text.__sys_flen
                0x60007a0a        0xc e:/nxp/mcuxpressoide_11.0.1_2563/ide/plugins/com.nxp.mcuxpresso.tools.win32_11.0.1.201907311258/tools/bin/../lib/gcc/arm-none-eabi/8.2.1/../../../../arm-none-eabi/lib/thumb/v7e-m+fp/hard\libcr_semihost_nf.a(__sys_flen.o)
                0x60007a0a                __sys_flen
 .text.__sys_istty
                0x60007a16        0xc e:/nxp/mcuxpressoide_11.0.1_2563/ide/plugins/com.nxp.mcuxpresso.tools.win32_11.0.1.201907311258/tools/bin/../lib/gcc/arm-none-eabi/8.2.1/../../../../arm-none-eabi/lib/thumb/v7e-m+fp/hard\libcr_semihost_nf.a(__sys_istty.o)
                0x60007a16                __sys_istty
 .text.__sys_remove
                0x60007a22        0xc e:/nxp/mcuxpressoide_11.0.1_2563/ide/plugins/com.nxp.mcuxpresso.tools.win32_11.0.1.201907311258/tools/bin/../lib/gcc/arm-none-eabi/8.2.1/../../../../arm-none-eabi/lib/thumb/v7e-m+fp/hard\libcr_semihost_nf.a(__sys_remove.o)
                0x60007a22                __sys_remove
 .text.__sys_seek
                0x60007a2e        0xc e:/nxp/mcuxpressoide_11.0.1_2563/ide/plugins/com.nxp.mcuxpresso.tools.win32_11.0.1.201907311258/tools/bin/../lib/gcc/arm-none-eabi/8.2.1/../../../../arm-none-eabi/lib/thumb/v7e-m+fp/hard\libcr_semihost_nf.a(__sys_seek.o)
                0x60007a2e                __sys_seek
 .text.__sys_tmpnam
                0x60007a3a        0xc e:/nxp/mcuxpressoide_11.0.1_2563/ide/plugins/com.nxp.mcuxpresso.tools.win32_11.0.1.201907311258/tools/bin/../lib/gcc/arm-none-eabi/8.2.1/../../../../arm-none-eabi/lib/thumb/v7e-m+fp/hard\libcr_semihost_nf.a(__sys_tmpnam.o)
                0x60007a3a                __sys_tmpnam
 .text.__sys_write
                0x60007a46        0xc e:/nxp/mcuxpressoide_11.0.1_2563/ide/plugins/com.nxp.mcuxpresso.tools.win32_11.0.1.201907311258/tools/bin/../lib/gcc/arm-none-eabi/8.2.1/../../../../arm-none-eabi/lib/thumb/v7e-m+fp/hard\libcr_semihost_nf.a(__sys_write.o)
                0x60007a46                __sys_write
 *(SORT_BY_ALIGNMENT(.rodata) SORT_BY_ALIGNMENT(.rodata.*) SORT_BY_ALIGNMENT(.constdata) SORT_BY_ALIGNMENT(.constdata.*))
 *fill*         0x60007a52        0x2 ff
 .rodata.dcd_data
                0x60007a54        0x1 ./xip/evkbimxrt1050_sdram_ini_dcd.o
                0x60007a54                dcd_data
 *fill*         0x60007a55        0x3 ff
 .rodata        0x60007a58      0x21f ./utilities/fsl_debug_console.o
 *fill*         0x60007c77        0x1 ff
 .rodata        0x60007c78       0xf4 ./source/EVKBimxrt1050_PWM_eadc_sample.o
 .rodata        0x60007d6c       0x42 ./source/adc.o
 *fill*         0x60007dae        0x2 ff
 .rodata        0x60007db0       0x1b ./source/pwm.o
 *fill*         0x60007dcb        0x1 ff
 .rodata        0x60007dcc      0x212 ./drivers/fsl_adc.o
 *fill*         0x60007fde        0x2 ff
 .rodata.s_adcBases
                0x60007fe0        0xc ./drivers/fsl_adc.o
 .rodata.s_adcClocks
                0x60007fec        0x6 ./drivers/fsl_adc.o
 *fill*         0x60007ff2        0x2 ff
 .rodata        0x60007ff4      0x159 ./drivers/fsl_adc_etc.o
 *fill*         0x6000814d        0x3 ff
 .rodata        0x60008150       0xc7 ./drivers/fsl_clock.o
 *fill*         0x60008217        0x1 ff
 .rodata        0x60008218      0x6b2 ./drivers/fsl_lpuart.o
 *fill*         0x600088ca        0x2 ff
 .rodata.s_lpuartBases
                0x600088cc       0x24 ./drivers/fsl_lpuart.o
 .rodata.s_lpuartClock
                0x600088f0       0x12 ./drivers/fsl_lpuart.o
 *fill*         0x60008902        0x2 ff
 .rodata        0x60008904      0x1d7 ./drivers/fsl_pwm.o
 *fill*         0x60008adb        0x1 ff
 .rodata.s_pwmBases
                0x60008adc       0x14 ./drivers/fsl_pwm.o
 .rodata.s_pwmClocks
                0x60008af0       0x28 ./drivers/fsl_pwm.o
 .rodata        0x60008b18       0xb9 ./drivers/fsl_xbara.o
 *fill*         0x60008bd1        0x3 ff
 .rodata.s_LpuartAdapterBase
                0x60008bd4       0x24 ./component/uart/lpuart_adapter.o
 .rodata        0x60008bf8      0x274 ./component/uart/lpuart_adapter.o
 .rodata        0x60008e6c      0x525 ./component/serial_manager/serial_manager.o
 *fill*         0x60009391        0x3 ff
 .rodata        0x60009394      0x244 ./component/serial_manager/serial_port_uart.o
 .rodata        0x600095d8       0xa1 ./board/boards/clock_config.o
 *fill*         0x60009679        0x3 ff
 .rodata.armPllConfig_BOARD_BootClockRUN
                0x6000967c        0x8 ./board/boards/clock_config.o
                0x6000967c                armPllConfig_BOARD_BootClockRUN
 .rodata.sysPllConfig_BOARD_BootClockRUN
                0x60009684       0x14 ./board/boards/clock_config.o
                0x60009684                sysPllConfig_BOARD_BootClockRUN
 .rodata        0x60009698       0x29 ./board/boards/pin_mux.o
 *fill*         0x600096c1        0x3 ff
 .rodata.__num_Ciob_streams
                0x600096c4        0x4 e:/nxp/mcuxpressoide_11.0.1_2563/ide/plugins/com.nxp.mcuxpresso.tools.win32_11.0.1.201907311258/tools/bin/../lib/gcc/arm-none-eabi/8.2.1/../../../../arm-none-eabi/lib/thumb/v7e-m+fp/hard\libcr_semihost_nf.a(__ciob.o)
                0x600096c4                __num_Ciob_streams
 .rodata.__assertion_failed.str1.1
                0x600096c8       0x15 e:/nxp/mcuxpressoide_11.0.1_2563/ide/plugins/com.nxp.mcuxpresso.tools.win32_11.0.1.201907311258/tools/bin/../lib/gcc/arm-none-eabi/8.2.1/../../../../arm-none-eabi/lib/thumb/v7e-m+fp/hard\libcr_semihost_nf.a(_cr_assert.o)
 .rodata._Csys_alloc.str1.1
                0x600096dd       0x18 e:/nxp/mcuxpressoide_11.0.1_2563/ide/plugins/com.nxp.mcuxpresso.tools.win32_11.0.1.201907311258/tools/bin/../lib/gcc/arm-none-eabi/8.2.1/../../../../arm-none-eabi/lib/thumb/v7e-m+fp/hard\libcr_c.a(alloc.o)
 .rodata._initio.str1.1
                0x600096f5        0x4 e:/nxp/mcuxpressoide_11.0.1_2563/ide/plugins/com.nxp.mcuxpresso.tools.win32_11.0.1.201907311258/tools/bin/../lib/gcc/arm-none-eabi/8.2.1/../../../../arm-none-eabi/lib/thumb/v7e-m+fp/hard\libcr_c.a(initio.o)
 .rodata.__vfprintf.str1.1
                0x600096f9       0x35 e:/nxp/mcuxpressoide_11.0.1_2563/ide/plugins/com.nxp.mcuxpresso.tools.win32_11.0.1.201907311258/tools/bin/../lib/gcc/arm-none-eabi/8.2.1/../../../../arm-none-eabi/lib/thumb/v7e-m+fp/hard\libcr_c.a(printf.o)
                                 0x38 (size before relaxing)
                0x60009730                . = ALIGN (0x4)
 *fill*         0x6000972e        0x2 ff

.glue_7         0x60009730        0x0
 .glue_7        0x60009730        0x0 linker stubs

.glue_7t        0x60009730        0x0
 .glue_7t       0x60009730        0x0 linker stubs

.vfp11_veneer   0x60009730        0x0
 .vfp11_veneer  0x60009730        0x0 linker stubs

.v4_bx          0x60009730        0x0
 .v4_bx         0x60009730        0x0 linker stubs

.iplt           0x60009730        0x0
 .iplt          0x60009730        0x0 ./xip/evkbimxrt1050_flexspi_nor_config.o

.rel.dyn        0x60009730        0x0
 .rel.iplt      0x60009730        0x0 ./xip/evkbimxrt1050_flexspi_nor_config.o

.ARM.extab
 *(SORT_BY_ALIGNMENT(.ARM.extab*) SORT_BY_ALIGNMENT(.gnu.linkonce.armextab.*))
                0x60009730                __exidx_start = .

.ARM.exidx
 *(SORT_BY_ALIGNMENT(.ARM.exidx*) SORT_BY_ALIGNMENT(.gnu.linkonce.armexidx.*))
                0x60009730                __exidx_end = .
                0x60009730                _etext = .

.data_RAM2      0x00000000        0x0 load address 0x60009730
 FILL mask 0xff
                [!provide]                PROVIDE (__start_data_RAM2 = .)
 *(SORT_BY_ALIGNMENT(.ramfunc.$RAM2))
 *(SORT_BY_ALIGNMENT(.ramfunc.$SRAM_ITC))
 *(SORT_BY_ALIGNMENT(.data.$RAM2))
 *(SORT_BY_ALIGNMENT(.data.$SRAM_ITC))
 *(SORT_BY_ALIGNMENT(.data.$RAM2.*))
 *(SORT_BY_ALIGNMENT(.data.$SRAM_ITC.*))
                0x00000000                . = ALIGN (0x4)
                [!provide]                PROVIDE (__end_data_RAM2 = .)

.data_RAM3      0x20200000        0x0 load address 0x60009730
 FILL mask 0xff
                [!provide]                PROVIDE (__start_data_RAM3 = .)
 *(SORT_BY_ALIGNMENT(.ramfunc.$RAM3))
 *(SORT_BY_ALIGNMENT(.ramfunc.$SRAM_OC))
 *(SORT_BY_ALIGNMENT(.data.$RAM3))
 *(SORT_BY_ALIGNMENT(.data.$SRAM_OC))
 *(SORT_BY_ALIGNMENT(.data.$RAM3.*))
 *(SORT_BY_ALIGNMENT(.data.$SRAM_OC.*))
                0x20200000                . = ALIGN (0x4)
                [!provide]                PROVIDE (__end_data_RAM3 = .)

.data_RAM4      0x80000000        0x0 load address 0x60009730
 FILL mask 0xff
                [!provide]                PROVIDE (__start_data_RAM4 = .)
 *(SORT_BY_ALIGNMENT(.ramfunc.$RAM4))
 *(SORT_BY_ALIGNMENT(.ramfunc.$BOARD_SDRAM))
 *(SORT_BY_ALIGNMENT(.data.$RAM4))
 *(SORT_BY_ALIGNMENT(.data.$BOARD_SDRAM))
 *(SORT_BY_ALIGNMENT(.data.$RAM4.*))
 *(SORT_BY_ALIGNMENT(.data.$BOARD_SDRAM.*))
                0x80000000                . = ALIGN (0x4)
                [!provide]                PROVIDE (__end_data_RAM4 = .)

.uninit_RESERVED
                0x20000000        0x0
                0x20000000                . = ALIGN (0x4)
 *(SORT_BY_ALIGNMENT(.bss.$RESERVED*))
                0x20000000                . = ALIGN (0x4)
                0x20000000                _end_uninit_RESERVED = .

.data           0x20000000        0x4 load address 0x60009730
 FILL mask 0xff
                0x20000000                _data = .
 *(SORT_BY_ALIGNMENT(vtable))
 *(SORT_BY_ALIGNMENT(.ramfunc*))
 *(SORT_BY_ALIGNMENT(CodeQuickAccess))
 *(SORT_BY_ALIGNMENT(DataQuickAccess))
 *(SORT_BY_ALIGNMENT(RamFunction))
 *(SORT_BY_ALIGNMENT(.data*))
 .data.SystemCoreClock
                0x20000000        0x4 ./device/system_MIMXRT1052.o
                0x20000000                SystemCoreClock
                0x20000004                . = ALIGN (0x4)
                0x20000004                _edata = .

.igot.plt       0x20000004        0x0 load address 0x60009734
 .igot.plt      0x20000004        0x0 ./xip/evkbimxrt1050_flexspi_nor_config.o

.bss_RAM2       0x00000000        0x0
                0x00000000                . = ALIGN (0x4)
                [!provide]                PROVIDE (__start_bss_RAM2 = .)
 *(SORT_BY_ALIGNMENT(.bss.$RAM2))
 *(SORT_BY_ALIGNMENT(.bss.$SRAM_ITC))
 *(SORT_BY_ALIGNMENT(.bss.$RAM2.*))
 *(SORT_BY_ALIGNMENT(.bss.$SRAM_ITC.*))
                0x00000000                . = ALIGN ((. != 0x0)?0x4:0x1)
                [!provide]                PROVIDE (__end_bss_RAM2 = .)

.bss_RAM3       0x20200000        0x0
                0x20200000                . = ALIGN (0x4)
                [!provide]                PROVIDE (__start_bss_RAM3 = .)
 *(SORT_BY_ALIGNMENT(.bss.$RAM3))
 *(SORT_BY_ALIGNMENT(.bss.$SRAM_OC))
 *(SORT_BY_ALIGNMENT(.bss.$RAM3.*))
 *(SORT_BY_ALIGNMENT(.bss.$SRAM_OC.*))
                0x20200000                . = ALIGN ((. != 0x0)?0x4:0x1)
                [!provide]                PROVIDE (__end_bss_RAM3 = .)

.bss_RAM4       0x80000000        0x0
                0x80000000                . = ALIGN (0x4)
                [!provide]                PROVIDE (__start_bss_RAM4 = .)
 *(SORT_BY_ALIGNMENT(.bss.$RAM4))
 *(SORT_BY_ALIGNMENT(.bss.$BOARD_SDRAM))
 *(SORT_BY_ALIGNMENT(.bss.$RAM4.*))
 *(SORT_BY_ALIGNMENT(.bss.$BOARD_SDRAM.*))
                0x80000000                . = ALIGN ((. != 0x0)?0x4:0x1)
                [!provide]                PROVIDE (__end_bss_RAM4 = .)

.bss            0x20000004      0x118
                0x20000004                . = ALIGN (0x4)
                0x20000004                _bss = .
 *(SORT_BY_ALIGNMENT(.bss*))
 .bss.s_debugConsoleState
                0x20000004       0x1c ./utilities/fsl_debug_console.o
 .bss.g_serialHandle
                0x20000020        0x4 ./utilities/fsl_debug_console.o
                0x20000020                g_serialHandle
 .bss.g_AdcConversionValue0
                0x20000024        0x4 ./source/EVKBimxrt1050_PWM_eadc_sample.o
                0x20000024                g_AdcConversionValue0
 .bss.g_AdcConversionValue1
                0x20000028        0x4 ./source/EVKBimxrt1050_PWM_eadc_sample.o
                0x20000028                g_AdcConversionValue1
 .bss.g_xtalFreq
                0x2000002c        0x4 ./drivers/fsl_clock.o
                0x2000002c                g_xtalFreq
 .bss.g_rtcXtalFreq
                0x20000030        0x4 ./drivers/fsl_clock.o
                0x20000030                g_rtcXtalFreq
 .bss.s_lpuartHandle
                0x20000034       0x24 ./drivers/fsl_lpuart.o
 .bss.s_lpuartIsr
                0x20000058        0x4 ./drivers/fsl_lpuart.o
 .bss.__Ciob    0x2000005c       0xb4 e:/nxp/mcuxpressoide_11.0.1_2563/ide/plugins/com.nxp.mcuxpresso.tools.win32_11.0.1.201907311258/tools/bin/../lib/gcc/arm-none-eabi/8.2.1/../../../../arm-none-eabi/lib/thumb/v7e-m+fp/hard\libcr_semihost_nf.a(__ciob.o)
                0x2000005c                __Ciob
 .bss.__end_of_heap
                0x20000110        0x4 e:/nxp/mcuxpressoide_11.0.1_2563/ide/plugins/com.nxp.mcuxpresso.tools.win32_11.0.1.201907311258/tools/bin/../lib/gcc/arm-none-eabi/8.2.1/../../../../arm-none-eabi/lib/thumb/v7e-m+fp/hard\libcr_c.a(__init_alloc.o)
                0x20000110                __end_of_heap
 .bss.__heaps   0x20000114        0x4 e:/nxp/mcuxpressoide_11.0.1_2563/ide/plugins/com.nxp.mcuxpresso.tools.win32_11.0.1.201907311258/tools/bin/../lib/gcc/arm-none-eabi/8.2.1/../../../../arm-none-eabi/lib/thumb/v7e-m+fp/hard\libcr_c.a(__init_alloc.o)
                0x20000114                __heaps
 .bss.errno     0x20000118        0x4 e:/nxp/mcuxpressoide_11.0.1_2563/ide/plugins/com.nxp.mcuxpresso.tools.win32_11.0.1.201907311258/tools/bin/../lib/gcc/arm-none-eabi/8.2.1/../../../../arm-none-eabi/lib/thumb/v7e-m+fp/hard\libcr_c.a(errno.o)
                0x20000118                errno
 *(SORT_BY_ALIGNMENT(COMMON))
                0x2000011c                . = ALIGN (0x4)
                0x2000011c                _ebss = .
                [!provide]                PROVIDE (end = .)

.noinit_RAM2    0x00000000        0x0
                0x00000000                . = ALIGN (0x4)
 *(SORT_BY_ALIGNMENT(.noinit.$RAM2))
 *(SORT_BY_ALIGNMENT(.noinit.$SRAM_ITC))
 *(SORT_BY_ALIGNMENT(.noinit.$RAM2.*))
 *(SORT_BY_ALIGNMENT(.noinit.$SRAM_ITC.*))
                0x00000000                . = ALIGN (0x4)

.noinit_RAM3    0x20200000        0x0
                0x20200000                . = ALIGN (0x4)
 *(SORT_BY_ALIGNMENT(.noinit.$RAM3))
 *(SORT_BY_ALIGNMENT(.noinit.$SRAM_OC))
 *(SORT_BY_ALIGNMENT(.noinit.$RAM3.*))
 *(SORT_BY_ALIGNMENT(.noinit.$SRAM_OC.*))
                0x20200000                . = ALIGN (0x4)

.noinit_RAM4    0x80000000        0x0
                0x80000000                . = ALIGN (0x4)
 *(SORT_BY_ALIGNMENT(.noinit.$RAM4))
 *(SORT_BY_ALIGNMENT(.noinit.$BOARD_SDRAM))
 *(SORT_BY_ALIGNMENT(.noinit.$RAM4.*))
 *(SORT_BY_ALIGNMENT(.noinit.$BOARD_SDRAM.*))
                0x80000000                . = ALIGN (0x4)

.noinit         0x2000011c        0x0
                0x2000011c                . = ALIGN (0x4)
                0x2000011c                _noinit = .
 *(SORT_BY_ALIGNMENT(.noinit*))
                0x2000011c                . = ALIGN (0x4)
                0x2000011c                _end_noinit = .
                0x00001000                _HeapSize = 0x1000

.heap           0x2000011c     0x1000
                0x2000011c                _pvHeapStart = .
                0x2000111c                . = (. + _HeapSize)
 *fill*         0x2000011c     0x1000 
                0x2000111c                . = ALIGN (0x4)
                0x2000111c                _pvHeapLimit = .
                0x00001000                _StackSize = 0x1000

.heap2stackfill
                0x2000111c     0x1000
                0x2000211c                . = (. + _StackSize)
 *fill*         0x2000111c     0x1000 

.stack          0x2001f000        0x0
                0x2001f000                _vStackBase = .
                0x2001f000                . = ALIGN (0x4)
                0x20020000                _vStackTop = (. + _StackSize)
                0x60002000                _image_start = LOADADDR (.text)
                0x60009734                _image_end = (LOADADDR (.data) + SIZEOF (.data))
                0x00007734                _image_size = (_image_end - _image_start)
OUTPUT(EVKBimxrt1050_PWM_eadc_sample.axf elf32-littlearm)

.debug_info     0x00000000    0x13c72
 .debug_info    0x00000000      0x817 ./xip/evkbimxrt1050_flexspi_nor_config.o
 .debug_info    0x00000817       0xd9 ./xip/evkbimxrt1050_sdram_ini_dcd.o
 .debug_info    0x000008f0      0x5c2 ./xip/fsl_flexspi_nor_boot.o
 .debug_info    0x00000eb2      0x933 ./utilities/fsl_debug_console.o
 .debug_info    0x000017e5      0xd73 ./startup/startup_mimxrt1052.o
 .debug_info    0x00002558      0x81e ./source/EVKBimxrt1050_PWM_eadc_sample.o
 .debug_info    0x00002d76      0x5a2 ./source/adc.o
 .debug_info    0x00003318      0x9b3 ./source/eadc.o
 .debug_info    0x00003ccb      0xc78 ./source/pwm.o
 .debug_info    0x00004943       0x3c ./source/semihost_hardfault.o
 .debug_info    0x0000497f      0xf26 ./source/xbara.o
 .debug_info    0x000058a5     0x118a ./drivers/fsl_adc.o
 .debug_info    0x00006a2f      0x6fd ./drivers/fsl_adc_etc.o
 .debug_info    0x0000712c     0x2051 ./drivers/fsl_clock.o
 .debug_info    0x0000917d     0x210a ./drivers/fsl_lpuart.o
 .debug_info    0x0000b287     0x18eb ./drivers/fsl_pwm.o
 .debug_info    0x0000cb72     0x1a7a ./drivers/fsl_xbara.o
 .debug_info    0x0000e5ec      0xd2a ./device/system_MIMXRT1052.o
 .debug_info    0x0000f316      0x9e4 ./component/uart/lpuart_adapter.o
 .debug_info    0x0000fcfa      0x76c ./component/serial_manager/serial_manager.o
 .debug_info    0x00010466      0x503 ./component/serial_manager/serial_port_uart.o
 .debug_info    0x00010969     0x125d ./board/boards/board.o
 .debug_info    0x00011bc6     0x17b0 ./board/boards/clock_config.o
 .debug_info    0x00013376       0x4e ./board/boards/peripherals.o
 .debug_info    0x000133c4      0x8ae ./board/boards/pin_mux.o

.debug_abbrev   0x00000000     0x2b21
 .debug_abbrev  0x00000000      0x14c ./xip/evkbimxrt1050_flexspi_nor_config.o
 .debug_abbrev  0x0000014c       0x9f ./xip/evkbimxrt1050_sdram_ini_dcd.o
 .debug_abbrev  0x000001eb      0x13f ./xip/fsl_flexspi_nor_boot.o
 .debug_abbrev  0x0000032a      0x19a ./utilities/fsl_debug_console.o
 .debug_abbrev  0x000004c4      0x147 ./startup/startup_mimxrt1052.o
 .debug_abbrev  0x0000060b      0x1ab ./source/EVKBimxrt1050_PWM_eadc_sample.o
 .debug_abbrev  0x000007b6      0x165 ./source/adc.o
 .debug_abbrev  0x0000091b      0x1bb ./source/eadc.o
 .debug_abbrev  0x00000ad6      0x1d4 ./source/pwm.o
 .debug_abbrev  0x00000caa       0x31 ./source/semihost_hardfault.o
 .debug_abbrev  0x00000cdb       0xee ./source/xbara.o
 .debug_abbrev  0x00000dc9      0x28d ./drivers/fsl_adc.o
 .debug_abbrev  0x00001056      0x1f6 ./drivers/fsl_adc_etc.o
 .debug_abbrev  0x0000124c      0x3c1 ./drivers/fsl_clock.o
 .debug_abbrev  0x0000160d      0x348 ./drivers/fsl_lpuart.o
 .debug_abbrev  0x00001955      0x297 ./drivers/fsl_pwm.o
 .debug_abbrev  0x00001bec      0x21f ./drivers/fsl_xbara.o
 .debug_abbrev  0x00001e0b      0x19a ./device/system_MIMXRT1052.o
 .debug_abbrev  0x00001fa5      0x1b0 ./component/uart/lpuart_adapter.o
 .debug_abbrev  0x00002155      0x17d ./component/serial_manager/serial_manager.o
 .debug_abbrev  0x000022d2      0x160 ./component/serial_manager/serial_port_uart.o
 .debug_abbrev  0x00002432      0x2ea ./board/boards/board.o
 .debug_abbrev  0x0000271c      0x218 ./board/boards/clock_config.o
 .debug_abbrev  0x00002934       0x4b ./board/boards/peripherals.o
 .debug_abbrev  0x0000297f      0x1a2 ./board/boards/pin_mux.o

.debug_aranges  0x00000000      0xe98
 .debug_aranges
                0x00000000       0x18 ./xip/evkbimxrt1050_flexspi_nor_config.o
 .debug_aranges
                0x00000018       0x18 ./xip/evkbimxrt1050_sdram_ini_dcd.o
 .debug_aranges
                0x00000030       0x18 ./xip/fsl_flexspi_nor_boot.o
 .debug_aranges
                0x00000048       0x50 ./utilities/fsl_debug_console.o
 .debug_aranges
                0x00000098      0x520 ./startup/startup_mimxrt1052.o
 .debug_aranges
                0x000005b8       0x30 ./source/EVKBimxrt1050_PWM_eadc_sample.o
 .debug_aranges
                0x000005e8       0x28 ./source/adc.o
 .debug_aranges
                0x00000610       0x30 ./source/eadc.o
 .debug_aranges
                0x00000640       0x40 ./source/pwm.o
 .debug_aranges
                0x00000680       0x20 ./source/semihost_hardfault.o
 .debug_aranges
                0x000006a0       0x20 ./source/xbara.o
 .debug_aranges
                0x000006c0       0xa0 ./drivers/fsl_adc.o
 .debug_aranges
                0x00000760       0x60 ./drivers/fsl_adc_etc.o
 .debug_aranges
                0x000007c0      0x178 ./drivers/fsl_clock.o
 .debug_aranges
                0x00000938      0x160 ./drivers/fsl_lpuart.o
 .debug_aranges
                0x00000a98       0xa0 ./drivers/fsl_pwm.o
 .debug_aranges
                0x00000b38       0x68 ./drivers/fsl_xbara.o
 .debug_aranges
                0x00000ba0       0x40 ./device/system_MIMXRT1052.o
 .debug_aranges
                0x00000be0       0x40 ./component/uart/lpuart_adapter.o
 .debug_aranges
                0x00000c20       0x88 ./component/serial_manager/serial_manager.o
 .debug_aranges
                0x00000ca8       0x38 ./component/serial_manager/serial_port_uart.o
 .debug_aranges
                0x00000ce0       0x90 ./board/boards/board.o
 .debug_aranges
                0x00000d70       0x78 ./board/boards/clock_config.o
 .debug_aranges
                0x00000de8       0x28 ./board/boards/peripherals.o
 .debug_aranges
                0x00000e10       0x88 ./board/boards/pin_mux.o

.debug_macro    0x00000000    0x2c1ff
 .debug_macro   0x00000000      0x118 ./xip/evkbimxrt1050_flexspi_nor_config.o
 .debug_macro   0x00000118      0xade ./xip/evkbimxrt1050_flexspi_nor_config.o
 .debug_macro   0x00000bf6       0x10 ./xip/evkbimxrt1050_flexspi_nor_config.o
 .debug_macro   0x00000c06      0x12e ./xip/evkbimxrt1050_flexspi_nor_config.o
 .debug_macro   0x00000d34      0x5b3 ./xip/evkbimxrt1050_flexspi_nor_config.o
 .debug_macro   0x000012e7       0x22 ./xip/evkbimxrt1050_flexspi_nor_config.o
 .debug_macro   0x00001309       0x16 ./xip/evkbimxrt1050_flexspi_nor_config.o
 .debug_macro   0x0000131f       0x22 ./xip/evkbimxrt1050_flexspi_nor_config.o
 .debug_macro   0x00001341       0x10 ./xip/evkbimxrt1050_flexspi_nor_config.o
 .debug_macro   0x00001351       0x4d ./xip/evkbimxrt1050_flexspi_nor_config.o
 .debug_macro   0x0000139e       0x1c ./xip/evkbimxrt1050_flexspi_nor_config.o
 .debug_macro   0x000013ba       0x22 ./xip/evkbimxrt1050_flexspi_nor_config.o
 .debug_macro   0x000013dc       0xdf ./xip/evkbimxrt1050_flexspi_nor_config.o
 .debug_macro   0x000014bb     0x1295 ./xip/evkbimxrt1050_flexspi_nor_config.o
 .debug_macro   0x00002750       0xe2 ./xip/evkbimxrt1050_flexspi_nor_config.o
 .debug_macro   0x00002832       0x19 ./xip/evkbimxrt1050_flexspi_nor_config.o
 .debug_macro   0x0000284b       0x22 ./xip/evkbimxrt1050_flexspi_nor_config.o
 .debug_macro   0x0000286d    0x24d8a ./xip/evkbimxrt1050_flexspi_nor_config.o
 .debug_macro   0x000275f7      0x696 ./xip/evkbimxrt1050_flexspi_nor_config.o
 .debug_macro   0x00027c8d       0xd0 ./xip/evkbimxrt1050_flexspi_nor_config.o
 .debug_macro   0x00027d5d      0x224 ./xip/evkbimxrt1050_flexspi_nor_config.o
 .debug_macro   0x00027f81      0x1a4 ./xip/evkbimxrt1050_flexspi_nor_config.o
 .debug_macro   0x00028125       0x51 ./xip/evkbimxrt1050_sdram_ini_dcd.o
 .debug_macro   0x00028176       0x22 ./xip/evkbimxrt1050_sdram_ini_dcd.o
 .debug_macro   0x00028198      0x143 ./xip/fsl_flexspi_nor_boot.o
 .debug_macro   0x000282db      0x124 ./xip/fsl_flexspi_nor_boot.o
 .debug_macro   0x000283ff       0x10 ./xip/fsl_flexspi_nor_boot.o
 .debug_macro   0x0002840f      0x299 ./xip/fsl_flexspi_nor_boot.o
 .debug_macro   0x000286a8       0x7c ./xip/fsl_flexspi_nor_boot.o
 .debug_macro   0x00028724      0x193 ./utilities/fsl_debug_console.o
 .debug_macro   0x000288b7       0x16 ./utilities/fsl_debug_console.o
 .debug_macro   0x000288cd       0x10 ./utilities/fsl_debug_console.o
 .debug_macro   0x000288dd       0x28 ./utilities/fsl_debug_console.o
 .debug_macro   0x00028905       0x56 ./utilities/fsl_debug_console.o
 .debug_macro   0x0002895b       0x34 ./utilities/fsl_debug_console.o
 .debug_macro   0x0002898f       0x10 ./utilities/fsl_debug_console.o
 .debug_macro   0x0002899f       0x32 ./utilities/fsl_debug_console.o
 .debug_macro   0x000289d1       0x1c ./utilities/fsl_debug_console.o
 .debug_macro   0x000289ed       0xd2 ./utilities/fsl_debug_console.o
 .debug_macro   0x00028abf       0x1c ./utilities/fsl_debug_console.o
 .debug_macro   0x00028adb       0x29 ./startup/startup_mimxrt1052.o
 .debug_macro   0x00028b04      0x1ad ./source/EVKBimxrt1050_PWM_eadc_sample.o
 .debug_macro   0x00028cb1       0xd8 ./source/EVKBimxrt1050_PWM_eadc_sample.o
 .debug_macro   0x00028d89      0x7d4 ./source/EVKBimxrt1050_PWM_eadc_sample.o
 .debug_macro   0x0002955d       0x2e ./source/EVKBimxrt1050_PWM_eadc_sample.o
 .debug_macro   0x0002958b       0x16 ./source/EVKBimxrt1050_PWM_eadc_sample.o
 .debug_macro   0x000295a1      0x162 ./source/adc.o
 .debug_macro   0x00029703       0x1c ./source/adc.o
 .debug_macro   0x0002971f       0x16 ./source/adc.o
 .debug_macro   0x00029735      0x116 ./source/eadc.o
 .debug_macro   0x0002984b       0x10 ./source/eadc.o
 .debug_macro   0x0002985b      0x158 ./source/pwm.o
 .debug_macro   0x000299b3       0x10 ./source/pwm.o
 .debug_macro   0x000299c3       0x11 ./source/semihost_hardfault.o
 .debug_macro   0x000299d4      0x116 ./source/xbara.o
 .debug_macro   0x00029aea       0x16 ./source/xbara.o
 .debug_macro   0x00029b00      0x113 ./drivers/fsl_adc.o
 .debug_macro   0x00029c13      0x112 ./drivers/fsl_adc_etc.o
 .debug_macro   0x00029d25      0x103 ./drivers/fsl_clock.o
 .debug_macro   0x00029e28      0x113 ./drivers/fsl_lpuart.o
 .debug_macro   0x00029f3b      0x112 ./drivers/fsl_pwm.o
 .debug_macro   0x0002a04d      0x118 ./drivers/fsl_xbara.o
 .debug_macro   0x0002a165       0xa7 ./device/system_MIMXRT1052.o
 .debug_macro   0x0002a20c      0x10f ./component/uart/lpuart_adapter.o
 .debug_macro   0x0002a31b       0x10 ./component/uart/lpuart_adapter.o
 .debug_macro   0x0002a32b       0x22 ./component/uart/lpuart_adapter.o
 .debug_macro   0x0002a34d      0x136 ./component/serial_manager/serial_manager.o
 .debug_macro   0x0002a483      0x127 ./component/serial_manager/serial_port_uart.o
 .debug_macro   0x0002a5aa       0x22 ./component/serial_manager/serial_port_uart.o
 .debug_macro   0x0002a5cc      0x169 ./board/boards/board.o
 .debug_macro   0x0002a735      0x12a ./board/boards/board.o
 .debug_macro   0x0002a85f     0x175e ./board/boards/board.o
 .debug_macro   0x0002bfbd      0x115 ./board/boards/clock_config.o
 .debug_macro   0x0002c0d2       0x1b ./board/boards/peripherals.o
 .debug_macro   0x0002c0ed      0x112 ./board/boards/pin_mux.o

.debug_line     0x00000000     0x8d72