gthr-default.h:229:1:int __gthread_key_delete(__gthread_key_t)	16	static
PID.cpp:19:1:PID::PID()	16	static
PID.cpp:23:1:PID::PID(float, float, float)	32	static
PID.cpp:31:1:PID::~PID()	16	static
PID.cpp:31:1:virtual PID::~PID()	16	static
PID.cpp:35:6:void PID::SetParam(float, float, float)	24	static
PID.cpp:41:6:void PID::ErrorUpdate(float)	24	static
PID.cpp:48:6:void PID::ErrorAndTimeUpdate(float, float)	32	static
PID.cpp:56:6:void PID::SetSampleTime(float)	16	static
PID.cpp:60:7:float PID::OutPut()	32	static
array:175:7:constexpr std::array<_Tp, _Nm>::size_type std::array<_Tp, _Nm>::size() const [with _Tp = float; unsigned int _Nm = 3]	16	static
array:116:7:void std::array<_Tp, _Nm>::fill(const value_type&) [with _Tp = float; unsigned int _Nm = 3]	24	static
array:185:7:std::array<_Tp, _Nm>::value_type& std::array<_Tp, _Nm>::operator[](std::array<_Tp, _Nm>::size_type) [with _Tp = float; unsigned int _Nm = 3]	16	static
array:126:7:std::array<_Tp, _Nm>::value_type* std::array<_Tp, _Nm>::begin() [with _Tp = float; unsigned int _Nm = 3]	16	static
stl_algobase.h:784:5:_OI std::fill_n(_OI, _Size, const _Tp&) [with _OI = float*; _Size = unsigned int; _Tp = float]	24	static
array:55:7:static constexpr _Tp& std::__array_traits<_Tp, _Nm>::_S_ref(const _Tp (&)[_Nm], std::size_t) [with _Tp = float; unsigned int _Nm = 3]	16	static
array:234:7:std::array<_Tp, _Nm>::value_type* std::array<_Tp, _Nm>::data() [with _Tp = float; unsigned int _Nm = 3]	16	static
stl_algobase.h:277:5:_Iterator std::__niter_base(_Iterator) [with _Iterator = float*]	16	static
stl_algobase.h:749:5:typename __gnu_cxx::__enable_if<std::__is_scalar<_Tp>::__value, _OutputIterator>::__type std::__fill_n_a(_OutputIterator, _Size, const _Tp&) [with _OutputIterator = float*; _Size = unsigned int; _Tp = float]	32	static
array:59:7:static constexpr _Tp* std::__array_traits<_Tp, _Nm>::_S_ptr(const _Tp (&)[_Nm]) [with _Tp = float; unsigned int _Nm = 3]	16	static
