fsl_clock.h:1034:20:CLOCK_ControlGate	32	static
fsl_clock.h:1051:20:CLOCK_EnableClock	16	static
fsl_iomuxc.h:1090:20:IOMUXC_SetPinMux	24	static
fsl_iomuxc.h:1122:20:IOMUXC_SetPinConfig	24	static
pin_mux.c:221:6:BOARD_InitBootPins	8	static
pin_mux.c:243:6:BOARD_InitPins	16	static
pin_mux.c:276:6:BOARD_InitDEBUG_UARTPins	16	static
pin_mux.c:361:6:BOARD_InitSDRAMPins	16	static
pin_mux.c:515:6:BOARD_InitCSIPins	16	static
pin_mux.c:621:6:BOARD_InitLCDPins	16	static
pin_mux.c:916:6:BOARD_InitCANPins	16	static
pin_mux.c:952:6:BOARD_InitENETPins	16	static
pin_mux.c:1008:6:BOARD_InitUSDHCPins	16	static
pin_mux.c:1058:6:BOARD_InitHyperFlashPins	16	static
