gthr-default.h:229:1:int __gthread_key_delete(__gthread_key_t)	16	static
MotorInfo.cpp:50:1:MotorInfo::MotorInfo()	16	static
MotorInfo.cpp:55:1:MotorInfo::~MotorInfo()	16	static
MotorInfo.cpp:55:1:virtual MotorInfo::~MotorInfo()	16	static
MathLib.hpp:14:7:MathLib& MathLib::operator=(const MathLib&)	16	static
MotorInfo.cpp:59:6:void MotorInfo::setMathLib(MathLib)	16	static
MathLib.hpp:14:7:MathLib::MathLib(const MathLib&)	16	static
MotorInfo.cpp:63:9:MathLib MotorInfo::getMathLib()	16	static
Observer.hpp:58:7:constexpr Observer& Observer::operator=(const Observer&)	24	static
ArgSensor.hpp:14:7:constexpr ArgSensor& ArgSensor::operator=(const ArgSensor&)	16	static
MotorInfo.cpp:65:6:void MotorInfo::setArgSensor(ArgSensor)	16	static
TimInfo.hpp:13:7:constexpr TimInfo& TimInfo::operator=(const TimInfo&)	16	static
MotorInfo.cpp:69:6:void MotorInfo::setTimInfo(TimInfo)	16	static
PID.hpp:13:7:constexpr PID& PID::operator=(const PID&)	16	static
MotorInfo.cpp:74:6:void MotorInfo::setIdqPIDLib(PID, PID)	24	static
MotorInfo.cpp:79:6:void MotorInfo::setIganmadeltaPIDLib(PID, PID)	24	static
MotorInfo.cpp:89:6:void MotorInfo::startForceCommutation()	16	static
MotorInfo.cpp:93:6:void MotorInfo::stopForceCommutation()	16	static
MotorInfo.cpp:99:6:void MotorInfo::setIu(float)	16	static
MotorInfo.cpp:100:6:void MotorInfo::setIv(float)	16	static
MotorInfo.cpp:101:6:void MotorInfo::setIw(float)	16	static
MotorInfo.cpp:102:6:void MotorInfo::setIuvw(float, float, float)	24	static
MotorInfo.cpp:108:6:void MotorInfo::setVu(float)	16	static
MotorInfo.cpp:109:6:void MotorInfo::setVv(float)	16	static
MotorInfo.cpp:110:6:void MotorInfo::setVw(float)	16	static
MotorInfo.cpp:112:6:void MotorInfo::setArg(int)	16	static
MotorInfo.cpp:116:6:void MotorInfo::setArgDelta(int)	16	static
MotorInfo.cpp:120:7:float MotorInfo::getArgRad()	16	static
MotorInfo.cpp:124:7:float MotorInfo::getArgDeltaRad()	16	static
MotorInfo.cpp:129:6:void MotorInfo::culcArg()	16	static
MotorInfo.cpp:132:6:void MotorInfo::ForceCommutation()	32	static
MotorInfo.cpp:143:6:void MotorInfo::setRPM()	24	static
MotorInfo.cpp:147:6:void MotorInfo::parkTransform()	16	static
MotorInfo.cpp:152:6:void MotorInfo::clarkTransform()	72	static
MotorInfo.cpp:157:6:void MotorInfo::clarkGanmaDelta()	72	static
MotorInfo.cpp:162:6:void MotorInfo::PIDdq_control(float, float, float)	32	static
MotorInfo.cpp:168:6:void MotorInfo::PIDganmadelta_control(float, float, float)	32	static
MotorInfo.cpp:175:6:void MotorInfo::setVd(float)	16	static
MotorInfo.cpp:176:6:void MotorInfo::setVq(float)	16	static
MotorInfo.cpp:177:6:void MotorInfo::setVganma(float)	16	static
MotorInfo.cpp:178:6:void MotorInfo::setVdelta(float)	16	static
MotorInfo.cpp:180:6:void MotorInfo::invClarkGanmaDelta()	72	static
MotorInfo.cpp:185:6:void MotorInfo::invClarkTransform()	72	static
MotorInfo.cpp:190:6:void MotorInfo::invParkTransform()	16	static
MotorInfo.cpp:211:7:float MotorInfo::getIganma()	16	static
MotorInfo.cpp:212:7:float MotorInfo::getIdelta()	16	static
MotorInfo.cpp:214:7:float MotorInfo::getId()	16	static
MotorInfo.cpp:215:7:float MotorInfo::getIq()	16	static
MotorInfo.cpp:217:7:float MotorInfo::getVd()	16	static
MotorInfo.cpp:218:7:float MotorInfo::getVq()	16	static
MotorInfo.cpp:220:7:float MotorInfo::getValpha()	16	static
MotorInfo.cpp:221:7:float MotorInfo::getVbeta()	16	static
MotorInfo.cpp:223:7:float MotorInfo::getVu()	16	static
MotorInfo.cpp:224:7:float MotorInfo::getVv()	16	static
MotorInfo.cpp:225:7:float MotorInfo::getVw()	16	static
alloc_traits.h:100:27:static constexpr bool __gnu_cxx::__alloc_traits<_Alloc>::_S_propagate_on_copy_assign() [with _Alloc = std::allocator<float>]	4	static
alloc_traits.h:109:27:static constexpr bool __gnu_cxx::__alloc_traits<_Alloc>::_S_always_equal() [with _Alloc = std::allocator<float>]	4	static
vector.tcc:179:5:std::vector<_Tp, _Alloc>& std::vector<_Tp, _Alloc>::operator=(const std::vector<_Tp, _Alloc>&) [with _Tp = float; _Alloc = std::allocator<float>]	40	static
stl_vector.h:326:7:std::vector<_Tp, _Alloc>::vector(const std::vector<_Tp, _Alloc>&) [with _Tp = float; _Alloc = std::allocator<float>]	40	static
stl_vector.h:433:7:std::vector<_Tp, _Alloc>::~vector() [with _Tp = float; _Alloc = std::allocator<float>]	24	static
stl_vector.h:844:7:std::vector<_Tp, _Alloc>::reference std::vector<_Tp, _Alloc>::at(std::vector<_Tp, _Alloc>::size_type) [with _Tp = float; _Alloc = std::allocator<float>]	16	static
stl_vector.h:115:7:std::_Vector_base<_Tp, _Alloc>::_Tp_alloc_type& std::_Vector_base<_Tp, _Alloc>::_M_get_Tp_allocator() [with _Tp = float; _Alloc = std::allocator<float>]	16	static
stl_vector.h:119:7:const _Tp_alloc_type& std::_Vector_base<_Tp, _Alloc>::_M_get_Tp_allocator() const [with _Tp = float; _Alloc = std::allocator<float>]	16	static
allocator.h:164:5:bool std::operator!=(const std::allocator<_Tp1>&, const std::allocator<_Tp1>&) [with _Tp = float]	16	static
stl_vector.h:1247:7:void std::vector<_Tp, _Alloc>::clear() [with _Tp = float; _Alloc = std::allocator<float>]	16	static
stl_vector.h:176:7:void std::_Vector_base<_Tp, _Alloc>::_M_deallocate(std::_Vector_base<_Tp, _Alloc>::pointer, std::size_t) [with _Tp = float; _Alloc = std::allocator<float>]	24	static
alloc_traits.h:520:17:void std::__alloc_on_copy(_Alloc&, const _Alloc&) [with _Alloc = std::allocator<float>]	24	static
stl_vector.h:670:7:std::vector<_Tp, _Alloc>::size_type std::vector<_Tp, _Alloc>::size() const [with _Tp = float; _Alloc = std::allocator<float>]	16	static
stl_vector.h:750:7:std::vector<_Tp, _Alloc>::size_type std::vector<_Tp, _Alloc>::capacity() const [with _Tp = float; _Alloc = std::allocator<float>]	16	static
stl_vector.h:572:7:std::vector<_Tp, _Alloc>::const_iterator std::vector<_Tp, _Alloc>::begin() const [with _Tp = float; _Alloc = std::allocator<float>]	24	static
stl_vector.h:590:7:std::vector<_Tp, _Alloc>::const_iterator std::vector<_Tp, _Alloc>::end() const [with _Tp = float; _Alloc = std::allocator<float>]	24	static
stl_vector.h:1257:2:std::vector<_Tp, _Alloc>::pointer std::vector<_Tp, _Alloc>::_M_allocate_and_copy(std::vector<_Tp, _Alloc>::size_type, _ForwardIterator, _ForwardIterator) [with _ForwardIterator = __gnu_cxx::__normal_iterator<const float*, std::vector<float> >; _Tp = float; _Alloc = std::allocator<float>]	32	static
stl_construct.h:203:5:void std::_Destroy(_ForwardIterator, _ForwardIterator, std::allocator<_T2>&) [with _ForwardIterator = float*; _Tp = float]	24	static
stl_vector.h:563:7:std::vector<_Tp, _Alloc>::iterator std::vector<_Tp, _Alloc>::begin() [with _Tp = float; _Alloc = std::allocator<float>]	24	static
stl_algobase.h:446:5:_OI std::copy(_II, _II, _OI) [with _II = __gnu_cxx::__normal_iterator<const float*, std::vector<float> >; _OI = __gnu_cxx::__normal_iterator<float*, std::vector<float> >]	32	static
stl_vector.h:581:7:std::vector<_Tp, _Alloc>::iterator std::vector<_Tp, _Alloc>::end() [with _Tp = float; _Alloc = std::allocator<float>]	24	static
stl_construct.h:203:5:void std::_Destroy(_ForwardIterator, _ForwardIterator, std::allocator<_T2>&) [with _ForwardIterator = __gnu_cxx::__normal_iterator<float*, std::vector<float> >; _Tp = float]	24	static
stl_algobase.h:446:5:_OI std::copy(_II, _II, _OI) [with _II = float*; _OI = float*]	32	static
stl_uninitialized.h:287:5:_ForwardIterator std::__uninitialized_copy_a(_InputIterator, _InputIterator, _ForwardIterator, std::allocator<_Tp>&) [with _InputIterator = float*; _ForwardIterator = float*; _Tp = float]	24	static
alloc_traits.h:94:19:static _Alloc __gnu_cxx::__alloc_traits<_Alloc>::_S_select_on_copy(const _Alloc&) [with _Alloc = std::allocator<float>]	16	static
allocator.h:139:7:std::allocator< <template-parameter-1-1> >::~allocator() [with _Tp = float]	16	static
stl_vector.h:81:14:std::_Vector_base<float, std::allocator<float> >::_Vector_impl::~_Vector_impl()	16	static
stl_vector.h:136:7:std::_Vector_base<_Tp, _Alloc>::_Vector_base(std::size_t, const allocator_type&) [with _Tp = float; _Alloc = std::allocator<float>]	24	static
stl_vector.h:161:7:std::_Vector_base<_Tp, _Alloc>::~_Vector_base() [with _Tp = float; _Alloc = std::allocator<float>]	16	static
stl_uninitialized.h:287:5:_ForwardIterator std::__uninitialized_copy_a(_InputIterator, _InputIterator, _ForwardIterator, std::allocator<_Tp>&) [with _InputIterator = __gnu_cxx::__normal_iterator<const float*, std::vector<float> >; _ForwardIterator = float*; _Tp = float]	24	static
stl_vector.h:822:7:void std::vector<_Tp, _Alloc>::_M_range_check(std::vector<_Tp, _Alloc>::size_type) const [with _Tp = float; _Alloc = std::allocator<float>]	16	static
stl_vector.h:795:7:std::vector<_Tp, _Alloc>::reference std::vector<_Tp, _Alloc>::operator[](std::vector<_Tp, _Alloc>::size_type) [with _Tp = float; _Alloc = std::allocator<float>]	16	static
stl_vector.h:1511:7:void std::vector<_Tp, _Alloc>::_M_erase_at_end(std::vector<_Tp, _Alloc>::pointer) [with _Tp = float; _Alloc = std::allocator<float>]	24	static
alloc_traits.h:461:7:static void std::allocator_traits<std::allocator<_Tp1> >::deallocate(std::allocator_traits<std::allocator<_Tp1> >::allocator_type&, std::allocator_traits<std::allocator<_Tp1> >::pointer, std::allocator_traits<std::allocator<_Tp1> >::size_type) [with _Tp = float]	24	static
alloc_traits.h:516:5:void std::__do_alloc_on_copy(_Alloc&, const _Alloc&, std::false_type) [with _Alloc = std::allocator<float>]	24	static
stl_iterator.h:779:7:__gnu_cxx::__normal_iterator<_Iterator, _Container>::__normal_iterator(const _Iterator&) [with _Iterator = const float*; _Container = std::vector<float>]	16	static
stl_vector.h:169:7:std::_Vector_base<_Tp, _Alloc>::pointer std::_Vector_base<_Tp, _Alloc>::_M_allocate(std::size_t) [with _Tp = float; _Alloc = std::allocator<float>]	16	static
stl_construct.h:127:5:void std::_Destroy(_ForwardIterator, _ForwardIterator) [with _ForwardIterator = float*]	16	static
stl_iterator.h:779:7:__gnu_cxx::__normal_iterator<_Iterator, _Container>::__normal_iterator(const _Iterator&) [with _Iterator = float*; _Container = std::vector<float>]	16	static
cpp_type_traits.h:408:5:_Iterator std::__miter_base(_Iterator) [with _Iterator = __gnu_cxx::__normal_iterator<const float*, std::vector<float> >]	16	static
stl_algobase.h:420:5:_OI std::__copy_move_a2(_II, _II, _OI) [with bool _IsMove = false; _II = __gnu_cxx::__normal_iterator<const float*, std::vector<float> >; _OI = __gnu_cxx::__normal_iterator<float*, std::vector<float> >]	40	static
stl_construct.h:127:5:void std::_Destroy(_ForwardIterator, _ForwardIterator) [with _ForwardIterator = __gnu_cxx::__normal_iterator<float*, std::vector<float> >]	16	static
cpp_type_traits.h:408:5:_Iterator std::__miter_base(_Iterator) [with _Iterator = float*]	16	static
stl_algobase.h:420:5:_OI std::__copy_move_a2(_II, _II, _OI) [with bool _IsMove = false; _II = float*; _OI = float*]	32	static
stl_uninitialized.h:115:5:_ForwardIterator std::uninitialized_copy(_InputIterator, _InputIterator, _ForwardIterator) [with _InputIterator = float*; _ForwardIterator = float*]	32	static
alloc_traits.h:504:7:static std::allocator_traits<std::allocator<_Tp1> >::allocator_type std::allocator_traits<std::allocator<_Tp1> >::select_on_container_copy_construction(const allocator_type&) [with _Tp = float]	16	static
allocator.h:133:7:std::allocator< <template-parameter-1-1> >::allocator(const std::allocator< <template-parameter-1-1> >&) [with _Tp = float]	16	static
new_allocator.h:86:7:__gnu_cxx::new_allocator<_Tp>::~new_allocator() [with _Tp = float]	16	static
stl_vector.h:92:2:std::_Vector_base<_Tp, _Alloc>::_Vector_impl::_Vector_impl(const _Tp_alloc_type&) [with _Tp = float; _Alloc = std::allocator<float>]	16	static
stl_vector.h:185:7:void std::_Vector_base<_Tp, _Alloc>::_M_create_storage(std::size_t) [with _Tp = float; _Alloc = std::allocator<float>]	16	static
stl_uninitialized.h:115:5:_ForwardIterator std::uninitialized_copy(_InputIterator, _InputIterator, _ForwardIterator) [with _InputIterator = __gnu_cxx::__normal_iterator<const float*, std::vector<float> >; _ForwardIterator = float*]	32	static
new_allocator.h:116:7:void __gnu_cxx::new_allocator<_Tp>::deallocate(__gnu_cxx::new_allocator<_Tp>::pointer, __gnu_cxx::new_allocator<_Tp>::size_type) [with _Tp = float]	24	static
alloc_traits.h:435:7:static _Tp* std::allocator_traits<std::allocator<_Tp1> >::allocate(std::allocator_traits<std::allocator<_Tp1> >::allocator_type&, std::allocator_traits<std::allocator<_Tp1> >::size_type) [with _Tp = float]	16	static
stl_construct.h:117:9:static void std::_Destroy_aux<true>::__destroy(_ForwardIterator, _ForwardIterator) [with _ForwardIterator = float*]	16	static
stl_iterator.h:983:5:_Iterator std::__niter_base(__gnu_cxx::__normal_iterator<_Iterator, _Container>) [with _Iterator = const float*; _Container = std::vector<float>]	16	static
stl_iterator.h:983:5:_Iterator std::__niter_base(__gnu_cxx::__normal_iterator<_Iterator, _Container>) [with _Iterator = float*; _Container = std::vector<float>]	16	static
stl_algobase.h:375:5:_OI std::__copy_move_a(_II, _II, _OI) [with bool _IsMove = false; _II = const float*; _OI = float*]	32	static
stl_construct.h:117:9:static void std::_Destroy_aux<true>::__destroy(_ForwardIterator, _ForwardIterator) [with _ForwardIterator = __gnu_cxx::__normal_iterator<float*, std::vector<float> >]	16	static
stl_algobase.h:277:5:_Iterator std::__niter_base(_Iterator) [with _Iterator = float*]	16	static
stl_algobase.h:375:5:_OI std::__copy_move_a(_II, _II, _OI) [with bool _IsMove = false; _II = float*; _OI = float*]	32	static
stl_uninitialized.h:99:9:static _ForwardIterator std::__uninitialized_copy<true>::__uninit_copy(_InputIterator, _InputIterator, _ForwardIterator) [with _InputIterator = float*; _ForwardIterator = float*]	24	static
new_allocator.h:81:7:__gnu_cxx::new_allocator<_Tp>::new_allocator(const __gnu_cxx::new_allocator<_Tp>&) [with _Tp = float]	16	static
stl_uninitialized.h:99:9:static _ForwardIterator std::__uninitialized_copy<true>::__uninit_copy(_InputIterator, _InputIterator, _ForwardIterator) [with _InputIterator = __gnu_cxx::__normal_iterator<const float*, std::vector<float> >; _ForwardIterator = float*]	24	static
new_allocator.h:99:7:_Tp* __gnu_cxx::new_allocator<_Tp>::allocate(__gnu_cxx::new_allocator<_Tp>::size_type, const void*) [with _Tp = float]	24	static
stl_iterator.h:844:7:const _Iterator& __gnu_cxx::__normal_iterator<_Iterator, _Container>::base() const [with _Iterator = const float*; _Container = std::vector<float>]	16	static
stl_iterator.h:844:7:const _Iterator& __gnu_cxx::__normal_iterator<_Iterator, _Container>::base() const [with _Iterator = float*; _Container = std::vector<float>]	16	static
stl_algobase.h:357:9:static _Tp* std::__copy_move<_IsMove, true, std::random_access_iterator_tag>::__copy_m(const _Tp*, const _Tp*, _Tp*) [with _Tp = float; bool _IsMove = false]	32	static
stl_algobase.h:446:5:_OI std::copy(_II, _II, _OI) [with _II = __gnu_cxx::__normal_iterator<const float*, std::vector<float> >; _OI = float*]	32	static
new_allocator.h:129:7:__gnu_cxx::new_allocator<_Tp>::size_type __gnu_cxx::new_allocator<_Tp>::max_size() const [with _Tp = float]	16	static
stl_algobase.h:420:5:_OI std::__copy_move_a2(_II, _II, _OI) [with bool _IsMove = false; _II = __gnu_cxx::__normal_iterator<const float*, std::vector<float> >; _OI = float*]	32	static
