stm32f4xx_ll_adc.h:3831:22:void LL_ADC_Enable(ADC_TypeDef*)	16	static
stm32f4xx_ll_adc.h:3882:22:void LL_ADC_REG_StartConversionSWStart(ADC_TypeDef*)	16	static
stm32f4xx_ll_adc.h:3950:26:uint16_t LL_ADC_REG_ReadConversionData12(ADC_TypeDef*)	16	static
stm32f4xx_ll_adc.h:4143:26:uint16_t LL_ADC_INJ_ReadConversionData12(ADC_TypeDef*, uint32_t)	24	static,ignoring_inline_asm
stm32f4xx_ll_adc.h:4274:26:uint32_t LL_ADC_IsActiveFlag_JEOS(ADC_TypeDef*)	16	static
stm32f4xx_ll_adc.h:4327:22:void LL_ADC_ClearFlag_JEOS(ADC_TypeDef*)	16	static
stm32f4xx_ll_adc.h:4559:22:void LL_ADC_EnableIT_JEOS(ADC_TypeDef*)	16	static
stm32f4xx_ll_gpio.h:882:22:void LL_GPIO_SetOutputPin(GPIO_TypeDef*, uint32_t)	16	static
gthr-default.h:229:1:int __gthread_key_delete(__gthread_key_t)	16	static
PWM.hpp:18:7:PWM::PWM()	16	static
MotorCtrl.cpp:10:1:MotorCtrl::MotorCtrl()	16	static
MotorCtrl.cpp:15:1:MotorCtrl::~MotorCtrl()	16	static
MotorCtrl.cpp:15:1:virtual MotorCtrl::~MotorCtrl()	16	static
TimInfo.hpp:13:7:constexpr TimInfo& TimInfo::operator=(const TimInfo&)	16	static
PID.hpp:13:7:constexpr PID& PID::operator=(const PID&)	16	static
AdaptVelEst.hpp:23:7:constexpr AdaptVelEst& AdaptVelEst::operator=(const AdaptVelEst&)	24	static
EMFObs.hpp:11:7:constexpr EMFObs& EMFObs::operator=(const EMFObs&)	16	static
Observer.hpp:14:7:constexpr Observer& Observer::operator=(const Observer&)	16	static
ArgSensor.hpp:16:7:constexpr ArgSensor& ArgSensor::operator=(const ArgSensor&)	16	static
MotorInfo.hpp:20:7:constexpr MotorInfo& MotorInfo::operator=(const MotorInfo&)	16	static
MotorCtrl.cpp:19:6:void MotorCtrl::SetMotorInfo(MotorInfo)	16	static
MotorCtrl.cpp:23:6:void MotorCtrl::SetPWMch1(PWM)	16	static
MotorCtrl.cpp:27:6:void MotorCtrl::SetPWMch2(PWM)	16	static
MotorCtrl.cpp:31:6:void MotorCtrl::SetPWMch3(PWM)	16	static
MotorCtrl.cpp:35:6:void MotorCtrl::SetPWMch4(PWM)	16	static
MotorCtrl.cpp:39:6:void MotorCtrl::InitSystem()	16	static
MotorCtrl.cpp:48:6:void MotorCtrl::InitPWM()	88	static
AdaptVelEst.hpp:23:7:constexpr AdaptVelEst::AdaptVelEst(const AdaptVelEst&)	24	static
EMFObs.hpp:11:7:constexpr EMFObs::EMFObs(const EMFObs&)	16	static
Observer.hpp:14:7:constexpr Observer::Observer(const Observer&)	16	static
ArgSensor.hpp:16:7:constexpr ArgSensor::ArgSensor(const ArgSensor&)	16	static
TimInfo.hpp:13:7:constexpr TimInfo::TimInfo(const TimInfo&)	16	static
PID.hpp:13:7:constexpr PID::PID(const PID&)	16	static
MotorCtrl.cpp:95:6:void MotorCtrl::InitMotorInfo()	808	static
MotorCtrl.cpp:117:6:void MotorCtrl::HighFreqTask()	56	static
MotorCtrl.cpp:191:6:void MotorCtrl::MotorOutputTask()	24	static
MotorCtrl.cpp:202:6:void MotorCtrl::DebugTask(float, float, float, float)	40	static
MotorCtrl.cpp:237:6:void MotorCtrl::BtnAct()	16	static
MotorCtrl.cpp:246:6:void MotorCtrl::BtnActOFF()	16	static
MotorCtrl.cpp:251:6:void MotorCtrl::BtnActON()	16	static
MotorCtrl.cpp:258:6:void MotorCtrl::DbgUart(std::__cxx11::string)	40	static
