stm32f3xx_ll_adc.h:6246:26:LL_ADC_INJ_ReadConversionData12	24	static,ignoring_inline_asm
stm32f3xx_ll_adc.h:6419:26:LL_ADC_IsActiveFlag_JEOS	16	static
stm32f3xx_ll_adc.h:6543:22:LL_ADC_ClearFlag_JEOS	16	static
stm32f3xx_ll_tim.h:3971:22:LL_TIM_ClearFlag_UPDATE	16	static
stm32f3xx_it.c:70:6:NMI_Handler	4	static
stm32f3xx_it.c:83:6:HardFault_Handler	4	static
stm32f3xx_it.c:98:6:MemManage_Handler	4	static
stm32f3xx_it.c:113:6:BusFault_Handler	4	static
stm32f3xx_it.c:128:6:UsageFault_Handler	4	static
stm32f3xx_it.c:143:6:SVC_Handler	4	static
stm32f3xx_it.c:156:6:DebugMon_Handler	4	static
stm32f3xx_it.c:169:6:PendSV_Handler	4	static
stm32f3xx_it.c:182:6:SysTick_Handler	8	static
stm32f3xx_it.c:204:6:ADC1_2_IRQHandler	8	static
stm32f3xx_it.c:234:6:TIM1_UP_TIM16_IRQHandler	8	static
