Archive member included to satisfy reference by file (symbol)

/Applications/STM32CubeIDE.app/Contents/Eclipse/plugins/com.st.stm32cube.ide.mcu.externaltools.gnu-tools-for-stm32.7-2018-q2-update.macos64_1.0.0.201904181610/tools/bin/../lib/gcc/arm-none-eabi/7.3.1/../../../../arm-none-eabi/lib/thumb/v7e-m/fpv4-sp/hard/libstdc++_nano.a(del_op.o)
                              Src/DebugInfo.o (operator delete(void*))
/Applications/STM32CubeIDE.app/Contents/Eclipse/plugins/com.st.stm32cube.ide.mcu.externaltools.gnu-tools-for-stm32.7-2018-q2-update.macos64_1.0.0.201904181610/tools/bin/../lib/gcc/arm-none-eabi/7.3.1/../../../../arm-none-eabi/lib/thumb/v7e-m/fpv4-sp/hard/libstdc++_nano.a(del_ops.o)
                              Src/ArgSensor.o (operator delete(void*, unsigned int))
/Applications/STM32CubeIDE.app/Contents/Eclipse/plugins/com.st.stm32cube.ide.mcu.externaltools.gnu-tools-for-stm32.7-2018-q2-update.macos64_1.0.0.201904181610/tools/bin/../lib/gcc/arm-none-eabi/7.3.1/../../../../arm-none-eabi/lib/thumb/v7e-m/fpv4-sp/hard/libstdc++_nano.a(new_op.o)
                              Src/DebugInfo.o (operator new(unsigned int))
/Applications/STM32CubeIDE.app/Contents/Eclipse/plugins/com.st.stm32cube.ide.mcu.externaltools.gnu-tools-for-stm32.7-2018-q2-update.macos64_1.0.0.201904181610/tools/bin/../lib/gcc/arm-none-eabi/7.3.1/../../../../arm-none-eabi/lib/thumb/v7e-m/fpv4-sp/hard/libstdc++_nano.a(allocator-inst.o)
                              Src/wrapper.o (std::allocator<char>::allocator())
/Applications/STM32CubeIDE.app/Contents/Eclipse/plugins/com.st.stm32cube.ide.mcu.externaltools.gnu-tools-for-stm32.7-2018-q2-update.macos64_1.0.0.201904181610/tools/bin/../lib/gcc/arm-none-eabi/7.3.1/../../../../arm-none-eabi/lib/thumb/v7e-m/fpv4-sp/hard/libstdc++_nano.a(math_stubs_long_double.o)
                              Src/ArgSensor.o (fmodl)
/Applications/STM32CubeIDE.app/Contents/Eclipse/plugins/com.st.stm32cube.ide.mcu.externaltools.gnu-tools-for-stm32.7-2018-q2-update.macos64_1.0.0.201904181610/tools/bin/../lib/gcc/arm-none-eabi/7.3.1/../../../../arm-none-eabi/lib/thumb/v7e-m/fpv4-sp/hard/libstdc++_nano.a(functexcept.o)
                              Src/DebugInfo.o (std::__throw_bad_alloc())
/Applications/STM32CubeIDE.app/Contents/Eclipse/plugins/com.st.stm32cube.ide.mcu.externaltools.gnu-tools-for-stm32.7-2018-q2-update.macos64_1.0.0.201904181610/tools/bin/../lib/gcc/arm-none-eabi/7.3.1/../../../../arm-none-eabi/lib/thumb/v7e-m/fpv4-sp/hard/libstdc++_nano.a(snprintf_lite.o)
                              /Applications/STM32CubeIDE.app/Contents/Eclipse/plugins/com.st.stm32cube.ide.mcu.externaltools.gnu-tools-for-stm32.7-2018-q2-update.macos64_1.0.0.201904181610/tools/bin/../lib/gcc/arm-none-eabi/7.3.1/../../../../arm-none-eabi/lib/thumb/v7e-m/fpv4-sp/hard/libstdc++_nano.a(functexcept.o) (__gnu_cxx::__snprintf_lite(char*, unsigned int, char const*, std::__va_list))
/Applications/STM32CubeIDE.app/Contents/Eclipse/plugins/com.st.stm32cube.ide.mcu.externaltools.gnu-tools-for-stm32.7-2018-q2-update.macos64_1.0.0.201904181610/tools/bin/../lib/gcc/arm-none-eabi/7.3.1/../../../../arm-none-eabi/lib/thumb/v7e-m/fpv4-sp/hard/libstdc++_nano.a(string-inst.o)
                              Src/wrapper.o (std::__cxx11::basic_string<char, std::char_traits<char>, std::allocator<char> >::_M_data(char*))
/Applications/STM32CubeIDE.app/Contents/Eclipse/plugins/com.st.stm32cube.ide.mcu.externaltools.gnu-tools-for-stm32.7-2018-q2-update.macos64_1.0.0.201904181610/tools/bin/../lib/gcc/arm-none-eabi/7.3.1/../../../../arm-none-eabi/lib/thumb/v7e-m/fpv4-sp/hard/libstdc++_nano.a(new_handler.o)
                              /Applications/STM32CubeIDE.app/Contents/Eclipse/plugins/com.st.stm32cube.ide.mcu.externaltools.gnu-tools-for-stm32.7-2018-q2-update.macos64_1.0.0.201904181610/tools/bin/../lib/gcc/arm-none-eabi/7.3.1/../../../../arm-none-eabi/lib/thumb/v7e-m/fpv4-sp/hard/libstdc++_nano.a(new_op.o) (std::get_new_handler())
/Applications/STM32CubeIDE.app/Contents/Eclipse/plugins/com.st.stm32cube.ide.mcu.externaltools.gnu-tools-for-stm32.7-2018-q2-update.macos64_1.0.0.201904181610/tools/bin/../lib/gcc/arm-none-eabi/7.3.1/../../../../arm-none-eabi/lib/thumb/v7e-m/fpv4-sp/hard/libm.a(lib_a-s_atan.o)
                              /Applications/STM32CubeIDE.app/Contents/Eclipse/plugins/com.st.stm32cube.ide.mcu.externaltools.gnu-tools-for-stm32.7-2018-q2-update.macos64_1.0.0.201904181610/tools/bin/../lib/gcc/arm-none-eabi/7.3.1/../../../../arm-none-eabi/lib/thumb/v7e-m/fpv4-sp/hard/libstdc++_nano.a(math_stubs_long_double.o) (atan)
/Applications/STM32CubeIDE.app/Contents/Eclipse/plugins/com.st.stm32cube.ide.mcu.externaltools.gnu-tools-for-stm32.7-2018-q2-update.macos64_1.0.0.201904181610/tools/bin/../lib/gcc/arm-none-eabi/7.3.1/../../../../arm-none-eabi/lib/thumb/v7e-m/fpv4-sp/hard/libm.a(lib_a-s_ceil.o)
[...]
Memory Configuration

Name             Origin             Length             Attributes
FLASH            0x0000000008000000 0x0000000000080000 xr
RAM              0x0000000020000000 0x0000000000020000 xrw
*default*        0x0000000000000000 0xffffffffffffffff

Linker script and memory map

LOAD /Applications/STM32CubeIDE.app/Contents/Eclipse/plugins/com.st.stm32cube.ide.mcu.externaltools.gnu-tools-for-stm32.7-2018-q2-update.macos64_1.0.0.201904181610/tools/bin/../lib/gcc/arm-none-eabi/7.3.1/thumb/v7e-m/fpv4-sp/hard/crti.o
LOAD /Applications/STM32CubeIDE.app/Contents/Eclipse/plugins/com.st.stm32cube.ide.mcu.externaltools.gnu-tools-for-stm32.7-2018-q2-update.macos64_1.0.0.201904181610/tools/bin/../lib/gcc/arm-none-eabi/7.3.1/thumb/v7e-m/fpv4-sp/hard/crtbegin.o
LOAD /Applications/STM32CubeIDE.app/Contents/Eclipse/plugins/com.st.stm32cube.ide.mcu.externaltools.gnu-tools-for-stm32.7-2018-q2-update.macos64_1.0.0.201904181610/tools/bin/../lib/gcc/arm-none-eabi/7.3.1/../../../../arm-none-eabi/lib/thumb/v7e-m/fpv4-sp/hard/crt0.o
LOAD Drivers/STM32F4xx_HAL_Driver/Src/stm32f4xx_hal.o
LOAD Drivers/STM32F4xx_HAL_Driver/Src/stm32f4xx_hal_adc.o
LOAD Drivers/STM32F4xx_HAL_Driver/Src/stm32f4xx_hal_adc_ex.o
LOAD Drivers/STM32F4xx_HAL_Driver/Src/stm32f4xx_hal_cortex.o
LOAD Drivers/STM32F4xx_HAL_Driver/Src/stm32f4xx_hal_dma.o
LOAD Drivers/STM32F4xx_HAL_Driver/Src/stm32f4xx_hal_dma_ex.o
LOAD Drivers/STM32F4xx_HAL_Driver/Src/stm32f4xx_hal_exti.o
LOAD Drivers/STM32F4xx_HAL_Driver/Src/stm32f4xx_hal_flash.o
LOAD Drivers/STM32F4xx_HAL_Driver/Src/stm32f4xx_hal_flash_ex.o
LOAD Drivers/STM32F4xx_HAL_Driver/Src/stm32f4xx_hal_flash_ramfunc.o
LOAD Drivers/STM32F4xx_HAL_Driver/Src/stm32f4xx_hal_gpio.o
LOAD Drivers/STM32F4xx_HAL_Driver/Src/stm32f4xx_hal_pwr.o
LOAD Drivers/STM32F4xx_HAL_Driver/Src/stm32f4xx_hal_pwr_ex.o
LOAD Drivers/STM32F4xx_HAL_Driver/Src/stm32f4xx_hal_rcc.o
LOAD Drivers/STM32F4xx_HAL_Driver/Src/stm32f4xx_hal_rcc_ex.o
LOAD Drivers/STM32F4xx_HAL_Driver/Src/stm32f4xx_hal_tim.o
LOAD Drivers/STM32F4xx_HAL_Driver/Src/stm32f4xx_hal_tim_ex.o
LOAD Drivers/STM32F4xx_HAL_Driver/Src/stm32f4xx_ll_adc.o
LOAD Drivers/STM32F4xx_HAL_Driver/Src/stm32f4xx_ll_dma.o
LOAD Drivers/STM32F4xx_HAL_Driver/Src/stm32f4xx_ll_exti.o
LOAD Drivers/STM32F4xx_HAL_Driver/Src/stm32f4xx_ll_gpio.o
LOAD Drivers/STM32F4xx_HAL_Driver/Src/stm32f4xx_ll_rcc.o
LOAD Drivers/STM32F4xx_HAL_Driver/Src/stm32f4xx_ll_tim.o
LOAD Drivers/STM32F4xx_HAL_Driver/Src/stm32f4xx_ll_usart.o
LOAD Drivers/STM32F4xx_HAL_Driver/Src/stm32f4xx_ll_utils.o
LOAD Src/ArgSensor.o
LOAD Src/DebugInfo.o
LOAD Src/LedBlink.o
LOAD Src/MathLib.o
LOAD Src/MotorInfo.o
LOAD Src/PWM.o
LOAD Src/UART.o
LOAD Src/UiCtrl.o
LOAD Src/adc.o
LOAD Src/gpio.o
LOAD Src/main.o
LOAD Src/stm32f4xx_hal_msp.o
LOAD Src/stm32f4xx_it.o
LOAD Src/syscalls.o
LOAD Src/sysmem.o
LOAD Src/system_stm32f4xx.o
LOAD Src/tim.o
LOAD Src/usart.o
LOAD Src/wrapper.o
LOAD Startup/startup_stm32f446retx.o
START GROUP
LOAD /Applications/STM32CubeIDE.app/Contents/Eclipse/plugins/com.st.stm32cube.ide.mcu.externaltools.gnu-tools-for-stm32.7-2018-q2-update.macos64_1.0.0.201904181610/tools/bin/../lib/gcc/arm-none-eabi/7.3.1/../../../../arm-none-eabi/lib/thumb/v7e-m/fpv4-sp/hard/libstdc++_nano.a
LOAD /Applications/STM32CubeIDE.app/Contents/Eclipse/plugins/com.st.stm32cube.ide.mcu.externaltools.gnu-tools-for-stm32.7-2018-q2-update.macos64_1.0.0.201904181610/tools/bin/../lib/gcc/arm-none-eabi/7.3.1/../../../../arm-none-eabi/lib/thumb/v7e-m/fpv4-sp/hard/libsupc++_nano.a
END GROUP
LOAD /Applications/STM32CubeIDE.app/Contents/Eclipse/plugins/com.st.stm32cube.ide.mcu.externaltools.gnu-tools-for-stm32.7-2018-q2-update.macos64_1.0.0.201904181610/tools/bin/../lib/gcc/arm-none-eabi/7.3.1/../../../../arm-none-eabi/lib/thumb/v7e-m/fpv4-sp/hard/libstdc++_nano.a
LOAD /Applications/STM32CubeIDE.app/Contents/Eclipse/plugins/com.st.stm32cube.ide.mcu.externaltools.gnu-tools-for-stm32.7-2018-q2-update.macos64_1.0.0.201904181610/tools/bin/../lib/gcc/arm-none-eabi/7.3.1/../../../../arm-none-eabi/lib/thumb/v7e-m/fpv4-sp/hard/libm.a
LOAD /Applications/STM32CubeIDE.app/Contents/Eclipse/plugins/com.st.stm32cube.ide.mcu.externaltools.gnu-tools-for-stm32.7-2018-q2-update.macos64_1.0.0.201904181610/tools/bin/../lib/gcc/arm-none-eabi/7.3.1/../../../../arm-none-eabi/lib/thumb/v7e-m/fpv4-sp/hard/libc_nano.a
START GROUP
LOAD /Applications/STM32CubeIDE.app/Contents/Eclipse/plugins/com.st.stm32cube.ide.mcu.externaltools.gnu-tools-for-stm32.7-2018-q2-update.macos64_1.0.0.201904181610/tools/bin/../lib/gcc/arm-none-eabi/7.3.1/thumb/v7e-m/fpv4-sp/hard/libgcc.a
LOAD /Applications/STM32CubeIDE.app/Contents/Eclipse/plugins/com.st.stm32cube.ide.mcu.externaltools.gnu-tools-for-stm32.7-2018-q2-update.macos64_1.0.0.201904181610/tools/bin/../lib/gcc/arm-none-eabi/7.3.1/../../../../arm-none-eabi/lib/thumb/v7e-m/fpv4-sp/hard/libc_nano.a
END GROUP
START GROUP
LOAD /Applications/STM32CubeIDE.app/Contents/Eclipse/plugins/com.st.stm32cube.ide.mcu.externaltools.gnu-tools-for-stm32.7-2018-q2-update.macos64_1.0.0.201904181610/tools/bin/../lib/gcc/arm-none-eabi/7.3.1/thumb/v7e-m/fpv4-sp/hard/libgcc.a
LOAD /Applications/STM32CubeIDE.app/Contents/Eclipse/plugins/com.st.stm32cube.ide.mcu.externaltools.gnu-tools-for-stm32.7-2018-q2-update.macos64_1.0.0.201904181610/tools/bin/../lib/gcc/arm-none-eabi/7.3.1/../../../../arm-none-eabi/lib/thumb/v7e-m/fpv4-sp/hard/libc_nano.a
LOAD /Applications/STM32CubeIDE.app/Contents/Eclipse/plugins/com.st.stm32cube.ide.mcu.externaltools.gnu-tools-for-stm32.7-2018-q2-update.macos64_1.0.0.201904181610/tools/bin/../lib/gcc/arm-none-eabi/7.3.1/../../../../arm-none-eabi/lib/thumb/v7e-m/fpv4-sp/hard/libnosys.a
END GROUP
START GROUP
LOAD /Applications/STM32CubeIDE.app/Contents/Eclipse/plugins/com.st.stm32cube.ide.mcu.externaltools.gnu-tools-for-stm32.7-2018-q2-update.macos64_1.0.0.201904181610/tools/bin/../lib/gcc/arm-none-eabi/7.3.1/thumb/v7e-m/fpv4-sp/hard/libgcc.a
LOAD /Applications/STM32CubeIDE.app/Contents/Eclipse/plugins/com.st.stm32cube.ide.mcu.externaltools.gnu-tools-for-stm32.7-2018-q2-update.macos64_1.0.0.201904181610/tools/bin/../lib/gcc/arm-none-eabi/7.3.1/../../../../arm-none-eabi/lib/thumb/v7e-m/fpv4-sp/hard/libc_nano.a
LOAD /Applications/STM32CubeIDE.app/Contents/Eclipse/plugins/com.st.stm32cube.ide.mcu.externaltools.gnu-tools-for-stm32.7-2018-q2-update.macos64_1.0.0.201904181610/tools/bin/../lib/gcc/arm-none-eabi/7.3.1/../../../../arm-none-eabi/lib/thumb/v7e-m/fpv4-sp/hard/libnosys.a
END GROUP
LOAD /Applications/STM32CubeIDE.app/Contents/Eclipse/plugins/com.st.stm32cube.ide.mcu.externaltools.gnu-tools-for-stm32.7-2018-q2-update.macos64_1.0.0.201904181610/tools/bin/../lib/gcc/arm-none-eabi/7.3.1/thumb/v7e-m/fpv4-sp/hard/crtend.o
LOAD /Applications/STM32CubeIDE.app/Contents/Eclipse/plugins/com.st.stm32cube.ide.mcu.externaltools.gnu-tools-for-stm32.7-2018-q2-update.macos64_1.0.0.201904181610/tools/bin/../lib/gcc/arm-none-eabi/7.3.1/thumb/v7e-m/fpv4-sp/hard/crtn.o
                0x000000002001ffff                _estack = 0x2001ffff
                0x0000000000000200                _Min_Heap_Size = 0x200
                0x0000000000000400                _Min_Stack_Size = 0x400

.isr_vector     0x0000000008000000      0x1c4
                0x0000000008000000                . = ALIGN (0x4)
 *(.isr_vector)
 .isr_vector    0x0000000008000000      0x1c4 Startup/startup_stm32f446retx.o
                0x0000000008000000                g_pfnVectors
                0x00000000080001c4                . = ALIGN (0x4)

.text           0x00000000080001c8     0xa60c
                0x00000000080001c8                . = ALIGN (0x4)
 *(.text)
 .text          0x00000000080001c8       0x40 /Applications/STM32CubeIDE.app/Contents/Eclipse/plugins/com.st.stm32cube.ide.mcu.externaltools.gnu-tools-for-stm32.7-2018-q2-update.macos64_1.0.0.201904181610/tools/bin/../lib/gcc/arm-none-eabi/7.3.1/thumb/v7e-m/fpv4-sp/hard/crtbegin.o
 .text          0x0000000008000208       0x10 /Applications/STM32CubeIDE.app/Contents/Eclipse/plugins/com.st.stm32cube.ide.mcu.externaltools.gnu-tools-for-stm32.7-2018-q2-update.macos64_1.0.0.201904181610/tools/bin/../lib/gcc/arm-none-eabi/7.3.1/../../../../arm-none-eabi/lib/thumb/v7e-m/fpv4-sp/hard/libc_nano.a(lib_a-strlen.o)
                0x0000000008000208                strlen
 .text          0x0000000008000218      0x378 /Applications/STM32CubeIDE.app/Contents/Eclipse/plugins/com.st.stm32cube.ide.mcu.externaltools.gnu-tools-for-stm32.7-2018-q2-update.macos64_1.0.0.201904181610/tools/bin/../lib/gcc/arm-none-eabi/7.3.1/thumb/v7e-m/fpv4-sp/hard/libgcc.a(_arm_addsubdf3.o)
                0x0000000008000218                __aeabi_drsub
                0x0000000008000220                __subdf3
                0x0000000008000220                __aeabi_dsub
                0x0000000008000224                __aeabi_dadd
                0x0000000008000224                __adddf3
                0x000000000800049c                __aeabi_ui2d
                0x000000000800049c                __floatunsidf
                0x00000000080004bc                __floatsidf
                0x00000000080004bc                __aeabi_i2d
                0x00000000080004e0                __extendsfdf2
                0x00000000080004e0                __aeabi_f2d
                0x0000000008000524                __aeabi_ul2d
                0x0000000008000524                __floatundidf
                0x0000000008000534                __aeabi_l2d
                0x0000000008000534                __floatdidf
 .text          0x0000000008000590      0x424 /Applications/STM32CubeIDE.app/Contents/Eclipse/plugins/com.st.stm32cube.ide.mcu.externaltools.gnu-tools-for-stm32.7-2018-q2-update.macos64_1.0.0.201904181610/tools/bin/../lib/gcc/arm-none-eabi/7.3.1/thumb/v7e-m/fpv4-sp/hard/libgcc.a(_arm_muldivdf3.o)
                0x0000000008000590                __aeabi_dmul
                0x0000000008000590                __muldf3
                0x00000000080007e4                __aeabi_ddiv
                0x00000000080007e4                __divdf3
 .text          0x00000000080009b4      0x110 /Applications/STM32CubeIDE.app/Contents/Eclipse/plugins/com.st.stm32cube.ide.mcu.externaltools.gnu-tools-for-stm32.7-2018-q2-update.macos64_1.0.0.201904181610/tools/bin/../lib/gcc/arm-none-eabi/7.3.1/thumb/v7e-m/fpv4-sp/hard/libgcc.a(_arm_cmpdf2.o)
                0x00000000080009b4                __gedf2
                0x00000000080009b4                __gtdf2
                0x00000000080009bc                __ledf2
                0x00000000080009bc                __ltdf2
                0x00000000080009c4                __cmpdf2
                0x00000000080009c4                __eqdf2
                0x00000000080009c4                __nedf2
                0x0000000008000a40                __aeabi_cdrcmple
                0x0000000008000a50                __aeabi_cdcmple
                0x0000000008000a50                __aeabi_cdcmpeq
                0x0000000008000a60                __aeabi_dcmpeq
                0x0000000008000a74                __aeabi_dcmplt
                0x0000000008000a88                __aeabi_dcmple
                0x0000000008000a9c                __aeabi_dcmpge
                0x0000000008000ab0                __aeabi_dcmpgt
 .text          0x0000000008000ac4       0x2c /Applications/STM32CubeIDE.app/Contents/Eclipse/plugins/com.st.stm32cube.ide.mcu.externaltools.gnu-tools-for-stm32.7-2018-q2-update.macos64_1.0.0.201904181610/tools/bin/../lib/gcc/arm-none-eabi/7.3.1/thumb/v7e-m/fpv4-sp/hard/libgcc.a(_arm_unorddf2.o)
                0x0000000008000ac4                __aeabi_dcmpun
                0x0000000008000ac4                __unorddf2
 .text          0x0000000008000af0       0x50 /Applications/STM32CubeIDE.app/Contents/Eclipse/plugins/com.st.stm32cube.ide.mcu.externaltools.gnu-tools-for-stm32.7-2018-q2-update.macos64_1.0.0.201904181610/tools/bin/../lib/gcc/arm-none-eabi/7.3.1/thumb/v7e-m/fpv4-sp/hard/libgcc.a(_arm_fixdfsi.o)
                0x0000000008000af0                __fixdfsi
                0x0000000008000af0                __aeabi_d2iz
 .text          0x0000000008000b40       0xa0 /Applications/STM32CubeIDE.app/Contents/Eclipse/plugins/com.st.stm32cube.ide.mcu.externaltools.gnu-tools-for-stm32.7-2018-q2-update.macos64_1.0.0.201904181610/tools/bin/../lib/gcc/arm-none-eabi/7.3.1/thumb/v7e-m/fpv4-sp/hard/libgcc.a(_arm_truncdfsf2.o)
                0x0000000008000b40                __aeabi_d2f
                0x0000000008000b40                __truncdfsf2
 .text          0x0000000008000be0       0x30 /Applications/STM32CubeIDE.app/Contents/Eclipse/plugins/com.st.stm32cube.ide.mcu.externaltools.gnu-tools-for-stm32.7-2018-q2-update.macos64_1.0.0.201904181610/tools/bin/../lib/gcc/arm-none-eabi/7.3.1/thumb/v7e-m/fpv4-sp/hard/libgcc.a(_aeabi_uldivmod.o)
                0x0000000008000be0                __aeabi_uldivmod
 .text          0x0000000008000c10      0x2cc /Applications/STM32CubeIDE.app/Contents/Eclipse/plugins/com.st.stm32cube.ide.mcu.externaltools.gnu-tools-for-stm32.7-2018-q2-update.macos64_1.0.0.201904181610/tools/bin/../lib/gcc/arm-none-eabi/7.3.1/thumb/v7e-m/fpv4-sp/hard/libgcc.a(_udivmoddi4.o)
                0x0000000008000c10                __udivmoddi4
 .text          0x0000000008000edc        0x4 /Applications/STM32CubeIDE.app/Contents/Eclipse/plugins/com.st.stm32cube.ide.mcu.externaltools.gnu-tools-for-stm32.7-2018-q2-update.macos64_1.0.0.201904181610/tools/bin/../lib/gcc/arm-none-eabi/7.3.1/thumb/v7e-m/fpv4-sp/hard/libgcc.a(_dvmd_tls.o)
                0x0000000008000edc                __aeabi_ldiv0
                0x0000000008000edc                __aeabi_idiv0
 *(.text*)
 .text.HAL_Init
                0x0000000008000ee0       0x44 Drivers/STM32F4xx_HAL_Driver/Src/stm32f4xx_hal.o
                0x0000000008000ee0                HAL_Init
 .text.HAL_InitTick
                0x0000000008000f24       0x60 Drivers/STM32F4xx_HAL_Driver/Src/stm32f4xx_hal.o
                0x0000000008000f24                HAL_InitTick
 .text.HAL_IncTick
                0x0000000008000f84       0x28 Drivers/STM32F4xx_HAL_Driver/Src/stm32f4xx_hal.o
                0x0000000008000f84                HAL_IncTick
 .text.HAL_GetTick
                0x0000000008000fac       0x18 Drivers/STM32F4xx_HAL_Driver/Src/stm32f4xx_hal.o
                0x0000000008000fac                HAL_GetTick
 .text.HAL_ADC_Init
                0x0000000008000fc4       0x86 Drivers/STM32F4xx_HAL_Driver/Src/stm32f4xx_hal_adc.o
                0x0000000008000fc4                HAL_ADC_Init
 .text.HAL_ADC_IRQHandler
                0x000000000800104a      0x282 Drivers/STM32F4xx_HAL_Driver/Src/stm32f4xx_hal_adc.o
                0x000000000800104a                HAL_ADC_IRQHandler
 .text.HAL_ADC_ConvCpltCallback
                0x00000000080012cc       0x14 Drivers/STM32F4xx_HAL_Driver/Src/stm32f4xx_hal_adc.o
                0x00000000080012cc                HAL_ADC_ConvCpltCallback
 .text.HAL_ADC_LevelOutOfWindowCallback
                0x00000000080012e0       0x14 Drivers/STM32F4xx_HAL_Driver/Src/stm32f4xx_hal_adc.o
                0x00000000080012e0                HAL_ADC_LevelOutOfWindowCallback
 .text.HAL_ADC_ErrorCallback
                0x00000000080012f4       0x14 Drivers/STM32F4xx_HAL_Driver/Src/stm32f4xx_hal_adc.o
                0x00000000080012f4                HAL_ADC_ErrorCallback
 .text.HAL_ADC_ConfigChannel
                0x0000000008001308      0x264 Drivers/STM32F4xx_HAL_Driver/Src/stm32f4xx_hal_adc.o
                0x0000000008001308                HAL_ADC_ConfigChannel
 .text.ADC_Init
                0x000000000800156c      0x1f8 Drivers/STM32F4xx_HAL_Driver/Src/stm32f4xx_hal_adc.o
 .text.HAL_ADCEx_InjectedConvCpltCallback
                0x0000000008001764       0x14 Drivers/STM32F4xx_HAL_Driver/Src/stm32f4xx_hal_adc_ex.o
                0x0000000008001764                HAL_ADCEx_InjectedConvCpltCallback
 .text.__NVIC_SetPriorityGrouping
                0x0000000008001778       0x48 Drivers/STM32F4xx_HAL_Driver/Src/stm32f4xx_hal_cortex.o
 .text.__NVIC_GetPriorityGrouping
                0x00000000080017c0       0x1c Drivers/STM32F4xx_HAL_Driver/Src/stm32f4xx_hal_cortex.o
 .text.__NVIC_EnableIRQ
                0x00000000080017dc       0x3c Drivers/STM32F4xx_HAL_Driver/Src/stm32f4xx_hal_cortex.o
 .text.__NVIC_SetPriority
                0x0000000008001818       0x54 Drivers/STM32F4xx_HAL_Driver/Src/stm32f4xx_hal_cortex.o
 .text.NVIC_EncodePriority
                0x000000000800186c       0x66 Drivers/STM32F4xx_HAL_Driver/Src/stm32f4xx_hal_cortex.o
 *fill*         0x00000000080018d2        0x2 
 .text.SysTick_Config
                0x00000000080018d4       0x44 Drivers/STM32F4xx_HAL_Driver/Src/stm32f4xx_hal_cortex.o
 .text.HAL_NVIC_SetPriorityGrouping
                0x0000000008001918       0x16 Drivers/STM32F4xx_HAL_Driver/Src/stm32f4xx_hal_cortex.o
                0x0000000008001918                HAL_NVIC_SetPriorityGrouping
 .text.HAL_NVIC_SetPriority
                0x000000000800192e       0x38 Drivers/STM32F4xx_HAL_Driver/Src/stm32f4xx_hal_cortex.o
                0x000000000800192e                HAL_NVIC_SetPriority
 .text.HAL_NVIC_EnableIRQ
                0x0000000008001966       0x1c Drivers/STM32F4xx_HAL_Driver/Src/stm32f4xx_hal_cortex.o
                0x0000000008001966                HAL_NVIC_EnableIRQ
 .text.HAL_SYSTICK_Config
                0x0000000008001982       0x18 Drivers/STM32F4xx_HAL_Driver/Src/stm32f4xx_hal_cortex.o
                0x0000000008001982                HAL_SYSTICK_Config
 *fill*         0x000000000800199a        0x2 
 .text.HAL_GPIO_Init
                0x000000000800199c      0x324 Drivers/STM32F4xx_HAL_Driver/Src/stm32f4xx_hal_gpio.o
                0x000000000800199c                HAL_GPIO_Init
 .text.HAL_PWREx_EnableOverDrive
                0x0000000008001cc0       0xa0 Drivers/STM32F4xx_HAL_Driver/Src/stm32f4xx_hal_pwr_ex.o
                0x0000000008001cc0                HAL_PWREx_EnableOverDrive
 .text.HAL_RCC_ClockConfig
                0x0000000008001d60      0x1c4 Drivers/STM32F4xx_HAL_Driver/Src/stm32f4xx_hal_rcc.o
                0x0000000008001d60                HAL_RCC_ClockConfig
 .text.HAL_RCC_GetSysClockFreq
                0x0000000008001f24      0x340 Drivers/STM32F4xx_HAL_Driver/Src/stm32f4xx_hal_rcc_ex.o
                0x0000000008001f24                HAL_RCC_GetSysClockFreq
 .text.HAL_RCC_OscConfig
                0x0000000008002264      0x4b4 Drivers/STM32F4xx_HAL_Driver/Src/stm32f4xx_hal_rcc_ex.o
                0x0000000008002264                HAL_RCC_OscConfig
 .text.LL_ADC_REG_SetSequencerLength
                0x0000000008002718       0x26 Drivers/STM32F4xx_HAL_Driver/Src/stm32f4xx_ll_adc.o
 .text.LL_ADC_INJ_SetSequencerLength
                0x000000000800273e       0x26 Drivers/STM32F4xx_HAL_Driver/Src/stm32f4xx_ll_adc.o
 .text.LL_ADC_IsEnabled
                0x0000000008002764       0x26 Drivers/STM32F4xx_HAL_Driver/Src/stm32f4xx_ll_adc.o
 *fill*         0x000000000800278a        0x2 
 .text.LL_ADC_CommonInit
                0x000000000800278c       0x90 Drivers/STM32F4xx_HAL_Driver/Src/stm32f4xx_ll_adc.o
                0x000000000800278c                LL_ADC_CommonInit
 .text.LL_ADC_Init
                0x000000000800281c       0x58 Drivers/STM32F4xx_HAL_Driver/Src/stm32f4xx_ll_adc.o
                0x000000000800281c                LL_ADC_Init
 .text.LL_ADC_REG_Init
                0x0000000008002874       0x90 Drivers/STM32F4xx_HAL_Driver/Src/stm32f4xx_ll_adc.o
                0x0000000008002874                LL_ADC_REG_Init
 .text.LL_ADC_INJ_Init
                0x0000000008002904       0x80 Drivers/STM32F4xx_HAL_Driver/Src/stm32f4xx_ll_adc.o
                0x0000000008002904                LL_ADC_INJ_Init
 .text.LL_EXTI_EnableIT_0_31
                0x0000000008002984       0x24 Drivers/STM32F4xx_HAL_Driver/Src/stm32f4xx_ll_exti.o
 .text.LL_EXTI_DisableIT_0_31
                0x00000000080029a8       0x28 Drivers/STM32F4xx_HAL_Driver/Src/stm32f4xx_ll_exti.o
 .text.LL_EXTI_EnableEvent_0_31
                0x00000000080029d0       0x24 Drivers/STM32F4xx_HAL_Driver/Src/stm32f4xx_ll_exti.o
 .text.LL_EXTI_DisableEvent_0_31
                0x00000000080029f4       0x28 Drivers/STM32F4xx_HAL_Driver/Src/stm32f4xx_ll_exti.o
 .text.LL_EXTI_EnableRisingTrig_0_31
                0x0000000008002a1c       0x24 Drivers/STM32F4xx_HAL_Driver/Src/stm32f4xx_ll_exti.o
 .text.LL_EXTI_DisableRisingTrig_0_31
                0x0000000008002a40       0x28 Drivers/STM32F4xx_HAL_Driver/Src/stm32f4xx_ll_exti.o
 .text.LL_EXTI_EnableFallingTrig_0_31
                0x0000000008002a68       0x24 Drivers/STM32F4xx_HAL_Driver/Src/stm32f4xx_ll_exti.o
 .text.LL_EXTI_DisableFallingTrig_0_31
                0x0000000008002a8c       0x28 Drivers/STM32F4xx_HAL_Driver/Src/stm32f4xx_ll_exti.o
 .text.LL_EXTI_Init
                0x0000000008002ab4       0xf8 Drivers/STM32F4xx_HAL_Driver/Src/stm32f4xx_ll_exti.o
                0x0000000008002ab4                LL_EXTI_Init
 .text.LL_GPIO_SetPinMode
                0x0000000008002bac       0x5e Drivers/STM32F4xx_HAL_Driver/Src/stm32f4xx_ll_gpio.o
 .text.LL_GPIO_SetPinOutputType
                0x0000000008002c0a       0x30 Drivers/STM32F4xx_HAL_Driver/Src/stm32f4xx_ll_gpio.o
 .text.LL_GPIO_SetPinSpeed
                0x0000000008002c3a       0x5e Drivers/STM32F4xx_HAL_Driver/Src/stm32f4xx_ll_gpio.o
 .text.LL_GPIO_SetPinPull
                0x0000000008002c98       0x5e Drivers/STM32F4xx_HAL_Driver/Src/stm32f4xx_ll_gpio.o
 .text.LL_GPIO_SetAFPin_0_7
                0x0000000008002cf6       0x5e Drivers/STM32F4xx_HAL_Driver/Src/stm32f4xx_ll_gpio.o
 .text.LL_GPIO_SetAFPin_8_15
                0x0000000008002d54       0x62 Drivers/STM32F4xx_HAL_Driver/Src/stm32f4xx_ll_gpio.o
 .text.LL_GPIO_Init
                0x0000000008002db6       0xf8 Drivers/STM32F4xx_HAL_Driver/Src/stm32f4xx_ll_gpio.o
                0x0000000008002db6                LL_GPIO_Init
 *fill*         0x0000000008002eae        0x2 
 .text.LL_RCC_GetSysClkSource
                0x0000000008002eb0       0x1c Drivers/STM32F4xx_HAL_Driver/Src/stm32f4xx_ll_rcc.o
 .text.LL_RCC_GetAHBPrescaler
                0x0000000008002ecc       0x1c Drivers/STM32F4xx_HAL_Driver/Src/stm32f4xx_ll_rcc.o
 .text.LL_RCC_GetAPB1Prescaler
                0x0000000008002ee8       0x1c Drivers/STM32F4xx_HAL_Driver/Src/stm32f4xx_ll_rcc.o
 .text.LL_RCC_GetAPB2Prescaler
                0x0000000008002f04       0x1c Drivers/STM32F4xx_HAL_Driver/Src/stm32f4xx_ll_rcc.o
 .text.LL_RCC_PLL_GetMainSource
                0x0000000008002f20       0x1c Drivers/STM32F4xx_HAL_Driver/Src/stm32f4xx_ll_rcc.o
 .text.LL_RCC_PLL_GetN
                0x0000000008002f3c       0x1c Drivers/STM32F4xx_HAL_Driver/Src/stm32f4xx_ll_rcc.o
 .text.LL_RCC_PLL_GetP
                0x0000000008002f58       0x1c Drivers/STM32F4xx_HAL_Driver/Src/stm32f4xx_ll_rcc.o
 .text.LL_RCC_PLL_GetR
                0x0000000008002f74       0x1c Drivers/STM32F4xx_HAL_Driver/Src/stm32f4xx_ll_rcc.o
 .text.LL_RCC_PLL_GetDivider
                0x0000000008002f90       0x1c Drivers/STM32F4xx_HAL_Driver/Src/stm32f4xx_ll_rcc.o
 .text.LL_RCC_GetSystemClocksFreq
                0x0000000008002fac       0x4a Drivers/STM32F4xx_HAL_Driver/Src/stm32f4xx_ll_rcc.o
                0x0000000008002fac                LL_RCC_GetSystemClocksFreq
 *fill*         0x0000000008002ff6        0x2 
 .text.RCC_GetSystemClockFreq
                0x0000000008002ff8       0x88 Drivers/STM32F4xx_HAL_Driver/Src/stm32f4xx_ll_rcc.o
                0x0000000008002ff8                RCC_GetSystemClockFreq
 .text.RCC_GetHCLKClockFreq
                0x0000000008003080       0x2c Drivers/STM32F4xx_HAL_Driver/Src/stm32f4xx_ll_rcc.o
                0x0000000008003080                RCC_GetHCLKClockFreq
 .text.RCC_GetPCLK1ClockFreq
                0x00000000080030ac       0x28 Drivers/STM32F4xx_HAL_Driver/Src/stm32f4xx_ll_rcc.o
                0x00000000080030ac                RCC_GetPCLK1ClockFreq
 .text.RCC_GetPCLK2ClockFreq
                0x00000000080030d4       0x28 Drivers/STM32F4xx_HAL_Driver/Src/stm32f4xx_ll_rcc.o
                0x00000000080030d4                RCC_GetPCLK2ClockFreq
 .text.RCC_PLL_GetFreqDomain_SYS
                0x00000000080030fc       0xa0 Drivers/STM32F4xx_HAL_Driver/Src/stm32f4xx_ll_rcc.o
                0x00000000080030fc                RCC_PLL_GetFreqDomain_SYS
 .text.LL_TIM_SetPrescaler
                0x000000000800319c       0x1c Drivers/STM32F4xx_HAL_Driver/Src/stm32f4xx_ll_tim.o
 .text.LL_TIM_SetAutoReload
                0x00000000080031b8       0x1c Drivers/STM32F4xx_HAL_Driver/Src/stm32f4xx_ll_tim.o
 .text.LL_TIM_SetRepetitionCounter
                0x00000000080031d4       0x1c Drivers/STM32F4xx_HAL_Driver/Src/stm32f4xx_ll_tim.o
 .text.LL_TIM_OC_SetCompareCH1
                0x00000000080031f0       0x1c Drivers/STM32F4xx_HAL_Driver/Src/stm32f4xx_ll_tim.o
 .text.LL_TIM_OC_SetCompareCH2
                0x000000000800320c       0x1c Drivers/STM32F4xx_HAL_Driver/Src/stm32f4xx_ll_tim.o
 .text.LL_TIM_OC_SetCompareCH3
                0x0000000008003228       0x1c Drivers/STM32F4xx_HAL_Driver/Src/stm32f4xx_ll_tim.o
 .text.LL_TIM_OC_SetCompareCH4
                0x0000000008003244       0x1c Drivers/STM32F4xx_HAL_Driver/Src/stm32f4xx_ll_tim.o
 .text.LL_TIM_GenerateEvent_UPDATE
                0x0000000008003260       0x20 Drivers/STM32F4xx_HAL_Driver/Src/stm32f4xx_ll_tim.o
 .text.LL_TIM_Init
                0x0000000008003280      0x134 Drivers/STM32F4xx_HAL_Driver/Src/stm32f4xx_ll_tim.o
                0x0000000008003280                LL_TIM_Init
 .text.LL_TIM_OC_Init
                0x00000000080033b4       0x70 Drivers/STM32F4xx_HAL_Driver/Src/stm32f4xx_ll_tim.o
                0x00000000080033b4                LL_TIM_OC_Init
 .text.LL_TIM_BDTR_Init
                0x0000000008003424       0x92 Drivers/STM32F4xx_HAL_Driver/Src/stm32f4xx_ll_tim.o
                0x0000000008003424                LL_TIM_BDTR_Init
 *fill*         0x00000000080034b6        0x2 
 .text.OC1Config
                0x00000000080034b8       0xd8 Drivers/STM32F4xx_HAL_Driver/Src/stm32f4xx_ll_tim.o
 .text.OC2Config
                0x0000000008003590       0xe0 Drivers/STM32F4xx_HAL_Driver/Src/stm32f4xx_ll_tim.o
 .text.OC3Config
                0x0000000008003670       0xe0 Drivers/STM32F4xx_HAL_Driver/Src/stm32f4xx_ll_tim.o
 .text.OC4Config
                0x0000000008003750       0xb0 Drivers/STM32F4xx_HAL_Driver/Src/stm32f4xx_ll_tim.o
 .text.LL_USART_IsEnabled
                0x0000000008003800       0x28 Drivers/STM32F4xx_HAL_Driver/Src/stm32f4xx_ll_usart.o
 .text.LL_USART_SetStopBitsLength
                0x0000000008003828       0x26 Drivers/STM32F4xx_HAL_Driver/Src/stm32f4xx_ll_usart.o
 .text.LL_USART_SetHWFlowCtrl
                0x000000000800384e       0x26 Drivers/STM32F4xx_HAL_Driver/Src/stm32f4xx_ll_usart.o
 .text.LL_USART_SetBaudRate
                0x0000000008003874      0x16c Drivers/STM32F4xx_HAL_Driver/Src/stm32f4xx_ll_usart.o
 .text.LL_USART_Init
                0x00000000080039e0      0x100 Drivers/STM32F4xx_HAL_Driver/Src/stm32f4xx_ll_usart.o
                0x00000000080039e0                LL_USART_Init
 .text._ZN9ArgSensorC2Ev
                0x0000000008003ae0       0x30 Src/ArgSensor.o
                0x0000000008003ae0                ArgSensor::ArgSensor()
                0x0000000008003ae0                ArgSensor::ArgSensor()
 .text._ZN9ArgSensorD2Ev
                0x0000000008003b10       0x20 Src/ArgSensor.o
                0x0000000008003b10                ArgSensor::~ArgSensor()
                0x0000000008003b10                ArgSensor::~ArgSensor()
 .text._ZN9ArgSensorD0Ev
                0x0000000008003b30       0x20 Src/ArgSensor.o
                0x0000000008003b30                ArgSensor::~ArgSensor()
 .text._ZN9ArgSensor6getArgEv
                0x0000000008003b50       0x1e Src/ArgSensor.o
                0x0000000008003b50                ArgSensor::getArg()
 .text._ZN9ArgSensor10Start_StopEb
                0x0000000008003b6e       0x1e Src/ArgSensor.o
                0x0000000008003b6e                ArgSensor::Start_Stop(bool)
 *fill*         0x0000000008003b8c        0x4 
 .text._ZN9ArgSensor5ImArgEv
                0x0000000008003b90      0x18c Src/ArgSensor.o
                0x0000000008003b90                ArgSensor::ImArg()
 .text._ZnwjPv  0x0000000008003d1c       0x18 Src/DebugInfo.o
                0x0000000008003d1c                operator new(unsigned int, void*)
 .text._ZN9DebugInfoC2Ev
                0x0000000008003d34       0x28 Src/DebugInfo.o
                0x0000000008003d34                DebugInfo::DebugInfo()
                0x0000000008003d34                DebugInfo::DebugInfo()
 .text._ZN9DebugInfoD2Ev
                0x0000000008003d5c       0x28 Src/DebugInfo.o
                0x0000000008003d5c                DebugInfo::~DebugInfo()
                0x0000000008003d5c                DebugInfo::~DebugInfo()
 .text._ZN9DebugInfoD0Ev
                0x0000000008003d84       0x20 Src/DebugInfo.o
                0x0000000008003d84                DebugInfo::~DebugInfo()
 .text._ZNSt6vectorI13SendMotorDataSaIS0_EEC2Ev
                0x0000000008003da4       0x1a Src/DebugInfo.o
                0x0000000008003da4                std::vector<SendMotorData, std::allocator<SendMotorData> >::vector()
                0x0000000008003da4                std::vector<SendMotorData, std::allocator<SendMotorData> >::vector()
 .text._ZNSt6vectorI13SendMotorDataSaIS0_EED2Ev
                0x0000000008003dbe       0x36 Src/DebugInfo.o
                0x0000000008003dbe                std::vector<SendMotorData, std::allocator<SendMotorData> >::~vector()
                0x0000000008003dbe                std::vector<SendMotorData, std::allocator<SendMotorData> >::~vector()
 .text._ZNSt12_Vector_baseI13SendMotorDataSaIS0_EE12_Vector_implD2Ev
                0x0000000008003df4       0x18 Src/DebugInfo.o
                0x0000000008003df4                std::_Vector_base<SendMotorData, std::allocator<SendMotorData> >::_Vector_impl::~_Vector_impl()
                0x0000000008003df4                std::_Vector_base<SendMotorData, std::allocator<SendMotorData> >::_Vector_impl::~_Vector_impl()
 .text._ZNSt12_Vector_baseI13SendMotorDataSaIS0_EEC2Ev
                0x0000000008003e0c       0x1a Src/DebugInfo.o
                0x0000000008003e0c                std::_Vector_base<SendMotorData, std::allocator<SendMotorData> >::_Vector_base()
                0x0000000008003e0c                std::_Vector_base<SendMotorData, std::allocator<SendMotorData> >::_Vector_base()
 .text._ZNSt12_Vector_baseI13SendMotorDataSaIS0_EED2Ev
                0x0000000008003e26       0x34 Src/DebugInfo.o
                0x0000000008003e26                std::_Vector_base<SendMotorData, std::allocator<SendMotorData> >::~_Vector_base()
                0x0000000008003e26                std::_Vector_base<SendMotorData, std::allocator<SendMotorData> >::~_Vector_base()
 .text._ZNSt12_Vector_baseI13SendMotorDataSaIS0_EE19_M_get_Tp_allocatorEv
                0x0000000008003e5a       0x16 Src/DebugInfo.o
                0x0000000008003e5a                std::_Vector_base<SendMotorData, std::allocator<SendMotorData> >::_M_get_Tp_allocator()
 .text._ZSt8_DestroyIP13SendMotorDataS0_EvT_S2_RSaIT0_E
                0x0000000008003e70       0x1c Src/DebugInfo.o
                0x0000000008003e70                void std::_Destroy<SendMotorData*, SendMotorData>(SendMotorData*, SendMotorData*, std::allocator<SendMotorData>&)
 .text._ZNSaI13SendMotorDataED2Ev
                0x0000000008003e8c       0x18 Src/DebugInfo.o
                0x0000000008003e8c                std::allocator<SendMotorData>::~allocator()
                0x0000000008003e8c                std::allocator<SendMotorData>::~allocator()
 .text._ZNSt12_Vector_baseI13SendMotorDataSaIS0_EE12_Vector_implC2Ev
                0x0000000008003ea4       0x2a Src/DebugInfo.o
                0x0000000008003ea4                std::_Vector_base<SendMotorData, std::allocator<SendMotorData> >::_Vector_impl::_Vector_impl()
                0x0000000008003ea4                std::_Vector_base<SendMotorData, std::allocator<SendMotorData> >::_Vector_impl::_Vector_impl()
 .text._ZNSt12_Vector_baseI13SendMotorDataSaIS0_EE13_M_deallocateEPS0_j
                0x0000000008003ece       0x26 Src/DebugInfo.o
                0x0000000008003ece                std::_Vector_base<SendMotorData, std::allocator<SendMotorData> >::_M_deallocate(SendMotorData*, unsigned int)
 .text._ZSt8_DestroyIP13SendMotorDataEvT_S2_
                0x0000000008003ef4       0x1a Src/DebugInfo.o
                0x0000000008003ef4                void std::_Destroy<SendMotorData*>(SendMotorData*, SendMotorData*)
 .text._ZN9__gnu_cxx13new_allocatorI13SendMotorDataED2Ev
                0x0000000008003f0e       0x16 Src/DebugInfo.o
                0x0000000008003f0e                __gnu_cxx::new_allocator<SendMotorData>::~new_allocator()
                0x0000000008003f0e                __gnu_cxx::new_allocator<SendMotorData>::~new_allocator()
 .text._ZNSaI13SendMotorDataEC2Ev
                0x0000000008003f24       0x18 Src/DebugInfo.o
                0x0000000008003f24                std::allocator<SendMotorData>::allocator()
                0x0000000008003f24                std::allocator<SendMotorData>::allocator()
 .text._ZNSt16allocator_traitsISaI13SendMotorDataEE10deallocateERS1_PS0_j
                0x0000000008003f3c       0x1e Src/DebugInfo.o
                0x0000000008003f3c                std::allocator_traits<std::allocator<SendMotorData> >::deallocate(std::allocator<SendMotorData>&, SendMotorData*, unsigned int)
 .text._ZSt11__addressofI13SendMotorDataEPT_RS1_
                0x0000000008003f5a       0x16 Src/DebugInfo.o
                0x0000000008003f5a                SendMotorData* std::__addressof<SendMotorData>(SendMotorData&)
 .text._ZNSt12_Destroy_auxILb0EE9__destroyIP13SendMotorDataEEvT_S4_
                0x0000000008003f70       0x30 Src/DebugInfo.o
                0x0000000008003f70                void std::_Destroy_aux<false>::__destroy<SendMotorData*>(SendMotorData*, SendMotorData*)
 .text._ZSt3maxIjERKT_S2_S2_
                0x0000000008003fa0       0x28 Src/DebugInfo.o
                0x0000000008003fa0                unsigned int const& std::max<unsigned int>(unsigned int const&, unsigned int const&)
 .text._ZN9__gnu_cxx13new_allocatorI13SendMotorDataEC2Ev
                0x0000000008003fc8       0x16 Src/DebugInfo.o
                0x0000000008003fc8                __gnu_cxx::new_allocator<SendMotorData>::new_allocator()
                0x0000000008003fc8                __gnu_cxx::new_allocator<SendMotorData>::new_allocator()
 .text._ZN9__gnu_cxx13new_allocatorI13SendMotorDataE10deallocateEPS1_j
                0x0000000008003fde       0x1a Src/DebugInfo.o
                0x0000000008003fde                __gnu_cxx::new_allocator<SendMotorData>::deallocate(SendMotorData*, unsigned int)
 .text._ZSt8_DestroyI13SendMotorDataEvPT_
                0x0000000008003ff8       0x1a Src/DebugInfo.o
                0x0000000008003ff8                void std::_Destroy<SendMotorData>(SendMotorData*)
 *fill*         0x0000000008004012        0x2 
 .text._ZN7MathLibC2Ev
                0x0000000008004014       0x38 Src/MathLib.o
                0x0000000008004014                MathLib::MathLib()
                0x0000000008004014                MathLib::MathLib()
 .text._ZN7MathLibD2Ev
                0x000000000800404c       0x4c Src/MathLib.o
                0x000000000800404c                MathLib::~MathLib()
                0x000000000800404c                MathLib::~MathLib()
 .text._ZN7MathLibD0Ev
                0x0000000008004098       0x20 Src/MathLib.o
                0x0000000008004098                MathLib::~MathLib()
 .text._ZN7MathLib10setLibSizeEi
                0x00000000080040b8       0x1c Src/MathLib.o
                0x00000000080040b8                MathLib::setLibSize(int)
 *fill*         0x00000000080040d4        0x4 
 .text._ZN7MathLib5fInitEi
                0x00000000080040d8       0x70 Src/MathLib.o
                0x00000000080040d8                MathLib::fInit(int)
 .text._ZN7MathLib14fSinVectorInitEPSt6vectorIfSaIfEE
                0x0000000008004148       0xa0 Src/MathLib.o
                0x0000000008004148                MathLib::fSinVectorInit(std::vector<float, std::allocator<float> >*)
 .text._ZN7MathLib14fCosVectorInitEPSt6vectorIfSaIfEE
                0x00000000080041e8       0xa0 Src/MathLib.o
                0x00000000080041e8                MathLib::fCosVectorInit(std::vector<float, std::allocator<float> >*)
 .text._ZN7MathLib10getSinListEv
                0x0000000008004288       0x1e Src/MathLib.o
                0x0000000008004288                MathLib::getSinList()
 .text._ZN7MathLib10getCosListEv
                0x00000000080042a6       0x1e Src/MathLib.o
                0x00000000080042a6                MathLib::getCosList()
 .text._ZN7MathLib14radToSizeCountEf
                0x00000000080042c4       0x2e Src/MathLib.o
                0x00000000080042c4                MathLib::radToSizeCount(float)
 .text._ZNSt6vectorIfSaIfEEC2Ev
                0x00000000080042f2       0x1a Src/MathLib.o
                0x00000000080042f2                std::vector<float, std::allocator<float> >::vector()
                0x00000000080042f2                std::vector<float, std::allocator<float> >::vector()
 .text._ZNSt6vectorIfSaIfEED2Ev
                0x000000000800430c       0x36 Src/MathLib.o
                0x000000000800430c                std::vector<float, std::allocator<float> >::~vector()
                0x000000000800430c                std::vector<float, std::allocator<float> >::~vector()
 .text._ZNSt6vectorIfSaIfEE5clearEv
                0x0000000008004342       0x1c Src/MathLib.o
                0x0000000008004342                std::vector<float, std::allocator<float> >::clear()
 .text._ZNSt6vectorIfSaIfEE9push_backERKf
                0x000000000800435e       0x4a Src/MathLib.o
                0x000000000800435e                std::vector<float, std::allocator<float> >::push_back(float const&)
 .text._ZNSt6vectorIfSaIfEEC2ERKS1_
                0x00000000080043a8       0x7a Src/MathLib.o
                0x00000000080043a8                std::vector<float, std::allocator<float> >::vector(std::vector<float, std::allocator<float> > const&)
                0x00000000080043a8                std::vector<float, std::allocator<float> >::vector(std::vector<float, std::allocator<float> > const&)
 .text._ZNSt12_Vector_baseIfSaIfEE12_Vector_implD2Ev
                0x0000000008004422       0x18 Src/MathLib.o
                0x0000000008004422                std::_Vector_base<float, std::allocator<float> >::_Vector_impl::~_Vector_impl()
                0x0000000008004422                std::_Vector_base<float, std::allocator<float> >::_Vector_impl::~_Vector_impl()
 .text._ZNSt12_Vector_baseIfSaIfEEC2Ev
                0x000000000800443a       0x1a Src/MathLib.o
                0x000000000800443a                std::_Vector_base<float, std::allocator<float> >::_Vector_base()
                0x000000000800443a                std::_Vector_base<float, std::allocator<float> >::_Vector_base()
 .text._ZNSt12_Vector_baseIfSaIfEED2Ev
                0x0000000008004454       0x34 Src/MathLib.o
                0x0000000008004454                std::_Vector_base<float, std::allocator<float> >::~_Vector_base()
                0x0000000008004454                std::_Vector_base<float, std::allocator<float> >::~_Vector_base()
 .text._ZNSt12_Vector_baseIfSaIfEE19_M_get_Tp_allocatorEv
                0x0000000008004488       0x16 Src/MathLib.o
                0x0000000008004488                std::_Vector_base<float, std::allocator<float> >::_M_get_Tp_allocator()
 .text._ZSt8_DestroyIPffEvT_S1_RSaIT0_E
                0x000000000800449e       0x1c Src/MathLib.o
                0x000000000800449e                void std::_Destroy<float*, float>(float*, float*, std::allocator<float>&)
 .text._ZNSt6vectorIfSaIfEE15_M_erase_at_endEPf
                0x00000000080044ba       0x30 Src/MathLib.o
                0x00000000080044ba                std::vector<float, std::allocator<float> >::_M_erase_at_end(float*)
 .text._ZSt7forwardIRKfEOT_RNSt16remove_referenceIS2_E4typeE
                0x00000000080044ea       0x16 Src/MathLib.o
                0x00000000080044ea                float const& std::forward<float const&>(std::remove_reference<float const&>::type&)
 .text._ZNSt16allocator_traitsISaIfEE9constructIfJRKfEEEvRS0_PT_DpOT0_
                0x0000000008004500       0x26 Src/MathLib.o
                0x0000000008004500                void std::allocator_traits<std::allocator<float> >::construct<float, float const&>(std::allocator<float>&, float*, float const&)
 .text._ZNSt6vectorIfSaIfEE3endEv
                0x0000000008004526       0x22 Src/MathLib.o
                0x0000000008004526                std::vector<float, std::allocator<float> >::end()
 .text._ZNSt6vectorIfSaIfEE17_M_realloc_insertIJRKfEEEvN9__gnu_cxx17__normal_iteratorIPfS1_EEDpOT_
                0x0000000008004548      0x118 Src/MathLib.o
                0x0000000008004548                void std::vector<float, std::allocator<float> >::_M_realloc_insert<float const&>(__gnu_cxx::__normal_iterator<float*, std::vector<float, std::allocator<float> > >, float const&)
 .text._ZNKSt6vectorIfSaIfEE4sizeEv
                0x0000000008004660       0x22 Src/MathLib.o
                0x0000000008004660                std::vector<float, std::allocator<float> >::size() const
 .text._ZN9__gnu_cxx14__alloc_traitsISaIfEE17_S_select_on_copyERKS1_
                0x0000000008004682       0x1c Src/MathLib.o
                0x0000000008004682                __gnu_cxx::__alloc_traits<std::allocator<float> >::_S_select_on_copy(std::allocator<float> const&)
 .text._ZNKSt12_Vector_baseIfSaIfEE19_M_get_Tp_allocatorEv
                0x000000000800469e       0x16 Src/MathLib.o
                0x000000000800469e                std::_Vector_base<float, std::allocator<float> >::_M_get_Tp_allocator() const
 .text._ZNSaIfED2Ev
                0x00000000080046b4       0x18 Src/MathLib.o
                0x00000000080046b4                std::allocator<float>::~allocator()
                0x00000000080046b4                std::allocator<float>::~allocator()
 .text._ZNSt12_Vector_baseIfSaIfEEC2EjRKS0_
                0x00000000080046cc       0x28 Src/MathLib.o
                0x00000000080046cc                std::_Vector_base<float, std::allocator<float> >::_Vector_base(unsigned int, std::allocator<float> const&)
                0x00000000080046cc                std::_Vector_base<float, std::allocator<float> >::_Vector_base(unsigned int, std::allocator<float> const&)
 .text._ZNKSt6vectorIfSaIfEE5beginEv
                0x00000000080046f4       0x28 Src/MathLib.o
                0x00000000080046f4                std::vector<float, std::allocator<float> >::begin() const
 .text._ZNKSt6vectorIfSaIfEE3endEv
                0x000000000800471c       0x28 Src/MathLib.o
                0x000000000800471c                std::vector<float, std::allocator<float> >::end() const
 .text._ZSt22__uninitialized_copy_aIN9__gnu_cxx17__normal_iteratorIPKfSt6vectorIfSaIfEEEEPffET0_T_SA_S9_RSaIT1_E
                0x0000000008004744       0x22 Src/MathLib.o
                0x0000000008004744                float* std::__uninitialized_copy_a<__gnu_cxx::__normal_iterator<float const*, std::vector<float, std::allocator<float> > >, float*, float>(__gnu_cxx::__normal_iterator<float const*, std::vector<float, std::allocator<float> > >, __gnu_cxx::__normal_iterator<float const*, std::vector<float, std::allocator<float> > >, float*, std::allocator<float>&)
 .text._ZNSt12_Vector_baseIfSaIfEE12_Vector_implC2Ev
                0x0000000008004766       0x2a Src/MathLib.o
                0x0000000008004766                std::_Vector_base<float, std::allocator<float> >::_Vector_impl::_Vector_impl()
                0x0000000008004766                std::_Vector_base<float, std::allocator<float> >::_Vector_impl::_Vector_impl()
 .text._ZNSt12_Vector_baseIfSaIfEE13_M_deallocateEPfj
                0x0000000008004790       0x26 Src/MathLib.o
                0x0000000008004790                std::_Vector_base<float, std::allocator<float> >::_M_deallocate(float*, unsigned int)
 .text._ZSt8_DestroyIPfEvT_S1_
                0x00000000080047b6       0x1a Src/MathLib.o
                0x00000000080047b6                void std::_Destroy<float*>(float*, float*)
 .text._ZN9__gnu_cxx13new_allocatorIfE9constructIfJRKfEEEvPT_DpOT0_
                0x00000000080047d0       0x30 Src/MathLib.o
                0x00000000080047d0                void __gnu_cxx::new_allocator<float>::construct<float, float const&>(float*, float const&)
 .text._ZN9__gnu_cxx17__normal_iteratorIPfSt6vectorIfSaIfEEEC2ERKS1_
                0x0000000008004800       0x20 Src/MathLib.o
                0x0000000008004800                __gnu_cxx::__normal_iterator<float*, std::vector<float, std::allocator<float> > >::__normal_iterator(float* const&)
                0x0000000008004800                __gnu_cxx::__normal_iterator<float*, std::vector<float, std::allocator<float> > >::__normal_iterator(float* const&)
 .text._ZNKSt6vectorIfSaIfEE12_M_check_lenEjPKc
                0x0000000008004820       0x90 Src/MathLib.o
                0x0000000008004820                std::vector<float, std::allocator<float> >::_M_check_len(unsigned int, char const*) const
 .text._ZNSt6vectorIfSaIfEE5beginEv
                0x00000000080048b0       0x20 Src/MathLib.o
                0x00000000080048b0                std::vector<float, std::allocator<float> >::begin()
 .text._ZN9__gnu_cxxmiIPfSt6vectorIfSaIfEEEENS_17__normal_iteratorIT_T0_E15difference_typeERKS8_SB_
                0x00000000080048d0       0x2c Src/MathLib.o
                0x00000000080048d0                __gnu_cxx::__normal_iterator<float*, std::vector<float, std::allocator<float> > >::difference_type __gnu_cxx::operator-<float*, std::vector<float, std::allocator<float> > >(__gnu_cxx::__normal_iterator<float*, std::vector<float, std::allocator<float> > > const&, __gnu_cxx::__normal_iterator<float*, std::vector<float, std::allocator<float> > > const&)
 .text._ZNSt12_Vector_baseIfSaIfEE11_M_allocateEj
                0x00000000080048fc       0x28 Src/MathLib.o
                0x00000000080048fc                std::_Vector_base<float, std::allocator<float> >::_M_allocate(unsigned int)
 .text._ZNK9__gnu_cxx17__normal_iteratorIPfSt6vectorIfSaIfEEE4baseEv
                0x0000000008004924       0x16 Src/MathLib.o
                0x0000000008004924                __gnu_cxx::__normal_iterator<float*, std::vector<float, std::allocator<float> > >::base() const
 .text._ZSt34__uninitialized_move_if_noexcept_aIPfS0_SaIfEET0_T_S3_S2_RT1_
                0x000000000800493a       0x32 Src/MathLib.o
                0x000000000800493a                float* std::__uninitialized_move_if_noexcept_a<float*, float*, std::allocator<float> >(float*, float*, float*, std::allocator<float>&)
 .text._ZNSt16allocator_traitsISaIfEE37select_on_container_copy_constructionERKS0_
                0x000000000800496c       0x1a Src/MathLib.o
                0x000000000800496c                std::allocator_traits<std::allocator<float> >::select_on_container_copy_construction(std::allocator<float> const&)
 .text._ZNSaIfEC2ERKS_
                0x0000000008004986       0x1c Src/MathLib.o
                0x0000000008004986                std::allocator<float>::allocator(std::allocator<float> const&)
                0x0000000008004986                std::allocator<float>::allocator(std::allocator<float> const&)
 .text._ZN9__gnu_cxx13new_allocatorIfED2Ev
                0x00000000080049a2       0x16 Src/MathLib.o
                0x00000000080049a2                __gnu_cxx::new_allocator<float>::~new_allocator()
                0x00000000080049a2                __gnu_cxx::new_allocator<float>::~new_allocator()
 .text._ZNSt12_Vector_baseIfSaIfEE12_Vector_implC2ERKS0_
                0x00000000080049b8       0x2e Src/MathLib.o
                0x00000000080049b8                std::_Vector_base<float, std::allocator<float> >::_Vector_impl::_Vector_impl(std::allocator<float> const&)
                0x00000000080049b8                std::_Vector_base<float, std::allocator<float> >::_Vector_impl::_Vector_impl(std::allocator<float> const&)
 .text._ZNSt12_Vector_baseIfSaIfEE17_M_create_storageEj
                0x00000000080049e6       0x36 Src/MathLib.o
                0x00000000080049e6                std::_Vector_base<float, std::allocator<float> >::_M_create_storage(unsigned int)
 .text._ZN9__gnu_cxx17__normal_iteratorIPKfSt6vectorIfSaIfEEEC2ERKS2_
                0x0000000008004a1c       0x20 Src/MathLib.o
                0x0000000008004a1c                __gnu_cxx::__normal_iterator<float const*, std::vector<float, std::allocator<float> > >::__normal_iterator(float const* const&)
                0x0000000008004a1c                __gnu_cxx::__normal_iterator<float const*, std::vector<float, std::allocator<float> > >::__normal_iterator(float const* const&)
 .text._ZSt18uninitialized_copyIN9__gnu_cxx17__normal_iteratorIPKfSt6vectorIfSaIfEEEEPfET0_T_SA_S9_
                0x0000000008004a3c       0x24 Src/MathLib.o
                0x0000000008004a3c                float* std::uninitialized_copy<__gnu_cxx::__normal_iterator<float const*, std::vector<float, std::allocator<float> > >, float*>(__gnu_cxx::__normal_iterator<float const*, std::vector<float, std::allocator<float> > >, __gnu_cxx::__normal_iterator<float const*, std::vector<float, std::allocator<float> > >, float*)
 .text._ZNSaIfEC2Ev
                0x0000000008004a60       0x18 Src/MathLib.o
                0x0000000008004a60                std::allocator<float>::allocator()
                0x0000000008004a60                std::allocator<float>::allocator()
 .text._ZNSt16allocator_traitsISaIfEE10deallocateERS0_Pfj
                0x0000000008004a78       0x1e Src/MathLib.o
                0x0000000008004a78                std::allocator_traits<std::allocator<float> >::deallocate(std::allocator<float>&, float*, unsigned int)
 .text._ZNSt12_Destroy_auxILb1EE9__destroyIPfEEvT_S3_
                0x0000000008004a96       0x16 Src/MathLib.o
                0x0000000008004a96                void std::_Destroy_aux<true>::__destroy<float*>(float*, float*)
 .text._ZNKSt6vectorIfSaIfEE8max_sizeEv
                0x0000000008004aac       0x22 Src/MathLib.o
                0x0000000008004aac                std::vector<float, std::allocator<float> >::max_size() const
 .text._ZNSt16allocator_traitsISaIfEE8allocateERS0_j
                0x0000000008004ace       0x1e Src/MathLib.o
                0x0000000008004ace                std::allocator_traits<std::allocator<float> >::allocate(std::allocator<float>&, unsigned int)
 .text._ZSt32__make_move_if_noexcept_iteratorIfSt13move_iteratorIPfEET0_PT_
                0x0000000008004aec       0x1e Src/MathLib.o
                0x0000000008004aec                std::move_iterator<float*> std::__make_move_if_noexcept_iterator<float, std::move_iterator<float*> >(float*)
 .text._ZSt22__uninitialized_copy_aISt13move_iteratorIPfES1_fET0_T_S4_S3_RSaIT1_E
                0x0000000008004b0a       0x22 Src/MathLib.o
                0x0000000008004b0a                float* std::__uninitialized_copy_a<std::move_iterator<float*>, float*, float>(std::move_iterator<float*>, std::move_iterator<float*>, float*, std::allocator<float>&)
 .text._ZN9__gnu_cxx13new_allocatorIfEC2ERKS1_
                0x0000000008004b2c       0x18 Src/MathLib.o
                0x0000000008004b2c                __gnu_cxx::new_allocator<float>::new_allocator(__gnu_cxx::new_allocator<float> const&)
                0x0000000008004b2c                __gnu_cxx::new_allocator<float>::new_allocator(__gnu_cxx::new_allocator<float> const&)
 .text._ZNSt20__uninitialized_copyILb1EE13__uninit_copyIN9__gnu_cxx17__normal_iteratorIPKfSt6vectorIfSaIfEEEEPfEET0_T_SC_SB_
                0x0000000008004b44       0x20 Src/MathLib.o
                0x0000000008004b44                float* std::__uninitialized_copy<true>::__uninit_copy<__gnu_cxx::__normal_iterator<float const*, std::vector<float, std::allocator<float> > >, float*>(__gnu_cxx::__normal_iterator<float const*, std::vector<float, std::allocator<float> > >, __gnu_cxx::__normal_iterator<float const*, std::vector<float, std::allocator<float> > >, float*)
 .text._ZN9__gnu_cxx13new_allocatorIfEC2Ev
                0x0000000008004b64       0x16 Src/MathLib.o
                0x0000000008004b64                __gnu_cxx::new_allocator<float>::new_allocator()
                0x0000000008004b64                __gnu_cxx::new_allocator<float>::new_allocator()
 .text._ZN9__gnu_cxx13new_allocatorIfE10deallocateEPfj
                0x0000000008004b7a       0x1a Src/MathLib.o
                0x0000000008004b7a                __gnu_cxx::new_allocator<float>::deallocate(float*, unsigned int)
 .text._ZNSt16allocator_traitsISaIfEE8max_sizeERKS0_
                0x0000000008004b94       0x18 Src/MathLib.o
                0x0000000008004b94                std::allocator_traits<std::allocator<float> >::max_size(std::allocator<float> const&)
 .text._ZN9__gnu_cxx13new_allocatorIfE8allocateEjPKv
                0x0000000008004bac       0x3c Src/MathLib.o
                0x0000000008004bac                __gnu_cxx::new_allocator<float>::allocate(unsigned int, void const*)
 .text._ZNSt13move_iteratorIPfEC2ES0_
                0x0000000008004be8       0x1e Src/MathLib.o
                0x0000000008004be8                std::move_iterator<float*>::move_iterator(float*)
                0x0000000008004be8                std::move_iterator<float*>::move_iterator(float*)
 .text._ZSt18uninitialized_copyISt13move_iteratorIPfES1_ET0_T_S4_S3_
                0x0000000008004c06       0x24 Src/MathLib.o
                0x0000000008004c06                float* std::uninitialized_copy<std::move_iterator<float*>, float*>(std::move_iterator<float*>, std::move_iterator<float*>, float*)
 .text._ZSt4copyIN9__gnu_cxx17__normal_iteratorIPKfSt6vectorIfSaIfEEEEPfET0_T_SA_S9_
                0x0000000008004c2a       0x30 Src/MathLib.o
                0x0000000008004c2a                float* std::copy<__gnu_cxx::__normal_iterator<float const*, std::vector<float, std::allocator<float> > >, float*>(__gnu_cxx::__normal_iterator<float const*, std::vector<float, std::allocator<float> > >, __gnu_cxx::__normal_iterator<float const*, std::vector<float, std::allocator<float> > >, float*)
 .text._ZNK9__gnu_cxx13new_allocatorIfE8max_sizeEv
                0x0000000008004c5a       0x18 Src/MathLib.o
                0x0000000008004c5a                __gnu_cxx::new_allocator<float>::max_size() const
 .text._ZNSt20__uninitialized_copyILb1EE13__uninit_copyISt13move_iteratorIPfES3_EET0_T_S6_S5_
                0x0000000008004c72       0x20 Src/MathLib.o
                0x0000000008004c72                float* std::__uninitialized_copy<true>::__uninit_copy<std::move_iterator<float*>, float*>(std::move_iterator<float*>, std::move_iterator<float*>, float*)
 .text._ZSt12__miter_baseIN9__gnu_cxx17__normal_iteratorIPKfSt6vectorIfSaIfEEEEET_S8_
                0x0000000008004c92       0x16 Src/MathLib.o
                0x0000000008004c92                __gnu_cxx::__normal_iterator<float const*, std::vector<float, std::allocator<float> > > std::__miter_base<__gnu_cxx::__normal_iterator<float const*, std::vector<float, std::allocator<float> > > >(__gnu_cxx::__normal_iterator<float const*, std::vector<float, std::allocator<float> > >)
 .text._ZSt14__copy_move_a2ILb0EN9__gnu_cxx17__normal_iteratorIPKfSt6vectorIfSaIfEEEEPfET1_T0_SA_S9_
                0x0000000008004ca8       0x38 Src/MathLib.o
                0x0000000008004ca8                float* std::__copy_move_a2<false, __gnu_cxx::__normal_iterator<float const*, std::vector<float, std::allocator<float> > >, float*>(__gnu_cxx::__normal_iterator<float const*, std::vector<float, std::allocator<float> > >, __gnu_cxx::__normal_iterator<float const*, std::vector<float, std::allocator<float> > >, float*)
 .text._ZSt4copyISt13move_iteratorIPfES1_ET0_T_S4_S3_
                0x0000000008004ce0       0x30 Src/MathLib.o
                0x0000000008004ce0                float* std::copy<std::move_iterator<float*>, float*>(std::move_iterator<float*>, std::move_iterator<float*>, float*)
 .text._ZSt12__niter_baseIPKfSt6vectorIfSaIfEEET_N9__gnu_cxx17__normal_iteratorIS5_T0_EE
                0x0000000008004d10       0x1c Src/MathLib.o
                0x0000000008004d10                float const* std::__niter_base<float const*, std::vector<float, std::allocator<float> > >(__gnu_cxx::__normal_iterator<float const*, std::vector<float, std::allocator<float> > >)
 .text._ZSt12__niter_baseIPfET_S1_
                0x0000000008004d2c       0x16 Src/MathLib.o
                0x0000000008004d2c                float* std::__niter_base<float*>(float*)
 .text._ZSt13__copy_move_aILb0EPKfPfET1_T0_S4_S3_
                0x0000000008004d42       0x24 Src/MathLib.o
                0x0000000008004d42                float* std::__copy_move_a<false, float const*, float*>(float const*, float const*, float*)
 .text._ZSt12__miter_baseIPfEDTcl12__miter_basecldtfp_4baseEEESt13move_iteratorIT_E
                0x0000000008004d66       0x22 Src/MathLib.o
                0x0000000008004d66                decltype (__miter_base(({parm#1}.base)())) std::__miter_base<float*>(std::move_iterator<float*>)
 .text._ZSt14__copy_move_a2ILb1EPfS0_ET1_T0_S2_S1_
                0x0000000008004d88       0x38 Src/MathLib.o
                0x0000000008004d88                float* std::__copy_move_a2<true, float*, float*>(float*, float*, float*)
 .text._ZNK9__gnu_cxx17__normal_iteratorIPKfSt6vectorIfSaIfEEE4baseEv
                0x0000000008004dc0       0x16 Src/MathLib.o
                0x0000000008004dc0                __gnu_cxx::__normal_iterator<float const*, std::vector<float, std::allocator<float> > >::base() const
 .text._ZNSt11__copy_moveILb0ELb1ESt26random_access_iterator_tagE8__copy_mIfEEPT_PKS3_S6_S4_
                0x0000000008004dd6       0x3a Src/MathLib.o
                0x0000000008004dd6                float* std::__copy_move<false, true, std::random_access_iterator_tag>::__copy_m<float>(float const*, float const*, float*)
 .text._ZNKSt13move_iteratorIPfE4baseEv
                0x0000000008004e10       0x18 Src/MathLib.o
                0x0000000008004e10                std::move_iterator<float*>::base() const
 .text._ZSt12__miter_baseIPfET_S1_
                0x0000000008004e28       0x16 Src/MathLib.o
                0x0000000008004e28                float* std::__miter_base<float*>(float*)
 .text._ZSt13__copy_move_aILb1EPfS0_ET1_T0_S2_S1_
                0x0000000008004e3e       0x24 Src/MathLib.o
                0x0000000008004e3e                float* std::__copy_move_a<true, float*, float*>(float*, float*, float*)
 .text._ZNSt11__copy_moveILb1ELb1ESt26random_access_iterator_tagE8__copy_mIfEEPT_PKS3_S6_S4_
                0x0000000008004e62       0x3a Src/MathLib.o
                0x0000000008004e62                float* std::__copy_move<true, true, std::random_access_iterator_tag>::__copy_m<float>(float const*, float const*, float*)
 .text._ZN9MotorInfoC2Ev
                0x0000000008004e9c       0x28 Src/MotorInfo.o
                0x0000000008004e9c                MotorInfo::MotorInfo()
                0x0000000008004e9c                MotorInfo::MotorInfo()
 .text._ZN9MotorInfoD2Ev
                0x0000000008004ec4       0x28 Src/MotorInfo.o
                0x0000000008004ec4                MotorInfo::~MotorInfo()
                0x0000000008004ec4                MotorInfo::~MotorInfo()
 .text._ZN9MotorInfoD0Ev
                0x0000000008004eec       0x20 Src/MotorInfo.o
                0x0000000008004eec                MotorInfo::~MotorInfo()
 .text._ZN7MathLibaSERKS_
                0x0000000008004f0c       0x46 Src/MotorInfo.o
                0x0000000008004f0c                MathLib::operator=(MathLib const&)
 .text._ZN9MotorInfo10setMathLibE7MathLib
                0x0000000008004f52       0x1e Src/MotorInfo.o
                0x0000000008004f52                MotorInfo::setMathLib(MathLib)
 .text._ZN7MathLibC2ERKS_
                0x0000000008004f70       0x50 Src/MotorInfo.o
                0x0000000008004f70                MathLib::MathLib(MathLib const&)
                0x0000000008004f70                MathLib::MathLib(MathLib const&)
 .text._ZN9MotorInfo10getMathLibEv
                0x0000000008004fc0       0x1e Src/MotorInfo.o
                0x0000000008004fc0                MotorInfo::getMathLib()
 .text._ZN9MotorInfo6setArgEi
                0x0000000008004fde       0x1c Src/MotorInfo.o
                0x0000000008004fde                MotorInfo::setArg(int)
 .text._ZN9MotorInfo5setVdEf
                0x0000000008004ffa       0x1e Src/MotorInfo.o
                0x0000000008004ffa                MotorInfo::setVd(float)
 .text._ZN9MotorInfo5setVqEf
                0x0000000008005018       0x1e Src/MotorInfo.o
                0x0000000008005018                MotorInfo::setVq(float)
 .text._ZN9MotorInfo17invClarkTransformEv
                0x0000000008005036      0x124 Src/MotorInfo.o
                0x0000000008005036                MotorInfo::invClarkTransform()
 *fill*         0x000000000800515a        0x2 
 .text._ZN9MotorInfo16invParkTransformEv
                0x000000000800515c       0x90 Src/MotorInfo.o
                0x000000000800515c                MotorInfo::invParkTransform()
 .text._ZN9MotorInfo5getVuEv
                0x00000000080051ec       0x1e Src/MotorInfo.o
                0x00000000080051ec                MotorInfo::getVu()
 .text._ZN9MotorInfo5getVvEv
                0x000000000800520a       0x1e Src/MotorInfo.o
                0x000000000800520a                MotorInfo::getVv()
 .text._ZN9MotorInfo5getVwEv
                0x0000000008005228       0x1e Src/MotorInfo.o
                0x0000000008005228                MotorInfo::getVw()
 .text._ZN9__gnu_cxx14__alloc_traitsISaIfEE27_S_propagate_on_copy_assignEv
                0x0000000008005246       0x10 Src/MotorInfo.o
                0x0000000008005246                __gnu_cxx::__alloc_traits<std::allocator<float> >::_S_propagate_on_copy_assign()
 .text._ZN9__gnu_cxx14__alloc_traitsISaIfEE15_S_always_equalEv
                0x0000000008005256       0x10 Src/MotorInfo.o
                0x0000000008005256                __gnu_cxx::__alloc_traits<std::allocator<float> >::_S_always_equal()
 .text._ZNSt6vectorIfSaIfEEaSERKS1_
                0x0000000008005266      0x1ee Src/MotorInfo.o
                0x0000000008005266                std::vector<float, std::allocator<float> >::operator=(std::vector<float, std::allocator<float> > const&)
 .text._ZNSt6vectorIfSaIfEE2atEj
                0x0000000008005454       0x24 Src/MotorInfo.o
                0x0000000008005454                std::vector<float, std::allocator<float> >::at(unsigned int)
 .text._ZStneIfEbRKSaIT_ES3_
                0x0000000008005478       0x18 Src/MotorInfo.o
                0x0000000008005478                bool std::operator!=<float>(std::allocator<float> const&, std::allocator<float> const&)
 .text._ZSt15__alloc_on_copyISaIfEEvRT_RKS1_
                0x0000000008005490       0x1c Src/MotorInfo.o
                0x0000000008005490                void std::__alloc_on_copy<std::allocator<float> >(std::allocator<float>&, std::allocator<float> const&)
 .text._ZNKSt6vectorIfSaIfEE8capacityEv
                0x00000000080054ac       0x22 Src/MotorInfo.o
                0x00000000080054ac                std::vector<float, std::allocator<float> >::capacity() const
 .text._ZNSt6vectorIfSaIfEE20_M_allocate_and_copyIN9__gnu_cxx17__normal_iteratorIPKfS1_EEEEPfjT_S9_
                0x00000000080054ce       0x38 Src/MotorInfo.o
                0x00000000080054ce                float* std::vector<float, std::allocator<float> >::_M_allocate_and_copy<__gnu_cxx::__normal_iterator<float const*, std::vector<float, std::allocator<float> > > >(unsigned int, __gnu_cxx::__normal_iterator<float const*, std::vector<float, std::allocator<float> > >, __gnu_cxx::__normal_iterator<float const*, std::vector<float, std::allocator<float> > >)
 .text._ZSt4copyIN9__gnu_cxx17__normal_iteratorIPKfSt6vectorIfSaIfEEEENS1_IPfS6_EEET0_T_SB_SA_
                0x0000000008005506       0x30 Src/MotorInfo.o
                0x0000000008005506                __gnu_cxx::__normal_iterator<float*, std::vector<float, std::allocator<float> > > std::copy<__gnu_cxx::__normal_iterator<float const*, std::vector<float, std::allocator<float> > >, __gnu_cxx::__normal_iterator<float*, std::vector<float, std::allocator<float> > > >(__gnu_cxx::__normal_iterator<float const*, std::vector<float, std::allocator<float> > >, __gnu_cxx::__normal_iterator<float const*, std::vector<float, std::allocator<float> > >, __gnu_cxx::__normal_iterator<float*, std::vector<float, std::allocator<float> > >)
 .text._ZSt8_DestroyIN9__gnu_cxx17__normal_iteratorIPfSt6vectorIfSaIfEEEEfEvT_S7_RSaIT0_E
                0x0000000008005536       0x1c Src/MotorInfo.o
                0x0000000008005536                void std::_Destroy<__gnu_cxx::__normal_iterator<float*, std::vector<float, std::allocator<float> > >, float>(__gnu_cxx::__normal_iterator<float*, std::vector<float, std::allocator<float> > >, __gnu_cxx::__normal_iterator<float*, std::vector<float, std::allocator<float> > >, std::allocator<float>&)
 .text._ZSt4copyIPfS0_ET0_T_S2_S1_
                0x0000000008005552       0x30 Src/MotorInfo.o
                0x0000000008005552                float* std::copy<float*, float*>(float*, float*, float*)
 .text._ZSt22__uninitialized_copy_aIPfS0_fET0_T_S2_S1_RSaIT1_E
                0x0000000008005582       0x22 Src/MotorInfo.o
                0x0000000008005582                float* std::__uninitialized_copy_a<float*, float*, float>(float*, float*, float*, std::allocator<float>&)
 .text._ZNKSt6vectorIfSaIfEE14_M_range_checkEj
                0x00000000080055a4       0x40 Src/MotorInfo.o
                0x00000000080055a4                std::vector<float, std::allocator<float> >::_M_range_check(unsigned int) const
 .text._ZNSt6vectorIfSaIfEEixEj
                0x00000000080055e4       0x20 Src/MotorInfo.o
                0x00000000080055e4                std::vector<float, std::allocator<float> >::operator[](unsigned int)
 .text._ZSt18__do_alloc_on_copyISaIfEEvRT_RKS1_St17integral_constantIbLb0EE
                0x0000000008005604       0x18 Src/MotorInfo.o
                0x0000000008005604                void std::__do_alloc_on_copy<std::allocator<float> >(std::allocator<float>&, std::allocator<float> const&, std::integral_constant<bool, false>)
 .text._ZSt14__copy_move_a2ILb0EN9__gnu_cxx17__normal_iteratorIPKfSt6vectorIfSaIfEEEENS1_IPfS6_EEET1_T0_SB_SA_
                0x000000000800561c       0x4c Src/MotorInfo.o
                0x000000000800561c                __gnu_cxx::__normal_iterator<float*, std::vector<float, std::allocator<float> > > std::__copy_move_a2<false, __gnu_cxx::__normal_iterator<float const*, std::vector<float, std::allocator<float> > >, __gnu_cxx::__normal_iterator<float*, std::vector<float, std::allocator<float> > > >(__gnu_cxx::__normal_iterator<float const*, std::vector<float, std::allocator<float> > >, __gnu_cxx::__normal_iterator<float const*, std::vector<float, std::allocator<float> > >, __gnu_cxx::__normal_iterator<float*, std::vector<float, std::allocator<float> > >)
 .text._ZSt8_DestroyIN9__gnu_cxx17__normal_iteratorIPfSt6vectorIfSaIfEEEEEvT_S7_
                0x0000000008005668       0x1a Src/MotorInfo.o
                0x0000000008005668                void std::_Destroy<__gnu_cxx::__normal_iterator<float*, std::vector<float, std::allocator<float> > > >(__gnu_cxx::__normal_iterator<float*, std::vector<float, std::allocator<float> > >, __gnu_cxx::__normal_iterator<float*, std::vector<float, std::allocator<float> > >)
 .text._ZSt14__copy_move_a2ILb0EPfS0_ET1_T0_S2_S1_
                0x0000000008005682       0x38 Src/MotorInfo.o
                0x0000000008005682                float* std::__copy_move_a2<false, float*, float*>(float*, float*, float*)
 .text._ZSt18uninitialized_copyIPfS0_ET0_T_S2_S1_
                0x00000000080056ba       0x24 Src/MotorInfo.o
                0x00000000080056ba                float* std::uninitialized_copy<float*, float*>(float*, float*, float*)
 .text._ZSt12__niter_baseIPfSt6vectorIfSaIfEEET_N9__gnu_cxx17__normal_iteratorIS4_T0_EE
                0x00000000080056de       0x1c Src/MotorInfo.o
                0x00000000080056de                float* std::__niter_base<float*, std::vector<float, std::allocator<float> > >(__gnu_cxx::__normal_iterator<float*, std::vector<float, std::allocator<float> > >)
 .text._ZNSt12_Destroy_auxILb1EE9__destroyIN9__gnu_cxx17__normal_iteratorIPfSt6vectorIfSaIfEEEEEEvT_S9_
                0x00000000080056fa       0x16 Src/MotorInfo.o
                0x00000000080056fa                void std::_Destroy_aux<true>::__destroy<__gnu_cxx::__normal_iterator<float*, std::vector<float, std::allocator<float> > > >(__gnu_cxx::__normal_iterator<float*, std::vector<float, std::allocator<float> > >, __gnu_cxx::__normal_iterator<float*, std::vector<float, std::allocator<float> > >)
 .text._ZSt13__copy_move_aILb0EPfS0_ET1_T0_S2_S1_
                0x0000000008005710       0x24 Src/MotorInfo.o
                0x0000000008005710                float* std::__copy_move_a<false, float*, float*>(float*, float*, float*)
 .text._ZNSt20__uninitialized_copyILb1EE13__uninit_copyIPfS2_EET0_T_S4_S3_
                0x0000000008005734       0x20 Src/MotorInfo.o
                0x0000000008005734                float* std::__uninitialized_copy<true>::__uninit_copy<float*, float*>(float*, float*, float*)
 .text.LL_TIM_EnableCounter
                0x0000000008005754       0x20 Src/PWM.o
 .text.LL_TIM_SetAutoReload
                0x0000000008005774       0x1c Src/PWM.o
 .text.LL_TIM_CC_EnableChannel
                0x0000000008005790       0x22 Src/PWM.o
 .text.LL_TIM_EnableAllOutputs
                0x00000000080057b2       0x20 Src/PWM.o
 .text._ZN3PWM6setTIMEP11TIM_TypeDef
                0x00000000080057d2       0x1c Src/PWM.o
                0x00000000080057d2                PWM::setTIM(TIM_TypeDef*)
 .text._ZN3PWM5setCHEi
                0x00000000080057ee       0x1c Src/PWM.o
                0x00000000080057ee                PWM::setCH(int)
 .text._ZN3PWM5fInitEi
                0x000000000800580a       0xfc Src/PWM.o
                0x000000000800580a                PWM::fInit(int)
 .text._ZN3PWM6f2DutyEf
                0x0000000008005906       0x4e Src/PWM.o
                0x0000000008005906                PWM::f2Duty(float)
 .text._ZN6UiCtrlC2Ev
                0x0000000008005954       0x28 Src/UiCtrl.o
                0x0000000008005954                UiCtrl::UiCtrl()
                0x0000000008005954                UiCtrl::UiCtrl()
 .text._ZN6UiCtrlD2Ev
                0x000000000800597c       0x20 Src/UiCtrl.o
                0x000000000800597c                UiCtrl::~UiCtrl()
                0x000000000800597c                UiCtrl::~UiCtrl()
 .text._ZN6UiCtrlD0Ev
                0x000000000800599c       0x20 Src/UiCtrl.o
                0x000000000800599c                UiCtrl::~UiCtrl()
 .text._ZN6UiCtrl6BtnActEv
                0x00000000080059bc       0x2a Src/UiCtrl.o
                0x00000000080059bc                UiCtrl::BtnAct()
 .text._ZN6UiCtrl8getStateEv
                0x00000000080059e6       0x18 Src/UiCtrl.o
                0x00000000080059e6                UiCtrl::getState()
 *fill*         0x00000000080059fe        0x2 
 .text.__NVIC_GetPriorityGrouping
                0x0000000008005a00       0x1c Src/adc.o
 .text.__NVIC_EnableIRQ
                0x0000000008005a1c       0x3c Src/adc.o
 .text.__NVIC_SetPriority
                0x0000000008005a58       0x54 Src/adc.o
 .text.NVIC_EncodePriority
                0x0000000008005aac       0x66 Src/adc.o
 .text.LL_ADC_REG_SetSequencerRanks
                0x0000000008005b12       0x66 Src/adc.o
 .text.LL_ADC_REG_SetFlagEndOfConversion
                0x0000000008005b78       0x26 Src/adc.o
 .text.LL_ADC_INJ_SetSequencerRanks
                0x0000000008005b9e       0x6c Src/adc.o
 .text.LL_ADC_INJ_SetOffset
                0x0000000008005c0a       0x50 Src/adc.o
 .text.LL_ADC_SetChannelSamplingTime
                0x0000000008005c5a       0x92 Src/adc.o
 .text.LL_ADC_INJ_StartConversionExtTrig
                0x0000000008005cec       0x22 Src/adc.o
 .text.LL_ADC_DisableIT_EOCS
                0x0000000008005d0e       0x20 Src/adc.o
 .text.LL_ADC_DisableIT_JEOS
                0x0000000008005d2e       0x20 Src/adc.o
 *fill*         0x0000000008005d4e        0x2 
 .text.LL_AHB1_GRP1_EnableClock
                0x0000000008005d50       0x30 Src/adc.o
 .text.LL_APB2_GRP1_EnableClock
                0x0000000008005d80       0x30 Src/adc.o
 .text.MX_ADC1_Init
                0x0000000008005db0      0x234 Src/adc.o
                0x0000000008005db0                MX_ADC1_Init
 .text.MX_ADC2_Init
                0x0000000008005fe4      0x210 Src/adc.o
                0x0000000008005fe4                MX_ADC2_Init
 .text.MX_ADC3_Init
                0x00000000080061f4       0xa4 Src/adc.o
                0x00000000080061f4                MX_ADC3_Init
 .text.HAL_ADC_MspInit
                0x0000000008006298       0x98 Src/adc.o
                0x0000000008006298                HAL_ADC_MspInit
 .text.__NVIC_GetPriorityGrouping
                0x0000000008006330       0x1c Src/gpio.o
 .text.__NVIC_EnableIRQ
                0x000000000800634c       0x3c Src/gpio.o
 .text.__NVIC_SetPriority
                0x0000000008006388       0x54 Src/gpio.o
 .text.NVIC_EncodePriority
                0x00000000080063dc       0x66 Src/gpio.o
 *fill*         0x0000000008006442        0x2 
 .text.LL_SYSCFG_SetEXTISource
                0x0000000008006444       0x5c Src/gpio.o
 .text.LL_GPIO_SetPinMode
                0x00000000080064a0       0x5e Src/gpio.o
 .text.LL_GPIO_SetPinPull
                0x00000000080064fe       0x5e Src/gpio.o
 .text.LL_GPIO_ResetOutputPin
                0x000000000800655c       0x1e Src/gpio.o
 *fill*         0x000000000800657a        0x2 
 .text.LL_AHB1_GRP1_EnableClock
                0x000000000800657c       0x30 Src/gpio.o
 .text.MX_GPIO_Init
                0x00000000080065ac       0xf8 Src/gpio.o
                0x00000000080065ac                MX_GPIO_Init
 .text.main     0x00000000080066a4       0x2a Src/main.o
                0x00000000080066a4                main
 *fill*         0x00000000080066ce        0x2 
 .text.SystemClock_Config
                0x00000000080066d0       0xe4 Src/main.o
                0x00000000080066d0                SystemClock_Config
 .text.Error_Handler
                0x00000000080067b4        0xe Src/main.o
                0x00000000080067b4                Error_Handler
 *fill*         0x00000000080067c2        0x2 
 .text.HAL_MspInit
                0x00000000080067c4       0x50 Src/stm32f4xx_hal_msp.o
                0x00000000080067c4                HAL_MspInit
 .text.LL_EXTI_IsActiveFlag_0_31
                0x0000000008006814       0x2c Src/stm32f4xx_it.o
 .text.LL_EXTI_ClearFlag_0_31
                0x0000000008006840       0x20 Src/stm32f4xx_it.o
 .text.NMI_Handler
                0x0000000008006860        0xe Src/stm32f4xx_it.o
                0x0000000008006860                NMI_Handler
 .text.HardFault_Handler
                0x000000000800686e        0x6 Src/stm32f4xx_it.o
                0x000000000800686e                HardFault_Handler
 .text.MemManage_Handler
                0x0000000008006874        0x6 Src/stm32f4xx_it.o
                0x0000000008006874                MemManage_Handler
 .text.BusFault_Handler
                0x000000000800687a        0x6 Src/stm32f4xx_it.o
                0x000000000800687a                BusFault_Handler
 .text.UsageFault_Handler
                0x0000000008006880        0x6 Src/stm32f4xx_it.o
                0x0000000008006880                UsageFault_Handler
 .text.SVC_Handler
                0x0000000008006886        0xe Src/stm32f4xx_it.o
                0x0000000008006886                SVC_Handler
 .text.DebugMon_Handler
                0x0000000008006894        0xe Src/stm32f4xx_it.o
                0x0000000008006894                DebugMon_Handler
 .text.PendSV_Handler
                0x00000000080068a2        0xe Src/stm32f4xx_it.o
                0x00000000080068a2                PendSV_Handler
 .text.SysTick_Handler
                0x00000000080068b0        0xc Src/stm32f4xx_it.o
                0x00000000080068b0                SysTick_Handler
 .text.ADC_IRQHandler
                0x00000000080068bc       0x18 Src/stm32f4xx_it.o
                0x00000000080068bc                ADC_IRQHandler
 .text.TIM1_BRK_TIM9_IRQHandler
                0x00000000080068d4        0xe Src/stm32f4xx_it.o
                0x00000000080068d4                TIM1_BRK_TIM9_IRQHandler
 .text.TIM1_UP_TIM10_IRQHandler
                0x00000000080068e2        0xe Src/stm32f4xx_it.o
                0x00000000080068e2                TIM1_UP_TIM10_IRQHandler
 .text.EXTI15_10_IRQHandler
                0x00000000080068f0       0x22 Src/stm32f4xx_it.o
                0x00000000080068f0                EXTI15_10_IRQHandler
 .text._getpid  0x0000000008006912       0x10 Src/syscalls.o
                0x0000000008006912                _getpid
 .text._kill    0x0000000008006922       0x20 Src/syscalls.o
                0x0000000008006922                _kill
 .text._exit    0x0000000008006942       0x14 Src/syscalls.o
                0x0000000008006942                _exit
 *fill*         0x0000000008006956        0x2 
 .text._sbrk    0x0000000008006958       0x58 Src/sysmem.o
                0x0000000008006958                _sbrk
 .text.SystemInit
                0x00000000080069b0       0x6c Src/system_stm32f4xx.o
                0x00000000080069b0                SystemInit
 .text.__NVIC_GetPriorityGrouping
                0x0000000008006a1c       0x1c Src/tim.o
 .text.__NVIC_EnableIRQ
                0x0000000008006a38       0x3c Src/tim.o
 .text.__NVIC_SetPriority
                0x0000000008006a74       0x54 Src/tim.o
 .text.NVIC_EncodePriority
                0x0000000008006ac8       0x66 Src/tim.o
 .text.LL_TIM_DisableARRPreload
                0x0000000008006b2e       0x20 Src/tim.o
 *fill*         0x0000000008006b4e        0x2 
 .text.LL_TIM_OC_DisableFast
                0x0000000008006b50       0x84 Src/tim.o
 .text.LL_TIM_OC_EnablePreload
                0x0000000008006bd4       0x84 Src/tim.o
 .text.LL_TIM_SetTriggerOutput
                0x0000000008006c58       0x26 Src/tim.o
 .text.LL_TIM_SetSlaveMode
                0x0000000008006c7e       0x26 Src/tim.o
 .text.LL_TIM_SetTriggerInput
                0x0000000008006ca4       0x26 Src/tim.o
 .text.LL_TIM_DisableMasterSlaveMode
                0x0000000008006cca       0x20 Src/tim.o
 .text.LL_TIM_DisableIT_TRIG
                0x0000000008006cea       0x20 Src/tim.o
 .text.LL_TIM_DisableDMAReq_TRIG
                0x0000000008006d0a       0x20 Src/tim.o
 *fill*         0x0000000008006d2a        0x2 
 .text.LL_AHB1_GRP1_EnableClock
                0x0000000008006d2c       0x30 Src/tim.o
 .text.LL_APB2_GRP1_EnableClock
                0x0000000008006d5c       0x30 Src/tim.o
 .text.MX_TIM1_Init
                0x0000000008006d8c      0x238 Src/tim.o
                0x0000000008006d8c                MX_TIM1_Init
 .text.LL_USART_Enable
                0x0000000008006fc4       0x20 Src/usart.o
 .text.LL_USART_ConfigAsyncMode
                0x0000000008006fe4       0x2c Src/usart.o
 .text.LL_AHB1_GRP1_EnableClock
                0x0000000008007010       0x30 Src/usart.o
 .text.LL_APB1_GRP1_EnableClock
                0x0000000008007040       0x30 Src/usart.o
 .text.MX_USART2_UART_Init
                0x0000000008007070       0xa0 Src/usart.o
                0x0000000008007070                MX_USART2_UART_Init
 .text.LL_ADC_Enable
                0x0000000008007110       0x20 Src/wrapper.o
 .text.LL_ADC_REG_StartConversionSWStart
                0x0000000008007130       0x20 Src/wrapper.o
 .text.LL_ADC_REG_ReadConversionData12
                0x0000000008007150       0x1a Src/wrapper.o
 .text.LL_ADC_INJ_ReadConversionData12
                0x000000000800716a       0x42 Src/wrapper.o
 .text.LL_ADC_IsActiveFlag_JEOS
                0x00000000080071ac       0x26 Src/wrapper.o
 .text.LL_ADC_ClearFlag_JEOS
                0x00000000080071d2       0x1c Src/wrapper.o
 .text.LL_ADC_EnableIT_JEOS
                0x00000000080071ee       0x20 Src/wrapper.o
 .text.LL_GPIO_SetOutputPin
                0x000000000800720e       0x1c Src/wrapper.o
 .text._ZN3PWMC2Ev
                0x000000000800722a       0x22 Src/wrapper.o
                0x000000000800722a                PWM::PWM()
                0x000000000800722a                PWM::PWM()
 .text.cppwrapper
                0x000000000800724c      0x118 Src/wrapper.o
                0x000000000800724c                cppwrapper
 .text._Z12MotorPWMTaskiff
                0x0000000008007364       0x8c Src/wrapper.o
                0x0000000008007364                MotorPWMTask(int, float, float)
 .text.HighFreqTask
                0x00000000080073f0       0xf4 Src/wrapper.o
                0x00000000080073f0                HighFreqTask
 .text.BtnAct   0x00000000080074e4       0x28 Src/wrapper.o
                0x00000000080074e4                BtnAct
 .text._Z8ADC_Initv
                0x000000000800750c       0x34 Src/wrapper.o
                0x000000000800750c                ADC_Init()
 .text._Z41__static_initialization_and_destruction_0ii
                0x0000000008007540       0x9c Src/wrapper.o
 .text._GLOBAL__sub_I_adc_data1
                0x00000000080075dc       0x10 Src/wrapper.o
 .text._GLOBAL__sub_D_adc_data1
                0x00000000080075ec       0x10 Src/wrapper.o
 .text.Reset_Handler
                0x00000000080075fc       0x50 Startup/startup_stm32f446retx.o
                0x00000000080075fc                Reset_Handler
 .text.Default_Handler
                0x000000000800764c        0x2 Startup/startup_stm32f446retx.o
                0x000000000800764c                DMA1_Stream3_IRQHandler
                0x000000000800764c                EXTI2_IRQHandler
                0x000000000800764c                TIM8_CC_IRQHandler
                0x000000000800764c                FMPI2C1_EV_IRQHandler
                0x000000000800764c                SPI4_IRQHandler
                0x000000000800764c                TIM1_CC_IRQHandler
                0x000000000800764c                DMA2_Stream5_IRQHandler
                0x000000000800764c                DMA1_Stream5_IRQHandler
                0x000000000800764c                PVD_IRQHandler
                0x000000000800764c                SDIO_IRQHandler
                0x000000000800764c                TAMP_STAMP_IRQHandler
                0x000000000800764c                CAN2_RX1_IRQHandler
                0x000000000800764c                EXTI3_IRQHandler
                0x000000000800764c                TIM8_TRG_COM_TIM14_IRQHandler
                0x000000000800764c                TIM8_UP_TIM13_IRQHandler
                0x000000000800764c                I2C3_ER_IRQHandler
                0x000000000800764c                EXTI0_IRQHandler
                0x000000000800764c                I2C2_EV_IRQHandler
                0x000000000800764c                DMA1_Stream2_IRQHandler
                0x000000000800764c                CAN1_RX0_IRQHandler
                0x000000000800764c                FPU_IRQHandler
                0x000000000800764c                OTG_HS_WKUP_IRQHandler
                0x000000000800764c                CAN2_SCE_IRQHandler
                0x000000000800764c                DMA2_Stream2_IRQHandler
                0x000000000800764c                SPI1_IRQHandler
                0x000000000800764c                TIM6_DAC_IRQHandler
                0x000000000800764c                DCMI_IRQHandler
                0x000000000800764c                CAN2_RX0_IRQHandler
                0x000000000800764c                DMA2_Stream3_IRQHandler
                0x000000000800764c                SAI2_IRQHandler
                0x000000000800764c                USART6_IRQHandler
                0x000000000800764c                USART3_IRQHandler
                0x000000000800764c                CAN1_RX1_IRQHandler
                0x000000000800764c                UART5_IRQHandler
                0x000000000800764c                DMA2_Stream0_IRQHandler
                0x000000000800764c                TIM4_IRQHandler
                0x000000000800764c                QUADSPI_IRQHandler
                0x000000000800764c                I2C1_EV_IRQHandler
                0x000000000800764c                DMA1_Stream6_IRQHandler
                0x000000000800764c                DMA1_Stream1_IRQHandler
                0x000000000800764c                UART4_IRQHandler
                0x000000000800764c                TIM3_IRQHandler
                0x000000000800764c                RCC_IRQHandler
                0x000000000800764c                TIM8_BRK_TIM12_IRQHandler
                0x000000000800764c                Default_Handler
                0x000000000800764c                CEC_IRQHandler
                0x000000000800764c                DMA1_Stream7_IRQHandler
                0x000000000800764c                TIM7_IRQHandler
                0x000000000800764c                CAN2_TX_IRQHandler
                0x000000000800764c                TIM5_IRQHandler
                0x000000000800764c                DMA2_Stream7_IRQHandler
                0x000000000800764c                I2C3_EV_IRQHandler
                0x000000000800764c                EXTI9_5_IRQHandler
                0x000000000800764c                RTC_WKUP_IRQHandler
                0x000000000800764c                SPDIF_RX_IRQHandler
                0x000000000800764c                SPI2_IRQHandler
                0x000000000800764c                OTG_HS_EP1_IN_IRQHandler
                0x000000000800764c                DMA1_Stream0_IRQHandler
                0x000000000800764c                CAN1_TX_IRQHandler
                0x000000000800764c                FMPI2C1_ER_IRQHandler
                0x000000000800764c                EXTI4_IRQHandler
                0x000000000800764c                OTG_HS_EP1_OUT_IRQHandler
                0x000000000800764c                WWDG_IRQHandler
                0x000000000800764c                TIM2_IRQHandler
                0x000000000800764c                OTG_FS_WKUP_IRQHandler
                0x000000000800764c                TIM1_TRG_COM_TIM11_IRQHandler
                0x000000000800764c                OTG_HS_IRQHandler
                0x000000000800764c                EXTI1_IRQHandler
                0x000000000800764c                USART2_IRQHandler
                0x000000000800764c                I2C2_ER_IRQHandler
                0x000000000800764c                DMA2_Stream1_IRQHandler
                0x000000000800764c                CAN1_SCE_IRQHandler
                0x000000000800764c                FLASH_IRQHandler
                0x000000000800764c                DMA2_Stream4_IRQHandler
                0x000000000800764c                USART1_IRQHandler
                0x000000000800764c                OTG_FS_IRQHandler
                0x000000000800764c                SPI3_IRQHandler
                0x000000000800764c                DMA1_Stream4_IRQHandler
                0x000000000800764c                I2C1_ER_IRQHandler
                0x000000000800764c                FMC_IRQHandler
                0x000000000800764c                DMA2_Stream6_IRQHandler
                0x000000000800764c                SAI1_IRQHandler
                0x000000000800764c                RTC_Alarm_IRQHandler
 .text._ZdlPv   0x000000000800764e        0x4 /Applications/STM32CubeIDE.app/Contents/Eclipse/plugins/com.st.stm32cube.ide.mcu.externaltools.gnu-tools-for-stm32.7-2018-q2-update.macos64_1.0.0.201904181610/tools/bin/../lib/gcc/arm-none-eabi/7.3.1/../../../../arm-none-eabi/lib/thumb/v7e-m/fpv4-sp/hard/libstdc++_nano.a(del_op.o)
                0x000000000800764e                operator delete(void*)
 .text._ZdlPvj  0x0000000008007652        0x4 /Applications/STM32CubeIDE.app/Contents/Eclipse/plugins/com.st.stm32cube.ide.mcu.externaltools.gnu-tools-for-stm32.7-2018-q2-update.macos64_1.0.0.201904181610/tools/bin/../lib/gcc/arm-none-eabi/7.3.1/../../../../arm-none-eabi/lib/thumb/v7e-m/fpv4-sp/hard/libstdc++_nano.a(del_ops.o)
                0x0000000008007652                operator delete(void*, unsigned int)
 .text._Znwj    0x0000000008007656       0x22 /Applications/STM32CubeIDE.app/Contents/Eclipse/plugins/com.st.stm32cube.ide.mcu.externaltools.gnu-tools-for-stm32.7-2018-q2-update.macos64_1.0.0.201904181610/tools/bin/../lib/gcc/arm-none-eabi/7.3.1/../../../../arm-none-eabi/lib/thumb/v7e-m/fpv4-sp/hard/libstdc++_nano.a(new_op.o)
                0x0000000008007656                operator new(unsigned int)
 .text.fmodl    0x0000000008007678        0x4 /Applications/STM32CubeIDE.app/Contents/Eclipse/plugins/com.st.stm32cube.ide.mcu.externaltools.gnu-tools-for-stm32.7-2018-q2-update.macos64_1.0.0.201904181610/tools/bin/../lib/gcc/arm-none-eabi/7.3.1/../../../../arm-none-eabi/lib/thumb/v7e-m/fpv4-sp/hard/libstdc++_nano.a(math_stubs_long_double.o)
                0x0000000008007678                fmodl
 .text._ZSt17__throw_bad_allocv
                0x000000000800767c        0x6 /Applications/STM32CubeIDE.app/Contents/Eclipse/plugins/com.st.stm32cube.ide.mcu.externaltools.gnu-tools-for-stm32.7-2018-q2-update.macos64_1.0.0.201904181610/tools/bin/../lib/gcc/arm-none-eabi/7.3.1/../../../../arm-none-eabi/lib/thumb/v7e-m/fpv4-sp/hard/libstdc++_nano.a(functexcept.o)
                0x000000000800767c                std::__throw_bad_alloc()
 .text._ZSt19__throw_logic_errorPKc
                0x0000000008007682        0x6 /Applications/STM32CubeIDE.app/Contents/Eclipse/plugins/com.st.stm32cube.ide.mcu.externaltools.gnu-tools-for-stm32.7-2018-q2-update.macos64_1.0.0.201904181610/tools/bin/../lib/gcc/arm-none-eabi/7.3.1/../../../../arm-none-eabi/lib/thumb/v7e-m/fpv4-sp/hard/libstdc++_nano.a(functexcept.o)
                0x0000000008007682                std::__throw_logic_error(char const*)
 .text._ZSt20__throw_length_errorPKc
                0x0000000008007688        0x6 /Applications/STM32CubeIDE.app/Contents/Eclipse/plugins/com.st.stm32cube.ide.mcu.externaltools.gnu-tools-for-stm32.7-2018-q2-update.macos64_1.0.0.201904181610/tools/bin/../lib/gcc/arm-none-eabi/7.3.1/../../../../arm-none-eabi/lib/thumb/v7e-m/fpv4-sp/hard/libstdc++_nano.a(functexcept.o)
                0x0000000008007688                std::__throw_length_error(char const*)
 .text._ZSt24__throw_out_of_range_fmtPKcz
                0x000000000800768e       0x36 /Applications/STM32CubeIDE.app/Contents/Eclipse/plugins/com.st.stm32cube.ide.mcu.externaltools.gnu-tools-for-stm32.7-2018-q2-update.macos64_1.0.0.201904181610/tools/bin/../lib/gcc/arm-none-eabi/7.3.1/../../../../arm-none-eabi/lib/thumb/v7e-m/fpv4-sp/hard/libstdc++_nano.a(functexcept.o)
                0x000000000800768e                std::__throw_out_of_range_fmt(char const*, ...)
 .text._ZN9__gnu_cxx26__throw_insufficient_spaceEPKcS1_
                0x00000000080076c4       0x4c /Applications/STM32CubeIDE.app/Contents/Eclipse/plugins/com.st.stm32cube.ide.mcu.externaltools.gnu-tools-for-stm32.7-2018-q2-update.macos64_1.0.0.201904181610/tools/bin/../lib/gcc/arm-none-eabi/7.3.1/../../../../arm-none-eabi/lib/thumb/v7e-m/fpv4-sp/hard/libstdc++_nano.a(snprintf_lite.o)
                0x00000000080076c4                __gnu_cxx::__throw_insufficient_space(char const*, char const*)
 .text._ZN9__gnu_cxx15__concat_size_tEPcjj
                0x0000000008007710       0x50 /Applications/STM32CubeIDE.app/Contents/Eclipse/plugins/com.st.stm32cube.ide.mcu.externaltools.gnu-tools-for-stm32.7-2018-q2-update.macos64_1.0.0.201904181610/tools/bin/../lib/gcc/arm-none-eabi/7.3.1/../../../../arm-none-eabi/lib/thumb/v7e-m/fpv4-sp/hard/libstdc++_nano.a(snprintf_lite.o)
                0x0000000008007710                __gnu_cxx::__concat_size_t(char*, unsigned int, unsigned int)
 .text._ZN9__gnu_cxx15__snprintf_liteEPcjPKcSt9__va_list
                0x0000000008007760       0x80 /Applications/STM32CubeIDE.app/Contents/Eclipse/plugins/com.st.stm32cube.ide.mcu.externaltools.gnu-tools-for-stm32.7-2018-q2-update.macos64_1.0.0.201904181610/tools/bin/../lib/gcc/arm-none-eabi/7.3.1/../../../../arm-none-eabi/lib/thumb/v7e-m/fpv4-sp/hard/libstdc++_nano.a(snprintf_lite.o)
                0x0000000008007760                __gnu_cxx::__snprintf_lite(char*, unsigned int, char const*, std::__va_list)
 .text._ZSt15get_new_handlerv
                0x00000000080077e0       0x10 /Applications/STM32CubeIDE.app/Contents/Eclipse/plugins/com.st.stm32cube.ide.mcu.externaltools.gnu-tools-for-stm32.7-2018-q2-update.macos64_1.0.0.201904181610/tools/bin/../lib/gcc/arm-none-eabi/7.3.1/../../../../arm-none-eabi/lib/thumb/v7e-m/fpv4-sp/hard/libstdc++_nano.a(new_handler.o)
                0x00000000080077e0                std::get_new_handler()
 .text.cos      0x00000000080077f0       0x88 /Applications/STM32CubeIDE.app/Contents/Eclipse/plugins/com.st.stm32cube.ide.mcu.externaltools.gnu-tools-for-stm32.7-2018-q2-update.macos64_1.0.0.201904181610/tools/bin/../lib/gcc/arm-none-eabi/7.3.1/../../../../arm-none-eabi/lib/thumb/v7e-m/fpv4-sp/hard/libm.a(lib_a-s_cos.o)
                0x00000000080077f0                cos
 .text.fabs     0x0000000008007878       0x12 /Applications/STM32CubeIDE.app/Contents/Eclipse/plugins/com.st.stm32cube.ide.mcu.externaltools.gnu-tools-for-stm32.7-2018-q2-update.macos64_1.0.0.201904181610/tools/bin/../lib/gcc/arm-none-eabi/7.3.1/../../../../arm-none-eabi/lib/thumb/v7e-m/fpv4-sp/hard/libm.a(lib_a-s_fabs.o)
                0x0000000008007878                fabs
 *fill*         0x000000000800788a        0x6 