Archive member included to satisfy reference by file (symbol)

/Applications/STM32CubeIDE.app/Contents/Eclipse/plugins/com.st.stm32cube.ide.mcu.externaltools.gnu-tools-for-stm32.7-2018-q2-update.macos64_1.0.0.201904181610/tools/bin/../lib/gcc/arm-none-eabi/7.3.1/../../../../arm-none-eabi/lib/thumb/v7e-m/fpv4-sp/hard/libstdc++_nano.a(del_op.o)
                              Src/MathLib.o (operator delete(void*))
/Applications/STM32CubeIDE.app/Contents/Eclipse/plugins/com.st.stm32cube.ide.mcu.externaltools.gnu-tools-for-stm32.7-2018-q2-update.macos64_1.0.0.201904181610/tools/bin/../lib/gcc/arm-none-eabi/7.3.1/../../../../arm-none-eabi/lib/thumb/v7e-m/fpv4-sp/hard/libstdc++_nano.a(del_ops.o)
                              Src/ArgSensor.o (operator delete(void*, unsigned int))
/Applications/STM32CubeIDE.app/Contents/Eclipse/plugins/com.st.stm32cube.ide.mcu.externaltools.gnu-tools-for-stm32.7-2018-q2-update.macos64_1.0.0.201904181610/tools/bin/../lib/gcc/arm-none-eabi/7.3.1/../../../../arm-none-eabi/lib/thumb/v7e-m/fpv4-sp/hard/libstdc++_nano.a(new_op.o)
                              Src/MathLib.o (operator new(unsigned int))
/Applications/STM32CubeIDE.app/Contents/Eclipse/plugins/com.st.stm32cube.ide.mcu.externaltools.gnu-tools-for-stm32.7-2018-q2-update.macos64_1.0.0.201904181610/tools/bin/../lib/gcc/arm-none-eabi/7.3.1/../../../../arm-none-eabi/lib/thumb/v7e-m/fpv4-sp/hard/libstdc++_nano.a(allocator-inst.o)
                              Src/wrapper.o (std::allocator<char>::allocator())
/Applications/STM32CubeIDE.app/Contents/Eclipse/plugins/com.st.stm32cube.ide.mcu.externaltools.gnu-tools-for-stm32.7-2018-q2-update.macos64_1.0.0.201904181610/tools/bin/../lib/gcc/arm-none-eabi/7.3.1/../../../../arm-none-eabi/lib/thumb/v7e-m/fpv4-sp/hard/libstdc++_nano.a(math_stubs_long_double.o)
                              Src/ArgSensor.o (fmodl)
/Applications/STM32CubeIDE.app/Contents/Eclipse/plugins/com.st.stm32cube.ide.mcu.externaltools.gnu-tools-for-stm32.7-2018-q2-update.macos64_1.0.0.201904181610/tools/bin/../lib/gcc/arm-none-eabi/7.3.1/../../../../arm-none-eabi/lib/thumb/v7e-m/fpv4-sp/hard/libstdc++_nano.a(functexcept.o)
                              Src/MathLib.o (std::__throw_bad_alloc())
/Applications/STM32CubeIDE.app/Contents/Eclipse/plugins/com.st.stm32cube.ide.mcu.externaltools.gnu-tools-for-stm32.7-2018-q2-update.macos64_1.0.0.201904181610/tools/bin/../lib/gcc/arm-none-eabi/7.3.1/../../../../arm-none-eabi/lib/thumb/v7e-m/fpv4-sp/hard/libstdc++_nano.a(snprintf_lite.o)
                              /Applications/STM32CubeIDE.app/Contents/Eclipse/plugins/com.st.stm32cube.ide.mcu.externaltools.gnu-tools-for-stm32.7-2018-q2-update.macos64_1.0.0.201904181610/tools/bin/../lib/gcc/arm-none-eabi/7.3.1/../../../../arm-none-eabi/lib/thumb/v7e-m/fpv4-sp/hard/libstdc++_nano.a(functexcept.o) (__gnu_cxx::__snprintf_lite(char*, unsigned int, char const*, std::__va_list))
/Applications/STM32CubeIDE.app/Contents/Eclipse/plugins/com.st.stm32cube.ide.mcu.externaltools.gnu-tools-for-stm32.7-2018-q2-update.macos64_1.0.0.201904181610/tools/bin/../lib/gcc/arm-none-eabi/7.3.1/../../../../arm-none-eabi/lib/thumb/v7e-m/fpv4-sp/hard/libstdc++_nano.a(string-inst.o)
                              Src/wrapper.o (std::__cxx11::basic_string<char, std::char_traits<char>, std::allocator<char> >::_M_data(char*))
/Applications/STM32CubeIDE.app/Contents/Eclipse/plugins/com.st.stm32cube.ide.mcu.externaltools.gnu-tools-for-stm32.7-2018-q2-update.macos64_1.0.0.201904181610/tools/bin/../lib/gcc/arm-none-eabi/7.3.1/../../../../arm-none-eabi/lib/thumb/v7e-m/fpv4-sp/hard/libstdc++_nano.a(new_handler.o)
                              /Applications/STM32CubeIDE.app/Contents/Eclipse/plugins/com.st.stm32cube.ide.mcu.externaltools.gnu-tools-for-stm32.7-2018-q2-update.macos64_1.0.0.201904181610/tools/bin/../lib/gcc/arm-none-eabi/7.3.1/../../../../arm-none-eabi/lib/thumb/v7e-m/fpv4-sp/hard/libstdc++_nano.a(new_op.o) (std::get_new_handler())
/Applications/STM32CubeIDE.app/Contents/Eclipse/plugins/com.st.stm32cube.ide.mcu.externaltools.gnu-tools-for-stm32.7-2018-q2-update.macos64_1.0.0.201904181610/tools/bin/../lib/gcc/arm-none-eabi/7.3.1/../../../../arm-none-eabi/lib/thumb/v7e-m/fpv4-sp/hard/libm.a(lib_a-s_atan.o)
                              /Applications/STM32CubeIDE.app/Contents/Eclipse/plugins/com.st.stm32cube.ide.mcu.externaltools.gnu-tools-for-stm32.7-2018-q2-update.macos64_1.0.0.201904181610/tools/bin/../lib/gcc/arm-none-eabi/7.3.1/../../../../arm-none-eabi/lib/thumb/v7e-m/fpv4-sp/hard/libstdc++_nano.a(math_stubs_long_double.o) (atan)
/Applications/STM32CubeIDE.app/Contents/Eclipse/plugins/com.st.stm32cube.ide.mcu.externaltools.gnu-tools-for-stm32.7-2018-q2-update.macos64_1.0.0.201904181610/tools/bin/../lib/gcc/arm-none-eabi/7.3.1/../../../../arm-none-eabi/lib/thumb/v7e-m/fpv4-sp/hard/libm.a(lib_a-s_ceil.o)
[...]
Memory Configuration

Name             Origin             Length             Attributes
FLASH            0x0000000008000000 0x0000000000080000 xr
RAM              0x0000000020000000 0x0000000000020000 xrw
*default*        0x0000000000000000 0xffffffffffffffff

Linker script and memory map

LOAD /Applications/STM32CubeIDE.app/Contents/Eclipse/plugins/com.st.stm32cube.ide.mcu.externaltools.gnu-tools-for-stm32.7-2018-q2-update.macos64_1.0.0.201904181610/tools/bin/../lib/gcc/arm-none-eabi/7.3.1/thumb/v7e-m/fpv4-sp/hard/crti.o
LOAD /Applications/STM32CubeIDE.app/Contents/Eclipse/plugins/com.st.stm32cube.ide.mcu.externaltools.gnu-tools-for-stm32.7-2018-q2-update.macos64_1.0.0.201904181610/tools/bin/../lib/gcc/arm-none-eabi/7.3.1/thumb/v7e-m/fpv4-sp/hard/crtbegin.o
LOAD /Applications/STM32CubeIDE.app/Contents/Eclipse/plugins/com.st.stm32cube.ide.mcu.externaltools.gnu-tools-for-stm32.7-2018-q2-update.macos64_1.0.0.201904181610/tools/bin/../lib/gcc/arm-none-eabi/7.3.1/../../../../arm-none-eabi/lib/thumb/v7e-m/fpv4-sp/hard/crt0.o
LOAD Drivers/STM32F4xx_HAL_Driver/Src/stm32f4xx_hal.o
LOAD Drivers/STM32F4xx_HAL_Driver/Src/stm32f4xx_hal_adc.o
LOAD Drivers/STM32F4xx_HAL_Driver/Src/stm32f4xx_hal_adc_ex.o
LOAD Drivers/STM32F4xx_HAL_Driver/Src/stm32f4xx_hal_cortex.o
LOAD Drivers/STM32F4xx_HAL_Driver/Src/stm32f4xx_hal_dma.o
LOAD Drivers/STM32F4xx_HAL_Driver/Src/stm32f4xx_hal_dma_ex.o
LOAD Drivers/STM32F4xx_HAL_Driver/Src/stm32f4xx_hal_exti.o
LOAD Drivers/STM32F4xx_HAL_Driver/Src/stm32f4xx_hal_flash.o
LOAD Drivers/STM32F4xx_HAL_Driver/Src/stm32f4xx_hal_flash_ex.o
LOAD Drivers/STM32F4xx_HAL_Driver/Src/stm32f4xx_hal_flash_ramfunc.o
LOAD Drivers/STM32F4xx_HAL_Driver/Src/stm32f4xx_hal_gpio.o
LOAD Drivers/STM32F4xx_HAL_Driver/Src/stm32f4xx_hal_pwr.o
LOAD Drivers/STM32F4xx_HAL_Driver/Src/stm32f4xx_hal_pwr_ex.o
LOAD Drivers/STM32F4xx_HAL_Driver/Src/stm32f4xx_hal_rcc.o
LOAD Drivers/STM32F4xx_HAL_Driver/Src/stm32f4xx_hal_rcc_ex.o
LOAD Drivers/STM32F4xx_HAL_Driver/Src/stm32f4xx_hal_tim.o
LOAD Drivers/STM32F4xx_HAL_Driver/Src/stm32f4xx_hal_tim_ex.o
LOAD Drivers/STM32F4xx_HAL_Driver/Src/stm32f4xx_ll_adc.o
LOAD Drivers/STM32F4xx_HAL_Driver/Src/stm32f4xx_ll_dma.o
LOAD Drivers/STM32F4xx_HAL_Driver/Src/stm32f4xx_ll_exti.o
LOAD Drivers/STM32F4xx_HAL_Driver/Src/stm32f4xx_ll_gpio.o
LOAD Drivers/STM32F4xx_HAL_Driver/Src/stm32f4xx_ll_rcc.o
LOAD Drivers/STM32F4xx_HAL_Driver/Src/stm32f4xx_ll_tim.o
LOAD Drivers/STM32F4xx_HAL_Driver/Src/stm32f4xx_ll_usart.o
LOAD Drivers/STM32F4xx_HAL_Driver/Src/stm32f4xx_ll_utils.o
LOAD Src/ArgSensor.o
LOAD Src/LedBlink.o
LOAD Src/MathLib.o
LOAD Src/MotorInfo.o
LOAD Src/PWM.o
LOAD Src/UART.o
LOAD Src/adc.o
LOAD Src/gpio.o
LOAD Src/main.o
LOAD Src/stm32f4xx_hal_msp.o
LOAD Src/stm32f4xx_it.o
LOAD Src/syscalls.o
LOAD Src/sysmem.o
LOAD Src/system_stm32f4xx.o
LOAD Src/tim.o
LOAD Src/usart.o
LOAD Src/wrapper.o
LOAD Startup/startup_stm32f446retx.o
START GROUP
LOAD /Applications/STM32CubeIDE.app/Contents/Eclipse/plugins/com.st.stm32cube.ide.mcu.externaltools.gnu-tools-for-stm32.7-2018-q2-update.macos64_1.0.0.201904181610/tools/bin/../lib/gcc/arm-none-eabi/7.3.1/../../../../arm-none-eabi/lib/thumb/v7e-m/fpv4-sp/hard/libstdc++_nano.a
LOAD /Applications/STM32CubeIDE.app/Contents/Eclipse/plugins/com.st.stm32cube.ide.mcu.externaltools.gnu-tools-for-stm32.7-2018-q2-update.macos64_1.0.0.201904181610/tools/bin/../lib/gcc/arm-none-eabi/7.3.1/../../../../arm-none-eabi/lib/thumb/v7e-m/fpv4-sp/hard/libsupc++_nano.a
END GROUP
LOAD /Applications/STM32CubeIDE.app/Contents/Eclipse/plugins/com.st.stm32cube.ide.mcu.externaltools.gnu-tools-for-stm32.7-2018-q2-update.macos64_1.0.0.201904181610/tools/bin/../lib/gcc/arm-none-eabi/7.3.1/../../../../arm-none-eabi/lib/thumb/v7e-m/fpv4-sp/hard/libstdc++_nano.a
LOAD /Applications/STM32CubeIDE.app/Contents/Eclipse/plugins/com.st.stm32cube.ide.mcu.externaltools.gnu-tools-for-stm32.7-2018-q2-update.macos64_1.0.0.201904181610/tools/bin/../lib/gcc/arm-none-eabi/7.3.1/../../../../arm-none-eabi/lib/thumb/v7e-m/fpv4-sp/hard/libm.a
LOAD /Applications/STM32CubeIDE.app/Contents/Eclipse/plugins/com.st.stm32cube.ide.mcu.externaltools.gnu-tools-for-stm32.7-2018-q2-update.macos64_1.0.0.201904181610/tools/bin/../lib/gcc/arm-none-eabi/7.3.1/../../../../arm-none-eabi/lib/thumb/v7e-m/fpv4-sp/hard/libc_nano.a
START GROUP
LOAD /Applications/STM32CubeIDE.app/Contents/Eclipse/plugins/com.st.stm32cube.ide.mcu.externaltools.gnu-tools-for-stm32.7-2018-q2-update.macos64_1.0.0.201904181610/tools/bin/../lib/gcc/arm-none-eabi/7.3.1/thumb/v7e-m/fpv4-sp/hard/libgcc.a
LOAD /Applications/STM32CubeIDE.app/Contents/Eclipse/plugins/com.st.stm32cube.ide.mcu.externaltools.gnu-tools-for-stm32.7-2018-q2-update.macos64_1.0.0.201904181610/tools/bin/../lib/gcc/arm-none-eabi/7.3.1/../../../../arm-none-eabi/lib/thumb/v7e-m/fpv4-sp/hard/libc_nano.a
END GROUP
START GROUP
LOAD /Applications/STM32CubeIDE.app/Contents/Eclipse/plugins/com.st.stm32cube.ide.mcu.externaltools.gnu-tools-for-stm32.7-2018-q2-update.macos64_1.0.0.201904181610/tools/bin/../lib/gcc/arm-none-eabi/7.3.1/thumb/v7e-m/fpv4-sp/hard/libgcc.a
LOAD /Applications/STM32CubeIDE.app/Contents/Eclipse/plugins/com.st.stm32cube.ide.mcu.externaltools.gnu-tools-for-stm32.7-2018-q2-update.macos64_1.0.0.201904181610/tools/bin/../lib/gcc/arm-none-eabi/7.3.1/../../../../arm-none-eabi/lib/thumb/v7e-m/fpv4-sp/hard/libc_nano.a
LOAD /Applications/STM32CubeIDE.app/Contents/Eclipse/plugins/com.st.stm32cube.ide.mcu.externaltools.gnu-tools-for-stm32.7-2018-q2-update.macos64_1.0.0.201904181610/tools/bin/../lib/gcc/arm-none-eabi/7.3.1/../../../../arm-none-eabi/lib/thumb/v7e-m/fpv4-sp/hard/libnosys.a
END GROUP
START GROUP
LOAD /Applications/STM32CubeIDE.app/Contents/Eclipse/plugins/com.st.stm32cube.ide.mcu.externaltools.gnu-tools-for-stm32.7-2018-q2-update.macos64_1.0.0.201904181610/tools/bin/../lib/gcc/arm-none-eabi/7.3.1/thumb/v7e-m/fpv4-sp/hard/libgcc.a
LOAD /Applications/STM32CubeIDE.app/Contents/Eclipse/plugins/com.st.stm32cube.ide.mcu.externaltools.gnu-tools-for-stm32.7-2018-q2-update.macos64_1.0.0.201904181610/tools/bin/../lib/gcc/arm-none-eabi/7.3.1/../../../../arm-none-eabi/lib/thumb/v7e-m/fpv4-sp/hard/libc_nano.a
LOAD /Applications/STM32CubeIDE.app/Contents/Eclipse/plugins/com.st.stm32cube.ide.mcu.externaltools.gnu-tools-for-stm32.7-2018-q2-update.macos64_1.0.0.201904181610/tools/bin/../lib/gcc/arm-none-eabi/7.3.1/../../../../arm-none-eabi/lib/thumb/v7e-m/fpv4-sp/hard/libnosys.a
END GROUP
LOAD /Applications/STM32CubeIDE.app/Contents/Eclipse/plugins/com.st.stm32cube.ide.mcu.externaltools.gnu-tools-for-stm32.7-2018-q2-update.macos64_1.0.0.201904181610/tools/bin/../lib/gcc/arm-none-eabi/7.3.1/thumb/v7e-m/fpv4-sp/hard/crtend.o
LOAD /Applications/STM32CubeIDE.app/Contents/Eclipse/plugins/com.st.stm32cube.ide.mcu.externaltools.gnu-tools-for-stm32.7-2018-q2-update.macos64_1.0.0.201904181610/tools/bin/../lib/gcc/arm-none-eabi/7.3.1/thumb/v7e-m/fpv4-sp/hard/crtn.o
                0x000000002001ffff                _estack = 0x2001ffff
                0x0000000000000200                _Min_Heap_Size = 0x200
                0x0000000000000400                _Min_Stack_Size = 0x400

.isr_vector     0x0000000008000000      0x1c4
                0x0000000008000000                . = ALIGN (0x4)
 *(.isr_vector)
 .isr_vector    0x0000000008000000      0x1c4 Startup/startup_stm32f446retx.o
                0x0000000008000000                g_pfnVectors
                0x00000000080001c4                . = ALIGN (0x4)

.text           0x00000000080001c8     0x9fec
                0x00000000080001c8                . = ALIGN (0x4)
 *(.text)
 .text          0x00000000080001c8       0x40 /Applications/STM32CubeIDE.app/Contents/Eclipse/plugins/com.st.stm32cube.ide.mcu.externaltools.gnu-tools-for-stm32.7-2018-q2-update.macos64_1.0.0.201904181610/tools/bin/../lib/gcc/arm-none-eabi/7.3.1/thumb/v7e-m/fpv4-sp/hard/crtbegin.o
 .text          0x0000000008000208       0x10 /Applications/STM32CubeIDE.app/Contents/Eclipse/plugins/com.st.stm32cube.ide.mcu.externaltools.gnu-tools-for-stm32.7-2018-q2-update.macos64_1.0.0.201904181610/tools/bin/../lib/gcc/arm-none-eabi/7.3.1/../../../../arm-none-eabi/lib/thumb/v7e-m/fpv4-sp/hard/libc_nano.a(lib_a-strlen.o)
                0x0000000008000208                strlen
 .text          0x0000000008000218      0x378 /Applications/STM32CubeIDE.app/Contents/Eclipse/plugins/com.st.stm32cube.ide.mcu.externaltools.gnu-tools-for-stm32.7-2018-q2-update.macos64_1.0.0.201904181610/tools/bin/../lib/gcc/arm-none-eabi/7.3.1/thumb/v7e-m/fpv4-sp/hard/libgcc.a(_arm_addsubdf3.o)
                0x0000000008000218                __aeabi_drsub
                0x0000000008000220                __subdf3
                0x0000000008000220                __aeabi_dsub
                0x0000000008000224                __aeabi_dadd
                0x0000000008000224                __adddf3
                0x000000000800049c                __aeabi_ui2d
                0x000000000800049c                __floatunsidf
                0x00000000080004bc                __floatsidf
                0x00000000080004bc                __aeabi_i2d
                0x00000000080004e0                __extendsfdf2
                0x00000000080004e0                __aeabi_f2d
                0x0000000008000524                __aeabi_ul2d
                0x0000000008000524                __floatundidf
                0x0000000008000534                __aeabi_l2d
                0x0000000008000534                __floatdidf
 .text          0x0000000008000590      0x424 /Applications/STM32CubeIDE.app/Contents/Eclipse/plugins/com.st.stm32cube.ide.mcu.externaltools.gnu-tools-for-stm32.7-2018-q2-update.macos64_1.0.0.201904181610/tools/bin/../lib/gcc/arm-none-eabi/7.3.1/thumb/v7e-m/fpv4-sp/hard/libgcc.a(_arm_muldivdf3.o)
                0x0000000008000590                __aeabi_dmul
                0x0000000008000590                __muldf3
                0x00000000080007e4                __aeabi_ddiv
                0x00000000080007e4                __divdf3
 .text          0x00000000080009b4      0x110 /Applications/STM32CubeIDE.app/Contents/Eclipse/plugins/com.st.stm32cube.ide.mcu.externaltools.gnu-tools-for-stm32.7-2018-q2-update.macos64_1.0.0.201904181610/tools/bin/../lib/gcc/arm-none-eabi/7.3.1/thumb/v7e-m/fpv4-sp/hard/libgcc.a(_arm_cmpdf2.o)
                0x00000000080009b4                __gedf2
                0x00000000080009b4                __gtdf2
                0x00000000080009bc                __ledf2
                0x00000000080009bc                __ltdf2
                0x00000000080009c4                __cmpdf2
                0x00000000080009c4                __eqdf2
                0x00000000080009c4                __nedf2
                0x0000000008000a40                __aeabi_cdrcmple
                0x0000000008000a50                __aeabi_cdcmple
                0x0000000008000a50                __aeabi_cdcmpeq
                0x0000000008000a60                __aeabi_dcmpeq
                0x0000000008000a74                __aeabi_dcmplt
                0x0000000008000a88                __aeabi_dcmple
                0x0000000008000a9c                __aeabi_dcmpge
                0x0000000008000ab0                __aeabi_dcmpgt
 .text          0x0000000008000ac4       0x2c /Applications/STM32CubeIDE.app/Contents/Eclipse/plugins/com.st.stm32cube.ide.mcu.externaltools.gnu-tools-for-stm32.7-2018-q2-update.macos64_1.0.0.201904181610/tools/bin/../lib/gcc/arm-none-eabi/7.3.1/thumb/v7e-m/fpv4-sp/hard/libgcc.a(_arm_unorddf2.o)
                0x0000000008000ac4                __aeabi_dcmpun
                0x0000000008000ac4                __unorddf2
 .text          0x0000000008000af0       0x50 /Applications/STM32CubeIDE.app/Contents/Eclipse/plugins/com.st.stm32cube.ide.mcu.externaltools.gnu-tools-for-stm32.7-2018-q2-update.macos64_1.0.0.201904181610/tools/bin/../lib/gcc/arm-none-eabi/7.3.1/thumb/v7e-m/fpv4-sp/hard/libgcc.a(_arm_fixdfsi.o)
                0x0000000008000af0                __fixdfsi
                0x0000000008000af0                __aeabi_d2iz
 .text          0x0000000008000b40       0xa0 /Applications/STM32CubeIDE.app/Contents/Eclipse/plugins/com.st.stm32cube.ide.mcu.externaltools.gnu-tools-for-stm32.7-2018-q2-update.macos64_1.0.0.201904181610/tools/bin/../lib/gcc/arm-none-eabi/7.3.1/thumb/v7e-m/fpv4-sp/hard/libgcc.a(_arm_truncdfsf2.o)
                0x0000000008000b40                __aeabi_d2f
                0x0000000008000b40                __truncdfsf2
 .text          0x0000000008000be0       0x30 /Applications/STM32CubeIDE.app/Contents/Eclipse/plugins/com.st.stm32cube.ide.mcu.externaltools.gnu-tools-for-stm32.7-2018-q2-update.macos64_1.0.0.201904181610/tools/bin/../lib/gcc/arm-none-eabi/7.3.1/thumb/v7e-m/fpv4-sp/hard/libgcc.a(_aeabi_uldivmod.o)
                0x0000000008000be0                __aeabi_uldivmod
 .text          0x0000000008000c10      0x2cc /Applications/STM32CubeIDE.app/Contents/Eclipse/plugins/com.st.stm32cube.ide.mcu.externaltools.gnu-tools-for-stm32.7-2018-q2-update.macos64_1.0.0.201904181610/tools/bin/../lib/gcc/arm-none-eabi/7.3.1/thumb/v7e-m/fpv4-sp/hard/libgcc.a(_udivmoddi4.o)
                0x0000000008000c10                __udivmoddi4
 .text          0x0000000008000edc        0x4 /Applications/STM32CubeIDE.app/Contents/Eclipse/plugins/com.st.stm32cube.ide.mcu.externaltools.gnu-tools-for-stm32.7-2018-q2-update.macos64_1.0.0.201904181610/tools/bin/../lib/gcc/arm-none-eabi/7.3.1/thumb/v7e-m/fpv4-sp/hard/libgcc.a(_dvmd_tls.o)
                0x0000000008000edc                __aeabi_ldiv0
                0x0000000008000edc                __aeabi_idiv0
 *(.text*)
 .text.HAL_Init
                0x0000000008000ee0       0x44 Drivers/STM32F4xx_HAL_Driver/Src/stm32f4xx_hal.o
                0x0000000008000ee0                HAL_Init
 .text.HAL_InitTick
                0x0000000008000f24       0x60 Drivers/STM32F4xx_HAL_Driver/Src/stm32f4xx_hal.o
                0x0000000008000f24                HAL_InitTick
 .text.HAL_IncTick
                0x0000000008000f84       0x28 Drivers/STM32F4xx_HAL_Driver/Src/stm32f4xx_hal.o
                0x0000000008000f84                HAL_IncTick
 .text.HAL_GetTick
                0x0000000008000fac       0x18 Drivers/STM32F4xx_HAL_Driver/Src/stm32f4xx_hal.o
                0x0000000008000fac                HAL_GetTick
 .text.HAL_ADC_Init
                0x0000000008000fc4       0x86 Drivers/STM32F4xx_HAL_Driver/Src/stm32f4xx_hal_adc.o
                0x0000000008000fc4                HAL_ADC_Init
 .text.HAL_ADC_IRQHandler
                0x000000000800104a      0x282 Drivers/STM32F4xx_HAL_Driver/Src/stm32f4xx_hal_adc.o
                0x000000000800104a                HAL_ADC_IRQHandler
 .text.HAL_ADC_ConvCpltCallback
                0x00000000080012cc       0x14 Drivers/STM32F4xx_HAL_Driver/Src/stm32f4xx_hal_adc.o
                0x00000000080012cc                HAL_ADC_ConvCpltCallback
 .text.HAL_ADC_LevelOutOfWindowCallback
                0x00000000080012e0       0x14 Drivers/STM32F4xx_HAL_Driver/Src/stm32f4xx_hal_adc.o
                0x00000000080012e0                HAL_ADC_LevelOutOfWindowCallback
 .text.HAL_ADC_ErrorCallback
                0x00000000080012f4       0x14 Drivers/STM32F4xx_HAL_Driver/Src/stm32f4xx_hal_adc.o
                0x00000000080012f4                HAL_ADC_ErrorCallback
 .text.HAL_ADC_ConfigChannel
                0x0000000008001308      0x264 Drivers/STM32F4xx_HAL_Driver/Src/stm32f4xx_hal_adc.o
                0x0000000008001308                HAL_ADC_ConfigChannel
 .text.ADC_Init
                0x000000000800156c      0x1f8 Drivers/STM32F4xx_HAL_Driver/Src/stm32f4xx_hal_adc.o
 .text.HAL_ADCEx_InjectedConvCpltCallback
                0x0000000008001764       0x14 Drivers/STM32F4xx_HAL_Driver/Src/stm32f4xx_hal_adc_ex.o
                0x0000000008001764                HAL_ADCEx_InjectedConvCpltCallback
 .text.__NVIC_SetPriorityGrouping
                0x0000000008001778       0x48 Drivers/STM32F4xx_HAL_Driver/Src/stm32f4xx_hal_cortex.o
 .text.__NVIC_GetPriorityGrouping
                0x00000000080017c0       0x1c Drivers/STM32F4xx_HAL_Driver/Src/stm32f4xx_hal_cortex.o
 .text.__NVIC_EnableIRQ
                0x00000000080017dc       0x3c Drivers/STM32F4xx_HAL_Driver/Src/stm32f4xx_hal_cortex.o
 .text.__NVIC_SetPriority
                0x0000000008001818       0x54 Drivers/STM32F4xx_HAL_Driver/Src/stm32f4xx_hal_cortex.o
 .text.NVIC_EncodePriority
                0x000000000800186c       0x66 Drivers/STM32F4xx_HAL_Driver/Src/stm32f4xx_hal_cortex.o
 *fill*         0x00000000080018d2        0x2 
 .text.SysTick_Config
                0x00000000080018d4       0x44 Drivers/STM32F4xx_HAL_Driver/Src/stm32f4xx_hal_cortex.o
 .text.HAL_NVIC_SetPriorityGrouping
                0x0000000008001918       0x16 Drivers/STM32F4xx_HAL_Driver/Src/stm32f4xx_hal_cortex.o
                0x0000000008001918                HAL_NVIC_SetPriorityGrouping
 .text.HAL_NVIC_SetPriority
                0x000000000800192e       0x38 Drivers/STM32F4xx_HAL_Driver/Src/stm32f4xx_hal_cortex.o
                0x000000000800192e                HAL_NVIC_SetPriority
 .text.HAL_NVIC_EnableIRQ
                0x0000000008001966       0x1c Drivers/STM32F4xx_HAL_Driver/Src/stm32f4xx_hal_cortex.o
                0x0000000008001966                HAL_NVIC_EnableIRQ
 .text.HAL_SYSTICK_Config
                0x0000000008001982       0x18 Drivers/STM32F4xx_HAL_Driver/Src/stm32f4xx_hal_cortex.o
                0x0000000008001982                HAL_SYSTICK_Config
 *fill*         0x000000000800199a        0x2 
 .text.HAL_GPIO_Init
                0x000000000800199c      0x324 Drivers/STM32F4xx_HAL_Driver/Src/stm32f4xx_hal_gpio.o
                0x000000000800199c                HAL_GPIO_Init
 .text.HAL_PWREx_EnableOverDrive
                0x0000000008001cc0       0xa0 Drivers/STM32F4xx_HAL_Driver/Src/stm32f4xx_hal_pwr_ex.o
                0x0000000008001cc0                HAL_PWREx_EnableOverDrive
 .text.HAL_RCC_ClockConfig
                0x0000000008001d60      0x1c4 Drivers/STM32F4xx_HAL_Driver/Src/stm32f4xx_hal_rcc.o
                0x0000000008001d60                HAL_RCC_ClockConfig
 .text.HAL_RCC_GetSysClockFreq
                0x0000000008001f24      0x340 Drivers/STM32F4xx_HAL_Driver/Src/stm32f4xx_hal_rcc_ex.o
                0x0000000008001f24                HAL_RCC_GetSysClockFreq
 .text.HAL_RCC_OscConfig
                0x0000000008002264      0x4b4 Drivers/STM32F4xx_HAL_Driver/Src/stm32f4xx_hal_rcc_ex.o
                0x0000000008002264                HAL_RCC_OscConfig
 .text.LL_ADC_REG_SetSequencerLength
                0x0000000008002718       0x26 Drivers/STM32F4xx_HAL_Driver/Src/stm32f4xx_ll_adc.o
 .text.LL_ADC_INJ_SetSequencerLength
                0x000000000800273e       0x26 Drivers/STM32F4xx_HAL_Driver/Src/stm32f4xx_ll_adc.o
 .text.LL_ADC_IsEnabled
                0x0000000008002764       0x26 Drivers/STM32F4xx_HAL_Driver/Src/stm32f4xx_ll_adc.o
 *fill*         0x000000000800278a        0x2 
 .text.LL_ADC_CommonInit
                0x000000000800278c       0x90 Drivers/STM32F4xx_HAL_Driver/Src/stm32f4xx_ll_adc.o
                0x000000000800278c                LL_ADC_CommonInit
 .text.LL_ADC_Init
                0x000000000800281c       0x58 Drivers/STM32F4xx_HAL_Driver/Src/stm32f4xx_ll_adc.o
                0x000000000800281c                LL_ADC_Init
 .text.LL_ADC_REG_Init
                0x0000000008002874       0x90 Drivers/STM32F4xx_HAL_Driver/Src/stm32f4xx_ll_adc.o
                0x0000000008002874                LL_ADC_REG_Init
 .text.LL_ADC_INJ_Init
                0x0000000008002904       0x80 Drivers/STM32F4xx_HAL_Driver/Src/stm32f4xx_ll_adc.o
                0x0000000008002904                LL_ADC_INJ_Init
 .text.LL_EXTI_EnableIT_0_31
                0x0000000008002984       0x24 Drivers/STM32F4xx_HAL_Driver/Src/stm32f4xx_ll_exti.o
 .text.LL_EXTI_DisableIT_0_31
                0x00000000080029a8       0x28 Drivers/STM32F4xx_HAL_Driver/Src/stm32f4xx_ll_exti.o
 .text.LL_EXTI_EnableEvent_0_31
                0x00000000080029d0       0x24 Drivers/STM32F4xx_HAL_Driver/Src/stm32f4xx_ll_exti.o
 .text.LL_EXTI_DisableEvent_0_31
                0x00000000080029f4       0x28 Drivers/STM32F4xx_HAL_Driver/Src/stm32f4xx_ll_exti.o
 .text.LL_EXTI_EnableRisingTrig_0_31
                0x0000000008002a1c       0x24 Drivers/STM32F4xx_HAL_Driver/Src/stm32f4xx_ll_exti.o
 .text.LL_EXTI_DisableRisingTrig_0_31
                0x0000000008002a40       0x28 Drivers/STM32F4xx_HAL_Driver/Src/stm32f4xx_ll_exti.o
 .text.LL_EXTI_EnableFallingTrig_0_31
                0x0000000008002a68       0x24 Drivers/STM32F4xx_HAL_Driver/Src/stm32f4xx_ll_exti.o
 .text.LL_EXTI_DisableFallingTrig_0_31
                0x0000000008002a8c       0x28 Drivers/STM32F4xx_HAL_Driver/Src/stm32f4xx_ll_exti.o
 .text.LL_EXTI_Init
                0x0000000008002ab4       0xf8 Drivers/STM32F4xx_HAL_Driver/Src/stm32f4xx_ll_exti.o
                0x0000000008002ab4                LL_EXTI_Init
 .text.LL_GPIO_SetPinMode
                0x0000000008002bac       0x5e Drivers/STM32F4xx_HAL_Driver/Src/stm32f4xx_ll_gpio.o
 .text.LL_GPIO_SetPinOutputType
                0x0000000008002c0a       0x30 Drivers/STM32F4xx_HAL_Driver/Src/stm32f4xx_ll_gpio.o
 .text.LL_GPIO_SetPinSpeed
                0x0000000008002c3a       0x5e Drivers/STM32F4xx_HAL_Driver/Src/stm32f4xx_ll_gpio.o
 .text.LL_GPIO_SetPinPull
                0x0000000008002c98       0x5e Drivers/STM32F4xx_HAL_Driver/Src/stm32f4xx_ll_gpio.o
 .text.LL_GPIO_SetAFPin_0_7
                0x0000000008002cf6       0x5e Drivers/STM32F4xx_HAL_Driver/Src/stm32f4xx_ll_gpio.o
 .text.LL_GPIO_SetAFPin_8_15
                0x0000000008002d54       0x62 Drivers/STM32F4xx_HAL_Driver/Src/stm32f4xx_ll_gpio.o
 .text.LL_GPIO_Init
                0x0000000008002db6       0xf8 Drivers/STM32F4xx_HAL_Driver/Src/stm32f4xx_ll_gpio.o
                0x0000000008002db6                LL_GPIO_Init
 *fill*         0x0000000008002eae        0x2 
 .text.LL_RCC_GetSysClkSource
                0x0000000008002eb0       0x1c Drivers/STM32F4xx_HAL_Driver/Src/stm32f4xx_ll_rcc.o
 .text.LL_RCC_GetAHBPrescaler
                0x0000000008002ecc       0x1c Drivers/STM32F4xx_HAL_Driver/Src/stm32f4xx_ll_rcc.o
 .text.LL_RCC_GetAPB1Prescaler
                0x0000000008002ee8       0x1c Drivers/STM32F4xx_HAL_Driver/Src/stm32f4xx_ll_rcc.o
 .text.LL_RCC_GetAPB2Prescaler
                0x0000000008002f04       0x1c Drivers/STM32F4xx_HAL_Driver/Src/stm32f4xx_ll_rcc.o
 .text.LL_RCC_PLL_GetMainSource
                0x0000000008002f20       0x1c Drivers/STM32F4xx_HAL_Driver/Src/stm32f4xx_ll_rcc.o
 .text.LL_RCC_PLL_GetN
                0x0000000008002f3c       0x1c Drivers/STM32F4xx_HAL_Driver/Src/stm32f4xx_ll_rcc.o
 .text.LL_RCC_PLL_GetP
                0x0000000008002f58       0x1c Drivers/STM32F4xx_HAL_Driver/Src/stm32f4xx_ll_rcc.o
 .text.LL_RCC_PLL_GetR
                0x0000000008002f74       0x1c Drivers/STM32F4xx_HAL_Driver/Src/stm32f4xx_ll_rcc.o
 .text.LL_RCC_PLL_GetDivider
                0x0000000008002f90       0x1c Drivers/STM32F4xx_HAL_Driver/Src/stm32f4xx_ll_rcc.o
 .text.LL_RCC_GetSystemClocksFreq
                0x0000000008002fac       0x4a Drivers/STM32F4xx_HAL_Driver/Src/stm32f4xx_ll_rcc.o
                0x0000000008002fac                LL_RCC_GetSystemClocksFreq
 *fill*         0x0000000008002ff6        0x2 
 .text.RCC_GetSystemClockFreq
                0x0000000008002ff8       0x88 Drivers/STM32F4xx_HAL_Driver/Src/stm32f4xx_ll_rcc.o
                0x0000000008002ff8                RCC_GetSystemClockFreq
 .text.RCC_GetHCLKClockFreq
                0x0000000008003080       0x2c Drivers/STM32F4xx_HAL_Driver/Src/stm32f4xx_ll_rcc.o
                0x0000000008003080                RCC_GetHCLKClockFreq
 .text.RCC_GetPCLK1ClockFreq
                0x00000000080030ac       0x28 Drivers/STM32F4xx_HAL_Driver/Src/stm32f4xx_ll_rcc.o
                0x00000000080030ac                RCC_GetPCLK1ClockFreq
 .text.RCC_GetPCLK2ClockFreq
                0x00000000080030d4       0x28 Drivers/STM32F4xx_HAL_Driver/Src/stm32f4xx_ll_rcc.o
                0x00000000080030d4                RCC_GetPCLK2ClockFreq
 .text.RCC_PLL_GetFreqDomain_SYS
                0x00000000080030fc       0xa0 Drivers/STM32F4xx_HAL_Driver/Src/stm32f4xx_ll_rcc.o
                0x00000000080030fc                RCC_PLL_GetFreqDomain_SYS
 .text.LL_TIM_SetPrescaler
                0x000000000800319c       0x1c Drivers/STM32F4xx_HAL_Driver/Src/stm32f4xx_ll_tim.o
 .text.LL_TIM_SetAutoReload
                0x00000000080031b8       0x1c Drivers/STM32F4xx_HAL_Driver/Src/stm32f4xx_ll_tim.o
 .text.LL_TIM_SetRepetitionCounter
                0x00000000080031d4       0x1c Drivers/STM32F4xx_HAL_Driver/Src/stm32f4xx_ll_tim.o
 .text.LL_TIM_OC_SetCompareCH1
                0x00000000080031f0       0x1c Drivers/STM32F4xx_HAL_Driver/Src/stm32f4xx_ll_tim.o
 .text.LL_TIM_OC_SetCompareCH2
                0x000000000800320c       0x1c Drivers/STM32F4xx_HAL_Driver/Src/stm32f4xx_ll_tim.o
 .text.LL_TIM_OC_SetCompareCH3
                0x0000000008003228       0x1c Drivers/STM32F4xx_HAL_Driver/Src/stm32f4xx_ll_tim.o
 .text.LL_TIM_OC_SetCompareCH4
                0x0000000008003244       0x1c Drivers/STM32F4xx_HAL_Driver/Src/stm32f4xx_ll_tim.o
 .text.LL_TIM_GenerateEvent_UPDATE
                0x0000000008003260       0x20 Drivers/STM32F4xx_HAL_Driver/Src/stm32f4xx_ll_tim.o
 .text.LL_TIM_Init
                0x0000000008003280      0x134 Drivers/STM32F4xx_HAL_Driver/Src/stm32f4xx_ll_tim.o
                0x0000000008003280                LL_TIM_Init
 .text.LL_TIM_OC_Init
                0x00000000080033b4       0x70 Drivers/STM32F4xx_HAL_Driver/Src/stm32f4xx_ll_tim.o
                0x00000000080033b4                LL_TIM_OC_Init
 .text.LL_TIM_BDTR_Init
                0x0000000008003424       0x92 Drivers/STM32F4xx_HAL_Driver/Src/stm32f4xx_ll_tim.o
                0x0000000008003424                LL_TIM_BDTR_Init
 *fill*         0x00000000080034b6        0x2 
 .text.OC1Config
                0x00000000080034b8       0xd8 Drivers/STM32F4xx_HAL_Driver/Src/stm32f4xx_ll_tim.o
 .text.OC2Config
                0x0000000008003590       0xe0 Drivers/STM32F4xx_HAL_Driver/Src/stm32f4xx_ll_tim.o
 .text.OC3Config
                0x0000000008003670       0xe0 Drivers/STM32F4xx_HAL_Driver/Src/stm32f4xx_ll_tim.o
 .text.OC4Config
                0x0000000008003750       0xb0 Drivers/STM32F4xx_HAL_Driver/Src/stm32f4xx_ll_tim.o
 .text.LL_USART_IsEnabled
                0x0000000008003800       0x28 Drivers/STM32F4xx_HAL_Driver/Src/stm32f4xx_ll_usart.o
 .text.LL_USART_SetStopBitsLength
                0x0000000008003828       0x26 Drivers/STM32F4xx_HAL_Driver/Src/stm32f4xx_ll_usart.o
 .text.LL_USART_SetHWFlowCtrl
                0x000000000800384e       0x26 Drivers/STM32F4xx_HAL_Driver/Src/stm32f4xx_ll_usart.o
 .text.LL_USART_SetBaudRate
                0x0000000008003874      0x16c Drivers/STM32F4xx_HAL_Driver/Src/stm32f4xx_ll_usart.o
 .text.LL_USART_Init
                0x00000000080039e0      0x100 Drivers/STM32F4xx_HAL_Driver/Src/stm32f4xx_ll_usart.o
                0x00000000080039e0                LL_USART_Init
 .text._ZN9ArgSensorC2Ev
                0x0000000008003ae0       0x28 Src/ArgSensor.o
                0x0000000008003ae0                ArgSensor::ArgSensor()
                0x0000000008003ae0                ArgSensor::ArgSensor()
 .text._ZN9ArgSensorD2Ev
                0x0000000008003b08       0x20 Src/ArgSensor.o
                0x0000000008003b08                ArgSensor::~ArgSensor()
                0x0000000008003b08                ArgSensor::~ArgSensor()
 .text._ZN9ArgSensorD0Ev
                0x0000000008003b28       0x20 Src/ArgSensor.o
                0x0000000008003b28                ArgSensor::~ArgSensor()
 .text._ZN9ArgSensor9incrementEf
                0x0000000008003b48       0x60 Src/ArgSensor.o
                0x0000000008003b48                ArgSensor::increment(float)
 .text._ZN9ArgSensor6getArgEv
                0x0000000008003ba8       0x1e Src/ArgSensor.o
                0x0000000008003ba8                ArgSensor::getArg()
 .text._ZnwjPv  0x0000000008003bc6       0x18 Src/MathLib.o
                0x0000000008003bc6                operator new(unsigned int, void*)
 *fill*         0x0000000008003bde        0x2 
 .text._ZN7MathLibC2Ev
                0x0000000008003be0       0x38 Src/MathLib.o
                0x0000000008003be0                MathLib::MathLib()
                0x0000000008003be0                MathLib::MathLib()
 .text._ZN7MathLibD2Ev
                0x0000000008003c18       0x4c Src/MathLib.o
                0x0000000008003c18                MathLib::~MathLib()
                0x0000000008003c18                MathLib::~MathLib()
 .text._ZN7MathLibD0Ev
                0x0000000008003c64       0x20 Src/MathLib.o
                0x0000000008003c64                MathLib::~MathLib()
 .text._ZN7MathLib10setLibSizeEi
                0x0000000008003c84       0x1c Src/MathLib.o
                0x0000000008003c84                MathLib::setLibSize(int)
 .text._ZN7MathLib5fInitEi
                0x0000000008003ca0       0x70 Src/MathLib.o
                0x0000000008003ca0                MathLib::fInit(int)
 .text._ZN7MathLib10getLibSizeEv
                0x0000000008003d10       0x18 Src/MathLib.o
                0x0000000008003d10                MathLib::getLibSize()
 .text._ZN7MathLib14fSinVectorInitEPSt6vectorIfSaIfEE
                0x0000000008003d28       0xa0 Src/MathLib.o
                0x0000000008003d28                MathLib::fSinVectorInit(std::vector<float, std::allocator<float> >*)
 .text._ZN7MathLib14fCosVectorInitEPSt6vectorIfSaIfEE
                0x0000000008003dc8       0xa0 Src/MathLib.o
                0x0000000008003dc8                MathLib::fCosVectorInit(std::vector<float, std::allocator<float> >*)
 .text._ZN7MathLib10getSinListEv
                0x0000000008003e68       0x1e Src/MathLib.o
                0x0000000008003e68                MathLib::getSinList()
 .text._ZN7MathLib10getCosListEv
                0x0000000008003e86       0x1e Src/MathLib.o
                0x0000000008003e86                MathLib::getCosList()
 .text._ZN7MathLib14radToSizeCountEf
                0x0000000008003ea4       0x2e Src/MathLib.o
                0x0000000008003ea4                MathLib::radToSizeCount(float)
 .text._ZNSt6vectorIfSaIfEEC2Ev
                0x0000000008003ed2       0x1a Src/MathLib.o
                0x0000000008003ed2                std::vector<float, std::allocator<float> >::vector()
                0x0000000008003ed2                std::vector<float, std::allocator<float> >::vector()
 .text._ZNSt6vectorIfSaIfEED2Ev
                0x0000000008003eec       0x36 Src/MathLib.o
                0x0000000008003eec                std::vector<float, std::allocator<float> >::~vector()
                0x0000000008003eec                std::vector<float, std::allocator<float> >::~vector()
 .text._ZNSt6vectorIfSaIfEE5clearEv
                0x0000000008003f22       0x1c Src/MathLib.o
                0x0000000008003f22                std::vector<float, std::allocator<float> >::clear()
 .text._ZNSt6vectorIfSaIfEE9push_backERKf
                0x0000000008003f3e       0x4a Src/MathLib.o
                0x0000000008003f3e                std::vector<float, std::allocator<float> >::push_back(float const&)
 .text._ZNSt6vectorIfSaIfEEC2ERKS1_
                0x0000000008003f88       0x7a Src/MathLib.o
                0x0000000008003f88                std::vector<float, std::allocator<float> >::vector(std::vector<float, std::allocator<float> > const&)
                0x0000000008003f88                std::vector<float, std::allocator<float> >::vector(std::vector<float, std::allocator<float> > const&)
 .text._ZNSt12_Vector_baseIfSaIfEE12_Vector_implD2Ev
                0x0000000008004002       0x18 Src/MathLib.o
                0x0000000008004002                std::_Vector_base<float, std::allocator<float> >::_Vector_impl::~_Vector_impl()
                0x0000000008004002                std::_Vector_base<float, std::allocator<float> >::_Vector_impl::~_Vector_impl()
 .text._ZNSt12_Vector_baseIfSaIfEEC2Ev
                0x000000000800401a       0x1a Src/MathLib.o
                0x000000000800401a                std::_Vector_base<float, std::allocator<float> >::_Vector_base()
                0x000000000800401a                std::_Vector_base<float, std::allocator<float> >::_Vector_base()
 .text._ZNSt12_Vector_baseIfSaIfEED2Ev
                0x0000000008004034       0x34 Src/MathLib.o
                0x0000000008004034                std::_Vector_base<float, std::allocator<float> >::~_Vector_base()
                0x0000000008004034                std::_Vector_base<float, std::allocator<float> >::~_Vector_base()
 .text._ZNSt12_Vector_baseIfSaIfEE19_M_get_Tp_allocatorEv
                0x0000000008004068       0x16 Src/MathLib.o
                0x0000000008004068                std::_Vector_base<float, std::allocator<float> >::_M_get_Tp_allocator()
 .text._ZSt8_DestroyIPffEvT_S1_RSaIT0_E
                0x000000000800407e       0x1c Src/MathLib.o
                0x000000000800407e                void std::_Destroy<float*, float>(float*, float*, std::allocator<float>&)
 .text._ZNSt6vectorIfSaIfEE15_M_erase_at_endEPf
                0x000000000800409a       0x30 Src/MathLib.o
                0x000000000800409a                std::vector<float, std::allocator<float> >::_M_erase_at_end(float*)
 .text._ZSt7forwardIRKfEOT_RNSt16remove_referenceIS2_E4typeE
                0x00000000080040ca       0x16 Src/MathLib.o
                0x00000000080040ca                float const& std::forward<float const&>(std::remove_reference<float const&>::type&)
 .text._ZNSt16allocator_traitsISaIfEE9constructIfJRKfEEEvRS0_PT_DpOT0_
                0x00000000080040e0       0x26 Src/MathLib.o
                0x00000000080040e0                void std::allocator_traits<std::allocator<float> >::construct<float, float const&>(std::allocator<float>&, float*, float const&)
 .text._ZNSt6vectorIfSaIfEE3endEv
                0x0000000008004106       0x22 Src/MathLib.o
                0x0000000008004106                std::vector<float, std::allocator<float> >::end()
 .text._ZNSt6vectorIfSaIfEE17_M_realloc_insertIJRKfEEEvN9__gnu_cxx17__normal_iteratorIPfS1_EEDpOT_
                0x0000000008004128      0x118 Src/MathLib.o
                0x0000000008004128                void std::vector<float, std::allocator<float> >::_M_realloc_insert<float const&>(__gnu_cxx::__normal_iterator<float*, std::vector<float, std::allocator<float> > >, float const&)
 .text._ZNKSt6vectorIfSaIfEE4sizeEv
                0x0000000008004240       0x22 Src/MathLib.o
                0x0000000008004240                std::vector<float, std::allocator<float> >::size() const
 .text._ZN9__gnu_cxx14__alloc_traitsISaIfEE17_S_select_on_copyERKS1_
                0x0000000008004262       0x1c Src/MathLib.o
                0x0000000008004262                __gnu_cxx::__alloc_traits<std::allocator<float> >::_S_select_on_copy(std::allocator<float> const&)
 .text._ZNKSt12_Vector_baseIfSaIfEE19_M_get_Tp_allocatorEv
                0x000000000800427e       0x16 Src/MathLib.o
                0x000000000800427e                std::_Vector_base<float, std::allocator<float> >::_M_get_Tp_allocator() const
 .text._ZNSaIfED2Ev
                0x0000000008004294       0x18 Src/MathLib.o
                0x0000000008004294                std::allocator<float>::~allocator()
                0x0000000008004294                std::allocator<float>::~allocator()
 .text._ZNSt12_Vector_baseIfSaIfEEC2EjRKS0_
                0x00000000080042ac       0x28 Src/MathLib.o
                0x00000000080042ac                std::_Vector_base<float, std::allocator<float> >::_Vector_base(unsigned int, std::allocator<float> const&)
                0x00000000080042ac                std::_Vector_base<float, std::allocator<float> >::_Vector_base(unsigned int, std::allocator<float> const&)
 .text._ZNKSt6vectorIfSaIfEE5beginEv
                0x00000000080042d4       0x28 Src/MathLib.o
                0x00000000080042d4                std::vector<float, std::allocator<float> >::begin() const
 .text._ZNKSt6vectorIfSaIfEE3endEv
                0x00000000080042fc       0x28 Src/MathLib.o
                0x00000000080042fc                std::vector<float, std::allocator<float> >::end() const
 .text._ZSt22__uninitialized_copy_aIN9__gnu_cxx17__normal_iteratorIPKfSt6vectorIfSaIfEEEEPffET0_T_SA_S9_RSaIT1_E
                0x0000000008004324       0x22 Src/MathLib.o
                0x0000000008004324                float* std::__uninitialized_copy_a<__gnu_cxx::__normal_iterator<float const*, std::vector<float, std::allocator<float> > >, float*, float>(__gnu_cxx::__normal_iterator<float const*, std::vector<float, std::allocator<float> > >, __gnu_cxx::__normal_iterator<float const*, std::vector<float, std::allocator<float> > >, float*, std::allocator<float>&)
 .text._ZNSt12_Vector_baseIfSaIfEE12_Vector_implC2Ev
                0x0000000008004346       0x2a Src/MathLib.o
                0x0000000008004346                std::_Vector_base<float, std::allocator<float> >::_Vector_impl::_Vector_impl()
                0x0000000008004346                std::_Vector_base<float, std::allocator<float> >::_Vector_impl::_Vector_impl()
 .text._ZNSt12_Vector_baseIfSaIfEE13_M_deallocateEPfj
                0x0000000008004370       0x26 Src/MathLib.o
                0x0000000008004370                std::_Vector_base<float, std::allocator<float> >::_M_deallocate(float*, unsigned int)
 .text._ZSt8_DestroyIPfEvT_S1_
                0x0000000008004396       0x1a Src/MathLib.o
                0x0000000008004396                void std::_Destroy<float*>(float*, float*)
 .text._ZN9__gnu_cxx13new_allocatorIfE9constructIfJRKfEEEvPT_DpOT0_
                0x00000000080043b0       0x30 Src/MathLib.o
                0x00000000080043b0                void __gnu_cxx::new_allocator<float>::construct<float, float const&>(float*, float const&)
 .text._ZN9__gnu_cxx17__normal_iteratorIPfSt6vectorIfSaIfEEEC2ERKS1_
                0x00000000080043e0       0x20 Src/MathLib.o
                0x00000000080043e0                __gnu_cxx::__normal_iterator<float*, std::vector<float, std::allocator<float> > >::__normal_iterator(float* const&)
                0x00000000080043e0                __gnu_cxx::__normal_iterator<float*, std::vector<float, std::allocator<float> > >::__normal_iterator(float* const&)
 .text._ZNKSt6vectorIfSaIfEE12_M_check_lenEjPKc
                0x0000000008004400       0x90 Src/MathLib.o
                0x0000000008004400                std::vector<float, std::allocator<float> >::_M_check_len(unsigned int, char const*) const
 .text._ZNSt6vectorIfSaIfEE5beginEv
                0x0000000008004490       0x20 Src/MathLib.o
                0x0000000008004490                std::vector<float, std::allocator<float> >::begin()
 .text._ZN9__gnu_cxxmiIPfSt6vectorIfSaIfEEEENS_17__normal_iteratorIT_T0_E15difference_typeERKS8_SB_
                0x00000000080044b0       0x2c Src/MathLib.o
                0x00000000080044b0                __gnu_cxx::__normal_iterator<float*, std::vector<float, std::allocator<float> > >::difference_type __gnu_cxx::operator-<float*, std::vector<float, std::allocator<float> > >(__gnu_cxx::__normal_iterator<float*, std::vector<float, std::allocator<float> > > const&, __gnu_cxx::__normal_iterator<float*, std::vector<float, std::allocator<float> > > const&)
 .text._ZNSt12_Vector_baseIfSaIfEE11_M_allocateEj
                0x00000000080044dc       0x28 Src/MathLib.o
                0x00000000080044dc                std::_Vector_base<float, std::allocator<float> >::_M_allocate(unsigned int)
 .text._ZNK9__gnu_cxx17__normal_iteratorIPfSt6vectorIfSaIfEEE4baseEv
                0x0000000008004504       0x16 Src/MathLib.o
                0x0000000008004504                __gnu_cxx::__normal_iterator<float*, std::vector<float, std::allocator<float> > >::base() const
 .text._ZSt34__uninitialized_move_if_noexcept_aIPfS0_SaIfEET0_T_S3_S2_RT1_
                0x000000000800451a       0x32 Src/MathLib.o
                0x000000000800451a                float* std::__uninitialized_move_if_noexcept_a<float*, float*, std::allocator<float> >(float*, float*, float*, std::allocator<float>&)
 .text._ZNSt16allocator_traitsISaIfEE37select_on_container_copy_constructionERKS0_
                0x000000000800454c       0x1a Src/MathLib.o
                0x000000000800454c                std::allocator_traits<std::allocator<float> >::select_on_container_copy_construction(std::allocator<float> const&)
 .text._ZNSaIfEC2ERKS_
                0x0000000008004566       0x1c Src/MathLib.o
                0x0000000008004566                std::allocator<float>::allocator(std::allocator<float> const&)
                0x0000000008004566                std::allocator<float>::allocator(std::allocator<float> const&)
 .text._ZN9__gnu_cxx13new_allocatorIfED2Ev
                0x0000000008004582       0x16 Src/MathLib.o
                0x0000000008004582                __gnu_cxx::new_allocator<float>::~new_allocator()
                0x0000000008004582                __gnu_cxx::new_allocator<float>::~new_allocator()
 .text._ZNSt12_Vector_baseIfSaIfEE12_Vector_implC2ERKS0_
                0x0000000008004598       0x2e Src/MathLib.o
                0x0000000008004598                std::_Vector_base<float, std::allocator<float> >::_Vector_impl::_Vector_impl(std::allocator<float> const&)
                0x0000000008004598                std::_Vector_base<float, std::allocator<float> >::_Vector_impl::_Vector_impl(std::allocator<float> const&)
 .text._ZNSt12_Vector_baseIfSaIfEE17_M_create_storageEj
                0x00000000080045c6       0x36 Src/MathLib.o
                0x00000000080045c6                std::_Vector_base<float, std::allocator<float> >::_M_create_storage(unsigned int)
 .text._ZN9__gnu_cxx17__normal_iteratorIPKfSt6vectorIfSaIfEEEC2ERKS2_
                0x00000000080045fc       0x20 Src/MathLib.o
                0x00000000080045fc                __gnu_cxx::__normal_iterator<float const*, std::vector<float, std::allocator<float> > >::__normal_iterator(float const* const&)
                0x00000000080045fc                __gnu_cxx::__normal_iterator<float const*, std::vector<float, std::allocator<float> > >::__normal_iterator(float const* const&)
 .text._ZSt18uninitialized_copyIN9__gnu_cxx17__normal_iteratorIPKfSt6vectorIfSaIfEEEEPfET0_T_SA_S9_
                0x000000000800461c       0x24 Src/MathLib.o
                0x000000000800461c                float* std::uninitialized_copy<__gnu_cxx::__normal_iterator<float const*, std::vector<float, std::allocator<float> > >, float*>(__gnu_cxx::__normal_iterator<float const*, std::vector<float, std::allocator<float> > >, __gnu_cxx::__normal_iterator<float const*, std::vector<float, std::allocator<float> > >, float*)
 .text._ZNSaIfEC2Ev
                0x0000000008004640       0x18 Src/MathLib.o
                0x0000000008004640                std::allocator<float>::allocator()
                0x0000000008004640                std::allocator<float>::allocator()
 .text._ZNSt16allocator_traitsISaIfEE10deallocateERS0_Pfj
                0x0000000008004658       0x1e Src/MathLib.o
                0x0000000008004658                std::allocator_traits<std::allocator<float> >::deallocate(std::allocator<float>&, float*, unsigned int)
 .text._ZNSt12_Destroy_auxILb1EE9__destroyIPfEEvT_S3_
                0x0000000008004676       0x16 Src/MathLib.o
                0x0000000008004676                void std::_Destroy_aux<true>::__destroy<float*>(float*, float*)
 .text._ZNKSt6vectorIfSaIfEE8max_sizeEv
                0x000000000800468c       0x22 Src/MathLib.o
                0x000000000800468c                std::vector<float, std::allocator<float> >::max_size() const
 .text._ZSt3maxIjERKT_S2_S2_
                0x00000000080046ae       0x28 Src/MathLib.o
                0x00000000080046ae                unsigned int const& std::max<unsigned int>(unsigned int const&, unsigned int const&)
 .text._ZNSt16allocator_traitsISaIfEE8allocateERS0_j
                0x00000000080046d6       0x1e Src/MathLib.o
                0x00000000080046d6                std::allocator_traits<std::allocator<float> >::allocate(std::allocator<float>&, unsigned int)
 .text._ZSt32__make_move_if_noexcept_iteratorIfSt13move_iteratorIPfEET0_PT_
                0x00000000080046f4       0x1e Src/MathLib.o
                0x00000000080046f4                std::move_iterator<float*> std::__make_move_if_noexcept_iterator<float, std::move_iterator<float*> >(float*)
 .text._ZSt22__uninitialized_copy_aISt13move_iteratorIPfES1_fET0_T_S4_S3_RSaIT1_E
                0x0000000008004712       0x22 Src/MathLib.o
                0x0000000008004712                float* std::__uninitialized_copy_a<std::move_iterator<float*>, float*, float>(std::move_iterator<float*>, std::move_iterator<float*>, float*, std::allocator<float>&)
 .text._ZN9__gnu_cxx13new_allocatorIfEC2ERKS1_
                0x0000000008004734       0x18 Src/MathLib.o
                0x0000000008004734                __gnu_cxx::new_allocator<float>::new_allocator(__gnu_cxx::new_allocator<float> const&)
                0x0000000008004734                __gnu_cxx::new_allocator<float>::new_allocator(__gnu_cxx::new_allocator<float> const&)
 .text._ZNSt20__uninitialized_copyILb1EE13__uninit_copyIN9__gnu_cxx17__normal_iteratorIPKfSt6vectorIfSaIfEEEEPfEET0_T_SC_SB_
                0x000000000800474c       0x20 Src/MathLib.o
                0x000000000800474c                float* std::__uninitialized_copy<true>::__uninit_copy<__gnu_cxx::__normal_iterator<float const*, std::vector<float, std::allocator<float> > >, float*>(__gnu_cxx::__normal_iterator<float const*, std::vector<float, std::allocator<float> > >, __gnu_cxx::__normal_iterator<float const*, std::vector<float, std::allocator<float> > >, float*)
 .text._ZN9__gnu_cxx13new_allocatorIfEC2Ev
                0x000000000800476c       0x16 Src/MathLib.o
                0x000000000800476c                __gnu_cxx::new_allocator<float>::new_allocator()
                0x000000000800476c                __gnu_cxx::new_allocator<float>::new_allocator()
 .text._ZN9__gnu_cxx13new_allocatorIfE10deallocateEPfj
                0x0000000008004782       0x1a Src/MathLib.o
                0x0000000008004782                __gnu_cxx::new_allocator<float>::deallocate(float*, unsigned int)
 .text._ZNSt16allocator_traitsISaIfEE8max_sizeERKS0_
                0x000000000800479c       0x18 Src/MathLib.o
                0x000000000800479c                std::allocator_traits<std::allocator<float> >::max_size(std::allocator<float> const&)
 .text._ZN9__gnu_cxx13new_allocatorIfE8allocateEjPKv
                0x00000000080047b4       0x3c Src/MathLib.o
                0x00000000080047b4                __gnu_cxx::new_allocator<float>::allocate(unsigned int, void const*)
 .text._ZNSt13move_iteratorIPfEC2ES0_
                0x00000000080047f0       0x1e Src/MathLib.o
                0x00000000080047f0                std::move_iterator<float*>::move_iterator(float*)
                0x00000000080047f0                std::move_iterator<float*>::move_iterator(float*)
 .text._ZSt18uninitialized_copyISt13move_iteratorIPfES1_ET0_T_S4_S3_
                0x000000000800480e       0x24 Src/MathLib.o
                0x000000000800480e                float* std::uninitialized_copy<std::move_iterator<float*>, float*>(std::move_iterator<float*>, std::move_iterator<float*>, float*)
 .text._ZSt4copyIN9__gnu_cxx17__normal_iteratorIPKfSt6vectorIfSaIfEEEEPfET0_T_SA_S9_
                0x0000000008004832       0x30 Src/MathLib.o
                0x0000000008004832                float* std::copy<__gnu_cxx::__normal_iterator<float const*, std::vector<float, std::allocator<float> > >, float*>(__gnu_cxx::__normal_iterator<float const*, std::vector<float, std::allocator<float> > >, __gnu_cxx::__normal_iterator<float const*, std::vector<float, std::allocator<float> > >, float*)
 .text._ZNK9__gnu_cxx13new_allocatorIfE8max_sizeEv
                0x0000000008004862       0x18 Src/MathLib.o
                0x0000000008004862                __gnu_cxx::new_allocator<float>::max_size() const
 .text._ZNSt20__uninitialized_copyILb1EE13__uninit_copyISt13move_iteratorIPfES3_EET0_T_S6_S5_
                0x000000000800487a       0x20 Src/MathLib.o
                0x000000000800487a                float* std::__uninitialized_copy<true>::__uninit_copy<std::move_iterator<float*>, float*>(std::move_iterator<float*>, std::move_iterator<float*>, float*)
 .text._ZSt12__miter_baseIN9__gnu_cxx17__normal_iteratorIPKfSt6vectorIfSaIfEEEEET_S8_
                0x000000000800489a       0x16 Src/MathLib.o
                0x000000000800489a                __gnu_cxx::__normal_iterator<float const*, std::vector<float, std::allocator<float> > > std::__miter_base<__gnu_cxx::__normal_iterator<float const*, std::vector<float, std::allocator<float> > > >(__gnu_cxx::__normal_iterator<float const*, std::vector<float, std::allocator<float> > >)
 .text._ZSt14__copy_move_a2ILb0EN9__gnu_cxx17__normal_iteratorIPKfSt6vectorIfSaIfEEEEPfET1_T0_SA_S9_
                0x00000000080048b0       0x38 Src/MathLib.o
                0x00000000080048b0                float* std::__copy_move_a2<false, __gnu_cxx::__normal_iterator<float const*, std::vector<float, std::allocator<float> > >, float*>(__gnu_cxx::__normal_iterator<float const*, std::vector<float, std::allocator<float> > >, __gnu_cxx::__normal_iterator<float const*, std::vector<float, std::allocator<float> > >, float*)
 .text._ZSt4copyISt13move_iteratorIPfES1_ET0_T_S4_S3_
                0x00000000080048e8       0x30 Src/MathLib.o
                0x00000000080048e8                float* std::copy<std::move_iterator<float*>, float*>(std::move_iterator<float*>, std::move_iterator<float*>, float*)
 .text._ZSt12__niter_baseIPKfSt6vectorIfSaIfEEET_N9__gnu_cxx17__normal_iteratorIS5_T0_EE
                0x0000000008004918       0x1c Src/MathLib.o
                0x0000000008004918                float const* std::__niter_base<float const*, std::vector<float, std::allocator<float> > >(__gnu_cxx::__normal_iterator<float const*, std::vector<float, std::allocator<float> > >)
 .text._ZSt12__niter_baseIPfET_S1_
                0x0000000008004934       0x16 Src/MathLib.o
                0x0000000008004934                float* std::__niter_base<float*>(float*)
 .text._ZSt13__copy_move_aILb0EPKfPfET1_T0_S4_S3_
                0x000000000800494a       0x24 Src/MathLib.o
                0x000000000800494a                float* std::__copy_move_a<false, float const*, float*>(float const*, float const*, float*)
 .text._ZSt12__miter_baseIPfEDTcl12__miter_basecldtfp_4baseEEESt13move_iteratorIT_E
                0x000000000800496e       0x22 Src/MathLib.o
                0x000000000800496e                decltype (__miter_base(({parm#1}.base)())) std::__miter_base<float*>(std::move_iterator<float*>)
 .text._ZSt14__copy_move_a2ILb1EPfS0_ET1_T0_S2_S1_
                0x0000000008004990       0x38 Src/MathLib.o
                0x0000000008004990                float* std::__copy_move_a2<true, float*, float*>(float*, float*, float*)
 .text._ZNK9__gnu_cxx17__normal_iteratorIPKfSt6vectorIfSaIfEEE4baseEv
                0x00000000080049c8       0x16 Src/MathLib.o
                0x00000000080049c8                __gnu_cxx::__normal_iterator<float const*, std::vector<float, std::allocator<float> > >::base() const
 .text._ZNSt11__copy_moveILb0ELb1ESt26random_access_iterator_tagE8__copy_mIfEEPT_PKS3_S6_S4_
                0x00000000080049de       0x3a Src/MathLib.o
                0x00000000080049de                float* std::__copy_move<false, true, std::random_access_iterator_tag>::__copy_m<float>(float const*, float const*, float*)
 .text._ZNKSt13move_iteratorIPfE4baseEv
                0x0000000008004a18       0x18 Src/MathLib.o
                0x0000000008004a18                std::move_iterator<float*>::base() const
 .text._ZSt12__miter_baseIPfET_S1_
                0x0000000008004a30       0x16 Src/MathLib.o
                0x0000000008004a30                float* std::__miter_base<float*>(float*)
 .text._ZSt13__copy_move_aILb1EPfS0_ET1_T0_S2_S1_
                0x0000000008004a46       0x24 Src/MathLib.o
                0x0000000008004a46                float* std::__copy_move_a<true, float*, float*>(float*, float*, float*)
 .text._ZNSt11__copy_moveILb1ELb1ESt26random_access_iterator_tagE8__copy_mIfEEPT_PKS3_S6_S4_
                0x0000000008004a6a       0x3a Src/MathLib.o
                0x0000000008004a6a                float* std::__copy_move<true, true, std::random_access_iterator_tag>::__copy_m<float>(float const*, float const*, float*)
 .text._ZN9MotorInfoC2Ev
                0x0000000008004aa4       0x28 Src/MotorInfo.o
                0x0000000008004aa4                MotorInfo::MotorInfo()
                0x0000000008004aa4                MotorInfo::MotorInfo()
 .text._ZN9MotorInfoD2Ev
                0x0000000008004acc       0x28 Src/MotorInfo.o
                0x0000000008004acc                MotorInfo::~MotorInfo()
                0x0000000008004acc                MotorInfo::~MotorInfo()
 .text._ZN9MotorInfoD0Ev
                0x0000000008004af4       0x20 Src/MotorInfo.o
                0x0000000008004af4                MotorInfo::~MotorInfo()
 .text._ZN7MathLibaSERKS_
                0x0000000008004b14       0x46 Src/MotorInfo.o
                0x0000000008004b14                MathLib::operator=(MathLib const&)
 .text._ZN9MotorInfo10setMathLibE7MathLib
                0x0000000008004b5a       0x1e Src/MotorInfo.o
                0x0000000008004b5a                MotorInfo::setMathLib(MathLib)
 .text._ZN7MathLibC2ERKS_
                0x0000000008004b78       0x50 Src/MotorInfo.o
                0x0000000008004b78                MathLib::MathLib(MathLib const&)
                0x0000000008004b78                MathLib::MathLib(MathLib const&)
 .text._ZN9MotorInfo10getMathLibEv
                0x0000000008004bc8       0x1e Src/MotorInfo.o
                0x0000000008004bc8                MotorInfo::getMathLib()
 .text._ZN9MotorInfo6setArgEi
                0x0000000008004be6       0x1c Src/MotorInfo.o
                0x0000000008004be6                MotorInfo::setArg(int)
 .text._ZN9MotorInfo5setVdEf
                0x0000000008004c02       0x1e Src/MotorInfo.o
                0x0000000008004c02                MotorInfo::setVd(float)
 .text._ZN9MotorInfo5setVqEf
                0x0000000008004c20       0x1e Src/MotorInfo.o
                0x0000000008004c20                MotorInfo::setVq(float)
 .text._ZN9MotorInfo17invClarkTransformEv
                0x0000000008004c3e      0x124 Src/MotorInfo.o
                0x0000000008004c3e                MotorInfo::invClarkTransform()
 *fill*         0x0000000008004d62        0x2 
 .text._ZN9MotorInfo16invParkTransformEv
                0x0000000008004d64       0x90 Src/MotorInfo.o
                0x0000000008004d64                MotorInfo::invParkTransform()
 .text._ZN9MotorInfo5getVuEv
                0x0000000008004df4       0x1e Src/MotorInfo.o
                0x0000000008004df4                MotorInfo::getVu()
 .text._ZN9MotorInfo5getVvEv
                0x0000000008004e12       0x1e Src/MotorInfo.o
                0x0000000008004e12                MotorInfo::getVv()
 .text._ZN9MotorInfo5getVwEv
                0x0000000008004e30       0x1e Src/MotorInfo.o
                0x0000000008004e30                MotorInfo::getVw()
 .text._ZN9__gnu_cxx14__alloc_traitsISaIfEE27_S_propagate_on_copy_assignEv
                0x0000000008004e4e       0x10 Src/MotorInfo.o
                0x0000000008004e4e                __gnu_cxx::__alloc_traits<std::allocator<float> >::_S_propagate_on_copy_assign()
 .text._ZN9__gnu_cxx14__alloc_traitsISaIfEE15_S_always_equalEv
                0x0000000008004e5e       0x10 Src/MotorInfo.o
                0x0000000008004e5e                __gnu_cxx::__alloc_traits<std::allocator<float> >::_S_always_equal()
 .text._ZNSt6vectorIfSaIfEEaSERKS1_
                0x0000000008004e6e      0x1ee Src/MotorInfo.o
                0x0000000008004e6e                std::vector<float, std::allocator<float> >::operator=(std::vector<float, std::allocator<float> > const&)
 .text._ZNSt6vectorIfSaIfEE2atEj
                0x000000000800505c       0x24 Src/MotorInfo.o
                0x000000000800505c                std::vector<float, std::allocator<float> >::at(unsigned int)
 .text._ZStneIfEbRKSaIT_ES3_
                0x0000000008005080       0x18 Src/MotorInfo.o
                0x0000000008005080                bool std::operator!=<float>(std::allocator<float> const&, std::allocator<float> const&)
 .text._ZSt15__alloc_on_copyISaIfEEvRT_RKS1_
                0x0000000008005098       0x1c Src/MotorInfo.o
                0x0000000008005098                void std::__alloc_on_copy<std::allocator<float> >(std::allocator<float>&, std::allocator<float> const&)
 .text._ZNKSt6vectorIfSaIfEE8capacityEv
                0x00000000080050b4       0x22 Src/MotorInfo.o
                0x00000000080050b4                std::vector<float, std::allocator<float> >::capacity() const
 .text._ZNSt6vectorIfSaIfEE20_M_allocate_and_copyIN9__gnu_cxx17__normal_iteratorIPKfS1_EEEEPfjT_S9_
                0x00000000080050d6       0x38 Src/MotorInfo.o
                0x00000000080050d6                float* std::vector<float, std::allocator<float> >::_M_allocate_and_copy<__gnu_cxx::__normal_iterator<float const*, std::vector<float, std::allocator<float> > > >(unsigned int, __gnu_cxx::__normal_iterator<float const*, std::vector<float, std::allocator<float> > >, __gnu_cxx::__normal_iterator<float const*, std::vector<float, std::allocator<float> > >)
 .text._ZSt4copyIN9__gnu_cxx17__normal_iteratorIPKfSt6vectorIfSaIfEEEENS1_IPfS6_EEET0_T_SB_SA_
                0x000000000800510e       0x30 Src/MotorInfo.o
                0x000000000800510e                __gnu_cxx::__normal_iterator<float*, std::vector<float, std::allocator<float> > > std::copy<__gnu_cxx::__normal_iterator<float const*, std::vector<float, std::allocator<float> > >, __gnu_cxx::__normal_iterator<float*, std::vector<float, std::allocator<float> > > >(__gnu_cxx::__normal_iterator<float const*, std::vector<float, std::allocator<float> > >, __gnu_cxx::__normal_iterator<float const*, std::vector<float, std::allocator<float> > >, __gnu_cxx::__normal_iterator<float*, std::vector<float, std::allocator<float> > >)
 .text._ZSt8_DestroyIN9__gnu_cxx17__normal_iteratorIPfSt6vectorIfSaIfEEEEfEvT_S7_RSaIT0_E
                0x000000000800513e       0x1c Src/MotorInfo.o
                0x000000000800513e                void std::_Destroy<__gnu_cxx::__normal_iterator<float*, std::vector<float, std::allocator<float> > >, float>(__gnu_cxx::__normal_iterator<float*, std::vector<float, std::allocator<float> > >, __gnu_cxx::__normal_iterator<float*, std::vector<float, std::allocator<float> > >, std::allocator<float>&)
 .text._ZSt4copyIPfS0_ET0_T_S2_S1_
                0x000000000800515a       0x30 Src/MotorInfo.o
                0x000000000800515a                float* std::copy<float*, float*>(float*, float*, float*)
 .text._ZSt22__uninitialized_copy_aIPfS0_fET0_T_S2_S1_RSaIT1_E
                0x000000000800518a       0x22 Src/MotorInfo.o
                0x000000000800518a                float* std::__uninitialized_copy_a<float*, float*, float>(float*, float*, float*, std::allocator<float>&)
 .text._ZNKSt6vectorIfSaIfEE14_M_range_checkEj
                0x00000000080051ac       0x40 Src/MotorInfo.o
                0x00000000080051ac                std::vector<float, std::allocator<float> >::_M_range_check(unsigned int) const
 .text._ZNSt6vectorIfSaIfEEixEj
                0x00000000080051ec       0x20 Src/MotorInfo.o
                0x00000000080051ec                std::vector<float, std::allocator<float> >::operator[](unsigned int)
 .text._ZSt18__do_alloc_on_copyISaIfEEvRT_RKS1_St17integral_constantIbLb0EE
                0x000000000800520c       0x18 Src/MotorInfo.o
                0x000000000800520c                void std::__do_alloc_on_copy<std::allocator<float> >(std::allocator<float>&, std::allocator<float> const&, std::integral_constant<bool, false>)
 .text._ZSt14__copy_move_a2ILb0EN9__gnu_cxx17__normal_iteratorIPKfSt6vectorIfSaIfEEEENS1_IPfS6_EEET1_T0_SB_SA_
                0x0000000008005224       0x4c Src/MotorInfo.o
                0x0000000008005224                __gnu_cxx::__normal_iterator<float*, std::vector<float, std::allocator<float> > > std::__copy_move_a2<false, __gnu_cxx::__normal_iterator<float const*, std::vector<float, std::allocator<float> > >, __gnu_cxx::__normal_iterator<float*, std::vector<float, std::allocator<float> > > >(__gnu_cxx::__normal_iterator<float const*, std::vector<float, std::allocator<float> > >, __gnu_cxx::__normal_iterator<float const*, std::vector<float, std::allocator<float> > >, __gnu_cxx::__normal_iterator<float*, std::vector<float, std::allocator<float> > >)
 .text._ZSt8_DestroyIN9__gnu_cxx17__normal_iteratorIPfSt6vectorIfSaIfEEEEEvT_S7_
                0x0000000008005270       0x1a Src/MotorInfo.o
                0x0000000008005270                void std::_Destroy<__gnu_cxx::__normal_iterator<float*, std::vector<float, std::allocator<float> > > >(__gnu_cxx::__normal_iterator<float*, std::vector<float, std::allocator<float> > >, __gnu_cxx::__normal_iterator<float*, std::vector<float, std::allocator<float> > >)
 .text._ZSt14__copy_move_a2ILb0EPfS0_ET1_T0_S2_S1_
                0x000000000800528a       0x38 Src/MotorInfo.o
                0x000000000800528a                float* std::__copy_move_a2<false, float*, float*>(float*, float*, float*)
 .text._ZSt18uninitialized_copyIPfS0_ET0_T_S2_S1_
                0x00000000080052c2       0x24 Src/MotorInfo.o
                0x00000000080052c2                float* std::uninitialized_copy<float*, float*>(float*, float*, float*)
 .text._ZSt12__niter_baseIPfSt6vectorIfSaIfEEET_N9__gnu_cxx17__normal_iteratorIS4_T0_EE
                0x00000000080052e6       0x1c Src/MotorInfo.o
                0x00000000080052e6                float* std::__niter_base<float*, std::vector<float, std::allocator<float> > >(__gnu_cxx::__normal_iterator<float*, std::vector<float, std::allocator<float> > >)
 .text._ZNSt12_Destroy_auxILb1EE9__destroyIN9__gnu_cxx17__normal_iteratorIPfSt6vectorIfSaIfEEEEEEvT_S9_
                0x0000000008005302       0x16 Src/MotorInfo.o
                0x0000000008005302                void std::_Destroy_aux<true>::__destroy<__gnu_cxx::__normal_iterator<float*, std::vector<float, std::allocator<float> > > >(__gnu_cxx::__normal_iterator<float*, std::vector<float, std::allocator<float> > >, __gnu_cxx::__normal_iterator<float*, std::vector<float, std::allocator<float> > >)
 .text._ZSt13__copy_move_aILb0EPfS0_ET1_T0_S2_S1_
                0x0000000008005318       0x24 Src/MotorInfo.o
                0x0000000008005318                float* std::__copy_move_a<false, float*, float*>(float*, float*, float*)
 .text._ZNSt20__uninitialized_copyILb1EE13__uninit_copyIPfS2_EET0_T_S4_S3_
                0x000000000800533c       0x20 Src/MotorInfo.o
                0x000000000800533c                float* std::__uninitialized_copy<true>::__uninit_copy<float*, float*>(float*, float*, float*)
 .text.LL_TIM_EnableCounter
                0x000000000800535c       0x20 Src/PWM.o
 .text.LL_TIM_SetAutoReload
                0x000000000800537c       0x1c Src/PWM.o
 .text.LL_TIM_CC_EnableChannel
                0x0000000008005398       0x22 Src/PWM.o
 .text.LL_TIM_EnableAllOutputs
                0x00000000080053ba       0x20 Src/PWM.o
 .text._ZN3PWM6setTIMEP11TIM_TypeDef
                0x00000000080053da       0x1c Src/PWM.o
                0x00000000080053da                PWM::setTIM(TIM_TypeDef*)
 .text._ZN3PWM5setCHEi
                0x00000000080053f6       0x1c Src/PWM.o
                0x00000000080053f6                PWM::setCH(int)
 .text._ZN3PWM5fInitEi
                0x0000000008005412       0xfc Src/PWM.o
                0x0000000008005412                PWM::fInit(int)
 .text._ZN3PWM6f2DutyEf
                0x000000000800550e       0x4e Src/PWM.o
                0x000000000800550e                PWM::f2Duty(float)
 .text.__NVIC_GetPriorityGrouping
                0x000000000800555c       0x1c Src/adc.o
 .text.__NVIC_EnableIRQ
                0x0000000008005578       0x3c Src/adc.o
 .text.__NVIC_SetPriority
                0x00000000080055b4       0x54 Src/adc.o
 .text.NVIC_EncodePriority
                0x0000000008005608       0x66 Src/adc.o
 .text.LL_ADC_REG_SetSequencerRanks
                0x000000000800566e       0x66 Src/adc.o
 .text.LL_ADC_REG_SetFlagEndOfConversion
                0x00000000080056d4       0x26 Src/adc.o
 .text.LL_ADC_INJ_SetSequencerRanks
                0x00000000080056fa       0x6c Src/adc.o
 .text.LL_ADC_INJ_SetOffset
                0x0000000008005766       0x50 Src/adc.o
 .text.LL_ADC_SetChannelSamplingTime
                0x00000000080057b6       0x92 Src/adc.o
 .text.LL_ADC_INJ_StartConversionExtTrig
                0x0000000008005848       0x22 Src/adc.o
 .text.LL_ADC_DisableIT_EOCS
                0x000000000800586a       0x20 Src/adc.o
 .text.LL_ADC_DisableIT_JEOS
                0x000000000800588a       0x20 Src/adc.o
 *fill*         0x00000000080058aa        0x2 
 .text.LL_AHB1_GRP1_EnableClock
                0x00000000080058ac       0x30 Src/adc.o
 .text.LL_APB2_GRP1_EnableClock
                0x00000000080058dc       0x30 Src/adc.o
 .text.MX_ADC1_Init
                0x000000000800590c      0x234 Src/adc.o
                0x000000000800590c                MX_ADC1_Init
 .text.MX_ADC2_Init
                0x0000000008005b40      0x210 Src/adc.o
                0x0000000008005b40                MX_ADC2_Init
 .text.MX_ADC3_Init
                0x0000000008005d50       0xa4 Src/adc.o
                0x0000000008005d50                MX_ADC3_Init
 .text.HAL_ADC_MspInit
                0x0000000008005df4       0x98 Src/adc.o
                0x0000000008005df4                HAL_ADC_MspInit
 .text.LL_SYSCFG_SetEXTISource
                0x0000000008005e8c       0x5c Src/gpio.o
 .text.LL_GPIO_SetPinMode
                0x0000000008005ee8       0x5e Src/gpio.o
 .text.LL_GPIO_SetPinPull
                0x0000000008005f46       0x5e Src/gpio.o
 .text.LL_GPIO_ResetOutputPin
                0x0000000008005fa4       0x1e Src/gpio.o
 *fill*         0x0000000008005fc2        0x2 
 .text.LL_AHB1_GRP1_EnableClock
                0x0000000008005fc4       0x30 Src/gpio.o
 .text.MX_GPIO_Init
                0x0000000008005ff4       0xd8 Src/gpio.o
                0x0000000008005ff4                MX_GPIO_Init
 .text.main     0x00000000080060cc       0x2a Src/main.o
                0x00000000080060cc                main
 *fill*         0x00000000080060f6        0x2 
 .text.SystemClock_Config
                0x00000000080060f8       0xe4 Src/main.o
                0x00000000080060f8                SystemClock_Config
 .text.Error_Handler
                0x00000000080061dc        0xe Src/main.o
                0x00000000080061dc                Error_Handler
 *fill*         0x00000000080061ea        0x2 
 .text.HAL_MspInit
                0x00000000080061ec       0x50 Src/stm32f4xx_hal_msp.o
                0x00000000080061ec                HAL_MspInit
 .text.NMI_Handler
                0x000000000800623c        0xe Src/stm32f4xx_it.o
                0x000000000800623c                NMI_Handler
 .text.HardFault_Handler
                0x000000000800624a        0x6 Src/stm32f4xx_it.o
                0x000000000800624a                HardFault_Handler
 .text.MemManage_Handler
                0x0000000008006250        0x6 Src/stm32f4xx_it.o
                0x0000000008006250                MemManage_Handler
 .text.BusFault_Handler
                0x0000000008006256        0x6 Src/stm32f4xx_it.o
                0x0000000008006256                BusFault_Handler
 .text.UsageFault_Handler
                0x000000000800625c        0x6 Src/stm32f4xx_it.o
                0x000000000800625c                UsageFault_Handler
 .text.SVC_Handler
                0x0000000008006262        0xe Src/stm32f4xx_it.o
                0x0000000008006262                SVC_Handler
 .text.DebugMon_Handler
                0x0000000008006270        0xe Src/stm32f4xx_it.o
                0x0000000008006270                DebugMon_Handler
 .text.PendSV_Handler
                0x000000000800627e        0xe Src/stm32f4xx_it.o
                0x000000000800627e                PendSV_Handler
 .text.SysTick_Handler
                0x000000000800628c        0xc Src/stm32f4xx_it.o
                0x000000000800628c                SysTick_Handler
 .text.ADC_IRQHandler
                0x0000000008006298       0x18 Src/stm32f4xx_it.o
                0x0000000008006298                ADC_IRQHandler
 .text.TIM1_BRK_TIM9_IRQHandler
                0x00000000080062b0        0xe Src/stm32f4xx_it.o
                0x00000000080062b0                TIM1_BRK_TIM9_IRQHandler
 .text.TIM1_UP_TIM10_IRQHandler
                0x00000000080062be        0xe Src/stm32f4xx_it.o
                0x00000000080062be                TIM1_UP_TIM10_IRQHandler
 .text._getpid  0x00000000080062cc       0x10 Src/syscalls.o
                0x00000000080062cc                _getpid
 .text._kill    0x00000000080062dc       0x20 Src/syscalls.o
                0x00000000080062dc                _kill
 .text._exit    0x00000000080062fc       0x14 Src/syscalls.o
                0x00000000080062fc                _exit
 .text._sbrk    0x0000000008006310       0x58 Src/sysmem.o
                0x0000000008006310                _sbrk
 .text.SystemInit
                0x0000000008006368       0x6c Src/system_stm32f4xx.o
                0x0000000008006368                SystemInit
 .text.__NVIC_GetPriorityGrouping
                0x00000000080063d4       0x1c Src/tim.o
 .text.__NVIC_EnableIRQ
                0x00000000080063f0       0x3c Src/tim.o
 .text.__NVIC_SetPriority
                0x000000000800642c       0x54 Src/tim.o
 .text.NVIC_EncodePriority
                0x0000000008006480       0x66 Src/tim.o
 .text.LL_TIM_DisableARRPreload
                0x00000000080064e6       0x20 Src/tim.o
 *fill*         0x0000000008006506        0x2 
 .text.LL_TIM_OC_DisableFast
                0x0000000008006508       0x84 Src/tim.o
 .text.LL_TIM_OC_EnablePreload
                0x000000000800658c       0x84 Src/tim.o
 .text.LL_TIM_SetTriggerOutput
                0x0000000008006610       0x26 Src/tim.o
 .text.LL_TIM_SetSlaveMode
                0x0000000008006636       0x26 Src/tim.o
 .text.LL_TIM_SetTriggerInput
                0x000000000800665c       0x26 Src/tim.o
 .text.LL_TIM_DisableMasterSlaveMode
                0x0000000008006682       0x20 Src/tim.o
 .text.LL_TIM_DisableIT_TRIG
                0x00000000080066a2       0x20 Src/tim.o
 .text.LL_TIM_DisableDMAReq_TRIG
                0x00000000080066c2       0x20 Src/tim.o
 *fill*         0x00000000080066e2        0x2 
 .text.LL_AHB1_GRP1_EnableClock
                0x00000000080066e4       0x30 Src/tim.o
 .text.LL_APB2_GRP1_EnableClock
                0x0000000008006714       0x30 Src/tim.o
 .text.MX_TIM1_Init
                0x0000000008006744      0x238 Src/tim.o
                0x0000000008006744                MX_TIM1_Init
 .text.LL_USART_Enable
                0x000000000800697c       0x20 Src/usart.o
 .text.LL_USART_ConfigAsyncMode
                0x000000000800699c       0x2c Src/usart.o
 .text.LL_AHB1_GRP1_EnableClock
                0x00000000080069c8       0x30 Src/usart.o
 .text.LL_APB1_GRP1_EnableClock
                0x00000000080069f8       0x30 Src/usart.o
 .text.MX_USART2_UART_Init
                0x0000000008006a28       0xa0 Src/usart.o
                0x0000000008006a28                MX_USART2_UART_Init
 .text.LL_ADC_Enable
                0x0000000008006ac8       0x20 Src/wrapper.o
 .text.LL_ADC_REG_StartConversionSWStart
                0x0000000008006ae8       0x20 Src/wrapper.o
 .text.LL_ADC_REG_ReadConversionData12
                0x0000000008006b08       0x1a Src/wrapper.o
 .text.LL_ADC_INJ_ReadConversionData12
                0x0000000008006b22       0x42 Src/wrapper.o
 .text.LL_ADC_IsActiveFlag_JEOS
                0x0000000008006b64       0x26 Src/wrapper.o
 .text.LL_ADC_ClearFlag_JEOS
                0x0000000008006b8a       0x1c Src/wrapper.o
 .text.LL_ADC_EnableIT_JEOS
                0x0000000008006ba6       0x20 Src/wrapper.o
 .text.LL_GPIO_SetOutputPin
                0x0000000008006bc6       0x1c Src/wrapper.o
 .text._ZN3PWMC2Ev
                0x0000000008006be2       0x22 Src/wrapper.o
                0x0000000008006be2                PWM::PWM()
                0x0000000008006be2                PWM::PWM()
 .text.cppwrapper
                0x0000000008006c04      0x118 Src/wrapper.o
                0x0000000008006c04                cppwrapper
 .text._Z12MotorPWMTaskiff
                0x0000000008006d1c       0x8c Src/wrapper.o
                0x0000000008006d1c                MotorPWMTask(int, float, float)
 .text.HighFreqTask
                0x0000000008006da8      0x16c Src/wrapper.o
                0x0000000008006da8                HighFreqTask
 .text._Z8ADC_Initv
                0x0000000008006f14       0x28 Src/wrapper.o
                0x0000000008006f14                ADC_Init()
 .text._Z41__static_initialization_and_destruction_0ii
                0x0000000008006f3c       0x7c Src/wrapper.o
 .text._GLOBAL__sub_I_adc_data1
                0x0000000008006fb8       0x10 Src/wrapper.o
 .text._GLOBAL__sub_D_adc_data1
                0x0000000008006fc8       0x10 Src/wrapper.o
 .text.Reset_Handler
                0x0000000008006fd8       0x50 Startup/startup_stm32f446retx.o
                0x0000000008006fd8                Reset_Handler
 .text.Default_Handler
                0x0000000008007028        0x2 Startup/startup_stm32f446retx.o
                0x0000000008007028                DMA1_Stream3_IRQHandler
                0x0000000008007028                EXTI2_IRQHandler
                0x0000000008007028                TIM8_CC_IRQHandler
                0x0000000008007028                FMPI2C1_EV_IRQHandler
                0x0000000008007028                SPI4_IRQHandler
                0x0000000008007028                TIM1_CC_IRQHandler
                0x0000000008007028                DMA2_Stream5_IRQHandler
                0x0000000008007028                DMA1_Stream5_IRQHandler
                0x0000000008007028                PVD_IRQHandler
                0x0000000008007028                SDIO_IRQHandler
                0x0000000008007028                TAMP_STAMP_IRQHandler
                0x0000000008007028                CAN2_RX1_IRQHandler
                0x0000000008007028                EXTI3_IRQHandler
                0x0000000008007028                TIM8_TRG_COM_TIM14_IRQHandler
                0x0000000008007028                TIM8_UP_TIM13_IRQHandler
                0x0000000008007028                I2C3_ER_IRQHandler
                0x0000000008007028                EXTI0_IRQHandler
                0x0000000008007028                I2C2_EV_IRQHandler
                0x0000000008007028                DMA1_Stream2_IRQHandler
                0x0000000008007028                CAN1_RX0_IRQHandler
                0x0000000008007028                FPU_IRQHandler
                0x0000000008007028                OTG_HS_WKUP_IRQHandler
                0x0000000008007028                CAN2_SCE_IRQHandler
                0x0000000008007028                DMA2_Stream2_IRQHandler
                0x0000000008007028                SPI1_IRQHandler
                0x0000000008007028                TIM6_DAC_IRQHandler
                0x0000000008007028                DCMI_IRQHandler
                0x0000000008007028                CAN2_RX0_IRQHandler
                0x0000000008007028                DMA2_Stream3_IRQHandler
                0x0000000008007028                SAI2_IRQHandler
                0x0000000008007028                USART6_IRQHandler
                0x0000000008007028                USART3_IRQHandler
                0x0000000008007028                CAN1_RX1_IRQHandler
                0x0000000008007028                UART5_IRQHandler
                0x0000000008007028                DMA2_Stream0_IRQHandler
                0x0000000008007028                TIM4_IRQHandler
                0x0000000008007028                QUADSPI_IRQHandler
                0x0000000008007028                I2C1_EV_IRQHandler
                0x0000000008007028                DMA1_Stream6_IRQHandler
                0x0000000008007028                DMA1_Stream1_IRQHandler
                0x0000000008007028                UART4_IRQHandler
                0x0000000008007028                TIM3_IRQHandler
                0x0000000008007028                RCC_IRQHandler
                0x0000000008007028                TIM8_BRK_TIM12_IRQHandler
                0x0000000008007028                Default_Handler
                0x0000000008007028                CEC_IRQHandler
                0x0000000008007028                EXTI15_10_IRQHandler
                0x0000000008007028                DMA1_Stream7_IRQHandler
                0x0000000008007028                TIM7_IRQHandler
                0x0000000008007028                CAN2_TX_IRQHandler
                0x0000000008007028                TIM5_IRQHandler
                0x0000000008007028                DMA2_Stream7_IRQHandler
                0x0000000008007028                I2C3_EV_IRQHandler
                0x0000000008007028                EXTI9_5_IRQHandler
                0x0000000008007028                RTC_WKUP_IRQHandler
                0x0000000008007028                SPDIF_RX_IRQHandler
                0x0000000008007028                SPI2_IRQHandler
                0x0000000008007028                OTG_HS_EP1_IN_IRQHandler
                0x0000000008007028                DMA1_Stream0_IRQHandler
                0x0000000008007028                CAN1_TX_IRQHandler
                0x0000000008007028                FMPI2C1_ER_IRQHandler
                0x0000000008007028                EXTI4_IRQHandler
                0x0000000008007028                OTG_HS_EP1_OUT_IRQHandler
                0x0000000008007028                WWDG_IRQHandler
                0x0000000008007028                TIM2_IRQHandler
                0x0000000008007028                OTG_FS_WKUP_IRQHandler
                0x0000000008007028                TIM1_TRG_COM_TIM11_IRQHandler
                0x0000000008007028                OTG_HS_IRQHandler
                0x0000000008007028                EXTI1_IRQHandler
                0x0000000008007028                USART2_IRQHandler
                0x0000000008007028                I2C2_ER_IRQHandler
                0x0000000008007028                DMA2_Stream1_IRQHandler
                0x0000000008007028                CAN1_SCE_IRQHandler
                0x0000000008007028                FLASH_IRQHandler
                0x0000000008007028                DMA2_Stream4_IRQHandler
                0x0000000008007028                USART1_IRQHandler
                0x0000000008007028                OTG_FS_IRQHandler
                0x0000000008007028                SPI3_IRQHandler
                0x0000000008007028                DMA1_Stream4_IRQHandler
                0x0000000008007028                I2C1_ER_IRQHandler
                0x0000000008007028                FMC_IRQHandler
                0x0000000008007028                DMA2_Stream6_IRQHandler
                0x0000000008007028                SAI1_IRQHandler
                0x0000000008007028                RTC_Alarm_IRQHandler
 .text._ZdlPv   0x000000000800702a        0x4 /Applications/STM32CubeIDE.app/Contents/Eclipse/plugins/com.st.stm32cube.ide.mcu.externaltools.gnu-tools-for-stm32.7-2018-q2-update.macos64_1.0.0.201904181610/tools/bin/../lib/gcc/arm-none-eabi/7.3.1/../../../../arm-none-eabi/lib/thumb/v7e-m/fpv4-sp/hard/libstdc++_nano.a(del_op.o)
                0x000000000800702a                operator delete(void*)
 .text._ZdlPvj  0x000000000800702e        0x4 /Applications/STM32CubeIDE.app/Contents/Eclipse/plugins/com.st.stm32cube.ide.mcu.externaltools.gnu-tools-for-stm32.7-2018-q2-update.macos64_1.0.0.201904181610/tools/bin/../lib/gcc/arm-none-eabi/7.3.1/../../../../arm-none-eabi/lib/thumb/v7e-m/fpv4-sp/hard/libstdc++_nano.a(del_ops.o)
                0x000000000800702e                operator delete(void*, unsigned int)
 .text._Znwj    0x0000000008007032       0x22 /Applications/STM32CubeIDE.app/Contents/Eclipse/plugins/com.st.stm32cube.ide.mcu.externaltools.gnu-tools-for-stm32.7-2018-q2-update.macos64_1.0.0.201904181610/tools/bin/../lib/gcc/arm-none-eabi/7.3.1/../../../../arm-none-eabi/lib/thumb/v7e-m/fpv4-sp/hard/libstdc++_nano.a(new_op.o)
                0x0000000008007032                operator new(unsigned int)
 .text.fmodl    0x0000000008007054        0x4 /Applications/STM32CubeIDE.app/Contents/Eclipse/plugins/com.st.stm32cube.ide.mcu.externaltools.gnu-tools-for-stm32.7-2018-q2-update.macos64_1.0.0.201904181610/tools/bin/../lib/gcc/arm-none-eabi/7.3.1/../../../../arm-none-eabi/lib/thumb/v7e-m/fpv4-sp/hard/libstdc++_nano.a(math_stubs_long_double.o)
                0x0000000008007054                fmodl
 .text._ZSt17__throw_bad_allocv
                0x0000000008007058        0x6 /Applications/STM32CubeIDE.app/Contents/Eclipse/plugins/com.st.stm32cube.ide.mcu.externaltools.gnu-tools-for-stm32.7-2018-q2-update.macos64_1.0.0.201904181610/tools/bin/../lib/gcc/arm-none-eabi/7.3.1/../../../../arm-none-eabi/lib/thumb/v7e-m/fpv4-sp/hard/libstdc++_nano.a(functexcept.o)
                0x0000000008007058                std::__throw_bad_alloc()
 .text._ZSt19__throw_logic_errorPKc
                0x000000000800705e        0x6 /Applications/STM32CubeIDE.app/Contents/Eclipse/plugins/com.st.stm32cube.ide.mcu.externaltools.gnu-tools-for-stm32.7-2018-q2-update.macos64_1.0.0.201904181610/tools/bin/../lib/gcc/arm-none-eabi/7.3.1/../../../../arm-none-eabi/lib/thumb/v7e-m/fpv4-sp/hard/libstdc++_nano.a(functexcept.o)
                0x000000000800705e                std::__throw_logic_error(char const*)
 .text._ZSt20__throw_length_errorPKc
                0x0000000008007064        0x6 /Applications/STM32CubeIDE.app/Contents/Eclipse/plugins/com.st.stm32cube.ide.mcu.externaltools.gnu-tools-for-stm32.7-2018-q2-update.macos64_1.0.0.201904181610/tools/bin/../lib/gcc/arm-none-eabi/7.3.1/../../../../arm-none-eabi/lib/thumb/v7e-m/fpv4-sp/hard/libstdc++_nano.a(functexcept.o)
                0x0000000008007064                std::__throw_length_error(char const*)
 .text._ZSt24__throw_out_of_range_fmtPKcz
                0x000000000800706a       0x36 /Applications/STM32CubeIDE.app/Contents/Eclipse/plugins/com.st.stm32cube.ide.mcu.externaltools.gnu-tools-for-stm32.7-2018-q2-update.macos64_1.0.0.201904181610/tools/bin/../lib/gcc/arm-none-eabi/7.3.1/../../../../arm-none-eabi/lib/thumb/v7e-m/fpv4-sp/hard/libstdc++_nano.a(functexcept.o)
                0x000000000800706a                std::__throw_out_of_range_fmt(char const*, ...)
 .text._ZN9__gnu_cxx26__throw_insufficient_spaceEPKcS1_
                0x00000000080070a0       0x4c /Applications/STM32CubeIDE.app/Contents/Eclipse/plugins/com.st.stm32cube.ide.mcu.externaltools.gnu-tools-for-stm32.7-2018-q2-update.macos64_1.0.0.201904181610/tools/bin/../lib/gcc/arm-none-eabi/7.3.1/../../../../arm-none-eabi/lib/thumb/v7e-m/fpv4-sp/hard/libstdc++_nano.a(snprintf_lite.o)
                0x00000000080070a0                __gnu_cxx::__throw_insufficient_space(char const*, char const*)
 .text._ZN9__gnu_cxx15__concat_size_tEPcjj
                0x00000000080070ec       0x50 /Applications/STM32CubeIDE.app/Contents/Eclipse/plugins/com.st.stm32cube.ide.mcu.externaltools.gnu-tools-for-stm32.7-2018-q2-update.macos64_1.0.0.201904181610/tools/bin/../lib/gcc/arm-none-eabi/7.3.1/../../../../arm-none-eabi/lib/thumb/v7e-m/fpv4-sp/hard/libstdc++_nano.a(snprintf_lite.o)
                0x00000000080070ec                __gnu_cxx::__concat_size_t(char*, unsigned int, unsigned int)
 .text._ZN9__gnu_cxx15__snprintf_liteEPcjPKcSt9__va_list
                0x000000000800713c       0x80 /Applications/STM32CubeIDE.app/Contents/Eclipse/plugins/com.st.stm32cube.ide.mcu.externaltools.gnu-tools-for-stm32.7-2018-q2-update.macos64_1.0.0.201904181610/tools/bin/../lib/gcc/arm-none-eabi/7.3.1/../../../../arm-none-eabi/lib/thumb/v7e-m/fpv4-sp/hard/libstdc++_nano.a(snprintf_lite.o)
                0x000000000800713c                __gnu_cxx::__snprintf_lite(char*, unsigned int, char const*, std::__va_list)
 .text._ZSt15get_new_handlerv
                0x00000000080071bc       0x10 /Applications/STM32CubeIDE.app/Contents/Eclipse/plugins/com.st.stm32cube.ide.mcu.externaltools.gnu-tools-for-stm32.7-2018-q2-update.macos64_1.0.0.201904181610/tools/bin/../lib/gcc/arm-none-eabi/7.3.1/../../../../arm-none-eabi/lib/thumb/v7e-m/fpv4-sp/hard/libstdc++_nano.a(new_handler.o)
                0x00000000080071bc                std::get_new_handler()
 *fill*         0x00000000080071cc        0x4 
 .text.cos      0x00000000080071d0       0x88 /Applications/STM32CubeIDE.app/Contents/Eclipse/plugins/com.st.stm32cube.ide.mcu.externaltools.gnu-tools-for-stm32.7-2018-q2-update.macos64_1.0.0.201904181610/tools/bin/../lib/gcc/arm-none-eabi/7.3.1/../../../../arm-none-eabi/lib/thumb/v7e-m/fpv4-sp/hard/libm.a(lib_a-s_cos.o)
                0x00000000080071d0                cos
 .text.fabs     0x0000000008007258       0x12 /Applications/STM32CubeIDE.app/Contents/Eclipse/plugins/com.st.stm32cube.ide.mcu.externaltools.gnu-tools-for-stm32.7-2018-q2-update.macos64_1.0.0.201904181610/tools/bin/../lib/gcc/arm-none-eabi/7.3.1/../../../../arm-none-eabi/lib/thumb/v7e-m/fpv4-sp/hard/libm.a(lib_a-s_fabs.o)
                0x0000000008007258                fabs
 *fill*         0x000000000800726a        0x6 
 .text.floor    0x0000000008007270      0x108 /Applications/STM32CubeIDE.app/Contents/Eclipse/plugins/com.st.stm32cube.ide.mcu.externaltools.gnu-tools-for-stm32.7-2018-q2-update.macos64_1.0.0.201904181610/tools/bin/../lib/gcc/arm-none-eabi/7.3.1/../../../../arm-none-eabi/lib/thumb/v7e-m/fpv4-sp/hard/libm.a(lib_a-s_floor.o)
                0x0000000008007270                floor
 .text.scalbn   0x0000000008007378       0xec /Applications/STM32CubeIDE.app/Contents/Eclipse/plugins/com.st.stm32cube.ide.mcu.externaltools.gnu-tools-for-stm32.7-2018-q2-update.macos64_1.0.0.201904181610/tools/bin/../lib/gcc/arm-none-eabi/7.3.1/../../../../arm-none-eabi/lib/thumb/v7e-m/fpv4-sp/hard/libm.a(lib_a-s_scalbn.o)
                0x0000000008007378                scalbn
 *fill*         0x0000000008007464        0x4 
 .text.sin      0x0000000008007468       0x90 /Applications/STM32CubeIDE.app/Contents/Eclipse/plugins/com.st.stm32cube.ide.mcu.externaltools.gnu-tools-for-stm32.7-2018-q2-update.macos64_1.0.0.201904181610/tools/bin/../lib/gcc/arm-none-eabi/7.3.1/../../../../arm-none-eabi/lib/thumb/v7e-m/fpv4-sp/hard/libm.a(lib_a-s_sin.o)
                0x0000000008007468                sin
 .text.fmod     0x00000000080074f8       0xc8 /Applications/STM32CubeIDE.app/Contents/Eclipse/plugins/com.st.stm32cube.ide.mcu.externaltools.gnu-tools-for-stm32.7-2018-q2-update.macos64_1.0.0.201904181610/tools/bin/../lib/gcc/arm-none-eabi/7.3.1/../../../../arm-none-eabi/lib/thumb/v7e-m/fpv4-sp/hard/libm.a(lib_a-w_fmod.o)
                0x00000000080074f8                fmod
 .text.__ieee754_fmod
                0x00000000080075c0      0x224 /Applications/STM32CubeIDE.app/Contents/Eclipse/plugins/com.st.stm32cube.ide.mcu.externaltools.gnu-tools-for-stm32.7-2018-q2-update.macos64_1.0.0.201904181610/tools/bin/../lib/gcc/arm-none-eabi/7.3.1/../../../../arm-none-eabi/lib/thumb/v7e-m/fpv4-sp/hard/libm.a(lib_a-e_fmod.o)
                0x00000000080075c0                __ieee754_fmod
 *fill*         0x00000000080077e4        0x4 
 .text.__ieee754_rem_pio2
                0x00000000080077e8      0x3e4 /Applications/STM32CubeIDE.app/Contents/Eclipse/plugins/com.st.stm32cube.ide.mcu.externaltools.gnu-tools-for-stm32.7-2018-q2-update.macos64_1.0.0.201904181610/tools/bin/../lib/gcc/arm-none-eabi/7.3.1/../../../../arm-none-eabi/lib/thumb/v7e-m/fpv4-sp/hard/libm.a(lib_a-e_rem_pio2.o)
                0x00000000080077e8                __ieee754_rem_pio2
 *fill*         0x0000000008007bcc        0x4 
 .text.__kernel_cos
                0x0000000008007bd0      0x18c /Applications/STM32CubeIDE.app/Contents/Eclipse/plugins/com.st.stm32cube.ide.mcu.externaltools.gnu-tools-for-stm32.7-2018-q2-update.macos64_1.0.0.201904181610/tools/bin/../lib/gcc/arm-none-eabi/7.3.1/../../../../arm-none-eabi/lib/thumb/v7e-m/fpv4-sp/hard/libm.a(lib_a-k_cos.o)
                0x0000000008007bd0                __kernel_cos
 *fill*         0x0000000008007d5c        0x4 
 .text.__kernel_rem_pio2
                0x0000000008007d60      0x680 /Applications/STM32CubeIDE.app/Contents/Eclipse/plugins/com.st.stm32cube.ide.mcu.externaltools.gnu-tools-for-stm32.7-2018-q2-update.macos64_1.0.0.201904181610/tools/bin/../lib/gcc/arm-none-eabi/7.3.1/../../../../arm-none-eabi/lib/thumb/v7e-m/fpv4-sp/hard/libm.a(lib_a-k_rem_pio2.o)
                0x0000000008007d60                __kernel_rem_pio2
 .text.__kernel_sin
                0x00000000080083e0      0x174 /Applications/STM32CubeIDE.app/Contents/Eclipse/plugins/com.st.stm32cube.ide.mcu.externaltools.gnu-tools-for-stm32.7-2018-q2-update.macos64_1.0.0.201904181610/tools/bin/../lib/gcc/arm-none-eabi/7.3.1/../../../../arm-none-eabi/lib/thumb/v7e-m/fpv4-sp/hard/libm.a(lib_a-k_sin.o)
                0x00000000080083e0                __kernel_sin
 .text.copysign
                0x0000000008008554       0x1e /Applications/STM32CubeIDE.app/Contents/Eclipse/plugins/com.st.stm32cube.ide.mcu.externaltools.gnu-tools-for-stm32.7-2018-q2-update.macos64_1.0.0.201904181610/tools/bin/../lib/gcc/arm-none-eabi/7.3.1/../../../../arm-none-eabi/lib/thumb/v7e-m/fpv4-sp/hard/libm.a(lib_a-s_copysign.o)
                0x0000000008008554                copysign
 .text.matherr  0x0000000008008572        0x4 /Applications/STM32CubeIDE.app/Contents/Eclipse/plugins/com.st.stm32cube.ide.mcu.externaltools.gnu-tools-for-stm32.7-2018-q2-update.macos64_1.0.0.201904181610/tools/bin/../lib/gcc/arm-none-eabi/7.3.1/../../../../arm-none-eabi/lib/thumb/v7e-m/fpv4-sp/hard/libm.a(lib_a-s_matherr.o)
                0x0000000008008572                matherr
 .text.abort    0x0000000008008576        0xe /Applications/STM32CubeIDE.app/Contents/Eclipse/plugins/com.st.stm32cube.ide.mcu.externaltools.gnu-tools-for-stm32.7-2018-q2-update.macos64_1.0.0.201904181610/tools/bin/../lib/gcc/arm-none-eabi/7.3.1/../../../../arm-none-eabi/lib/thumb/v7e-m/fpv4-sp/hard/libc_nano.a(lib_a-abort.o)
                0x0000000008008576                abort
 .text.__errno  0x0000000008008584        0xc /Applications/STM32CubeIDE.app/Contents/Eclipse/plugins/com.st.stm32cube.ide.mcu.externaltools.gnu-tools-for-stm32.7-2018-q2-update.macos64_1.0.0.201904181610/tools/bin/../lib/gcc/arm-none-eabi/7.3.1/../../../../arm-none-eabi/lib/thumb/v7e-m/fpv4-sp/hard/libc_nano.a(lib_a-errno.o)
                0x0000000008008584                __errno
 .text.__libc_init_array
                0x0000000008008590       0x48 /Applications/STM32CubeIDE.app/Contents/Eclipse/plugins/com.st.stm32cube.ide.mcu.externaltools.gnu-tools-for-stm32.7-2018-q2-update.macos64_1.0.0.201904181610/tools/bin/../lib/gcc/arm-none-eabi/7.3.1/../../../../arm-none-eabi/lib/thumb/v7e-m/fpv4-sp/hard/libc_nano.a(lib_a-init.o)
                0x0000000008008590                __libc_init_array
 .text.malloc   0x00000000080085d8       0x10 /Applications/STM32CubeIDE.app/Contents/Eclipse/plugins/com.st.stm32cube.ide.mcu.externaltools.gnu-tools-for-stm32.7-2018-q2-update.macos64_1.0.0.201904181610/tools/bin/../lib/gcc/arm-none-eabi/7.3.1/../../../../arm-none-eabi/lib/thumb/v7e-m/fpv4-sp/hard/libc_nano.a(lib_a-malloc.o)
                0x00000000080085d8                malloc
 .text.free     0x00000000080085e8       0x10 /Applications/STM32CubeIDE.app/Contents/Eclipse/plugins/com.st.stm32cube.ide.mcu.externaltools.gnu-tools-for-stm32.7-2018-q2-update.macos64_1.0.0.201904181610/tools/bin/../lib/gcc/arm-none-eabi/7.3.1/../../../../arm-none-eabi/lib/thumb/v7e-m/fpv4-sp/hard/libc_nano.a(lib_a-malloc.o)
                0x00000000080085e8                free
 .text.memcpy   0x00000000080085f8       0x16 /Applications/STM32CubeIDE.app/Contents/Eclipse/plugins/com.st.stm32cube.ide.mcu.externaltools.gnu-tools-for-stm32.7-2018-q2-update.macos64_1.0.0.201904181610/tools/bin/../lib/gcc/arm-none-eabi/7.3.1/../../../../arm-none-eabi/lib/thumb/v7e-m/fpv4-sp/hard/libc_nano.a(lib_a-memcpy-stub.o)
                0x00000000080085f8                memcpy
 .text.memmove  0x000000000800860e       0x32 /Applications/STM32CubeIDE.app/Contents/Eclipse/plugins/com.st.stm32cube.ide.mcu.externaltools.gnu-tools-for-stm32.7-2018-q2-update.macos64_1.0.0.201904181610/tools/bin/../lib/gcc/arm-none-eabi/7.3.1/../../../../arm-none-eabi/lib/thumb/v7e-m/fpv4-sp/hard/libc_nano.a(lib_a-memmove.o)
                0x000000000800860e                memmove
 .text.memset   0x0000000008008640       0x10 /Applications/STM32CubeIDE.app/Contents/Eclipse/plugins/com.st.stm32cube.ide.mcu.externaltools.gnu-tools-for-stm32.7-2018-q2-update.macos64_1.0.0.201904181610/tools/bin/../lib/gcc/arm-none-eabi/7.3.1/../../../../arm-none-eabi/lib/thumb/v7e-m/fpv4-sp/hard/libc_nano.a(lib_a-memset.o)
                0x0000000008008640                memset
 .text._free_r  0x0000000008008650       0x9c /Applications/STM32CubeIDE.app/Contents/Eclipse/plugins/com.st.stm32cube.ide.mcu.externaltools.gnu-tools-for-stm32.7-2018-q2-update.macos64_1.0.0.201904181610/tools/bin/../lib/gcc/arm-none-eabi/7.3.1/../../../../arm-none-eabi/lib/thumb/v7e-m/fpv4-sp/hard/libc_nano.a(lib_a-nano-freer.o)
                0x0000000008008650                _free_r
 .text._malloc_r
                0x00000000080086ec       0xb4 /Applications/STM32CubeIDE.app/Contents/Eclipse/plugins/com.st.stm32cube.ide.mcu.externaltools.gnu-tools-for-stm32.7-2018-q2-update.macos64_1.0.0.201904181610/tools/bin/../lib/gcc/arm-none-eabi/7.3.1/../../../../arm-none-eabi/lib/thumb/v7e-m/fpv4-sp/hard/libc_nano.a(lib_a-nano-mallocr.o)
                0x00000000080086ec                _malloc_r