gthr-default.h:229:1:int __gthread_key_delete(__gthread_key_t)	16	static
Matrix.hpp:41:29:static std::array<float, 2> Matrix::MatrixMultiple2x2(float, float, float, float, std::array<float, 2>)	56	static
Matrix.hpp:49:29:static std::array<float, 2> Matrix::VectorMultiple2x1(float, std::array<float, 2>)	40	static
Matrix.hpp:55:29:static std::array<float, 2> Matrix::VectorAdd2x1(std::array<float, 2>, std::array<float, 2>)	48	static
Matrix.hpp:62:29:static std::array<float, 2> Matrix::VectorAdd2x1(std::array<float, 2>, std::array<float, 2>, std::array<float, 2>)	56	static
Matrix.hpp:68:29:static std::array<float, 2> Matrix::VectorSubtract2x1(std::array<float, 2>, std::array<float, 2>)	48	static
EMFObs.cpp:10:1:EMFObs::EMFObs()	16	static
EMFObs.cpp:15:1:EMFObs::~EMFObs()	16	static
EMFObs.cpp:15:1:virtual EMFObs::~EMFObs()	16	static
EMFObs.cpp:20:6:void EMFObs::InitMotorParam(float, float, float)	24	static
EMFObs.cpp:26:6:void EMFObs::InitCycleTime(float)	16	static
EMFObs.cpp:30:6:void EMFObs::InitObsGain(float)	16	static
EMFObs.cpp:35:6:void EMFObs::SetIgd(std::array<float, 2>)	24	static
EMFObs.cpp:38:6:void EMFObs::SetVgd(std::array<float, 2>)	24	static
EMFObs.cpp:41:6:void EMFObs::SetEstOmegaE(float)	16	static
EMFObs.cpp:46:6:void EMFObs::EMFObserver()	32	static
EMFObs.cpp:72:22:std::array<float, 2> EMFObs::GetEstEMFgd()	32	static
array:193:7:std::array<_Tp, _Nm>::value_type& std::array<_Tp, _Nm>::at(std::array<_Tp, _Nm>::size_type) [with _Tp = float; unsigned int _Nm = 2]	16	static
array:55:7:static constexpr _Tp& std::__array_traits<_Tp, _Nm>::_S_ref(const _Tp (&)[_Nm], std::size_t) [with _Tp = float; unsigned int _Nm = 2]	16	static
