mc_interface.c:59:6:MCI_Init	4	static
mc_interface.c:86:6:MCI_ExecSpeedRamp	0	static
mc_interface.c:112:6:MCI_ExecTorqueRamp	8	static
mc_interface.c:132:6:MCI_SetCurrentReferences	16	static
mc_interface.c:162:6:MCI_StartMotor	8	static
mc_interface.c:189:6:MCI_StopMotor	0	static
mc_interface.c:203:6:MCI_FaultAcknowledged	0	static
mc_interface.c:223:6:MCI_EncoderAlign	0	static
mc_interface.c:236:6:MCI_ExecBufferedCommands	8	static
mc_interface.c:296:21:MCI_IsCommandAcknowledged	0	static
mc_interface.c:313:10:MCI_GetSTMState	0	static
mc_interface.c:329:10:MCI_GetOccurredFaults	8	static
mc_interface.c:343:10:MCI_GetCurrentFaults	8	static
mc_interface.c:354:16:MCI_GetControlMode	0	static
mc_interface.c:366:9:MCI_GetImposedMotorDirection	0	static
mc_interface.c:403:9:MCI_GetLastRampFinalSpeed	0	static
mc_interface.c:420:6:MCI_RampCompleted	8	static
mc_interface.c:437:6:MCI_StopSpeedRamp	0	static
mc_interface.c:450:6:MCI_GetSpdSensorReliability	8	static
mc_interface.c:464:9:MCI_GetAvrgMecSpeed01Hz	8	static
mc_interface.c:478:9:MCI_GetMecSpeedRef01Hz	0	static
mc_interface.c:489:17:MCI_GetIab	8	static
mc_interface.c:499:17:MCI_GetIalphabeta	8	static
mc_interface.c:509:17:MCI_GetIqd	8	static
mc_interface.c:520:17:MCI_GetIqdHF	8	static
mc_interface.c:530:17:MCI_GetIqdref	8	static
mc_interface.c:540:17:MCI_GetVqd	8	static
mc_interface.c:550:17:MCI_GetValphabeta	8	static
mc_interface.c:561:9:MCI_GetElAngledpp	0	static
mc_interface.c:572:9:MCI_GetTeref	0	static
mc_interface.c:584:9:MCI_GetPhaseCurrentAmplitude	8	static
mc_interface.c:611:9:MCI_GetPhaseVoltageAmplitude	8	static
mc_interface.c:640:6:MCI_SetIdref	0	static
mc_interface.c:651:6:MCI_Clear_Iqdref	8	static
