pwm_curr_fdbk.c:90:6:PWMC_GetPhaseCurrents	0	static
pwm_curr_fdbk.c:127:10:PWMC_SetPhaseVoltage	24	static
pwm_curr_fdbk.c:239:6:PWMC_SwitchOffPWM	0	static
pwm_curr_fdbk.c:248:6:PWMC_SwitchOnPWM	0	static
pwm_curr_fdbk.c:265:6:PWMC_CurrentReadingCalibr	16	static
pwm_curr_fdbk.c:309:6:PWMC_TurnOnLowSides	0	static
pwm_curr_fdbk.c:318:10:PWMC_CheckOverCurrent	0	static
pwm_curr_fdbk.c:332:6:PWMC_OCPSetReferenceVoltage	0	static
pwm_curr_fdbk.c:349:6:PWMC_GetTurnOnLowSidesAction	0	static
pwm_curr_fdbk.c:355:6:PWMC_RLDetectionModeEnable	0	static
pwm_curr_fdbk.c:364:6:PWMC_RLDetectionModeDisable	0	static
pwm_curr_fdbk.c:382:10:PWMC_RLDetectionModeSetDuty	0	static
pwm_curr_fdbk.c:398:6:PWMC_RegisterGetPhaseCurrentsCallBack	0	static
pwm_curr_fdbk.c:411:6:PWMC_RegisterSwitchOffPwmCallBack	0	static
pwm_curr_fdbk.c:424:6:PWMC_RegisterSwitchonPwmCallBack	0	static
pwm_curr_fdbk.c:437:6:PWMC_RegisterReadingCalibrationCallBack	0	static
pwm_curr_fdbk.c:449:6:PWMC_RegisterTurnOnLowSidesCallBack	0	static
pwm_curr_fdbk.c:462:6:PWMC_RegisterSampPointSect1CallBack	0	static
pwm_curr_fdbk.c:475:6:PWMC_RegisterSampPointSect2CallBack	0	static
pwm_curr_fdbk.c:488:6:PWMC_RegisterSampPointSect3CallBack	0	static
pwm_curr_fdbk.c:501:6:PWMC_RegisterSampPointSect4CallBack	0	static
pwm_curr_fdbk.c:514:6:PWMC_RegisterSampPointSect5CallBack	0	static
pwm_curr_fdbk.c:527:6:PWMC_RegisterSampPointSect6CallBack	0	static
pwm_curr_fdbk.c:539:6:PWMC_RegisterIsOverCurrentOccurredCallBack	0	static
pwm_curr_fdbk.c:551:6:PWMC_RegisterOCPSetRefVoltageCallBack	0	static
pwm_curr_fdbk.c:562:6:PWMC_RegisterRLDetectionModeEnableCallBack	0	static
pwm_curr_fdbk.c:573:6:PWMC_RegisterRLDetectionModeDisableCallBack	0	static
pwm_curr_fdbk.c:585:6:PWMC_RegisterRLDetectionModeSetDutyCallBack	0	static
pwm_curr_fdbk.c:597:6:PWMC_RegisterIrqHandlerCallBack	0	static
