r3_f4xx_pwm_curr_fdbk.c:293:6:R3F4XX_GetPhaseCurrents	12	static
r3_f4xx_pwm_curr_fdbk.c:455:13:R3F4XX_HFCurrentsCalibrationAB	8	static
r3_f4xx_pwm_curr_fdbk.c:486:13:R3F4XX_HFCurrentsCalibrationC	8	static
r3_f4xx_pwm_curr_fdbk.c:515:6:R3F4XX_TurnOnLowSides	12	static
r3_f4xx_pwm_curr_fdbk.c:552:6:R3F4XX_SwitchOnPWM	12	static
r3_f4xx_pwm_curr_fdbk.c:596:6:R3F4XX_SwitchOffPWM	16	static
r3_f4xx_pwm_curr_fdbk.c:1504:13:R3F4XX_RLGetPhaseCurrents	0	static
r3_f4xx_pwm_curr_fdbk.c:1544:13:R3F4XX_RLTurnOnLowSides	8	static
r3_f4xx_pwm_curr_fdbk.c:1578:13:R3F4XX_RLSwitchOnPWM	20	static
r3_f4xx_pwm_curr_fdbk.c:88:6:R3F4XX_Init	4	static
r3_f4xx_pwm_curr_fdbk.c:207:6:R3F4XX_CurrentReadingCalibration	24	static
r3_f4xx_pwm_curr_fdbk.c:668:10:R3F4XX_SetADCSampPointSect1	20	static
r3_f4xx_pwm_curr_fdbk.c:747:10:R3F4XX_SetADCSampPointSect2	20	static
r3_f4xx_pwm_curr_fdbk.c:826:10:R3F4XX_SetADCSampPointSect3	20	static
r3_f4xx_pwm_curr_fdbk.c:905:10:R3F4XX_SetADCSampPointSect4	20	static
r3_f4xx_pwm_curr_fdbk.c:984:10:R3F4XX_SetADCSampPointSect5	20	static
r3_f4xx_pwm_curr_fdbk.c:1063:10:R3F4XX_SetADCSampPointSect6	20	static
r3_f4xx_pwm_curr_fdbk.c:1141:8:R3F4XX_TIMx_UP_IRQHandler	8	static
r3_f4xx_pwm_curr_fdbk.c:1200:8:R3F4XX_BRK_IRQHandler	16	static
r3_f4xx_pwm_curr_fdbk.c:1221:10:R3F4XX_ExecRegularConv	12	static
r3_f4xx_pwm_curr_fdbk.c:1251:6:R3F4XX_ADC_SetSamplingTime	16	static
r3_f4xx_pwm_curr_fdbk.c:1297:10:R3F4XX_IsOverCurrentOccurred	0	static
r3_f4xx_pwm_curr_fdbk.c:1316:6:R3F4XX_RLDetectionModeEnable	8	static
r3_f4xx_pwm_curr_fdbk.c:1367:6:R3F4XX_RLDetectionModeDisable	12	static
r3_f4xx_pwm_curr_fdbk.c:1444:10:R3F4XX_RLDetectionModeSetDuty	20	static
r3_f4xx_pwm_curr_fdbk.c:1640:6:RLTurnOnLowSidesAndStart	16	static
r3_f4xx_pwm_curr_fdbk.c:1693:6:RLSetADCSampPoint	0	static
