speed_torq_ctrl.c:54:6:STC_Init	12	static
speed_torq_ctrl.c:73:6:STC_SetSpeedSensor	0	static
speed_torq_ctrl.c:83:26:STC_GetSpeedSensor	0	static
speed_torq_ctrl.c:94:6:STC_Clear	0	static
speed_torq_ctrl.c:109:9:STC_GetMecSpeedRef01Hz	0	static
speed_torq_ctrl.c:124:9:STC_GetTorqueRef	0	static
speed_torq_ctrl.c:146:6:STC_SetControlMode	0	static
speed_torq_ctrl.c:158:16:STC_GetControlMode	0	static
speed_torq_ctrl.c:188:6:STC_ExecRamp	8	static
speed_torq_ctrl.c:282:6:STC_StopRamp	0	static
speed_torq_ctrl.c:301:9:STC_CalcTorqueReference	16	static
speed_torq_ctrl.c:368:9:STC_GetMecSpeedRef01HzDefault	0	static
speed_torq_ctrl.c:380:10:STC_GetMaxAppPositiveMecSpeed01Hz	0	static
speed_torq_ctrl.c:392:9:STC_GetMinAppNegativeMecSpeed01Hz	0	static
speed_torq_ctrl.c:402:6:STC_RampCompleted	0	static
speed_torq_ctrl.c:417:6:STC_StopSpeedRamp	0	static
speed_torq_ctrl.c:433:17:STC_GetDefaultIqdref	8	static
speed_torq_ctrl.c:448:6:STC_SetNominalCurrent	0	static
speed_torq_ctrl.c:460:6:STC_ForceSpeedReferenceToCurrentSpeed	8	static
