usart_frame_communication_protocol.c:64:6:UFCP_Init	0	static
usart_frame_communication_protocol.c:74:8:UFCP_RX_IRQ_Handler	16	static
usart_frame_communication_protocol.c:147:6:UFCP_TX_IRQ_Handler	8	static
usart_frame_communication_protocol.c:197:6:UFCP_OVR_IRQ_Handler	16	static
usart_frame_communication_protocol.c:210:6:UFCP_TIMEOUT_IRQ_Handler	16	static
usart_frame_communication_protocol.c:220:9:UFCP_Receive	0	static
usart_frame_communication_protocol.c:242:9:UFCP_Send	32	static
usart_frame_communication_protocol.c:270:6:UFCP_AbortReceive	0	static
