TIMCtrl.cpp:13:1:TIMCtrl::TIMCtrl()	16	static
TIMCtrl.cpp:18:1:TIMCtrl::~TIMCtrl()	16	static
TIMCtrl.cpp:18:1:virtual TIMCtrl::~TIMCtrl()	16	static
TIMCtrl.cpp:26:6:static void TIMCtrl::TIM1Init_HAL()	8	static
TIMCtrl.cpp:31:6:static void TIMCtrl::TIM1PWMStart()	8	static
TIMCtrl.cpp:39:6:static void TIMCtrl::TIM1SetCOMP_ch1(int)	16	static
TIMCtrl.cpp:42:6:static void TIMCtrl::TIM1SetCOMP_ch2(int)	16	static
TIMCtrl.cpp:45:6:static void TIMCtrl::TIM1SetCOMP_ch3(int)	16	static
TIMCtrl.cpp:48:6:static void TIMCtrl::TIM1SetCOMP_ch4(int)	16	static
TIMCtrl.cpp:51:6:static void TIMCtrl::TIM1SetCOMP_ch5(int)	16	static
TIMCtrl.cpp:54:6:static void TIMCtrl::TIM1SetCOMP_ch6(int)	16	static
TIMCtrl.cpp:58:6:static void TIMCtrl::floatDuty_ch1(float)	24	static
TIMCtrl.cpp:63:6:static void TIMCtrl::floatDuty_ch2(float)	24	static
TIMCtrl.cpp:68:6:static void TIMCtrl::floatDuty_ch3(float)	24	static
TIMCtrl.cpp:73:6:static void TIMCtrl::floatDuty_ch4(float)	24	static
TIMCtrl.cpp:78:6:static void TIMCtrl::MotorDuty_ch1(float)	24	static
TIMCtrl.cpp:83:6:static void TIMCtrl::MotorDuty_ch2(float)	24	static
TIMCtrl.cpp:88:6:static void TIMCtrl::MotorDuty_ch3(float)	24	static
TIMCtrl.cpp:93:6:static void TIMCtrl::MotorDuty_ch4(float)	24	static
TIMCtrl.cpp:100:6:static void TIMCtrl::MX_TIM1_Init()	128	static
TIMCtrl.cpp:185:6:static void TIMCtrl::HAL_TIM_Base_MspInit(TIM_HandleTypeDef*)	24	static
TIMCtrl.cpp:210:6:static void TIMCtrl::HAL_TIM_MspPostInit(TIM_HandleTypeDef*)	40	static
TIMCtrl.cpp:241:6:static void TIMCtrl::HAL_TIM_Base_MspDeInit(TIM_HandleTypeDef*)	16	static
