mc_api.c:70:6:MC_StartMotor1	0	static
mc_api.c:90:6:MC_StopMotor1	0	static
mc_api.c:126:6:MC_ProgramSpeedRampMotor1	0	static
mc_api.c:162:6:MC_ProgramTorqueRampMotor1	0	static
mc_api.c:187:6:MC_SetCurrentReferenceMotor1	8	static
mc_api.c:203:21:MC_GetCommandStateMotor1	0	static
mc_api.c:215:6:MC_StopSpeedRampMotor1	0	static
mc_api.c:223:6:MC_HasRampCompletedMotor1	0	static
mc_api.c:231:9:MC_GetMecSpeedReferenceMotor1	0	static
mc_api.c:239:9:MC_GetMecSpeedAverageMotor1	0	static
mc_api.c:247:9:MC_GetLastRampFinalSpeedMotor1	0	static
mc_api.c:255:16:MC_GetControlModeMotor1	0	static
mc_api.c:271:9:MC_GetImposedDirectionMotor1	0	static
mc_api.c:279:6:MC_GetSpeedSensorReliabilityMotor1	0	static
mc_api.c:294:9:MC_GetPhaseCurrentAmplitudeMotor1	0	static
mc_api.c:309:9:MC_GetPhaseVoltageAmplitudeMotor1	0	static
mc_api.c:317:17:MC_GetIabMotor1	16	static
mc_api.c:325:17:MC_GetIalphabetaMotor1	16	static
mc_api.c:333:17:MC_GetIqdMotor1	16	static
mc_api.c:341:17:MC_GetIqdrefMotor1	16	static
mc_api.c:349:17:MC_GetVqdMotor1	16	static
mc_api.c:357:17:MC_GetValphabetaMotor1	16	static
mc_api.c:365:9:MC_GetElAngledppMotor1	0	static
mc_api.c:373:9:MC_GetTerefMotor1	0	static
mc_api.c:387:6:MC_SetIdrefMotor1	0	static
mc_api.c:400:6:MC_Clear_IqdrefMotor1	0	static
mc_api.c:413:6:MC_AcknowledgeFaultMotor1	0	static
mc_api.c:427:10:MC_GetOccurredFaultsMotor1	0	static
mc_api.c:441:10:MC_GetCurrentFaultsMotor1	0	static
mc_api.c:449:10:MC_GetSTMStateMotor1	0	static
