ui_task.c:56:6:UI_TaskInit	56	static
ui_task.c:69:6:UI_Scheduler	0	static
ui_task.c:87:16:GetMCP	0	static
ui_task.c:92:6:UI_IdleTimeHasElapsed	0	static
ui_task.c:102:6:UI_SetIdleTime	0	static
ui_task.c:107:6:UI_SerialCommunicationTimeOutHasElapsed	0	static
ui_task.c:118:6:UI_SerialCommunicationATRTimeHasElapsed	0	static
ui_task.c:129:6:UI_SerialCommunicationTimeOutStop	0	static
ui_task.c:134:6:UI_SerialCommunicationTimeOutStart	0	static
ui_task.c:139:6:UI_HandleStartStopButton_cb	8	static
