user_interface.c:61:6:UI_Init	8	static
user_interface.c:77:6:UI_SelectMC	0	static
user_interface.c:96:9:UI_GetSelectedMC	0	static
user_interface.c:108:10:UI_GetSelectedMCConfig	0	static
user_interface.c:118:15:UI_GetCurrentMCT	0	static
user_interface.c:131:6:UI_SetReg	24	static
user_interface.c:335:9:UI_GetReg	80	static
user_interface.c:809:6:UI_ExecCmd	8	static
user_interface.c:890:6:UI_ExecSpeedRamp	8	static
user_interface.c:909:6:UI_ExecTorqueRamp	8	static
user_interface.c:934:6:UI_GetRevupData	24	static
user_interface.c:965:6:UI_SetRevupData	24	static
user_interface.c:986:6:UI_SetCurrentReferences	16	static
user_interface.c:1005:6:UI_GetMPInfo	0	static
