Archive member included to satisfy reference by file (symbol)

../../../MCSDK_v5.3.3/MotorControl/lib\libmc-truestudio_M4.lib(sto_pll_speed_pos_fdbk.o)
                              Application\User\mc_tasks.o (STO_PLL_Init)
../../../MCSDK_v5.3.3/MotorControl/lib\libmc-truestudio_M4.lib(revup_ctrl.o)
                              Application\User\mc_tasks.o (RUC_Init)
c:/program files (x86)/atollic/truestudio for stm32 9.0.1/armtools/bin/../lib/gcc/arm-atollic-eabi/6.3.1/../../../../arm-atollic-eabi/lib/armv7e-m/fpu\libc_nano.a(lib_a-errno.o)
                              Application\TrueSTUDIO\syscalls.o (__errno)
c:/program files (x86)/atollic/truestudio for stm32 9.0.1/armtools/bin/../lib/gcc/arm-atollic-eabi/6.3.1/../../../../arm-atollic-eabi/lib/armv7e-m/fpu\libc_nano.a(lib_a-impure.o)
                              c:/program files (x86)/atollic/truestudio for stm32 9.0.1/armtools/bin/../lib/gcc/arm-atollic-eabi/6.3.1/../../../../arm-atollic-eabi/lib/armv7e-m/fpu\libc_nano.a(lib_a-errno.o) (_impure_ptr)
c:/program files (x86)/atollic/truestudio for stm32 9.0.1/armtools/bin/../lib/gcc/arm-atollic-eabi/6.3.1/../../../../arm-atollic-eabi/lib/armv7e-m/fpu\libc_nano.a(lib_a-init.o)
                              Application\TrueSTUDIO\startup_stm32f446xx.o (__libc_init_array)
c:/program files (x86)/atollic/truestudio for stm32 9.0.1/armtools/bin/../lib/gcc/arm-atollic-eabi/6.3.1/../../../../arm-atollic-eabi/lib/armv7e-m/fpu\libc_nano.a(lib_a-memset.o)
                              Application\User\main.o (memset)
c:/program files (x86)/atollic/truestudio for stm32 9.0.1/armtools/bin/../lib/gcc/arm-atollic-eabi/6.3.1/armv7e-m/fpu\libgcc.a(_aeabi_uldivmod.o)
                              Drivers\STM32F4xx_HAL_Driver\stm32f4xx_hal_rcc.o (__aeabi_uldivmod)
c:/program files (x86)/atollic/truestudio for stm32 9.0.1/armtools/bin/../lib/gcc/arm-atollic-eabi/6.3.1/armv7e-m/fpu\libgcc.a(_udivmoddi4.o)
                              c:/program files (x86)/atollic/truestudio for stm32 9.0.1/armtools/bin/../lib/gcc/arm-atollic-eabi/6.3.1/armv7e-m/fpu\libgcc.a(_aeabi_uldivmod.o) (__udivmoddi4)
c:/program files (x86)/atollic/truestudio for stm32 9.0.1/armtools/bin/../lib/gcc/arm-atollic-eabi/6.3.1/armv7e-m/fpu\libgcc.a(_dvmd_tls.o)
                              c:/program files (x86)/atollic/truestudio for stm32 9.0.1/armtools/bin/../lib/gcc/arm-atollic-eabi/6.3.1/armv7e-m/fpu\libgcc.a(_aeabi_uldivmod.o) (__aeabi_ldiv0)

Allocating common symbols
Common symbol       size              file

pOCPDisabling       0x4               Application\User\mc_tasks.o
pTemperatureSensor  0x4               Application\User\mc_tasks.o
pwmcHandle          0x4               Application\User\mc_tasks.o
pPIDSpeed           0x4               Application\User\mc_tasks.o
hadc2               0x48              Application\User\main.o
pPIDIq              0x4               Application\User\mc_tasks.o
oMCInterface        0x4               Application\User\mc_tasks.o
pR_Brake            0x4               Application\User\mc_tasks.o
FOCVars             0x26              Application\User\mc_tasks.o
MCT                 0x50              Application\User\mc_tasks.o
uwTick              0x4               Drivers\STM32F4xx_HAL_Driver\stm32f4xx_hal.o
pCLM                0x4               Application\User\mc_tasks.o
pFlash              0x20              Drivers\STM32F4xx_HAL_Driver\stm32f4xx_hal_flash.o
RCM_UserConvHandle  0x1               Application\User\regular_conversion_manager.o
pMCI                0x4               Application\User\motorcontrol.o
pBusSensorM1        0x4               Application\User\mc_tasks.o
Mci                 0x1c              Application\User\mc_tasks.o
RCM_CB_array        0x20              Application\User\regular_conversion_manager.o
hadc1               0x48              Application\User\main.o
STM                 0x6               Application\User\mc_tasks.o
RCM_UserConvState   0x1               Application\User\regular_conversion_manager.o
pREMNG              0x4               Application\User\mc_tasks.o
RCM_handle_array    0x10              Application\User\regular_conversion_manager.o
pMPM                0x4               Application\User\mc_tasks.o
htim1               0x40              Application\User\main.o
RCM_UserConvValue   0x2               Application\User\regular_conversion_manager.o
pPIDId              0x4               Application\User\mc_tasks.o
pMCT                0x4               Application\User\motorcontrol.o
huart2              0x40              Application\User\main.o
pSTC                0x4               Application\User\mc_tasks.o
MCP_UI_Params       0xb4              Application\User\ui_task.o
RealBusVoltageSensorFilterBufferM1
                    0x14              Application\User\mc_config.o

Discarded input sections

[...]
Memory Configuration

Name             Origin             Length             Attributes
RAM              0x20000000         0x00020000         xrw
FLASH            0x08000000         0x00080000         xr
*default*        0x00000000         0xffffffff

Linker script and memory map

LOAD c:/program files (x86)/atollic/truestudio for stm32 9.0.1/armtools/bin/../lib/gcc/arm-atollic-eabi/6.3.1/armv7e-m/fpu/crti.o
LOAD c:/program files (x86)/atollic/truestudio for stm32 9.0.1/armtools/bin/../lib/gcc/arm-atollic-eabi/6.3.1/armv7e-m/fpu/crtbegin.o
LOAD Application\TrueSTUDIO\startup_stm32f446xx.o
LOAD Application\TrueSTUDIO\syscalls.o
LOAD Application\User\main.o
LOAD Application\User\mc_api.o
LOAD Application\User\mc_config.o
LOAD Application\User\mc_parameters.o
LOAD Application\User\mc_tasks.o
LOAD Application\User\motor_control_protocol.o
LOAD Application\User\motorcontrol.o
LOAD Application\User\regular_conversion_manager.o
LOAD Application\User\stm32f4xx_hal_msp.o
LOAD Application\User\stm32f4xx_it.o
LOAD Application\User\stm32f4xx_mc_it.o
LOAD Application\User\ui_task.o
LOAD Application\User\user_interface.o
LOAD Drivers\CMSIS\system_stm32f4xx.o
LOAD Drivers\STM32F4xx_HAL_Driver\stm32f4xx_hal.o
LOAD Drivers\STM32F4xx_HAL_Driver\stm32f4xx_hal_adc.o
LOAD Drivers\STM32F4xx_HAL_Driver\stm32f4xx_hal_adc_ex.o
LOAD Drivers\STM32F4xx_HAL_Driver\stm32f4xx_hal_cortex.o
LOAD Drivers\STM32F4xx_HAL_Driver\stm32f4xx_hal_dma.o
LOAD Drivers\STM32F4xx_HAL_Driver\stm32f4xx_hal_dma_ex.o
LOAD Drivers\STM32F4xx_HAL_Driver\stm32f4xx_hal_exti.o
LOAD Drivers\STM32F4xx_HAL_Driver\stm32f4xx_hal_flash.o
LOAD Drivers\STM32F4xx_HAL_Driver\stm32f4xx_hal_flash_ex.o
LOAD Drivers\STM32F4xx_HAL_Driver\stm32f4xx_hal_flash_ramfunc.o
LOAD Drivers\STM32F4xx_HAL_Driver\stm32f4xx_hal_gpio.o
LOAD Drivers\STM32F4xx_HAL_Driver\stm32f4xx_hal_pwr.o
LOAD Drivers\STM32F4xx_HAL_Driver\stm32f4xx_hal_pwr_ex.o
LOAD Drivers\STM32F4xx_HAL_Driver\stm32f4xx_hal_rcc.o
LOAD Drivers\STM32F4xx_HAL_Driver\stm32f4xx_hal_rcc_ex.o
LOAD Drivers\STM32F4xx_HAL_Driver\stm32f4xx_hal_tim.o
LOAD Drivers\STM32F4xx_HAL_Driver\stm32f4xx_hal_tim_ex.o
LOAD Drivers\STM32F4xx_HAL_Driver\stm32f4xx_hal_uart.o
LOAD Middlewares\MotorControl\bus_voltage_sensor.o
LOAD Middlewares\MotorControl\circle_limitation.o
LOAD Middlewares\MotorControl\digital_output.o
LOAD Middlewares\MotorControl\frame_communication_protocol.o
LOAD Middlewares\MotorControl\mc_interface.o
LOAD Middlewares\MotorControl\mc_irq_handler.o
LOAD Middlewares\MotorControl\mc_math.o
LOAD Middlewares\MotorControl\motor_power_measurement.o
LOAD Middlewares\MotorControl\ntc_temperature_sensor.o
LOAD Middlewares\MotorControl\open_loop.o
LOAD Middlewares\MotorControl\pid_regulator.o
LOAD Middlewares\MotorControl\pqd_motor_power_measurement.o
LOAD Middlewares\MotorControl\pwm_common.o
LOAD Middlewares\MotorControl\pwm_curr_fdbk.o
LOAD Middlewares\MotorControl\r3_f4xx_pwm_curr_fdbk.o
LOAD Middlewares\MotorControl\r_divider_bus_voltage_sensor.o
LOAD Middlewares\MotorControl\ramp_ext_mngr.o
LOAD Middlewares\MotorControl\speed_pos_fdbk.o
LOAD Middlewares\MotorControl\speed_torq_ctrl.o
LOAD Middlewares\MotorControl\state_machine.o
LOAD Middlewares\MotorControl\ui_irq_handler.o
LOAD Middlewares\MotorControl\usart_frame_communication_protocol.o
LOAD Middlewares\MotorControl\virtual_speed_sensor.o
LOAD ../../../MCSDK_v5.3.3/MotorControl/lib\libmc-truestudio_M4.lib
                0x00000080                malloc_getpagesize_P = 0x80
START GROUP
LOAD c:/program files (x86)/atollic/truestudio for stm32 9.0.1/armtools/bin/../lib/gcc/arm-atollic-eabi/6.3.1/../../../../arm-atollic-eabi/lib/armv7e-m/fpu\libc_nano.a
LOAD c:/program files (x86)/atollic/truestudio for stm32 9.0.1/armtools/bin/../lib/gcc/arm-atollic-eabi/6.3.1/../../../../arm-atollic-eabi/lib/armv7e-m/fpu\libm.a
END GROUP
START GROUP
LOAD c:/program files (x86)/atollic/truestudio for stm32 9.0.1/armtools/bin/../lib/gcc/arm-atollic-eabi/6.3.1/armv7e-m/fpu\libgcc.a
LOAD c:/program files (x86)/atollic/truestudio for stm32 9.0.1/armtools/bin/../lib/gcc/arm-atollic-eabi/6.3.1/../../../../arm-atollic-eabi/lib/armv7e-m/fpu\libc_nano.a
END GROUP
START GROUP
LOAD c:/program files (x86)/atollic/truestudio for stm32 9.0.1/armtools/bin/../lib/gcc/arm-atollic-eabi/6.3.1/armv7e-m/fpu\libgcc.a
LOAD c:/program files (x86)/atollic/truestudio for stm32 9.0.1/armtools/bin/../lib/gcc/arm-atollic-eabi/6.3.1/../../../../arm-atollic-eabi/lib/armv7e-m/fpu\libc_nano.a
LOAD c:/program files (x86)/atollic/truestudio for stm32 9.0.1/armtools/bin/../lib/gcc/arm-atollic-eabi/6.3.1/../../../../arm-atollic-eabi/lib/armv7e-m/fpu\libnosys.a
END GROUP
START GROUP
LOAD c:/program files (x86)/atollic/truestudio for stm32 9.0.1/armtools/bin/../lib/gcc/arm-atollic-eabi/6.3.1/armv7e-m/fpu\libgcc.a
LOAD c:/program files (x86)/atollic/truestudio for stm32 9.0.1/armtools/bin/../lib/gcc/arm-atollic-eabi/6.3.1/../../../../arm-atollic-eabi/lib/armv7e-m/fpu\libc_nano.a
LOAD c:/program files (x86)/atollic/truestudio for stm32 9.0.1/armtools/bin/../lib/gcc/arm-atollic-eabi/6.3.1/../../../../arm-atollic-eabi/lib/armv7e-m/fpu\libnosys.a
END GROUP
LOAD c:/program files (x86)/atollic/truestudio for stm32 9.0.1/armtools/bin/../lib/gcc/arm-atollic-eabi/6.3.1/armv7e-m/fpu/crtend.o
LOAD c:/program files (x86)/atollic/truestudio for stm32 9.0.1/armtools/bin/../lib/gcc/arm-atollic-eabi/6.3.1/armv7e-m/fpu/crtn.o
                0x20020000                _estack = 0x20020000
                0x00000200                _Min_Heap_Size = 0x200
                0x00000400                _Min_Stack_Size = 0x400

.isr_vector     0x08000000      0x1c4
                0x08000000                . = ALIGN (0x4)
 *(.isr_vector)
 .isr_vector    0x08000000      0x1c4 Application\TrueSTUDIO\startup_stm32f446xx.o
                0x08000000                g_pfnVectors
                0x080001c4                . = ALIGN (0x4)

.text           0x080001c4     0x6fa8
                0x080001c4                . = ALIGN (0x4)
 *(.text)
 .text          0x080001c4       0x40 c:/program files (x86)/atollic/truestudio for stm32 9.0.1/armtools/bin/../lib/gcc/arm-atollic-eabi/6.3.1/armv7e-m/fpu/crtbegin.o
 .text          0x08000204       0x30 c:/program files (x86)/atollic/truestudio for stm32 9.0.1/armtools/bin/../lib/gcc/arm-atollic-eabi/6.3.1/armv7e-m/fpu\libgcc.a(_aeabi_uldivmod.o)
                0x08000204                __aeabi_uldivmod
 .text          0x08000234      0x2dc c:/program files (x86)/atollic/truestudio for stm32 9.0.1/armtools/bin/../lib/gcc/arm-atollic-eabi/6.3.1/armv7e-m/fpu\libgcc.a(_udivmoddi4.o)
                0x08000234                __udivmoddi4
 .text          0x08000510        0x4 c:/program files (x86)/atollic/truestudio for stm32 9.0.1/armtools/bin/../lib/gcc/arm-atollic-eabi/6.3.1/armv7e-m/fpu\libgcc.a(_dvmd_tls.o)
                0x08000510                __aeabi_idiv0
                0x08000510                __aeabi_ldiv0
 *(.text*)
 .text.Reset_Handler
                0x08000514       0x50 Application\TrueSTUDIO\startup_stm32f446xx.o
                0x08000514                Reset_Handler
 .text.Default_Handler
                0x08000564        0x2 Application\TrueSTUDIO\startup_stm32f446xx.o
                0x08000564                RTC_Alarm_IRQHandler
                0x08000564                EXTI2_IRQHandler
                0x08000564                TIM8_CC_IRQHandler
                0x08000564                DebugMon_Handler
                0x08000564                FMPI2C1_EV_IRQHandler
                0x08000564                SPI4_IRQHandler
                0x08000564                TIM1_CC_IRQHandler
                0x08000564                DMA2_Stream5_IRQHandler
                0x08000564                DMA1_Stream5_IRQHandler
                0x08000564                PVD_IRQHandler
                0x08000564                SDIO_IRQHandler
                0x08000564                TAMP_STAMP_IRQHandler
                0x08000564                PendSV_Handler
                0x08000564                NMI_Handler
                0x08000564                CAN2_RX1_IRQHandler
                0x08000564                EXTI3_IRQHandler
                0x08000564                TIM8_TRG_COM_TIM14_IRQHandler
                0x08000564                TIM8_UP_TIM13_IRQHandler
                0x08000564                I2C3_ER_IRQHandler
                0x08000564                EXTI0_IRQHandler
                0x08000564                I2C2_EV_IRQHandler
                0x08000564                DMA1_Stream2_IRQHandler
                0x08000564                CAN1_RX0_IRQHandler
                0x08000564                FPU_IRQHandler
                0x08000564                OTG_HS_WKUP_IRQHandler
                0x08000564                UsageFault_Handler
                0x08000564                CAN2_SCE_IRQHandler
                0x08000564                DMA2_Stream2_IRQHandler
                0x08000564                SPI1_IRQHandler
                0x08000564                TIM6_DAC_IRQHandler
                0x08000564                DCMI_IRQHandler
                0x08000564                CAN2_RX0_IRQHandler
                0x08000564                DMA2_Stream3_IRQHandler
                0x08000564                SAI2_IRQHandler
                0x08000564                USART6_IRQHandler
                0x08000564                USART3_IRQHandler
                0x08000564                CAN1_RX1_IRQHandler
                0x08000564                UART5_IRQHandler
                0x08000564                DMA2_Stream0_IRQHandler
                0x08000564                TIM4_IRQHandler
                0x08000564                QUADSPI_IRQHandler
                0x08000564                I2C1_EV_IRQHandler
                0x08000564                DMA1_Stream6_IRQHandler
                0x08000564                DMA1_Stream1_IRQHandler
                0x08000564                UART4_IRQHandler
                0x08000564                TIM3_IRQHandler
                0x08000564                RCC_IRQHandler
                0x08000564                TIM8_BRK_TIM12_IRQHandler
                0x08000564                Default_Handler
                0x08000564                CEC_IRQHandler
                0x08000564                DMA1_Stream7_IRQHandler
                0x08000564                TIM7_IRQHandler
                0x08000564                CAN2_TX_IRQHandler
                0x08000564                TIM5_IRQHandler
                0x08000564                DMA2_Stream7_IRQHandler
                0x08000564                I2C3_EV_IRQHandler
                0x08000564                EXTI9_5_IRQHandler
                0x08000564                RTC_WKUP_IRQHandler
                0x08000564                SPDIF_RX_IRQHandler
                0x08000564                SPI2_IRQHandler
                0x08000564                OTG_HS_EP1_IN_IRQHandler
                0x08000564                MemManage_Handler
                0x08000564                DMA1_Stream0_IRQHandler
                0x08000564                CAN1_TX_IRQHandler
                0x08000564                SVC_Handler
                0x08000564                FMPI2C1_ER_IRQHandler
                0x08000564                EXTI4_IRQHandler
                0x08000564                OTG_HS_EP1_OUT_IRQHandler
                0x08000564                WWDG_IRQHandler
                0x08000564                TIM2_IRQHandler
                0x08000564                OTG_FS_WKUP_IRQHandler
                0x08000564                TIM1_TRG_COM_TIM11_IRQHandler
                0x08000564                OTG_HS_IRQHandler
                0x08000564                EXTI1_IRQHandler
                0x08000564                I2C2_ER_IRQHandler
                0x08000564                DMA2_Stream1_IRQHandler
                0x08000564                CAN1_SCE_IRQHandler
                0x08000564                FLASH_IRQHandler
                0x08000564                DMA2_Stream4_IRQHandler
                0x08000564                BusFault_Handler
                0x08000564                USART1_IRQHandler
                0x08000564                OTG_FS_IRQHandler
                0x08000564                SPI3_IRQHandler
                0x08000564                DMA1_Stream4_IRQHandler
                0x08000564                I2C1_ER_IRQHandler
                0x08000564                FMC_IRQHandler
                0x08000564                DMA2_Stream6_IRQHandler
                0x08000564                SAI1_IRQHandler
                0x08000564                DMA1_Stream3_IRQHandler
 *fill*         0x08000566        0x2 
 .text.SystemClock_Config
                0x08000568       0x9c Application\User\main.o
                0x08000568                SystemClock_Config
 .text.startup.main
                0x08000604      0x380 Application\User\main.o
                0x08000604                main
 .text.MC_StartMotor1
                0x08000984        0xc Application\User\mc_api.o
                0x08000984                MC_StartMotor1
 .text.MC_StopMotor1
                0x08000990        0xc Application\User\mc_api.o
                0x08000990                MC_StopMotor1
 .text.MC_GetSTMStateMotor1
                0x0800099c        0xc Application\User\mc_api.o
                0x0800099c                MC_GetSTMStateMotor1
 .text.MCboot   0x080009a8      0x23c Application\User\mc_tasks.o
                0x080009a8                MCboot
 .text.MC_RunMotorControlTasks
                0x08000be4      0x4b8 Application\User\mc_tasks.o
                0x08000be4                MC_RunMotorControlTasks
 .text.MC_Scheduler
                0x0800109c      0x3f8 Application\User\mc_tasks.o
                0x0800109c                MC_Scheduler
 .text.TSK_HighFrequencyTask
                0x08001494      0x16c Application\User\mc_tasks.o
                0x08001494                TSK_HighFrequencyTask
 .text.TSK_HardwareFaultTask
                0x08001600       0x20 Application\User\mc_tasks.o
                0x08001600                TSK_HardwareFaultTask
 .text.mc_lock_pins
                0x08001620       0xf0 Application\User\mc_tasks.o
                0x08001620                mc_lock_pins
 .text.MCP_SentFrame
                0x08001710       0x1c Application\User\motor_control_protocol.o
                0x08001710                MCP_SentFrame
 .text.MCP_ReceivedFrame
                0x0800172c      0x524 Application\User\motor_control_protocol.o
                0x0800172c                MCP_ReceivedFrame
 .text.MCP_OnTimeOut
                0x08001c50       0x1c Application\User\motor_control_protocol.o
                0x08001c50                MCP_OnTimeOut
 .text.MCP_Init
                0x08001c6c       0x54 Application\User\motor_control_protocol.o
                0x08001c6c                MCP_Init
 .text.MX_MotorControl_Init
                0x08001cc0       0x4c Application\User\motorcontrol.o
                0x08001cc0                MX_MotorControl_Init
 .text.RCM_RegisterRegConv
                0x08001d0c      0x14c Application\User\regular_conversion_manager.o
                0x08001d0c                RCM_RegisterRegConv
 .text.RCM_ExecRegularConv
                0x08001e58       0x74 Application\User\regular_conversion_manager.o
                0x08001e58                RCM_ExecRegularConv
 .text.RCM_ExecUserConv
                0x08001ecc       0xb4 Application\User\regular_conversion_manager.o
                0x08001ecc                RCM_ExecUserConv
 .text.HAL_MspInit
                0x08001f80       0x40 Application\User\stm32f4xx_hal_msp.o
                0x08001f80                HAL_MspInit
 .text.HAL_ADC_MspInit
                0x08001fc0       0xf4 Application\User\stm32f4xx_hal_msp.o
                0x08001fc0                HAL_ADC_MspInit
 .text.HAL_TIM_Base_MspInit
                0x080020b4       0x6c Application\User\stm32f4xx_hal_msp.o
                0x080020b4                HAL_TIM_Base_MspInit
 .text.HAL_TIM_MspPostInit
                0x08002120       0x5c Application\User\stm32f4xx_hal_msp.o
                0x08002120                HAL_TIM_MspPostInit
 .text.HAL_UART_MspInit
                0x0800217c       0x68 Application\User\stm32f4xx_hal_msp.o
                0x0800217c                HAL_UART_MspInit
 .text.ADC_IRQHandler
                0x080021e4       0x2c Application\User\stm32f4xx_mc_it.o
                0x080021e4                ADC_IRQHandler
 .text.TIM1_UP_TIM10_IRQHandler
                0x08002210       0x18 Application\User\stm32f4xx_mc_it.o
                0x08002210                TIM1_UP_TIM10_IRQHandler
 .text.TIM1_BRK_TIM9_IRQHandler
                0x08002228       0x28 Application\User\stm32f4xx_mc_it.o
                0x08002228                TIM1_BRK_TIM9_IRQHandler
 .text.USART2_IRQHandler
                0x08002250       0x70 Application\User\stm32f4xx_mc_it.o
                0x08002250                USART2_IRQHandler
 .text.HardFault_Handler
                0x080022c0       0x7c Application\User\stm32f4xx_mc_it.o
                0x080022c0                HardFault_Handler
 .text.SysTick_Handler
                0x0800233c       0x30 Application\User\stm32f4xx_mc_it.o
                0x0800233c                SysTick_Handler
 .text.EXTI15_10_IRQHandler
                0x0800236c       0x10 Application\User\stm32f4xx_mc_it.o
                0x0800236c                EXTI15_10_IRQHandler
 .text.UI_TaskInit
                0x0800237c       0x84 Application\User\ui_task.o
                0x0800237c                UI_TaskInit
 .text.UI_Scheduler
                0x08002400       0x44 Application\User\ui_task.o
                0x08002400                UI_Scheduler
 .text.UI_SerialCommunicationTimeOutStop
                0x08002444        0xc Application\User\ui_task.o
                0x08002444                UI_SerialCommunicationTimeOutStop
 .text.UI_SerialCommunicationTimeOutStart
                0x08002450        0xc Application\User\ui_task.o
                0x08002450                UI_SerialCommunicationTimeOutStart
 .text.UI_HandleStartStopButton_cb
                0x0800245c       0x18 Application\User\ui_task.o
                0x0800245c                UI_HandleStartStopButton_cb
 .text.UI_Init  0x08002474       0x14 Application\User\user_interface.o
                0x08002474                UI_Init
 .text.UI_SetReg
                0x08002488      0x2e4 Application\User\user_interface.o
                0x08002488                UI_SetReg
 .text.UI_GetReg
                0x0800276c      0x4e4 Application\User\user_interface.o
                0x0800276c                UI_GetReg
 .text.UI_ExecCmd
                0x08002c50       0x78 Application\User\user_interface.o
                0x08002c50                UI_ExecCmd
 .text.UI_ExecSpeedRamp
                0x08002cc8       0x24 Application\User\user_interface.o
                0x08002cc8                UI_ExecSpeedRamp
 .text.UI_GetRevupData
                0x08002cec       0x38 Application\User\user_interface.o
                0x08002cec                UI_GetRevupData
 .text.UI_SetRevupData
                0x08002d24       0x34 Application\User\user_interface.o
                0x08002d24                UI_SetRevupData
 .text.UI_SetCurrentReferences
                0x08002d58       0x20 Application\User\user_interface.o
                0x08002d58                UI_SetCurrentReferences
 .text.UI_GetMPInfo
                0x08002d78        0x4 Application\User\user_interface.o
                0x08002d78                UI_GetMPInfo
 .text.SystemInit
                0x08002d7c       0x50 Drivers\CMSIS\system_stm32f4xx.o
                0x08002d7c                SystemInit
 .text.HAL_InitTick
                0x08002dcc       0x48 Drivers\STM32F4xx_HAL_Driver\stm32f4xx_hal.o
                0x08002dcc                HAL_InitTick
 .text.HAL_Init
                0x08002e14       0x34 Drivers\STM32F4xx_HAL_Driver\stm32f4xx_hal.o
                0x08002e14                HAL_Init
 .text.HAL_IncTick
                0x08002e48       0x18 Drivers\STM32F4xx_HAL_Driver\stm32f4xx_hal.o
                0x08002e48                HAL_IncTick
 .text.HAL_GetTick
                0x08002e60        0xc Drivers\STM32F4xx_HAL_Driver\stm32f4xx_hal.o
                0x08002e60                HAL_GetTick
 .text.HAL_ADC_Init
                0x08002e6c      0x160 Drivers\STM32F4xx_HAL_Driver\stm32f4xx_hal_adc.o
                0x08002e6c                HAL_ADC_Init
 .text.HAL_ADC_ConfigChannel
                0x08002fcc      0x16c Drivers\STM32F4xx_HAL_Driver\stm32f4xx_hal_adc.o
                0x08002fcc                HAL_ADC_ConfigChannel
 .text.HAL_ADCEx_InjectedConfigChannel
                0x08003138      0x1c0 Drivers\STM32F4xx_HAL_Driver\stm32f4xx_hal_adc_ex.o
                0x08003138                HAL_ADCEx_InjectedConfigChannel
 .text.HAL_NVIC_SetPriorityGrouping
                0x080032f8       0x24 Drivers\STM32F4xx_HAL_Driver\stm32f4xx_hal_cortex.o
                0x080032f8                HAL_NVIC_SetPriorityGrouping
 .text.HAL_NVIC_SetPriority
                0x0800331c       0x6c Drivers\STM32F4xx_HAL_Driver\stm32f4xx_hal_cortex.o
                0x0800331c                HAL_NVIC_SetPriority
 .text.HAL_NVIC_EnableIRQ
                0x08003388       0x1c Drivers\STM32F4xx_HAL_Driver\stm32f4xx_hal_cortex.o
                0x08003388                HAL_NVIC_EnableIRQ
 .text.HAL_SYSTICK_Config
                0x080033a4       0x34 Drivers\STM32F4xx_HAL_Driver\stm32f4xx_hal_cortex.o
                0x080033a4                HAL_SYSTICK_Config
 .text.HAL_SYSTICK_Callback
                0x080033d8        0x4 Drivers\STM32F4xx_HAL_Driver\stm32f4xx_hal_cortex.o
                0x080033d8                HAL_SYSTICK_Callback
 .text.HAL_SYSTICK_IRQHandler
                0x080033dc        0x8 Drivers\STM32F4xx_HAL_Driver\stm32f4xx_hal_cortex.o
                0x080033dc                HAL_SYSTICK_IRQHandler
 .text.HAL_GPIO_Init
                0x080033e4      0x210 Drivers\STM32F4xx_HAL_Driver\stm32f4xx_hal_gpio.o
                0x080033e4                HAL_GPIO_Init
 .text.HAL_GPIO_WritePin
                0x080035f4        0x8 Drivers\STM32F4xx_HAL_Driver\stm32f4xx_hal_gpio.o
                0x080035f4                HAL_GPIO_WritePin
 .text.HAL_PWREx_EnableOverDrive
                0x080035fc       0x7c Drivers\STM32F4xx_HAL_Driver\stm32f4xx_hal_pwr_ex.o
                0x080035fc                HAL_PWREx_EnableOverDrive
 .text.HAL_RCC_ClockConfig
                0x08003678      0x134 Drivers\STM32F4xx_HAL_Driver\stm32f4xx_hal_rcc.o
                0x08003678                HAL_RCC_ClockConfig
 .text.HAL_RCC_GetHCLKFreq
                0x080037ac        0xc Drivers\STM32F4xx_HAL_Driver\stm32f4xx_hal_rcc.o
                0x080037ac                HAL_RCC_GetHCLKFreq
 .text.HAL_RCC_GetPCLK1Freq
                0x080037b8       0x20 Drivers\STM32F4xx_HAL_Driver\stm32f4xx_hal_rcc.o
                0x080037b8                HAL_RCC_GetPCLK1Freq
 .text.HAL_RCC_GetPCLK2Freq
                0x080037d8       0x20 Drivers\STM32F4xx_HAL_Driver\stm32f4xx_hal_rcc.o
                0x080037d8                HAL_RCC_GetPCLK2Freq
 .text.HAL_RCC_GetSysClockFreq
                0x080037f8       0xb0 Drivers\STM32F4xx_HAL_Driver\stm32f4xx_hal_rcc_ex.o
                0x080037f8                HAL_RCC_GetSysClockFreq
 .text.HAL_RCC_OscConfig
                0x080038a8      0x3ac Drivers\STM32F4xx_HAL_Driver\stm32f4xx_hal_rcc_ex.o
                0x080038a8                HAL_RCC_OscConfig
 .text.HAL_TIM_Base_Init
                0x08003c54      0x144 Drivers\STM32F4xx_HAL_Driver\stm32f4xx_hal_tim.o
                0x08003c54                HAL_TIM_Base_Init
 .text.HAL_TIM_PWM_MspInit
                0x08003d98        0x4 Drivers\STM32F4xx_HAL_Driver\stm32f4xx_hal_tim.o
                0x08003d98                HAL_TIM_PWM_MspInit
 .text.HAL_TIM_PWM_Init
                0x08003d9c      0x144 Drivers\STM32F4xx_HAL_Driver\stm32f4xx_hal_tim.o
                0x08003d9c                HAL_TIM_PWM_Init
 .text.HAL_TIM_PWM_ConfigChannel
                0x08003ee0      0x20c Drivers\STM32F4xx_HAL_Driver\stm32f4xx_hal_tim.o
                0x08003ee0                HAL_TIM_PWM_ConfigChannel
 .text.HAL_TIM_SlaveConfigSynchro
                0x080040ec       0xf8 Drivers\STM32F4xx_HAL_Driver\stm32f4xx_hal_tim.o
                0x080040ec                HAL_TIM_SlaveConfigSynchro
 .text.HAL_TIMEx_MasterConfigSynchronization
                0x080041e4       0x44 Drivers\STM32F4xx_HAL_Driver\stm32f4xx_hal_tim_ex.o
                0x080041e4                HAL_TIMEx_MasterConfigSynchronization
 .text.HAL_TIMEx_ConfigBreakDeadTime
                0x08004228       0x54 Drivers\STM32F4xx_HAL_Driver\stm32f4xx_hal_tim_ex.o
                0x08004228                HAL_TIMEx_ConfigBreakDeadTime
 .text.UART_SetConfig
                0x0800427c      0x300 Drivers\STM32F4xx_HAL_Driver\stm32f4xx_hal_uart.o
 .text.HAL_UART_Init
                0x0800457c       0x60 Drivers\STM32F4xx_HAL_Driver\stm32f4xx_hal_uart.o
                0x0800457c                HAL_UART_Init
 .text.VBS_GetAvBusVoltage_d
                0x080045dc        0x4 Middlewares\MotorControl\bus_voltage_sensor.o
                0x080045dc                VBS_GetAvBusVoltage_d
 .text.VBS_GetAvBusVoltage_V
                0x080045e0        0xc Middlewares\MotorControl\bus_voltage_sensor.o
                0x080045e0                VBS_GetAvBusVoltage_V
 .text.Circle_Limitation
                0x080045ec       0x64 Middlewares\MotorControl\circle_limitation.o
                0x080045ec                Circle_Limitation
 .text.FCP_Init
                0x08004650       0x2c Middlewares\MotorControl\frame_communication_protocol.o
                0x08004650                FCP_Init
 .text.FCP_SetClient
                0x0800467c        0xc Middlewares\MotorControl\frame_communication_protocol.o
                0x0800467c                FCP_SetClient
 .text.FCP_CalcCRC
                0x08004688       0x30 Middlewares\MotorControl\frame_communication_protocol.o
                0x08004688                FCP_CalcCRC
 .text.MCI_Init
                0x080046b8       0x18 Middlewares\MotorControl\mc_interface.o
                0x080046b8                MCI_Init
 .text.MCI_ExecSpeedRamp
                0x080046d0       0x10 Middlewares\MotorControl\mc_interface.o
                0x080046d0                MCI_ExecSpeedRamp
 .text.MCI_ExecTorqueRamp
                0x080046e0       0x18 Middlewares\MotorControl\mc_interface.o
                0x080046e0                MCI_ExecTorqueRamp
 .text.MCI_SetCurrentReferences
                0x080046f8       0x1c Middlewares\MotorControl\mc_interface.o
                0x080046f8                MCI_SetCurrentReferences
 .text.MCI_StartMotor
                0x08004714       0x14 Middlewares\MotorControl\mc_interface.o
                0x08004714                MCI_StartMotor
 .text.MCI_StopMotor
                0x08004728        0x8 Middlewares\MotorControl\mc_interface.o
                0x08004728                MCI_StopMotor
 .text.MCI_FaultAcknowledged
                0x08004730        0x8 Middlewares\MotorControl\mc_interface.o
                0x08004730                MCI_FaultAcknowledged
 .text.MCI_EncoderAlign
                0x08004738        0x8 Middlewares\MotorControl\mc_interface.o
                0x08004738                MCI_EncoderAlign
 .text.MCI_ExecBufferedCommands
                0x08004740       0x78 Middlewares\MotorControl\mc_interface.o
                0x08004740                MCI_ExecBufferedCommands
 .text.MCI_GetSTMState
                0x080047b8        0x8 Middlewares\MotorControl\mc_interface.o
                0x080047b8                MCI_GetSTMState
 .text.MCI_GetControlMode
                0x080047c0        0x4 Middlewares\MotorControl\mc_interface.o
                0x080047c0                MCI_GetControlMode
 .text.MCI_GetImposedMotorDirection
                0x080047c4       0x44 Middlewares\MotorControl\mc_interface.o
                0x080047c4                MCI_GetImposedMotorDirection
 .text.MCI_GetLastRampFinalSpeed
                0x08004808       0x10 Middlewares\MotorControl\mc_interface.o
                0x08004808                MCI_GetLastRampFinalSpeed
 .text.MCI_StopSpeedRamp
                0x08004818        0x8 Middlewares\MotorControl\mc_interface.o
                0x08004818                MCI_StopSpeedRamp
 .text.MCI_GetAvrgMecSpeed01Hz
                0x08004820       0x10 Middlewares\MotorControl\mc_interface.o
                0x08004820                MCI_GetAvrgMecSpeed01Hz
 .text.MCI_GetMecSpeedRef01Hz
                0x08004830        0x8 Middlewares\MotorControl\mc_interface.o
                0x08004830                MCI_GetMecSpeedRef01Hz
 .text.MCI_GetIab
                0x08004838       0x10 Middlewares\MotorControl\mc_interface.o
                0x08004838                MCI_GetIab
 .text.MCI_GetIalphabeta
                0x08004848       0x10 Middlewares\MotorControl\mc_interface.o
                0x08004848                MCI_GetIalphabeta
 .text.MCI_GetIqd
                0x08004858       0x10 Middlewares\MotorControl\mc_interface.o
                0x08004858                MCI_GetIqd
 .text.MCI_GetIqdref
                0x08004868       0x10 Middlewares\MotorControl\mc_interface.o
                0x08004868                MCI_GetIqdref
 .text.MCI_GetVqd
                0x08004878       0x14 Middlewares\MotorControl\mc_interface.o
                0x08004878                MCI_GetVqd
 .text.MCI_GetValphabeta
                0x0800488c       0x14 Middlewares\MotorControl\mc_interface.o
                0x0800488c                MCI_GetValphabeta
 .text.MCI_GetTeref
                0x080048a0        0x8 Middlewares\MotorControl\mc_interface.o
                0x080048a0                MCI_GetTeref
 .text.MCI_SetIdref
                0x080048a8        0x8 Middlewares\MotorControl\mc_interface.o
                0x080048a8                MCI_SetIdref
 .text.MCI_Clear_Iqdref
                0x080048b0       0x18 Middlewares\MotorControl\mc_interface.o
                0x080048b0                MCI_Clear_Iqdref
 .text.MCM_Clarke
                0x080048c8       0x4c Middlewares\MotorControl\mc_math.o
                0x080048c8                MCM_Clarke
 .text.MCM_Park
                0x08004914       0xe8 Middlewares\MotorControl\mc_math.o
                0x08004914                MCM_Park
 .text.MCM_Rev_Park
                0x080049fc       0xb0 Middlewares\MotorControl\mc_math.o
                0x080049fc                MCM_Rev_Park
 .text.MCM_Trig_Functions
                0x08004aac       0x94 Middlewares\MotorControl\mc_math.o
                0x08004aac                MCM_Trig_Functions
 .text.MPM_Clear
                0x08004b40       0x18 Middlewares\MotorControl\motor_power_measurement.o
                0x08004b40                MPM_Clear
 .text.MPM_CalcElMotorPower
                0x08004b58       0x40 Middlewares\MotorControl\motor_power_measurement.o
                0x08004b58                MPM_CalcElMotorPower
 .text.MPM_GetAvrgElMotorPowerW
                0x08004b98        0x8 Middlewares\MotorControl\motor_power_measurement.o
                0x08004b98                MPM_GetAvrgElMotorPowerW
 .text.NTC_Init
                0x08004ba0       0x20 Middlewares\MotorControl\ntc_temperature_sensor.o
                0x08004ba0                NTC_Init
 .text.NTC_CalcAvTemp
                0x08004bc0       0x54 Middlewares\MotorControl\ntc_temperature_sensor.o
                0x08004bc0                NTC_CalcAvTemp
 .text.NTC_GetAvTemp_C
                0x08004c14       0x2c Middlewares\MotorControl\ntc_temperature_sensor.o
                0x08004c14                NTC_GetAvTemp_C
 .text.PID_HandleInit
                0x08004c40       0x10 Middlewares\MotorControl\pid_regulator.o
                0x08004c40                PID_HandleInit
 .text.PID_SetKP
                0x08004c50        0x4 Middlewares\MotorControl\pid_regulator.o
                0x08004c50                PID_SetKP
 .text.PID_SetKI
                0x08004c54        0x4 Middlewares\MotorControl\pid_regulator.o
                0x08004c54                PID_SetKI
 .text.PID_GetKP
                0x08004c58        0x8 Middlewares\MotorControl\pid_regulator.o
                0x08004c58                PID_GetKP
 .text.PID_GetKI
                0x08004c60        0x8 Middlewares\MotorControl\pid_regulator.o
                0x08004c60                PID_GetKI
 .text.PID_SetIntegralTerm
                0x08004c68        0x4 Middlewares\MotorControl\pid_regulator.o
                0x08004c68                PID_SetIntegralTerm
 .text.PID_GetKPDivisor
                0x08004c6c        0x4 Middlewares\MotorControl\pid_regulator.o
                0x08004c6c                PID_GetKPDivisor
 .text.PID_GetKIDivisor
                0x08004c70        0x4 Middlewares\MotorControl\pid_regulator.o
                0x08004c70                PID_GetKIDivisor
 .text.PID_SetKD
                0x08004c74        0x4 Middlewares\MotorControl\pid_regulator.o
                0x08004c74                PID_SetKD
 .text.PID_GetKD
                0x08004c78        0x8 Middlewares\MotorControl\pid_regulator.o
                0x08004c78                PID_GetKD
 .text.PI_Controller
                0x08004c80       0x84 Middlewares\MotorControl\pid_regulator.o
                0x08004c80                PI_Controller
 .text.PQD_CalcElMotorPower
                0x08004d04       0x6c Middlewares\MotorControl\pqd_motor_power_measurement.o
                0x08004d04                PQD_CalcElMotorPower
 .text.startTimers
                0x08004d70       0x64 Middlewares\MotorControl\pwm_common.o
                0x08004d70                startTimers
 .text.PWMC_GetPhaseCurrents
                0x08004dd4        0x4 Middlewares\MotorControl\pwm_curr_fdbk.o
                0x08004dd4                PWMC_GetPhaseCurrents
 .text.PWMC_SetPhaseVoltage
                0x08004dd8      0x20c Middlewares\MotorControl\pwm_curr_fdbk.o
                0x08004dd8                PWMC_SetPhaseVoltage
 .text.PWMC_SwitchOffPWM
                0x08004fe4        0x4 Middlewares\MotorControl\pwm_curr_fdbk.o
                0x08004fe4                PWMC_SwitchOffPWM
 .text.PWMC_CurrentReadingCalibr
                0x08004fe8       0x50 Middlewares\MotorControl\pwm_curr_fdbk.o
                0x08004fe8                PWMC_CurrentReadingCalibr
 .text.PWMC_CheckOverCurrent
                0x08005038        0x4 Middlewares\MotorControl\pwm_curr_fdbk.o
                0x08005038                PWMC_CheckOverCurrent
 .text.R3F4XX_GetPhaseCurrents
                0x0800503c      0x19c Middlewares\MotorControl\r3_f4xx_pwm_curr_fdbk.o
                0x0800503c                R3F4XX_GetPhaseCurrents
 .text.R3F4XX_HFCurrentsCalibrationAB
                0x080051d8       0x58 Middlewares\MotorControl\r3_f4xx_pwm_curr_fdbk.o
 .text.R3F4XX_HFCurrentsCalibrationC
                0x08005230       0x54 Middlewares\MotorControl\r3_f4xx_pwm_curr_fdbk.o
 .text.R3F4XX_TurnOnLowSides
                0x08005284       0x48 Middlewares\MotorControl\r3_f4xx_pwm_curr_fdbk.o
                0x08005284                R3F4XX_TurnOnLowSides
 .text.R3F4XX_SwitchOnPWM
                0x080052cc       0x88 Middlewares\MotorControl\r3_f4xx_pwm_curr_fdbk.o
                0x080052cc                R3F4XX_SwitchOnPWM
 .text.R3F4XX_SwitchOffPWM
                0x08005354       0x74 Middlewares\MotorControl\r3_f4xx_pwm_curr_fdbk.o
                0x08005354                R3F4XX_SwitchOffPWM
 .text.R3F4XX_RLGetPhaseCurrents
                0x080053c8       0x44 Middlewares\MotorControl\r3_f4xx_pwm_curr_fdbk.o
 .text.R3F4XX_RLTurnOnLowSides
                0x0800540c       0x40 Middlewares\MotorControl\r3_f4xx_pwm_curr_fdbk.o
 .text.R3F4XX_RLSwitchOnPWM
                0x0800544c       0xa8 Middlewares\MotorControl\r3_f4xx_pwm_curr_fdbk.o
 .text.R3F4XX_Init
                0x080054f4      0x130 Middlewares\MotorControl\r3_f4xx_pwm_curr_fdbk.o
                0x080054f4                R3F4XX_Init
 .text.R3F4XX_CurrentReadingCalibration
                0x08005624       0xe4 Middlewares\MotorControl\r3_f4xx_pwm_curr_fdbk.o
                0x08005624                R3F4XX_CurrentReadingCalibration
 .text.R3F4XX_SetADCSampPointSect1
                0x08005708       0xac Middlewares\MotorControl\r3_f4xx_pwm_curr_fdbk.o
                0x08005708                R3F4XX_SetADCSampPointSect1
 .text.R3F4XX_SetADCSampPointSect2
                0x080057b4       0xac Middlewares\MotorControl\r3_f4xx_pwm_curr_fdbk.o
                0x080057b4                R3F4XX_SetADCSampPointSect2
 .text.R3F4XX_SetADCSampPointSect3
                0x08005860       0xac Middlewares\MotorControl\r3_f4xx_pwm_curr_fdbk.o
                0x08005860                R3F4XX_SetADCSampPointSect3
 .text.R3F4XX_SetADCSampPointSect4
                0x0800590c       0xac Middlewares\MotorControl\r3_f4xx_pwm_curr_fdbk.o
                0x0800590c                R3F4XX_SetADCSampPointSect4
 .text.R3F4XX_SetADCSampPointSect5
                0x080059b8       0xac Middlewares\MotorControl\r3_f4xx_pwm_curr_fdbk.o
                0x080059b8                R3F4XX_SetADCSampPointSect5
 .text.R3F4XX_SetADCSampPointSect6
                0x08005a64       0xac Middlewares\MotorControl\r3_f4xx_pwm_curr_fdbk.o
                0x08005a64                R3F4XX_SetADCSampPointSect6
 .text.R3F4XX_TIMx_UP_IRQHandler
                0x08005b10       0x90 Middlewares\MotorControl\r3_f4xx_pwm_curr_fdbk.o
                0x08005b10                R3F4XX_TIMx_UP_IRQHandler
 .text.R3F4XX_BRK_IRQHandler
                0x08005ba0       0x3c Middlewares\MotorControl\r3_f4xx_pwm_curr_fdbk.o
                0x08005ba0                R3F4XX_BRK_IRQHandler
 .text.R3F4XX_IsOverCurrentOccurred
                0x08005bdc       0x14 Middlewares\MotorControl\r3_f4xx_pwm_curr_fdbk.o
                0x08005bdc                R3F4XX_IsOverCurrentOccurred
 .text.R3F4XX_RLDetectionModeEnable
                0x08005bf0       0xc0 Middlewares\MotorControl\r3_f4xx_pwm_curr_fdbk.o
                0x08005bf0                R3F4XX_RLDetectionModeEnable
 .text.R3F4XX_RLDetectionModeDisable
                0x08005cb0      0x124 Middlewares\MotorControl\r3_f4xx_pwm_curr_fdbk.o
                0x08005cb0                R3F4XX_RLDetectionModeDisable
 .text.R3F4XX_RLDetectionModeSetDuty
                0x08005dd4       0x80 Middlewares\MotorControl\r3_f4xx_pwm_curr_fdbk.o
                0x08005dd4                R3F4XX_RLDetectionModeSetDuty
 .text.RVBS_Init
                0x08005e54       0x3c Middlewares\MotorControl\r_divider_bus_voltage_sensor.o
                0x08005e54                RVBS_Init
 .text.RVBS_CalcAvVbus
                0x08005e90       0x80 Middlewares\MotorControl\r_divider_bus_voltage_sensor.o
                0x08005e90                RVBS_CalcAvVbus
 .text.REMNG_Init
                0x08005f10       0x10 Middlewares\MotorControl\ramp_ext_mngr.o
                0x08005f10                REMNG_Init
 .text.REMNG_Calc
                0x08005f20       0x38 Middlewares\MotorControl\ramp_ext_mngr.o
                0x08005f20                REMNG_Calc
 .text.REMNG_ExecRamp
                0x08005f58      0x118 Middlewares\MotorControl\ramp_ext_mngr.o
                0x08005f58                REMNG_ExecRamp
 .text.REMNG_RampCompleted
                0x08006070        0xc Middlewares\MotorControl\ramp_ext_mngr.o
                0x08006070                REMNG_RampCompleted
 .text.SPD_GetElAngle
                0x0800607c        0x8 Middlewares\MotorControl\speed_pos_fdbk.o
                0x0800607c                SPD_GetElAngle
 .text.SPD_GetAvrgMecSpeed01Hz
                0x08006084        0x8 Middlewares\MotorControl\speed_pos_fdbk.o
                0x08006084                SPD_GetAvrgMecSpeed01Hz
 .text.SPD_IsMecSpeedReliable
                0x0800608c       0x58 Middlewares\MotorControl\speed_pos_fdbk.o
                0x0800608c                SPD_IsMecSpeedReliable
 .text.SPD_GetS16Speed
                0x080060e4       0x14 Middlewares\MotorControl\speed_pos_fdbk.o
                0x080060e4                SPD_GetS16Speed
 .text.STC_Init
                0x080060f8       0x28 Middlewares\MotorControl\speed_torq_ctrl.o
                0x080060f8                STC_Init
 .text.STC_SetSpeedSensor
                0x08006120        0x4 Middlewares\MotorControl\speed_torq_ctrl.o
                0x08006120                STC_SetSpeedSensor
 .text.STC_GetSpeedSensor
                0x08006124        0x4 Middlewares\MotorControl\speed_torq_ctrl.o
                0x08006124                STC_GetSpeedSensor
 .text.STC_Clear
                0x08006128       0x10 Middlewares\MotorControl\speed_torq_ctrl.o
                0x08006128                STC_Clear
 .text.STC_GetMecSpeedRef01Hz
                0x08006138       0x10 Middlewares\MotorControl\speed_torq_ctrl.o
                0x08006138                STC_GetMecSpeedRef01Hz
 .text.STC_SetControlMode
                0x08006148        0x8 Middlewares\MotorControl\speed_torq_ctrl.o
                0x08006148                STC_SetControlMode
 .text.STC_ExecRamp
                0x08006150       0x94 Middlewares\MotorControl\speed_torq_ctrl.o
                0x08006150                STC_ExecRamp
 .text.STC_CalcTorqueReference
                0x080061e4       0x68 Middlewares\MotorControl\speed_torq_ctrl.o
                0x080061e4                STC_CalcTorqueReference
 .text.STC_GetMecSpeedRef01HzDefault
                0x0800624c        0x8 Middlewares\MotorControl\speed_torq_ctrl.o
                0x0800624c                STC_GetMecSpeedRef01HzDefault
 .text.STC_GetMaxAppPositiveMecSpeed01Hz
                0x08006254        0x4 Middlewares\MotorControl\speed_torq_ctrl.o
                0x08006254                STC_GetMaxAppPositiveMecSpeed01Hz
 .text.STC_GetMinAppNegativeMecSpeed01Hz
                0x08006258        0x8 Middlewares\MotorControl\speed_torq_ctrl.o
                0x08006258                STC_GetMinAppNegativeMecSpeed01Hz
 .text.STC_StopSpeedRamp
                0x08006260       0x10 Middlewares\MotorControl\speed_torq_ctrl.o
                0x08006260                STC_StopSpeedRamp
 .text.STC_GetDefaultIqdref
                0x08006270       0x18 Middlewares\MotorControl\speed_torq_ctrl.o
                0x08006270                STC_GetDefaultIqdref
 .text.STC_ForceSpeedReferenceToCurrentSpeed
                0x08006288       0x10 Middlewares\MotorControl\speed_torq_ctrl.o
                0x08006288                STC_ForceSpeedReferenceToCurrentSpeed
 .text.STM_Init
                0x08006298        0xc Middlewares\MotorControl\state_machine.o
                0x08006298                STM_Init
 .text.STM_NextState
                0x080062a4      0x10c Middlewares\MotorControl\state_machine.o
                0x080062a4                STM_NextState
 .text.STM_FaultProcessing
                0x080063b0       0x34 Middlewares\MotorControl\state_machine.o
                0x080063b0                STM_FaultProcessing
 .text.STM_GetState
                0x080063e4        0x4 Middlewares\MotorControl\state_machine.o
                0x080063e4                STM_GetState
 .text.STM_FaultAcknowledged
                0x080063e8       0x18 Middlewares\MotorControl\state_machine.o
                0x080063e8                STM_FaultAcknowledged
 .text.STM_GetFaultState
                0x08006400        0xc Middlewares\MotorControl\state_machine.o
                0x08006400                STM_GetFaultState
 .text.UFCP_Init
                0x0800640c        0x4 Middlewares\MotorControl\usart_frame_communication_protocol.o
                0x0800640c                UFCP_Init
 .text.UFCP_RX_IRQ_Handler
                0x08006410       0xd8 Middlewares\MotorControl\usart_frame_communication_protocol.o
                0x08006410                UFCP_RX_IRQ_Handler
 .text.UFCP_TX_IRQ_Handler
                0x080064e8       0x64 Middlewares\MotorControl\usart_frame_communication_protocol.o
                0x080064e8                UFCP_TX_IRQ_Handler
 .text.UFCP_OVR_IRQ_Handler
                0x0800654c       0x38 Middlewares\MotorControl\usart_frame_communication_protocol.o
                0x0800654c                UFCP_OVR_IRQ_Handler
 .text.UFCP_Receive
                0x08006584       0x24 Middlewares\MotorControl\usart_frame_communication_protocol.o
                0x08006584                UFCP_Receive
 .text.UFCP_Send
                0x080065a8      0x11c Middlewares\MotorControl\usart_frame_communication_protocol.o
                0x080065a8                UFCP_Send
 .text.UFCP_AbortReceive
                0x080066c4        0x8 Middlewares\MotorControl\usart_frame_communication_protocol.o
                0x080066c4                UFCP_AbortReceive
 .text.VSS_Init
                0x080066cc       0x2c Middlewares\MotorControl\virtual_speed_sensor.o
                0x080066cc                VSS_Init
 .text.VSS_Clear
                0x080066f8       0x2c Middlewares\MotorControl\virtual_speed_sensor.o
                0x080066f8                VSS_Clear
 .text.VSS_CalcElAngle
                0x08006724       0x9c Middlewares\MotorControl\virtual_speed_sensor.o
                0x08006724                VSS_CalcElAngle
 .text.VSS_CalcAvrgMecSpeed01Hz
                0x080067c0       0x88 Middlewares\MotorControl\virtual_speed_sensor.o
                0x080067c0                VSS_CalcAvrgMecSpeed01Hz
 .text.VSS_SetMecAngle
                0x08006848       0x10 Middlewares\MotorControl\virtual_speed_sensor.o
                0x08006848                VSS_SetMecAngle
 .text.VSS_SetMecAcceleration
                0x08006858       0x74 Middlewares\MotorControl\virtual_speed_sensor.o
                0x08006858                VSS_SetMecAcceleration
 .text.VSS_SetStartTransition
                0x080068cc       0x1c Middlewares\MotorControl\virtual_speed_sensor.o
                0x080068cc                VSS_SetStartTransition
 .text.VSS_TransitionEnded
                0x080068e8        0x8 Middlewares\MotorControl\virtual_speed_sensor.o
                0x080068e8                VSS_TransitionEnded
 .text.STO_PLL_Init
                0x080068f0       0xc4 ../../../MCSDK_v5.3.3/MotorControl/lib\libmc-truestudio_M4.lib(sto_pll_speed_pos_fdbk.o)
                0x080068f0                STO_PLL_Init
 .text.STO_PLL_CalcElAngle
                0x080069b4      0x1d0 ../../../MCSDK_v5.3.3/MotorControl/lib\libmc-truestudio_M4.lib(sto_pll_speed_pos_fdbk.o)
                0x080069b4                STO_PLL_CalcElAngle
 .text.STO_PLL_CalcAvrgMecSpeed01Hz
                0x08006b84      0x150 ../../../MCSDK_v5.3.3/MotorControl/lib\libmc-truestudio_M4.lib(sto_pll_speed_pos_fdbk.o)
                0x08006b84                STO_PLL_CalcAvrgMecSpeed01Hz
 .text.STO_PLL_CalcAvrgElSpeedDpp
                0x08006cd4       0x60 ../../../MCSDK_v5.3.3/MotorControl/lib\libmc-truestudio_M4.lib(sto_pll_speed_pos_fdbk.o)
                0x08006cd4                STO_PLL_CalcAvrgElSpeedDpp
 .text.STO_PLL_Clear
                0x08006d34       0x60 ../../../MCSDK_v5.3.3/MotorControl/lib\libmc-truestudio_M4.lib(sto_pll_speed_pos_fdbk.o)
                0x08006d34                STO_PLL_Clear
 .text.STO_PLL_IsObserverConverged
                0x08006d94       0xac ../../../MCSDK_v5.3.3/MotorControl/lib\libmc-truestudio_M4.lib(sto_pll_speed_pos_fdbk.o)
                0x08006d94                STO_PLL_IsObserverConverged
 .text.STO_PLL_GetEstimatedBemf
                0x08006e40       0x18 ../../../MCSDK_v5.3.3/MotorControl/lib\libmc-truestudio_M4.lib(sto_pll_speed_pos_fdbk.o)
                0x08006e40                STO_PLL_GetEstimatedBemf
 .text.STO_PLL_GetEstimatedCurrent
                0x08006e58       0x28 ../../../MCSDK_v5.3.3/MotorControl/lib\libmc-truestudio_M4.lib(sto_pll_speed_pos_fdbk.o)
                0x08006e58                STO_PLL_GetEstimatedCurrent
 .text.STO_PLL_GetObserverGains
                0x08006e80       0x10 ../../../MCSDK_v5.3.3/MotorControl/lib\libmc-truestudio_M4.lib(sto_pll_speed_pos_fdbk.o)
                0x08006e80                STO_PLL_GetObserverGains
 .text.STO_PLL_SetObserverGains
                0x08006e90        0x8 ../../../MCSDK_v5.3.3/MotorControl/lib\libmc-truestudio_M4.lib(sto_pll_speed_pos_fdbk.o)
                0x08006e90                STO_PLL_SetObserverGains
 .text.STO_GetPLLGains
                0x08006e98       0x1c ../../../MCSDK_v5.3.3/MotorControl/lib\libmc-truestudio_M4.lib(sto_pll_speed_pos_fdbk.o)
                0x08006e98                STO_GetPLLGains
 .text.STO_SetPLLGains
                0x08006eb4       0x1c ../../../MCSDK_v5.3.3/MotorControl/lib\libmc-truestudio_M4.lib(sto_pll_speed_pos_fdbk.o)
                0x08006eb4                STO_SetPLLGains
 .text.STO_OTF_ResetPLL
                0x08006ed0        0xc ../../../MCSDK_v5.3.3/MotorControl/lib\libmc-truestudio_M4.lib(sto_pll_speed_pos_fdbk.o)
                0x08006ed0                STO_OTF_ResetPLL
 .text.STO_ResetPLL
                0x08006edc        0x8 ../../../MCSDK_v5.3.3/MotorControl/lib\libmc-truestudio_M4.lib(sto_pll_speed_pos_fdbk.o)
                0x08006edc                STO_ResetPLL
 .text.STO_PLL_GetEstimatedBemfLevel
                0x08006ee4        0x8 ../../../MCSDK_v5.3.3/MotorControl/lib\libmc-truestudio_M4.lib(sto_pll_speed_pos_fdbk.o)
                0x08006ee4                STO_PLL_GetEstimatedBemfLevel
 .text.STO_PLL_GetObservedBemfLevel
                0x08006eec        0x8 ../../../MCSDK_v5.3.3/MotorControl/lib\libmc-truestudio_M4.lib(sto_pll_speed_pos_fdbk.o)
                0x08006eec                STO_PLL_GetObservedBemfLevel
 .text.STO_PLL_IsVarianceTight
                0x08006ef4        0x8 ../../../MCSDK_v5.3.3/MotorControl/lib\libmc-truestudio_M4.lib(sto_pll_speed_pos_fdbk.o)
                0x08006ef4                STO_PLL_IsVarianceTight
 .text.STO_PLL_ForceConvergency1
                0x08006efc        0xc ../../../MCSDK_v5.3.3/MotorControl/lib\libmc-truestudio_M4.lib(sto_pll_speed_pos_fdbk.o)
                0x08006efc                STO_PLL_ForceConvergency1
 .text.STO_PLL_ForceConvergency2
                0x08006f08        0xc ../../../MCSDK_v5.3.3/MotorControl/lib\libmc-truestudio_M4.lib(sto_pll_speed_pos_fdbk.o)
                0x08006f08                STO_PLL_ForceConvergency2
 .text.RUC_Init
                0x08006f14       0x7c ../../../MCSDK_v5.3.3/MotorControl/lib\libmc-truestudio_M4.lib(revup_ctrl.o)
                0x08006f14                RUC_Init
 .text.RUC_Clear
                0x08006f90       0x90 ../../../MCSDK_v5.3.3/MotorControl/lib\libmc-truestudio_M4.lib(revup_ctrl.o)
                0x08006f90                RUC_Clear
 .text.RUC_Exec
                0x08007020       0x70 ../../../MCSDK_v5.3.3/MotorControl/lib\libmc-truestudio_M4.lib(revup_ctrl.o)
                0x08007020                RUC_Exec
 .text.RUC_FirstAccelerationStageReached
                0x08007090       0x14 ../../../MCSDK_v5.3.3/MotorControl/lib\libmc-truestudio_M4.lib(revup_ctrl.o)
                0x08007090                RUC_FirstAccelerationStageReached
 .text.RUC_SetPhaseDurationms
                0x080070a4        0xc ../../../MCSDK_v5.3.3/MotorControl/lib\libmc-truestudio_M4.lib(revup_ctrl.o)
                0x080070a4                RUC_SetPhaseDurationms
 .text.RUC_SetPhaseFinalMecSpeed01Hz
                0x080070b0        0xc ../../../MCSDK_v5.3.3/MotorControl/lib\libmc-truestudio_M4.lib(revup_ctrl.o)
                0x080070b0                RUC_SetPhaseFinalMecSpeed01Hz
 .text.RUC_SetPhaseFinalTorque
                0x080070bc        0xc ../../../MCSDK_v5.3.3/MotorControl/lib\libmc-truestudio_M4.lib(revup_ctrl.o)
                0x080070bc                RUC_SetPhaseFinalTorque
 .text.RUC_GetPhaseDurationms
                0x080070c8        0xc ../../../MCSDK_v5.3.3/MotorControl/lib\libmc-truestudio_M4.lib(revup_ctrl.o)
                0x080070c8                RUC_GetPhaseDurationms
 .text.RUC_GetPhaseFinalMecSpeed01Hz
                0x080070d4       0x10 ../../../MCSDK_v5.3.3/MotorControl/lib\libmc-truestudio_M4.lib(revup_ctrl.o)
                0x080070d4                RUC_GetPhaseFinalMecSpeed01Hz
 .text.RUC_GetPhaseFinalTorque
                0x080070e4       0x10 ../../../MCSDK_v5.3.3/MotorControl/lib\libmc-truestudio_M4.lib(revup_ctrl.o)
                0x080070e4                RUC_GetPhaseFinalTorque
 .text.RUC_GetNumberOfPhases
                0x080070f4        0x8 ../../../MCSDK_v5.3.3/MotorControl/lib\libmc-truestudio_M4.lib(revup_ctrl.o)
                0x080070f4                RUC_GetNumberOfPhases
 .text.__libc_init_array
                0x080070fc       0x48 c:/program files (x86)/atollic/truestudio for stm32 9.0.1/armtools/bin/../lib/gcc/arm-atollic-eabi/6.3.1/../../../../arm-atollic-eabi/lib/armv7e-m/fpu\libc_nano.a(lib_a-init.o)
                0x080070fc                __libc_init_array
 .text.memset   0x08007144       0x10 c:/program files (x86)/atollic/truestudio for stm32 9.0.1/armtools/bin/../lib/gcc/arm-atollic-eabi/6.3.1/../../../../arm-atollic-eabi/lib/armv7e-m/fpu\libc_nano.a(lib_a-memset.o)
                0x08007144                memset
 *(.glue_7)
 .glue_7        0x08007154        0x0 linker stubs
 *(.glue_7t)
 .glue_7t       0x08007154        0x0 linker stubs
 *(.eh_frame)
 .eh_frame      0x08007154        0x0 c:/program files (x86)/atollic/truestudio for stm32 9.0.1/armtools/bin/../lib/gcc/arm-atollic-eabi/6.3.1/armv7e-m/fpu/crtbegin.o
 *(.init)
 .init          0x08007154        0x4 c:/program files (x86)/atollic/truestudio for stm32 9.0.1/armtools/bin/../lib/gcc/arm-atollic-eabi/6.3.1/armv7e-m/fpu/crti.o
                0x08007154                _init
 .init          0x08007158        0x8 c:/program files (x86)/atollic/truestudio for stm32 9.0.1/armtools/bin/../lib/gcc/arm-atollic-eabi/6.3.1/armv7e-m/fpu/crtn.o
 *(.fini)
 .fini          0x08007160        0x4 c:/program files (x86)/atollic/truestudio for stm32 9.0.1/armtools/bin/../lib/gcc/arm-atollic-eabi/6.3.1/armv7e-m/fpu/crti.o
                0x08007160                _fini
 .fini          0x08007164        0x8 c:/program files (x86)/atollic/truestudio for stm32 9.0.1/armtools/bin/../lib/gcc/arm-atollic-eabi/6.3.1/armv7e-m/fpu/crtn.o
                0x0800716c                . = ALIGN (0x4)
                0x0800716c                _etext = .

.vfp11_veneer   0x0800716c        0x0
 .vfp11_veneer  0x0800716c        0x0 linker stubs

.v4_bx          0x0800716c        0x0
 .v4_bx         0x0800716c        0x0 linker stubs

.iplt           0x0800716c        0x0
 .iplt          0x0800716c        0x0 c:/program files (x86)/atollic/truestudio for stm32 9.0.1/armtools/bin/../lib/gcc/arm-atollic-eabi/6.3.1/armv7e-m/fpu/crtbegin.o

.rodata         0x0800716c      0x274
                0x0800716c                . = ALIGN (0x4)
 *(.rodata)
 *(.rodata*)
 .rodata.R3_F4_ParamsM1
                0x0800716c       0x34 Application\User\mc_parameters.o
                0x0800716c                R3_F4_ParamsM1
 .rodata.s_fwVer
                0x080071a0       0x20 Application\User\motorcontrol.o
                0x080071a0                s_fwVer
 .rodata.AHBPrescTable
                0x080071c0       0x10 Drivers\CMSIS\system_stm32f4xx.o
                0x080071c0                AHBPrescTable
 .rodata.APBPrescTable
                0x080071d0        0x8 Drivers\CMSIS\system_stm32f4xx.o
                0x080071d0                APBPrescTable
 .rodata.hSin_Cos_Table
                0x080071d8      0x200 Middlewares\MotorControl\mc_math.o
                0x080071d8                hSin_Cos_Table
 .rodata.UFCP_Usart_Timeout_none
                0x080073d8        0x2 Middlewares\MotorControl\usart_frame_communication_protocol.o
 .rodata.UFCP_Usart_Timeout_start
                0x080073da        0x2 Middlewares\MotorControl\usart_frame_communication_protocol.o
 .rodata.UFCP_Usart_Timeout_stop
                0x080073dc        0x2 Middlewares\MotorControl\usart_frame_communication_protocol.o
                0x080073e0                . = ALIGN (0x4)
 *fill*         0x080073de        0x2 

.ARM.extab
 *(.ARM.extab* .gnu.linkonce.armextab.*)

.ARM            0x080073e0        0x8
                0x080073e0                __exidx_start = .
 *(.ARM.exidx*)
 .ARM.exidx     0x080073e0        0x8 c:/program files (x86)/atollic/truestudio for stm32 9.0.1/armtools/bin/../lib/gcc/arm-atollic-eabi/6.3.1/armv7e-m/fpu\libgcc.a(_udivmoddi4.o)
                0x080073e8                __exidx_end = .

.rel.dyn        0x080073e8        0x0
 .rel.iplt      0x080073e8        0x0 c:/program files (x86)/atollic/truestudio for stm32 9.0.1/armtools/bin/../lib/gcc/arm-atollic-eabi/6.3.1/armv7e-m/fpu/crtbegin.o

.preinit_array  0x080073e8        0x0
                0x080073e8                PROVIDE (__preinit_array_start, .)
 *(.preinit_array*)
                0x080073e8                PROVIDE (__preinit_array_end, .)

.init_array     0x080073e8        0x4
                0x080073e8                PROVIDE (__init_array_start, .)
 *(SORT(.init_array.*))
 *(.init_array*)
 .init_array    0x080073e8        0x4 c:/program files (x86)/atollic/truestudio for stm32 9.0.1/armtools/bin/../lib/gcc/arm-atollic-eabi/6.3.1/armv7e-m/fpu/crtbegin.o
                0x080073ec                PROVIDE (__init_array_end, .)

.fini_array     0x080073ec        0x4
                [!provide]                PROVIDE (__fini_array_start, .)
 *(SORT(.fini_array.*))
 *(.fini_array*)
 .fini_array    0x080073ec        0x4 c:/program files (x86)/atollic/truestudio for stm32 9.0.1/armtools/bin/../lib/gcc/arm-atollic-eabi/6.3.1/armv7e-m/fpu/crtbegin.o
                [!provide]                PROVIDE (__fini_array_end, .)
                0x080073f0                _sidata = LOADADDR (.data)

.data           0x20000000      0x6a8 load address 0x080073f0
                0x20000000                . = ALIGN (0x4)
                0x20000000                _sdata = .
 *(.data)
 *(.data*)
 .data.CircleLimitationM1
                0x20000000       0xb2 Application\User\mc_config.o
                0x20000000                CircleLimitationM1
 *fill*         0x200000b2        0x2 
 .data.PIDIdHandle_M1
                0x200000b4       0x2c Application\User\mc_config.o
                0x200000b4                PIDIdHandle_M1
 .data.PIDIqHandle_M1
                0x200000e0       0x2c Application\User\mc_config.o
                0x200000e0                PIDIqHandle_M1
 .data.PIDSpeedHandle_M1
                0x2000010c       0x2c Application\User\mc_config.o
                0x2000010c                PIDSpeedHandle_M1
 .data.PQD_MotorPowMeasM1
                0x20000138      0x114 Application\User\mc_config.o
                0x20000138                PQD_MotorPowMeasM1
 .data.PWM_Handle_M1
                0x2000024c       0x94 Application\User\mc_config.o
                0x2000024c                PWM_Handle_M1
 .data.RampExtMngrHFParamsM1
                0x200002e0       0x18 Application\User\mc_config.o
                0x200002e0                RampExtMngrHFParamsM1
 .data.RealBusVoltageSensorParamsM1
                0x200002f8       0x28 Application\User\mc_config.o
                0x200002f8                RealBusVoltageSensorParamsM1
 .data.RevUpControlM1
                0x20000320       0x78 Application\User\mc_config.o
                0x20000320                RevUpControlM1
 .data.STO_M1   0x20000398       0x14 Application\User\mc_config.o
                0x20000398                STO_M1
 .data.STO_PLL_M1
                0x200003ac      0x120 Application\User\mc_config.o
                0x200003ac                STO_PLL_M1
 .data.SpeednTorqCtrlM1
                0x200004cc       0x34 Application\User\mc_config.o
                0x200004cc                SpeednTorqCtrlM1
 .data.TempSensorParamsM1
                0x20000500       0x28 Application\User\mc_config.o
                0x20000500                TempSensorParamsM1
 .data.VirtualSpeedSensorM1
                0x20000528       0x30 Application\User\mc_config.o
                0x20000528                VirtualSpeedSensorM1
 .data.pUSART   0x20000558      0x13c Application\User\mc_config.o
                0x20000558                pUSART
 .data.wConfig  0x20000694        0x4 Application\User\motorcontrol.o
                0x20000694                wConfig
 .data.SystickDividerCounter.13137
                0x20000698        0x1 Application\User\stm32f4xx_mc_it.o
 *fill*         0x20000699        0x1 
 .data.bCOMATRTimeCounter
                0x2000069a        0x2 Application\User\ui_task.o
 .data.SystemCoreClock
                0x2000069c        0x4 Drivers\CMSIS\system_stm32f4xx.o
                0x2000069c                SystemCoreClock
 .data.uwTickFreq
                0x200006a0        0x1 Drivers\STM32F4xx_HAL_Driver\stm32f4xx_hal.o
                0x200006a0                uwTickFreq
 *fill*         0x200006a1        0x3 
 .data.uwTickPrio
                0x200006a4        0x4 Drivers\STM32F4xx_HAL_Driver\stm32f4xx_hal.o
                0x200006a4                uwTickPrio
                0x200006a8                . = ALIGN (0x4)
                0x200006a8                _edata = .

.igot.plt       0x200006a8        0x0 load address 0x08007a98
 .igot.plt      0x200006a8        0x0 c:/program files (x86)/atollic/truestudio for stm32 9.0.1/armtools/bin/../lib/gcc/arm-atollic-eabi/6.3.1/armv7e-m/fpu/crtbegin.o
                0x200006a8                . = ALIGN (0x4)

.bss            0x200006a8      0x340 load address 0x08007a98
                0x200006a8                _sbss = .
                0x200006a8                __bss_start__ = _sbss
 *(.bss)
 .bss           0x200006a8       0x1c c:/program files (x86)/atollic/truestudio for stm32 9.0.1/armtools/bin/../lib/gcc/arm-atollic-eabi/6.3.1/armv7e-m/fpu/crtbegin.o
 *(.bss*)
 .bss.UI_Params
                0x200006c4       0x18 Application\User\mc_config.o
                0x200006c4                UI_Params
 .bss.bMCBootCompleted
                0x200006dc        0x1 Application\User\mc_tasks.o
                0x200006dc                bMCBootCompleted
 *fill*         0x200006dd        0x1 
 .bss.hBootCapDelayCounterM1
                0x200006de        0x2 Application\User\mc_tasks.o
 .bss.hMFTaskCounterM1
                0x200006e0        0x2 Application\User\mc_tasks.o
 .bss.hStopPermanencyCounterM1
                0x200006e2        0x2 Application\User\mc_tasks.o
 .bss.MPInfo    0x200006e4        0x8 Application\User\motor_control_protocol.o
                0x200006e4                MPInfo
 .bss.bCOMTimeoutCounter
                0x200006ec        0x2 Application\User\ui_task.o
 .bss.bUITaskCounter
                0x200006ee        0x2 Application\User\ui_task.o
 .bss.pDAC      0x200006f0        0x4 Application\User\ui_task.o
                0x200006f0                pDAC
 .bss.pMCP      0x200006f4        0x4 Application\User\ui_task.o
                0x200006f4                pMCP
 *(COMMON)
 COMMON         0x200006f8      0x110 Application\User\main.o
                0x200006f8                hadc2
                0x20000740                hadc1
                0x20000788                htim1
                0x200007c8                huart2
 COMMON         0x20000808       0x14 Application\User\mc_config.o
                0x20000808                RealBusVoltageSensorFilterBufferM1
 COMMON         0x2000081c       0xd0 Application\User\mc_tasks.o
                0x2000081c                pOCPDisabling
                0x20000820                pTemperatureSensor
                0x20000824                pwmcHandle
                0x20000828                pPIDSpeed
                0x2000082c                pPIDIq
                0x20000830                oMCInterface
                0x20000834                pR_Brake
                0x20000838                FOCVars
                0x20000860                MCT
                0x200008b0                pCLM
                0x200008b4                pBusSensorM1
                0x200008b8                Mci
                0x200008d4                STM
                0x200008dc                pREMNG
                0x200008e0                pMPM
                0x200008e4                pPIDId
                0x200008e8                pSTC
 COMMON         0x200008ec        0x8 Application\User\motorcontrol.o
                0x200008ec                pMCI
                0x200008f0                pMCT
 COMMON         0x200008f4       0x3a Application\User\regular_conversion_manager.o
                0x200008f4                RCM_UserConvHandle
                0x200008f8                RCM_CB_array
                0x20000918                RCM_UserConvState
                0x2000091c                RCM_handle_array
                0x2000092c                RCM_UserConvValue
 *fill*         0x2000092e        0x2 
 COMMON         0x20000930       0xb4 Application\User\ui_task.o
                0x20000930                MCP_UI_Params
 COMMON         0x200009e4        0x4 Drivers\STM32F4xx_HAL_Driver\stm32f4xx_hal.o
                0x200009e4                uwTick
                0x200009e8                . = ALIGN (0x4)
                0x200009e8                _ebss = .
                0x200009e8                __bss_end__ = _ebss

._user_heap_stack
                0x200009e8      0x600 load address 0x08007a98
                0x200009e8                . = ALIGN (0x4)
                0x200009e8                PROVIDE (end, .)
                [!provide]                PROVIDE (_end, .)
                0x20000be8                . = (. + _Min_Heap_Size)
 *fill*         0x200009e8      0x200 
                0x20000fe8                . = (. + _Min_Stack_Size)
 *fill*         0x20000be8      0x400 
                0x20000fe8                . = ALIGN (0x4)

/DISCARD/
 libc.a(*)
 libm.a(*)
 libgcc.a(*)

.ARM.attributes
                0x00000000       0x30
 *(.ARM.attributes)
 .ARM.attributes
                0x00000000       0x22 c:/program files (x86)/atollic/truestudio for stm32 9.0.1/armtools/bin/../lib/gcc/arm-atollic-eabi/6.3.1/armv7e-m/fpu/crti.o
 .ARM.attributes
                0x00000022       0x34 c:/program files (x86)/atollic/truestudio for stm32 9.0.1/armtools/bin/../lib/gcc/arm-atollic-eabi/6.3.1/armv7e-m/fpu/crtbegin.o
 .ARM.attributes
                0x00000056       0x21 Application\TrueSTUDIO\startup_stm32f446xx.o
 .ARM.attributes
                0x00000077       0x35 Application\User\main.o
 .ARM.attributes
                0x000000ac       0x35 Application\User\mc_api.o
 .ARM.attributes
                0x000000e1       0x35 Application\User\mc_config.o
 .ARM.attributes
                0x00000116       0x35 Application\User\mc_parameters.o
 .ARM.attributes
                0x0000014b       0x35 Application\User\mc_tasks.o
 .ARM.attributes
                0x00000180       0x35 Application\User\motor_control_protocol.o
 .ARM.attributes
                0x000001b5       0x35 Application\User\motorcontrol.o
 .ARM.attributes
                0x000001ea       0x35 Application\User\regular_conversion_manager.o
 .ARM.attributes
                0x0000021f       0x35 Application\User\stm32f4xx_hal_msp.o
 .ARM.attributes
                0x00000254       0x35 Application\User\stm32f4xx_mc_it.o
 .ARM.attributes
                0x00000289       0x35 Application\User\ui_task.o
 .ARM.attributes
                0x000002be       0x35 Application\User\user_interface.o
 .ARM.attributes
                0x000002f3       0x35 Drivers\CMSIS\system_stm32f4xx.o
 .ARM.attributes
                0x00000328       0x35 Drivers\STM32F4xx_HAL_Driver\stm32f4xx_hal.o
 .ARM.attributes
                0x0000035d       0x35 Drivers\STM32F4xx_HAL_Driver\stm32f4xx_hal_adc.o
 .ARM.attributes
                0x00000392       0x35 Drivers\STM32F4xx_HAL_Driver\stm32f4xx_hal_adc_ex.o
 .ARM.attributes
                0x000003c7       0x35 Drivers\STM32F4xx_HAL_Driver\stm32f4xx_hal_cortex.o
 .ARM.attributes
                0x000003fc       0x35 Drivers\STM32F4xx_HAL_Driver\stm32f4xx_hal_gpio.o
 .ARM.attributes
                0x00000431       0x35 Drivers\STM32F4xx_HAL_Driver\stm32f4xx_hal_pwr_ex.o
 .ARM.attributes
                0x00000466       0x35 Drivers\STM32F4xx_HAL_Driver\stm32f4xx_hal_rcc.o
 .ARM.attributes
                0x0000049b       0x35 Drivers\STM32F4xx_HAL_Driver\stm32f4xx_hal_rcc_ex.o
 .ARM.attributes
                0x000004d0       0x35 Drivers\STM32F4xx_HAL_Driver\stm32f4xx_hal_tim.o
 .ARM.attributes
                0x00000505       0x35 Drivers\STM32F4xx_HAL_Driver\stm32f4xx_hal_tim_ex.o
 .ARM.attributes
                0x0000053a       0x35 Drivers\STM32F4xx_HAL_Driver\stm32f4xx_hal_uart.o
 .ARM.attributes
                0x0000056f       0x35 Middlewares\MotorControl\bus_voltage_sensor.o
 .ARM.attributes
                0x000005a4       0x35 Middlewares\MotorControl\circle_limitation.o
 .ARM.attributes
                0x000005d9       0x35 Middlewares\MotorControl\frame_communication_protocol.o
 .ARM.attributes
                0x0000060e       0x35 Middlewares\MotorControl\mc_interface.o
 .ARM.attributes
                0x00000643       0x35 Middlewares\MotorControl\mc_math.o
 .ARM.attributes
                0x00000678       0x35 Middlewares\MotorControl\motor_power_measurement.o
 .ARM.attributes
                0x000006ad       0x35 Middlewares\MotorControl\ntc_temperature_sensor.o
 .ARM.attributes
                0x000006e2       0x35 Middlewares\MotorControl\pid_regulator.o
 .ARM.attributes
                0x00000717       0x35 Middlewares\MotorControl\pqd_motor_power_measurement.o
 .ARM.attributes
                0x0000074c       0x35 Middlewares\MotorControl\pwm_common.o
 .ARM.attributes
                0x00000781       0x35 Middlewares\MotorControl\pwm_curr_fdbk.o
 .ARM.attributes
                0x000007b6       0x35 Middlewares\MotorControl\r3_f4xx_pwm_curr_fdbk.o
 .ARM.attributes
                0x000007eb       0x35 Middlewares\MotorControl\r_divider_bus_voltage_sensor.o
 .ARM.attributes
                0x00000820       0x35 Middlewares\MotorControl\ramp_ext_mngr.o
 .ARM.attributes
                0x00000855       0x35 Middlewares\MotorControl\speed_pos_fdbk.o
 .ARM.attributes
                0x0000088a       0x35 Middlewares\MotorControl\speed_torq_ctrl.o
 .ARM.attributes
                0x000008bf       0x35 Middlewares\MotorControl\state_machine.o
 .ARM.attributes
                0x000008f4       0x35 Middlewares\MotorControl\usart_frame_communication_protocol.o
 .ARM.attributes
                0x00000929       0x35 Middlewares\MotorControl\virtual_speed_sensor.o
 .ARM.attributes
                0x0000095e       0x35 ../../../MCSDK_v5.3.3/MotorControl/lib\libmc-truestudio_M4.lib(sto_pll_speed_pos_fdbk.o)
 .ARM.attributes
                0x00000993       0x35 ../../../MCSDK_v5.3.3/MotorControl/lib\libmc-truestudio_M4.lib(revup_ctrl.o)
 .ARM.attributes
                0x000009c8       0x34 c:/program files (x86)/atollic/truestudio for stm32 9.0.1/armtools/bin/../lib/gcc/arm-atollic-eabi/6.3.1/../../../../arm-atollic-eabi/lib/armv7e-m/fpu\libc_nano.a(lib_a-init.o)
 .ARM.attributes
                0x000009fc       0x34 c:/program files (x86)/atollic/truestudio for stm32 9.0.1/armtools/bin/../lib/gcc/arm-atollic-eabi/6.3.1/../../../../arm-atollic-eabi/lib/armv7e-m/fpu\libc_nano.a(lib_a-memset.o)
 .ARM.attributes
                0x00000a30       0x22 c:/program files (x86)/atollic/truestudio for stm32 9.0.1/armtools/bin/../lib/gcc/arm-atollic-eabi/6.3.1/armv7e-m/fpu\libgcc.a(_aeabi_uldivmod.o)
 .ARM.attributes
                0x00000a52       0x34 c:/program files (x86)/atollic/truestudio for stm32 9.0.1/armtools/bin/../lib/gcc/arm-atollic-eabi/6.3.1/armv7e-m/fpu\libgcc.a(_udivmoddi4.o)
 .ARM.attributes
                0x00000a86       0x22 c:/program files (x86)/atollic/truestudio for stm32 9.0.1/armtools/bin/../lib/gcc/arm-atollic-eabi/6.3.1/armv7e-m/fpu\libgcc.a(_dvmd_tls.o)
 .ARM.attributes
                0x00000aa8       0x22 c:/program files (x86)/atollic/truestudio for stm32 9.0.1/armtools/bin/../lib/gcc/arm-atollic-eabi/6.3.1/armv7e-m/fpu/crtn.o
OUTPUT(A2212 930KV F446.elf elf32-littlearm)

.debug_line     0x00000000    0x112f2
 .debug_line    0x00000000       0x7a Application\TrueSTUDIO\startup_stm32f446xx.o
 .debug_line    0x0000007a      0x4ed Application\User\main.o
 .debug_line    0x00000567      0x7d9 Application\User\mc_api.o
 .debug_line    0x00000d40      0x5db Application\User\mc_config.o
 .debug_line    0x0000131b      0x2a5 Application\User\mc_parameters.o
 .debug_line    0x000015c0      0xb31 Application\User\mc_tasks.o
 .debug_line    0x000020f1      0x71a Application\User\motor_control_protocol.o
 .debug_line    0x0000280b      0x62d Application\User\motorcontrol.o
 .debug_line    0x00002e38      0x8fd Application\User\regular_conversion_manager.o
 .debug_line    0x00003735      0x3f2 Application\User\stm32f4xx_hal_msp.o
 .debug_line    0x00003b27      0x7c0 Application\User\stm32f4xx_mc_it.o
 .debug_line    0x000042e7      0x6b9 Application\User\ui_task.o
 .debug_line    0x000049a0      0x985 Application\User\user_interface.o
 .debug_line    0x00005325      0x202 Drivers\CMSIS\system_stm32f4xx.o
 .debug_line    0x00005527      0x437 Drivers\STM32F4xx_HAL_Driver\stm32f4xx_hal.o
 .debug_line    0x0000595e      0x866 Drivers\STM32F4xx_HAL_Driver\stm32f4xx_hal_adc.o
 .debug_line    0x000061c4      0x6c4 Drivers\STM32F4xx_HAL_Driver\stm32f4xx_hal_adc_ex.o
 .debug_line    0x00006888      0x49d Drivers\STM32F4xx_HAL_Driver\stm32f4xx_hal_cortex.o
 .debug_line    0x00006d25      0x430 Drivers\STM32F4xx_HAL_Driver\stm32f4xx_hal_gpio.o
 .debug_line    0x00007155      0x35a Drivers\STM32F4xx_HAL_Driver\stm32f4xx_hal_pwr_ex.o
 .debug_line    0x000074af      0x577 Drivers\STM32F4xx_HAL_Driver\stm32f4xx_hal_rcc.o
 .debug_line    0x00007a26      0x75a Drivers\STM32F4xx_HAL_Driver\stm32f4xx_hal_rcc_ex.o
 .debug_line    0x00008180     0x1aba Drivers\STM32F4xx_HAL_Driver\stm32f4xx_hal_tim.o
 .debug_line    0x00009c3a      0x83c Drivers\STM32F4xx_HAL_Driver\stm32f4xx_hal_tim_ex.o
 .debug_line    0x0000a476      0xdb3 Drivers\STM32F4xx_HAL_Driver\stm32f4xx_hal_uart.o
 .debug_line    0x0000b229      0x2be Middlewares\MotorControl\bus_voltage_sensor.o
 .debug_line    0x0000b4e7      0x2a0 Middlewares\MotorControl\circle_limitation.o
 .debug_line    0x0000b787      0x5e0 Middlewares\MotorControl\frame_communication_protocol.o
 .debug_line    0x0000bd67      0x596 Middlewares\MotorControl\mc_interface.o
 .debug_line    0x0000c2fd      0x3a8 Middlewares\MotorControl\mc_math.o
 .debug_line    0x0000c6a5      0x2e0 Middlewares\MotorControl\motor_power_measurement.o
 .debug_line    0x0000c985      0x377 Middlewares\MotorControl\ntc_temperature_sensor.o
 .debug_line    0x0000ccfc      0x412 Middlewares\MotorControl\pid_regulator.o
 .debug_line    0x0000d10e      0x2ec Middlewares\MotorControl\pqd_motor_power_measurement.o
 .debug_line    0x0000d3fa      0x2a7 Middlewares\MotorControl\pwm_common.o
 .debug_line    0x0000d6a1      0x508 Middlewares\MotorControl\pwm_curr_fdbk.o
 .debug_line    0x0000dba9      0xe3e Middlewares\MotorControl\r3_f4xx_pwm_curr_fdbk.o
 .debug_line    0x0000e9e7      0x40e Middlewares\MotorControl\r_divider_bus_voltage_sensor.o
 .debug_line    0x0000edf5      0x372 Middlewares\MotorControl\ramp_ext_mngr.o
 .debug_line    0x0000f167      0x333 Middlewares\MotorControl\speed_pos_fdbk.o
 .debug_line    0x0000f49a      0x45f Middlewares\MotorControl\speed_torq_ctrl.o
 .debug_line    0x0000f8f9      0x3a3 Middlewares\MotorControl\state_machine.o
 .debug_line    0x0000fc9c      0x4dc Middlewares\MotorControl\usart_frame_communication_protocol.o
 .debug_line    0x00010178      0x42d Middlewares\MotorControl\virtual_speed_sensor.o
 .debug_line    0x000105a5      0x7aa ../../../MCSDK_v5.3.3/MotorControl/lib\libmc-truestudio_M4.lib(sto_pll_speed_pos_fdbk.o)
 .debug_line    0x00010d4f      0x5a3 ../../../MCSDK_v5.3.3/MotorControl/lib\libmc-truestudio_M4.lib(revup_ctrl.o)

.debug_info     0x00000000    0x3d734
 .debug_info    0x00000000       0x85 Application\TrueSTUDIO\startup_stm32f446xx.o
 .debug_info    0x00000085     0x1b8f Application\User\main.o
 .debug_info    0x00001c14     0x3253 Application\User\mc_api.o
 .debug_info    0x00004e67     0x2d97 Application\User\mc_config.o
 .debug_info    0x00007bfe      0x4eb Application\User\mc_parameters.o
 .debug_info    0x000080e9     0x495d Application\User\mc_tasks.o
 .debug_info    0x0000ca46     0x3198 Application\User\motor_control_protocol.o
 .debug_info    0x0000fbde     0x2db7 Application\User\motorcontrol.o
 .debug_info    0x00012995     0x3585 Application\User\regular_conversion_manager.o
 .debug_info    0x00015f1a     0x13ba Application\User\stm32f4xx_hal_msp.o
 .debug_info    0x000172d4     0x3253 Application\User\stm32f4xx_mc_it.o
 .debug_info    0x0001a527     0x2f75 Application\User\ui_task.o
 .debug_info    0x0001d49c     0x3e99 Application\User\user_interface.o
 .debug_info    0x00021335      0x53e Drivers\CMSIS\system_stm32f4xx.o
 .debug_info    0x00021873      0xa41 Drivers\STM32F4xx_HAL_Driver\stm32f4xx_hal.o
 .debug_info    0x000222b4      0xdac Drivers\STM32F4xx_HAL_Driver\stm32f4xx_hal_adc.o
 .debug_info    0x00023060      0xbe3 Drivers\STM32F4xx_HAL_Driver\stm32f4xx_hal_adc_ex.o
 .debug_info    0x00023c43      0xf5b Drivers\STM32F4xx_HAL_Driver\stm32f4xx_hal_cortex.o
 .debug_info    0x00024b9e      0x7c3 Drivers\STM32F4xx_HAL_Driver\stm32f4xx_hal_gpio.o
 .debug_info    0x00025361      0x7c3 Drivers\STM32F4xx_HAL_Driver\stm32f4xx_hal_pwr_ex.o
 .debug_info    0x00025b24      0xab5 Drivers\STM32F4xx_HAL_Driver\stm32f4xx_hal_rcc.o
 .debug_info    0x000265d9      0xbea Drivers\STM32F4xx_HAL_Driver\stm32f4xx_hal_rcc_ex.o
 .debug_info    0x000271c3     0x3d6c Drivers\STM32F4xx_HAL_Driver\stm32f4xx_hal_tim.o
 .debug_info    0x0002af2f     0x1518 Drivers\STM32F4xx_HAL_Driver\stm32f4xx_hal_tim_ex.o
 .debug_info    0x0002c447     0x17bb Drivers\STM32F4xx_HAL_Driver\stm32f4xx_hal_uart.o
 .debug_info    0x0002dc02      0x2eb Middlewares\MotorControl\bus_voltage_sensor.o
 .debug_info    0x0002deed      0x2bf Middlewares\MotorControl\circle_limitation.o
 .debug_info    0x0002e1ac     0x28c0 Middlewares\MotorControl\frame_communication_protocol.o
 .debug_info    0x00030a6c      0xfd4 Middlewares\MotorControl\mc_interface.o
 .debug_info    0x00031a40      0x5cf Middlewares\MotorControl\mc_math.o
 .debug_info    0x0003200f      0x327 Middlewares\MotorControl\motor_power_measurement.o
 .debug_info    0x00032336      0x5d8 Middlewares\MotorControl\ntc_temperature_sensor.o
 .debug_info    0x0003290e      0x771 Middlewares\MotorControl\pid_regulator.o
 .debug_info    0x0003307f      0x4be Middlewares\MotorControl\pqd_motor_power_measurement.o
 .debug_info    0x0003353d      0x662 Middlewares\MotorControl\pwm_common.o
 .debug_info    0x00033b9f      0xc0c Middlewares\MotorControl\pwm_curr_fdbk.o
 .debug_info    0x000347ab     0x2aa9 Middlewares\MotorControl\r3_f4xx_pwm_curr_fdbk.o
 .debug_info    0x00037254      0x6df Middlewares\MotorControl\r_divider_bus_voltage_sensor.o
 .debug_info    0x00037933      0x57c Middlewares\MotorControl\ramp_ext_mngr.o
 .debug_info    0x00037eaf      0x48e Middlewares\MotorControl\speed_pos_fdbk.o
 .debug_info    0x0003833d      0x94b Middlewares\MotorControl\speed_torq_ctrl.o
 .debug_info    0x00038c88      0x46f Middlewares\MotorControl\state_machine.o
 .debug_info    0x000390f7      0xbf1 Middlewares\MotorControl\usart_frame_communication_protocol.o
 .debug_info    0x00039ce8      0x6aa Middlewares\MotorControl\virtual_speed_sensor.o
 .debug_info    0x0003a392     0x1b12 ../../../MCSDK_v5.3.3/MotorControl/lib\libmc-truestudio_M4.lib(sto_pll_speed_pos_fdbk.o)
 .debug_info    0x0003bea4     0x1890 ../../../MCSDK_v5.3.3/MotorControl/lib\libmc-truestudio_M4.lib(revup_ctrl.o)

.debug_abbrev   0x00000000     0x68af
 .debug_abbrev  0x00000000       0x12 Application\TrueSTUDIO\startup_stm32f446xx.o
 .debug_abbrev  0x00000012      0x2cb Application\User\main.o
 .debug_abbrev  0x000002dd      0x245 Application\User\mc_api.o
 .debug_abbrev  0x00000522      0x1a9 Application\User\mc_config.o
 .debug_abbrev  0x000006cb      0x119 Application\User\mc_parameters.o
 .debug_abbrev  0x000007e4      0x404 Application\User\mc_tasks.o
 .debug_abbrev  0x00000be8      0x351 Application\User\motor_control_protocol.o
 .debug_abbrev  0x00000f39      0x1fe Application\User\motorcontrol.o
 .debug_abbrev  0x00001137      0x373 Application\User\regular_conversion_manager.o
 .debug_abbrev  0x000014aa      0x223 Application\User\stm32f4xx_hal_msp.o
 .debug_abbrev  0x000016cd      0x2d1 Application\User\stm32f4xx_mc_it.o
 .debug_abbrev  0x0000199e      0x288 Application\User\ui_task.o
 .debug_abbrev  0x00001c26      0x387 Application\User\user_interface.o
 .debug_abbrev  0x00001fad      0x10e Drivers\CMSIS\system_stm32f4xx.o
 .debug_abbrev  0x000020bb      0x23d Drivers\STM32F4xx_HAL_Driver\stm32f4xx_hal.o
 .debug_abbrev  0x000022f8      0x2b0 Drivers\STM32F4xx_HAL_Driver\stm32f4xx_hal_adc.o
 .debug_abbrev  0x000025a8      0x284 Drivers\STM32F4xx_HAL_Driver\stm32f4xx_hal_adc_ex.o
 .debug_abbrev  0x0000282c      0x314 Drivers\STM32F4xx_HAL_Driver\stm32f4xx_hal_cortex.o
 .debug_abbrev  0x00002b40      0x1ef Drivers\STM32F4xx_HAL_Driver\stm32f4xx_hal_gpio.o
 .debug_abbrev  0x00002d2f      0x1be Drivers\STM32F4xx_HAL_Driver\stm32f4xx_hal_pwr_ex.o
 .debug_abbrev  0x00002eed      0x2be Drivers\STM32F4xx_HAL_Driver\stm32f4xx_hal_rcc.o
 .debug_abbrev  0x000031ab      0x224 Drivers\STM32F4xx_HAL_Driver\stm32f4xx_hal_rcc_ex.o
 .debug_abbrev  0x000033cf      0x343 Drivers\STM32F4xx_HAL_Driver\stm32f4xx_hal_tim.o
 .debug_abbrev  0x00003712      0x2e3 Drivers\STM32F4xx_HAL_Driver\stm32f4xx_hal_tim_ex.o
 .debug_abbrev  0x000039f5      0x311 Drivers\STM32F4xx_HAL_Driver\stm32f4xx_hal_uart.o
 .debug_abbrev  0x00003d06      0x119 Middlewares\MotorControl\bus_voltage_sensor.o
 .debug_abbrev  0x00003e1f       0xf6 Middlewares\MotorControl\circle_limitation.o
 .debug_abbrev  0x00003f15      0x251 Middlewares\MotorControl\frame_communication_protocol.o
 .debug_abbrev  0x00004166      0x242 Middlewares\MotorControl\mc_interface.o
 .debug_abbrev  0x000043a8      0x1e4 Middlewares\MotorControl\mc_math.o
 .debug_abbrev  0x0000458c      0x161 Middlewares\MotorControl\motor_power_measurement.o
 .debug_abbrev  0x000046ed      0x1fa Middlewares\MotorControl\ntc_temperature_sensor.o
 .debug_abbrev  0x000048e7      0x1e9 Middlewares\MotorControl\pid_regulator.o
 .debug_abbrev  0x00004ad0      0x16d Middlewares\MotorControl\pqd_motor_power_measurement.o
 .debug_abbrev  0x00004c3d      0x19f Middlewares\MotorControl\pwm_common.o
 .debug_abbrev  0x00004ddc      0x25e Middlewares\MotorControl\pwm_curr_fdbk.o
 .debug_abbrev  0x0000503a      0x3b0 Middlewares\MotorControl\r3_f4xx_pwm_curr_fdbk.o
 .debug_abbrev  0x000053ea      0x229 Middlewares\MotorControl\r_divider_bus_voltage_sensor.o
 .debug_abbrev  0x00005613      0x1d7 Middlewares\MotorControl\ramp_ext_mngr.o
 .debug_abbrev  0x000057ea      0x146 Middlewares\MotorControl\speed_pos_fdbk.o
 .debug_abbrev  0x00005930      0x25d Middlewares\MotorControl\speed_torq_ctrl.o
 .debug_abbrev  0x00005b8d      0x1d2 Middlewares\MotorControl\state_machine.o
 .debug_abbrev  0x00005d5f      0x2fc Middlewares\MotorControl\usart_frame_communication_protocol.o
 .debug_abbrev  0x0000605b      0x1e7 Middlewares\MotorControl\virtual_speed_sensor.o
 .debug_abbrev  0x00006242      0x3af ../../../MCSDK_v5.3.3/MotorControl/lib\libmc-truestudio_M4.lib(sto_pll_speed_pos_fdbk.o)
 .debug_abbrev  0x000065f1      0x2be ../../../MCSDK_v5.3.3/MotorControl/lib\libmc-truestudio_M4.lib(revup_ctrl.o)

.debug_aranges  0x00000000     0x1770
 .debug_aranges
                0x00000000       0x28 Application\TrueSTUDIO\startup_stm32f446xx.o
 .debug_aranges
                0x00000028       0x30 Application\User\main.o
 .debug_aranges
                0x00000058      0x108 Application\User\mc_api.o
 .debug_aranges
                0x00000160       0x18 Application\User\mc_config.o
 .debug_aranges
                0x00000178       0x18 Application\User\mc_parameters.o
 .debug_aranges
                0x00000190       0x78 Application\User\mc_tasks.o
 .debug_aranges
                0x00000208       0x58 Application\User\motor_control_protocol.o
 .debug_aranges
                0x00000260       0x20 Application\User\motorcontrol.o
 .debug_aranges
                0x00000280       0x50 Application\User\regular_conversion_manager.o
 .debug_aranges
                0x000002d0       0x58 Application\User\stm32f4xx_hal_msp.o
 .debug_aranges
                0x00000328       0x50 Application\User\stm32f4xx_mc_it.o
 .debug_aranges
                0x00000378       0x68 Application\User\ui_task.o
 .debug_aranges
                0x000003e0       0x88 Application\User\user_interface.o
 .debug_aranges
                0x00000468       0x28 Drivers\CMSIS\system_stm32f4xx.o
 .debug_aranges
                0x00000490       0xe8 Drivers\STM32F4xx_HAL_Driver\stm32f4xx_hal.o
 .debug_aranges
                0x00000578       0xb8 Drivers\STM32F4xx_HAL_Driver\stm32f4xx_hal_adc.o
 .debug_aranges
                0x00000630       0x90 Drivers\STM32F4xx_HAL_Driver\stm32f4xx_hal_adc_ex.o
 .debug_aranges
                0x000006c0       0xa8 Drivers\STM32F4xx_HAL_Driver\stm32f4xx_hal_cortex.o
 .debug_aranges
                0x00000768       0x58 Drivers\STM32F4xx_HAL_Driver\stm32f4xx_hal_gpio.o
 .debug_aranges
                0x000007c0       0x60 Drivers\STM32F4xx_HAL_Driver\stm32f4xx_hal_pwr_ex.o
 .debug_aranges
                0x00000820       0x88 Drivers\STM32F4xx_HAL_Driver\stm32f4xx_hal_rcc.o
 .debug_aranges
                0x000008a8       0x78 Drivers\STM32F4xx_HAL_Driver\stm32f4xx_hal_rcc_ex.o
 .debug_aranges
                0x00000920      0x258 Drivers\STM32F4xx_HAL_Driver\stm32f4xx_hal_tim.o
 .debug_aranges
                0x00000b78       0xf0 Drivers\STM32F4xx_HAL_Driver\stm32f4xx_hal_tim_ex.o
 .debug_aranges
                0x00000c68      0x160 Drivers\STM32F4xx_HAL_Driver\stm32f4xx_hal_uart.o
 .debug_aranges
                0x00000dc8       0x38 Middlewares\MotorControl\bus_voltage_sensor.o
 .debug_aranges
                0x00000e00       0x20 Middlewares\MotorControl\circle_limitation.o
 .debug_aranges
                0x00000e20       0x40 Middlewares\MotorControl\frame_communication_protocol.o
 .debug_aranges
                0x00000e60      0x128 Middlewares\MotorControl\mc_interface.o
 .debug_aranges
                0x00000f88       0x48 Middlewares\MotorControl\mc_math.o
 .debug_aranges
                0x00000fd0       0x38 Middlewares\MotorControl\motor_power_measurement.o
 .debug_aranges
                0x00001008       0x50 Middlewares\MotorControl\ntc_temperature_sensor.o
 .debug_aranges
                0x00001058       0xc0 Middlewares\MotorControl\pid_regulator.o
 .debug_aranges
                0x00001118       0x20 Middlewares\MotorControl\pqd_motor_power_measurement.o
 .debug_aranges
                0x00001138       0x20 Middlewares\MotorControl\pwm_common.o
 .debug_aranges
                0x00001158      0x100 Middlewares\MotorControl\pwm_curr_fdbk.o
 .debug_aranges
                0x00001258       0xf0 Middlewares\MotorControl\r3_f4xx_pwm_curr_fdbk.o
 .debug_aranges
                0x00001348       0x40 Middlewares\MotorControl\r_divider_bus_voltage_sensor.o
 .debug_aranges
                0x00001388       0x50 Middlewares\MotorControl\ramp_ext_mngr.o
 .debug_aranges
                0x000013d8       0x60 Middlewares\MotorControl\speed_pos_fdbk.o
 .debug_aranges
                0x00001438       0xb0 Middlewares\MotorControl\speed_torq_ctrl.o
 .debug_aranges
                0x000014e8       0x48 Middlewares\MotorControl\state_machine.o
 .debug_aranges
                0x00001530       0x58 Middlewares\MotorControl\usart_frame_communication_protocol.o
 .debug_aranges
                0x00001588       0x78 Middlewares\MotorControl\virtual_speed_sensor.o
 .debug_aranges
                0x00001600       0xe0 ../../../MCSDK_v5.3.3/MotorControl/lib\libmc-truestudio_M4.lib(sto_pll_speed_pos_fdbk.o)
 .debug_aranges
                0x000016e0       0x90 ../../../MCSDK_v5.3.3/MotorControl/lib\libmc-truestudio_M4.lib(revup_ctrl.o)

.debug_ranges   0x00000000     0x31d8
 .debug_ranges  0x00000000       0x20 Application\TrueSTUDIO\startup_stm32f446xx.o
 .debug_ranges  0x00000020      0x118 Application\User\main.o
 .debug_ranges  0x00000138       0xf8 Application\User\mc_api.o
 .debug_ranges  0x00000230      0x378 Application\User\mc_tasks.o
 .debug_ranges  0x000005a8      0x100 Application\User\motor_control_protocol.o
 .debug_ranges  0x000006a8       0x10 Application\User\motorcontrol.o
 .debug_ranges  0x000006b8      0x1f0 Application\User\regular_conversion_manager.o
 .debug_ranges  0x000008a8      0x148 Application\User\stm32f4xx_hal_msp.o
 .debug_ranges  0x000009f0       0x70 Application\User\stm32f4xx_mc_it.o
 .debug_ranges  0x00000a60       0x58 Application\User\ui_task.o
 .debug_ranges  0x00000ab8      0x228 Application\User\user_interface.o
 .debug_ranges  0x00000ce0       0x18 Drivers\CMSIS\system_stm32f4xx.o
 .debug_ranges  0x00000cf8       0xd8 Drivers\STM32F4xx_HAL_Driver\stm32f4xx_hal.o
 .debug_ranges  0x00000dd0       0xd0 Drivers\STM32F4xx_HAL_Driver\stm32f4xx_hal_adc.o
 .debug_ranges  0x00000ea0       0x80 Drivers\STM32F4xx_HAL_Driver\stm32f4xx_hal_adc_ex.o
 .debug_ranges  0x00000f20      0x160 Drivers\STM32F4xx_HAL_Driver\stm32f4xx_hal_cortex.o
 .debug_ranges  0x00001080       0x68 Drivers\STM32F4xx_HAL_Driver\stm32f4xx_hal_gpio.o
 .debug_ranges  0x000010e8       0xc8 Drivers\STM32F4xx_HAL_Driver\stm32f4xx_hal_pwr_ex.o
 .debug_ranges  0x000011b0      0x100 Drivers\STM32F4xx_HAL_Driver\stm32f4xx_hal_rcc.o
 .debug_ranges  0x000012b0       0xb0 Drivers\STM32F4xx_HAL_Driver\stm32f4xx_hal_rcc_ex.o
 .debug_ranges  0x00001360      0x718 Drivers\STM32F4xx_HAL_Driver\stm32f4xx_hal_tim.o
 .debug_ranges  0x00001a78       0xe0 Drivers\STM32F4xx_HAL_Driver\stm32f4xx_hal_tim_ex.o
 .debug_ranges  0x00001b58      0x238 Drivers\STM32F4xx_HAL_Driver\stm32f4xx_hal_uart.o
 .debug_ranges  0x00001d90       0x28 Middlewares\MotorControl\bus_voltage_sensor.o
 .debug_ranges  0x00001db8       0x10 Middlewares\MotorControl\circle_limitation.o
 .debug_ranges  0x00001dc8       0x48 Middlewares\MotorControl\frame_communication_protocol.o
 .debug_ranges  0x00001e10      0x130 Middlewares\MotorControl\mc_interface.o
 .debug_ranges  0x00001f40       0x88 Middlewares\MotorControl\mc_math.o
 .debug_ranges  0x00001fc8       0x28 Middlewares\MotorControl\motor_power_measurement.o
 .debug_ranges  0x00001ff0       0x60 Middlewares\MotorControl\ntc_temperature_sensor.o
 .debug_ranges  0x00002050       0xb0 Middlewares\MotorControl\pid_regulator.o
 .debug_ranges  0x00002100       0x10 Middlewares\MotorControl\pqd_motor_power_measurement.o
 .debug_ranges  0x00002110       0x58 Middlewares\MotorControl\pwm_common.o
 .debug_ranges  0x00002168       0xf0 Middlewares\MotorControl\pwm_curr_fdbk.o
 .debug_ranges  0x00002258      0x7d8 Middlewares\MotorControl\r3_f4xx_pwm_curr_fdbk.o
 .debug_ranges  0x00002a30       0xa0 Middlewares\MotorControl\r_divider_bus_voltage_sensor.o
 .debug_ranges  0x00002ad0      0x148 Middlewares\MotorControl\ramp_ext_mngr.o
 .debug_ranges  0x00002c18       0x50 Middlewares\MotorControl\speed_pos_fdbk.o
 .debug_ranges  0x00002c68       0xb8 Middlewares\MotorControl\speed_torq_ctrl.o
 .debug_ranges  0x00002d20       0x50 Middlewares\MotorControl\state_machine.o
 .debug_ranges  0x00002d70      0x1b8 Middlewares\MotorControl\usart_frame_communication_protocol.o
 .debug_ranges  0x00002f28       0x68 Middlewares\MotorControl\virtual_speed_sensor.o
 .debug_ranges  0x00002f90      0x168 ../../../MCSDK_v5.3.3/MotorControl/lib\libmc-truestudio_M4.lib(sto_pll_speed_pos_fdbk.o)
 .debug_ranges  0x000030f8       0xe0 ../../../MCSDK_v5.3.3/MotorControl/lib\libmc-truestudio_M4.lib(revup_ctrl.o)

.debug_str      0x00000000     0xad1b
 .debug_str     0x00000000     0x15d7 Application\User\main.o
                               0x1726 (size before relaxing)
 .debug_str     0x000015d7     0x347d Application\User\mc_api.o
                               0x3a37 (size before relaxing)
 .debug_str     0x00004a54       0x57 Application\User\mc_config.o
                               0x3551 (size before relaxing)
 .debug_str     0x00004aab       0x1d Application\User\mc_parameters.o
                                0x487 (size before relaxing)
 .debug_str     0x00004ac8      0x794 Application\User\mc_tasks.o
                               0x3ceb (size before relaxing)
 .debug_str     0x0000525c      0x2bb Application\User\motor_control_protocol.o
                               0x3476 (size before relaxing)
 .debug_str     0x00005517       0x57 Application\User\motorcontrol.o
                               0x357a (size before relaxing)