core_cm4.h:1676:26:__NVIC_GetPriorityGrouping	4	static
core_cm4.h:1688:22:__NVIC_EnableIRQ	16	static
core_cm4.h:1816:22:__NVIC_SetPriority	16	static
core_cm4.h:1863:26:NVIC_EncodePriority	40	static
stm32f4xx_ll_adc.h:2454:22:LL_ADC_REG_SetSequencerRanks	32	static,ignoring_inline_asm
stm32f4xx_ll_adc.h:2686:22:LL_ADC_REG_SetFlagEndOfConversion	16	static
stm32f4xx_ll_adc.h:2971:22:LL_ADC_INJ_SetSequencerRanks	24	static
stm32f4xx_ll_adc.h:3120:22:LL_ADC_INJ_SetOffset	32	static,ignoring_inline_asm
stm32f4xx_ll_adc.h:3240:22:LL_ADC_SetChannelSamplingTime	48	static,ignoring_inline_asm
stm32f4xx_ll_adc.h:4076:22:LL_ADC_INJ_StartConversionExtTrig	16	static
stm32f4xx_ll_adc.h:4589:22:LL_ADC_DisableIT_EOCS	16	static
stm32f4xx_ll_adc.h:4612:22:LL_ADC_DisableIT_JEOS	16	static
stm32f4xx_ll_bus.h:411:22:LL_AHB1_GRP1_EnableClock	24	static
stm32f4xx_ll_bus.h:1706:22:LL_APB2_GRP1_EnableClock	24	static
adc.c:30:6:MX_ADC1_Init	96	static
adc.c:120:6:MX_ADC2_Init	80	static
adc.c:207:6:MX_ADC3_Init	24	static
adc.c:241:6:HAL_ADC_MspInit	48	static
adc.c:271:6:HAL_ADC_MspDeInit	16	static
