gthr-default.h:229:1:int __gthread_key_delete(__gthread_key_t)	16	static
Observer.cpp:12:6:void Observer::Zintegrate2n::ZintegrateInit(float)	16	static
Observer.cpp:18:22:std::array<float, 2> Observer::Zintegrate2n::integrate(float, std::array<float, 2>)	56	static
Observer.cpp:27:1:Observer::Observer()	16	static
Observer.cpp:32:1:Observer::~Observer()	16	static
Observer.cpp:32:1:virtual Observer::~Observer()	16	static
Observer.cpp:36:6:void Observer::MotorParamInit(float, float, float)	24	static
Observer.cpp:42:6:void Observer::obsBiasInit(float)	16	static
Observer.cpp:46:6:void Observer::SetIalpha_beta(float, float)	24	static
Observer.cpp:50:6:void Observer::SetValpha_beta(float, float)	24	static
Observer.cpp:55:22:std::array<float, 2> Observer::MatrixMultiple2n(float, float, float, float, std::array<float, 2>)	72	static
Observer.cpp:66:22:std::array<float, 2> Observer::VectorMultiple2n(float, std::array<float, 2>)	56	static
Observer.cpp:75:22:std::array<float, 2> Observer::VectorAdd2n(std::array<float, 2>, std::array<float, 2>)	64	static
Observer.cpp:95:6:void Observer::calc()	64	static
array:193:7:std::array<_Tp, _Nm>::value_type& std::array<_Tp, _Nm>::at(std::array<_Tp, _Nm>::size_type) [with _Tp = float; unsigned int _Nm = 2]	16	static
array:55:7:static constexpr _Tp& std::__array_traits<_Tp, _Nm>::_S_ref(const _Tp (&)[_Nm], std::size_t) [with _Tp = float; unsigned int _Nm = 2]	16	static
