gthr-default.h:229:1:int __gthread_key_delete(__gthread_key_t)	16	static
Wrapper.cpp:21:6:void SystemTest()	72	static
Wrapper.cpp:39:6:void cppWrapper()	8	static
Wrapper.cpp:45:6:void ADCIRQ()	8	static
Wrapper.cpp:50:6:void GPIOIRQ()	8	static
Wrapper.cpp:54:6:void EXTI15_10_IRQHandler()	8	static
Wrapper.cpp:65:6:void ADC3_IRQHandler()	16	static
Wrapper.cpp:133:1:void __static_initialization_and_destruction_0(int, int)	16	static
Wrapper.cpp:133:1:cpp)	8	static
Wrapper.cpp:133:1:cpp)	8	static
